[0.003s][info][gc] Using Parallel
[0.004s][info][gc,init] Version: 16.0.2+7 (release)
[0.004s][info][gc,init] CPUs: 8 total, 8 available
[0.004s][info][gc,init] Memory: 32117M
[0.004s][info][gc,init] Large Page Support: Disabled
[0.004s][info][gc,init] NUMA Support: Disabled
[0.004s][info][gc,init] Compressed Oops: Enabled (Zero based)
[0.004s][info][gc,init] Alignments: Space 512K, Generation 512K, Heap 2M
[0.004s][info][gc,init] Heap Min Capacity: 2054M
[0.004s][info][gc,init] Heap Initial Capacity: 2054M
[0.004s][info][gc,init] Heap Max Capacity: 3G
[0.004s][info][gc,init] Pre-touch: Disabled
[0.004s][info][gc,init] Parallel Workers: 4
[0.004s][info][gc,metaspace] CDS disabled.
[0.004s][info][gc,metaspace] Compressed class space mapped at: 0x0000000800000000-0x0000000840000000, reserved size: 1073741824
[0.004s][info][gc,metaspace] Narrow klass base: 0x0000000800000000, Narrow klass shift: 0, Narrow klass range: 0x40000000
[0.542s][info][safepoint   ] Safepoint "ICBufferFull", Time since last: 515972983 ns, Reaching safepoint: 131104 ns, At safepoint: 2500 ns, Total: 133604 ns
[0.841s][info][gc,start    ] GC(0) Pause Young (Metadata GC Threshold)
[0.846s][debug][gc,phases   ] GC(0) Scavenge 5.072ms
[0.846s][debug][gc,ref      ] GC(0) Skipped phase 1 of Reference Processing: no references
[0.846s][debug][gc,ref      ] GC(0) Skipped phase 3 of Reference Processing: no references
[0.846s][debug][gc,phases   ] GC(0) Reference Processing 0.118ms
[0.847s][debug][gc,phases   ] GC(0) Weak Processing 0.303ms
[0.847s][debug][gc,age      ] GC(0) Desired survivor size 536870912 bytes, new threshold 7 (max threshold 15)
[0.847s][info ][gc,heap     ] GC(0) PSYoungGen: 178013K(1572864K)->18084K(1572864K) Eden: 178013K(1048576K)->0K(1048576K) From: 0K(524288K)->18084K(524288K)
[0.847s][info ][gc,heap     ] GC(0) ParOldGen: 0K(6144K)->88K(6144K)
[0.847s][info ][gc,metaspace] GC(0) Metaspace: 21007K(21248K)->21007K(21248K) NonClass: 18642K(18752K)->18642K(18752K) Class: 2365K(2496K)->2365K(2496K)
[0.847s][info ][gc          ] GC(0) Pause Young (Metadata GC Threshold) 173M->17M(1542M) 5.988ms
[0.847s][info ][gc,cpu      ] GC(0) User=0.02s Sys=0.01s Real=0.01s
[0.847s][debug][gc,phases   ] GC(1) Pre Compact 0.016ms
[0.847s][info ][gc,start    ] GC(1) Pause Full (Metadata GC Threshold)
[0.847s][info ][gc,phases,start] GC(1) Marking Phase
[0.850s][debug][gc,phases      ] GC(1) Par Mark 3.046ms
[0.850s][debug][gc,ref         ] GC(1) Skipped phase 1 of Reference Processing: no references
[0.850s][debug][gc,ref         ] GC(1) Skipped phase 3 of Reference Processing: no references
[0.850s][debug][gc,phases      ] GC(1) Reference Processing 0.031ms
[0.850s][debug][gc,phases      ] GC(1) Weak Processing 0.108ms
[0.850s][debug][gc,phases      ] GC(1) ClassLoaderData 0.010ms
[0.850s][debug][gc,phases      ] GC(1) Trigger cleanups 0.000ms
[0.852s][debug][gc,phases      ] GC(1) Class Unloading 1.577ms
[0.852s][info ][gc,phases      ] GC(1) Marking Phase 4.847ms
[0.852s][info ][gc,phases,start] GC(1) Summary Phase
[0.852s][info ][gc,phases      ] GC(1) Summary Phase 0.005ms
[0.852s][info ][gc,phases,start] GC(1) Adjust Roots
[0.854s][info ][gc,phases      ] GC(1) Adjust Roots 2.359ms
[0.854s][info ][gc,phases,start] GC(1) Compaction Phase
[0.860s][info ][gc,phases      ] GC(1) Compaction Phase 5.999ms
[0.860s][info ][gc,phases,start] GC(1) Post Compact
[0.860s][info ][gc,phases      ] GC(1) Post Compact 0.336ms
[0.860s][info ][gc,heap        ] GC(1) PSYoungGen: 18084K(1572864K)->12383K(1572864K) Eden: 0K(1048576K)->0K(1048576K) From: 18084K(524288K)->12383K(524288K)
[0.860s][info ][gc,heap        ] GC(1) ParOldGen: 88K(6144K)->5693K(6144K)
[0.860s][info ][gc,metaspace   ] GC(1) Metaspace: 21007K(21248K)->21007K(21248K) NonClass: 18642K(18752K)->18642K(18752K) Class: 2365K(2496K)->2365K(2496K)
[0.860s][info ][gc             ] GC(1) Pause Full (Metadata GC Threshold) 17M->17M(1542M) 13.656ms
[0.860s][info ][gc,cpu         ] GC(1) User=0.06s Sys=0.00s Real=0.01s
[0.860s][info ][safepoint      ] Safepoint "CollectForMetadataAllocation", Time since last: 298457919 ns, Reaching safepoint: 101603 ns, At safepoint: 19767078 ns, Total: 19868681 ns
[1.053s][info ][safepoint      ] Safepoint "ICBufferFull", Time since last: 192773831 ns, Reaching safepoint: 72203 ns, At safepoint: 8200 ns, Total: 80403 ns
[1.064s][info ][safepoint      ] Safepoint "ICBufferFull", Time since last: 10941419 ns, Reaching safepoint: 71603 ns, At safepoint: 2800 ns, Total: 74403 ns
[1.073s][info ][safepoint      ] Safepoint "ICBufferFull", Time since last: 8352244 ns, Reaching safepoint: 44401 ns, At safepoint: 9700 ns, Total: 54101 ns
[1.085s][info ][safepoint      ] Safepoint "ICBufferFull", Time since last: 11962850 ns, Reaching safepoint: 64802 ns, At safepoint: 3500 ns, Total: 68302 ns
[1.088s][info ][safepoint      ] Safepoint "ICBufferFull", Time since last: 3535103 ns, Reaching safepoint: 38001 ns, At safepoint: 2900 ns, Total: 40901 ns
[1.093s][info ][safepoint      ] Safepoint "ICBufferFull", Time since last: 4574034 ns, Reaching safepoint: 41101 ns, At safepoint: 3100 ns, Total: 44201 ns
[1.096s][info ][safepoint      ] Safepoint "ICBufferFull", Time since last: 3012288 ns, Reaching safepoint: 103803 ns, At safepoint: 5900 ns, Total: 109703 ns
[1.099s][info ][safepoint      ] Safepoint "ICBufferFull", Time since last: 2996888 ns, Reaching safepoint: 107303 ns, At safepoint: 10500 ns, Total: 117803 ns
[1.102s][info ][safepoint      ] Safepoint "ICBufferFull", Time since last: 3086991 ns, Reaching safepoint: 113103 ns, At safepoint: 9200 ns, Total: 122303 ns
[1.109s][info ][safepoint      ] Safepoint "ICBufferFull", Time since last: 6392087 ns, Reaching safepoint: 202606 ns, At safepoint: 9800 ns, Total: 212406 ns
[1.110s][info ][safepoint      ] Safepoint "ICBufferFull", Time since last: 602818 ns, Reaching safepoint: 289208 ns, At safepoint: 10700 ns, Total: 299908 ns
[1.110s][info ][safepoint      ] Safepoint "ICBufferFull", Time since last: 553017 ns, Reaching safepoint: 86902 ns, At safepoint: 12300 ns, Total: 99202 ns
[1.209s][info ][safepoint      ] Safepoint "ICBufferFull", Time since last: 97979663 ns, Reaching safepoint: 133104 ns, At safepoint: 15600 ns, Total: 148704 ns
[1.212s][info ][safepoint      ] Safepoint "ICBufferFull", Time since last: 2829183 ns, Reaching safepoint: 164405 ns, At safepoint: 7600 ns, Total: 172005 ns
[1.213s][info ][safepoint      ] Safepoint "ICBufferFull", Time since last: 1300038 ns, Reaching safepoint: 108003 ns, At safepoint: 5700 ns, Total: 113703 ns
[1.216s][info ][safepoint      ] Safepoint "ICBufferFull", Time since last: 1820953 ns, Reaching safepoint: 713821 ns, At safepoint: 12101 ns, Total: 725922 ns
[1.217s][info ][safepoint      ] Safepoint "ICBufferFull", Time since last: 1456942 ns, Reaching safepoint: 108603 ns, At safepoint: 3200 ns, Total: 111803 ns
[1.221s][info ][safepoint      ] Safepoint "ICBufferFull", Time since last: 4194523 ns, Reaching safepoint: 121404 ns, At safepoint: 13500 ns, Total: 134904 ns
[1.223s][info ][safepoint      ] Safepoint "ICBufferFull", Time since last: 1560746 ns, Reaching safepoint: 44001 ns, At safepoint: 2700 ns, Total: 46701 ns
[1.225s][info ][safepoint      ] Safepoint "ICBufferFull", Time since last: 1893355 ns, Reaching safepoint: 52402 ns, At safepoint: 2300 ns, Total: 54702 ns
[1.226s][info ][safepoint      ] Safepoint "ICBufferFull", Time since last: 1223036 ns, Reaching safepoint: 107003 ns, At safepoint: 9400 ns, Total: 116403 ns
[1.228s][info ][safepoint      ] Safepoint "ICBufferFull", Time since last: 1679849 ns, Reaching safepoint: 41601 ns, At safepoint: 6900 ns, Total: 48501 ns
[1.229s][info ][safepoint      ] Safepoint "ICBufferFull", Time since last: 1287938 ns, Reaching safepoint: 25901 ns, At safepoint: 2300 ns, Total: 28201 ns
[1.231s][info ][safepoint      ] Safepoint "ICBufferFull", Time since last: 1709850 ns, Reaching safepoint: 44001 ns, At safepoint: 4900 ns, Total: 48901 ns
[1.232s][info ][safepoint      ] Safepoint "ICBufferFull", Time since last: 576417 ns, Reaching safepoint: 19601 ns, At safepoint: 2400 ns, Total: 22001 ns
[1.233s][info ][safepoint      ] Safepoint "ICBufferFull", Time since last: 1535645 ns, Reaching safepoint: 21800 ns, At safepoint: 2000 ns, Total: 23800 ns
[1.235s][info ][safepoint      ] Safepoint "ICBufferFull", Time since last: 1709950 ns, Reaching safepoint: 21601 ns, At safepoint: 2300 ns, Total: 23901 ns
[1.237s][info ][safepoint      ] Safepoint "ICBufferFull", Time since last: 2225965 ns, Reaching safepoint: 46101 ns, At safepoint: 3100 ns, Total: 49201 ns
[1.245s][info ][safepoint      ] Safepoint "ICBufferFull", Time since last: 7910932 ns, Reaching safepoint: 50201 ns, At safepoint: 3300 ns, Total: 53501 ns
[1.271s][info ][safepoint      ] Safepoint "ICBufferFull", Time since last: 25183836 ns, Reaching safepoint: 61702 ns, At safepoint: 6600 ns, Total: 68302 ns
[1.275s][info ][safepoint      ] Safepoint "ICBufferFull", Time since last: 4301725 ns, Reaching safepoint: 38802 ns, At safepoint: 2600 ns, Total: 41402 ns
[1.316s][info ][safepoint      ] Safepoint "ICBufferFull", Time since last: 40719388 ns, Reaching safepoint: 116903 ns, At safepoint: 9401 ns, Total: 126304 ns
[1.317s][info ][safepoint      ] Safepoint "ICBufferFull", Time since last: 753822 ns, Reaching safepoint: 25400 ns, At safepoint: 2200 ns, Total: 27600 ns
[1.322s][info ][safepoint      ] Safepoint "ICBufferFull", Time since last: 5325256 ns, Reaching safepoint: 113003 ns, At safepoint: 9700 ns, Total: 122703 ns
[1.367s][info ][safepoint      ] Safepoint "ICBufferFull", Time since last: 44655803 ns, Reaching safepoint: 63202 ns, At safepoint: 8201 ns, Total: 71403 ns
[1.380s][info ][safepoint      ] Safepoint "ICBufferFull", Time since last: 13031580 ns, Reaching safepoint: 71702 ns, At safepoint: 4100 ns, Total: 75802 ns
[1.382s][info ][safepoint      ] Safepoint "ICBufferFull", Time since last: 1845954 ns, Reaching safepoint: 46901 ns, At safepoint: 2200 ns, Total: 49101 ns
[1.384s][info ][safepoint      ] Safepoint "ICBufferFull", Time since last: 2492673 ns, Reaching safepoint: 23301 ns, At safepoint: 2100 ns, Total: 25401 ns
[1.386s][info ][safepoint      ] Safepoint "ICBufferFull", Time since last: 1708050 ns, Reaching safepoint: 23000 ns, At safepoint: 2300 ns, Total: 25300 ns
[1.388s][info ][safepoint      ] Safepoint "ICBufferFull", Time since last: 1996259 ns, Reaching safepoint: 22500 ns, At safepoint: 5300 ns, Total: 27800 ns
[1.390s][info ][safepoint      ] Safepoint "ICBufferFull", Time since last: 1764552 ns, Reaching safepoint: 19901 ns, At safepoint: 2000 ns, Total: 21901 ns
[1.391s][info ][safepoint      ] Safepoint "ICBufferFull", Time since last: 815623 ns, Reaching safepoint: 15101 ns, At safepoint: 1400 ns, Total: 16501 ns
[1.391s][info ][safepoint      ] Safepoint "ICBufferFull", Time since last: 552916 ns, Reaching safepoint: 29901 ns, At safepoint: 24301 ns, Total: 54202 ns
[1.392s][info ][safepoint      ] Safepoint "ICBufferFull", Time since last: 988328 ns, Reaching safepoint: 19901 ns, At safepoint: 2000 ns, Total: 21901 ns
[1.395s][info ][safepoint      ] Safepoint "ICBufferFull", Time since last: 2273666 ns, Reaching safepoint: 21801 ns, At safepoint: 2400 ns, Total: 24201 ns
[1.395s][info ][safepoint      ] Safepoint "ICBufferFull", Time since last: 872326 ns, Reaching safepoint: 16400 ns, At safepoint: 1400 ns, Total: 17800 ns
[1.396s][info ][safepoint      ] Safepoint "ICBufferFull", Time since last: 834224 ns, Reaching safepoint: 16401 ns, At safepoint: 1300 ns, Total: 17701 ns
[1.397s][info ][safepoint      ] Safepoint "ICBufferFull", Time since last: 1028730 ns, Reaching safepoint: 18401 ns, At safepoint: 1800 ns, Total: 20201 ns
[1.399s][info ][safepoint      ] Safepoint "ICBufferFull", Time since last: 1915355 ns, Reaching safepoint: 21401 ns, At safepoint: 2000 ns, Total: 23401 ns
[1.401s][info ][safepoint      ] Safepoint "ICBufferFull", Time since last: 2117462 ns, Reaching safepoint: 21501 ns, At safepoint: 6100 ns, Total: 27601 ns
[1.403s][info ][safepoint      ] Safepoint "ICBufferFull", Time since last: 1225035 ns, Reaching safepoint: 21101 ns, At safepoint: 2200 ns, Total: 23301 ns
[1.404s][info ][safepoint      ] Safepoint "ICBufferFull", Time since last: 1293838 ns, Reaching safepoint: 40201 ns, At safepoint: 1900 ns, Total: 42101 ns
[1.406s][info ][safepoint      ] Safepoint "ICBufferFull", Time since last: 2094061 ns, Reaching safepoint: 40501 ns, At safepoint: 4901 ns, Total: 45402 ns
[1.409s][info ][safepoint      ] Safepoint "ICBufferFull", Time since last: 2389669 ns, Reaching safepoint: 27301 ns, At safepoint: 6200 ns, Total: 33501 ns
[1.414s][info ][safepoint      ] Safepoint "ICBufferFull", Time since last: 5387058 ns, Reaching safepoint: 74702 ns, At safepoint: 12600 ns, Total: 87302 ns
[1.420s][info ][safepoint      ] Safepoint "ICBufferFull", Time since last: 5590963 ns, Reaching safepoint: 52902 ns, At safepoint: 8900 ns, Total: 61802 ns
[1.421s][info ][safepoint      ] Safepoint "ICBufferFull", Time since last: 1576946 ns, Reaching safepoint: 31401 ns, At safepoint: 2700 ns, Total: 34101 ns
[1.425s][info ][safepoint      ] Safepoint "ICBufferFull", Time since last: 3919414 ns, Reaching safepoint: 38702 ns, At safepoint: 3300 ns, Total: 42002 ns
[1.428s][info ][safepoint      ] Safepoint "ICBufferFull", Time since last: 2462871 ns, Reaching safepoint: 32901 ns, At safepoint: 3101 ns, Total: 36002 ns
[1.430s][info ][safepoint      ] Safepoint "ICBufferFull", Time since last: 2377869 ns, Reaching safepoint: 26301 ns, At safepoint: 2800 ns, Total: 29101 ns
[1.432s][info ][safepoint      ] Safepoint "ICBufferFull", Time since last: 2299567 ns, Reaching safepoint: 34201 ns, At safepoint: 6000 ns, Total: 40201 ns
[1.435s][info ][safepoint      ] Safepoint "ICBufferFull", Time since last: 2612076 ns, Reaching safepoint: 29101 ns, At safepoint: 2500 ns, Total: 31601 ns
[1.438s][info ][safepoint      ] Safepoint "ICBufferFull", Time since last: 2335968 ns, Reaching safepoint: 30101 ns, At safepoint: 5300 ns, Total: 35401 ns
[1.441s][info ][safepoint      ] Safepoint "ICBufferFull", Time since last: 3563204 ns, Reaching safepoint: 41802 ns, At safepoint: 4800 ns, Total: 46602 ns
[1.443s][info ][safepoint      ] Safepoint "ICBufferFull", Time since last: 2254866 ns, Reaching safepoint: 46901 ns, At safepoint: 3400 ns, Total: 50301 ns
[1.446s][info ][safepoint      ] Safepoint "ICBufferFull", Time since last: 2380969 ns, Reaching safepoint: 24201 ns, At safepoint: 2700 ns, Total: 26901 ns
[1.448s][info ][safepoint      ] Safepoint "ICBufferFull", Time since last: 2128662 ns, Reaching safepoint: 17701 ns, At safepoint: 2200 ns, Total: 19901 ns
[1.450s][info ][safepoint      ] Safepoint "ICBufferFull", Time since last: 2414670 ns, Reaching safepoint: 43602 ns, At safepoint: 4400 ns, Total: 48002 ns
[1.453s][info ][safepoint      ] Safepoint "ICBufferFull", Time since last: 2133962 ns, Reaching safepoint: 42401 ns, At safepoint: 2100 ns, Total: 44501 ns
[1.455s][info ][safepoint      ] Safepoint "ICBufferFull", Time since last: 2013059 ns, Reaching safepoint: 55002 ns, At safepoint: 2200 ns, Total: 57202 ns
[1.457s][info ][safepoint      ] Safepoint "ICBufferFull", Time since last: 2706679 ns, Reaching safepoint: 34401 ns, At safepoint: 3400 ns, Total: 37801 ns
[1.469s][info ][safepoint      ] Safepoint "ICBufferFull", Time since last: 11867446 ns, Reaching safepoint: 41601 ns, At safepoint: 6701 ns, Total: 48302 ns
[1.472s][info ][safepoint      ] Safepoint "ICBufferFull", Time since last: 2299367 ns, Reaching safepoint: 60801 ns, At safepoint: 4901 ns, Total: 65702 ns
[1.474s][info ][safepoint      ] Safepoint "ICBufferFull", Time since last: 1739550 ns, Reaching safepoint: 42002 ns, At safepoint: 3700 ns, Total: 45702 ns
[1.474s][info ][safepoint      ] Safepoint "ICBufferFull", Time since last: 703320 ns, Reaching safepoint: 19101 ns, At safepoint: 1600 ns, Total: 20701 ns
[1.477s][info ][safepoint      ] Safepoint "ICBufferFull", Time since last: 2995787 ns, Reaching safepoint: 34501 ns, At safepoint: 3700 ns, Total: 38201 ns
[1.484s][info ][safepoint      ] Safepoint "ICBufferFull", Time since last: 6146980 ns, Reaching safepoint: 97903 ns, At safepoint: 7400 ns, Total: 105303 ns
[1.488s][info ][safepoint      ] Safepoint "ICBufferFull", Time since last: 4605334 ns, Reaching safepoint: 39101 ns, At safepoint: 2300 ns, Total: 41401 ns
[1.495s][info ][safepoint      ] Safepoint "ICBufferFull", Time since last: 7100508 ns, Reaching safepoint: 48701 ns, At safepoint: 2500 ns, Total: 51201 ns
[1.497s][info ][safepoint      ] Safepoint "ICBufferFull", Time since last: 1896355 ns, Reaching safepoint: 110004 ns, At safepoint: 7100 ns, Total: 117104 ns
[1.498s][info ][safepoint      ] Safepoint "ICBufferFull", Time since last: 680920 ns, Reaching safepoint: 181905 ns, At safepoint: 3100 ns, Total: 185005 ns
[1.502s][info ][safepoint      ] Safepoint "ICBufferFull", Time since last: 3998617 ns, Reaching safepoint: 26201 ns, At safepoint: 2000 ns, Total: 28201 ns
[1.504s][info ][safepoint      ] Safepoint "ICBufferFull", Time since last: 1261636 ns, Reaching safepoint: 19301 ns, At safepoint: 1800 ns, Total: 21101 ns
[1.508s][info ][safepoint      ] Safepoint "ICBufferFull", Time since last: 4260724 ns, Reaching safepoint: 30601 ns, At safepoint: 6400 ns, Total: 37001 ns
[1.509s][info ][safepoint      ] Safepoint "ICBufferFull", Time since last: 758623 ns, Reaching safepoint: 43601 ns, At safepoint: 3300 ns, Total: 46901 ns
[1.511s][info ][safepoint      ] Safepoint "ICBufferFull", Time since last: 1883055 ns, Reaching safepoint: 43501 ns, At safepoint: 2700 ns, Total: 46201 ns
[1.513s][info ][safepoint      ] Safepoint "ICBufferFull", Time since last: 1992558 ns, Reaching safepoint: 30301 ns, At safepoint: 2200 ns, Total: 32501 ns
[1.513s][info ][safepoint      ] Safepoint "ICBufferFull", Time since last: 564617 ns, Reaching safepoint: 31001 ns, At safepoint: 2000 ns, Total: 33001 ns
[1.517s][info ][safepoint      ] Safepoint "ICBufferFull", Time since last: 4187522 ns, Reaching safepoint: 36601 ns, At safepoint: 3500 ns, Total: 40101 ns
[1.538s][info ][safepoint      ] Safepoint "ICBufferFull", Time since last: 20580001 ns, Reaching safepoint: 41201 ns, At safepoint: 2600 ns, Total: 43801 ns
[1.539s][info ][safepoint      ] Safepoint "ICBufferFull", Time since last: 563316 ns, Reaching safepoint: 16101 ns, At safepoint: 1300 ns, Total: 17401 ns
[1.557s][info ][safepoint      ] Safepoint "ICBufferFull", Time since last: 18014126 ns, Reaching safepoint: 42401 ns, At safepoint: 2600 ns, Total: 45001 ns
[1.558s][info ][safepoint      ] Safepoint "ICBufferFull", Time since last: 1356640 ns, Reaching safepoint: 25900 ns, At safepoint: 2000 ns, Total: 27900 ns
[1.559s][info ][safepoint      ] Safepoint "ICBufferFull", Time since last: 795724 ns, Reaching safepoint: 24100 ns, At safepoint: 1900 ns, Total: 26000 ns
[1.560s][info ][safepoint      ] Safepoint "ICBufferFull", Time since last: 945828 ns, Reaching safepoint: 25101 ns, At safepoint: 2000 ns, Total: 27101 ns
[1.562s][info ][safepoint      ] Safepoint "ICBufferFull", Time since last: 1752251 ns, Reaching safepoint: 37401 ns, At safepoint: 2300 ns, Total: 39701 ns
[1.564s][info ][safepoint      ] Safepoint "ICBufferFull", Time since last: 2252866 ns, Reaching safepoint: 47501 ns, At safepoint: 2100 ns, Total: 49601 ns
[1.565s][info ][safepoint      ] Safepoint "ICBufferFull", Time since last: 1227936 ns, Reaching safepoint: 28501 ns, At safepoint: 2500 ns, Total: 31001 ns
[1.567s][info ][safepoint      ] Safepoint "ICBufferFull", Time since last: 1352339 ns, Reaching safepoint: 117504 ns, At safepoint: 10800 ns, Total: 128304 ns
[1.570s][info ][safepoint      ] Safepoint "ICBufferFull", Time since last: 2805382 ns, Reaching safepoint: 44301 ns, At safepoint: 2800 ns, Total: 47101 ns
[1.571s][info ][safepoint      ] Safepoint "ICBufferFull", Time since last: 1500644 ns, Reaching safepoint: 28201 ns, At safepoint: 2400 ns, Total: 30601 ns
[1.572s][info ][safepoint      ] Safepoint "ICBufferFull", Time since last: 1197835 ns, Reaching safepoint: 30701 ns, At safepoint: 1600 ns, Total: 32301 ns
[1.573s][info ][safepoint      ] Safepoint "ICBufferFull", Time since last: 1055331 ns, Reaching safepoint: 20500 ns, At safepoint: 2100 ns, Total: 22600 ns
[1.577s][info ][safepoint      ] Safepoint "ICBufferFull", Time since last: 4010217 ns, Reaching safepoint: 28801 ns, At safepoint: 3800 ns, Total: 32601 ns
[1.578s][info ][safepoint      ] Safepoint "ICBufferFull", Time since last: 978629 ns, Reaching safepoint: 33301 ns, At safepoint: 1400 ns, Total: 34701 ns
[1.580s][info ][safepoint      ] Safepoint "ICBufferFull", Time since last: 1687249 ns, Reaching safepoint: 33201 ns, At safepoint: 2600 ns, Total: 35801 ns
[1.581s][info ][safepoint      ] Safepoint "ICBufferFull", Time since last: 502715 ns, Reaching safepoint: 23601 ns, At safepoint: 1300 ns, Total: 24901 ns
[1.582s][info ][safepoint      ] Safepoint "ICBufferFull", Time since last: 1717550 ns, Reaching safepoint: 29901 ns, At safepoint: 5000 ns, Total: 34901 ns
[1.584s][info ][safepoint      ] Safepoint "ICBufferFull", Time since last: 1424341 ns, Reaching safepoint: 38501 ns, At safepoint: 1600 ns, Total: 40101 ns
[1.585s][info ][safepoint      ] Safepoint "ICBufferFull", Time since last: 1473843 ns, Reaching safepoint: 41102 ns, At safepoint: 2300 ns, Total: 43402 ns
[1.587s][info ][safepoint      ] Safepoint "ICBufferFull", Time since last: 1654248 ns, Reaching safepoint: 46901 ns, At safepoint: 5501 ns, Total: 52402 ns
[1.588s][info ][safepoint      ] Safepoint "ICBufferFull", Time since last: 1316938 ns, Reaching safepoint: 17400 ns, At safepoint: 1401 ns, Total: 18801 ns
[1.590s][info ][safepoint      ] Safepoint "ICBufferFull", Time since last: 1276837 ns, Reaching safepoint: 27801 ns, At safepoint: 1500 ns, Total: 29301 ns
[1.591s][info ][safepoint      ] Safepoint "ICBufferFull", Time since last: 1240336 ns, Reaching safepoint: 27101 ns, At safepoint: 1400 ns, Total: 28501 ns
[1.592s][info ][safepoint      ] Safepoint "ICBufferFull", Time since last: 1423441 ns, Reaching safepoint: 27701 ns, At safepoint: 4500 ns, Total: 32201 ns
[1.594s][info ][safepoint      ] Safepoint "ICBufferFull", Time since last: 1695450 ns, Reaching safepoint: 96402 ns, At safepoint: 9401 ns, Total: 105803 ns
[1.596s][info ][safepoint      ] Safepoint "ICBufferFull", Time since last: 1453642 ns, Reaching safepoint: 104903 ns, At safepoint: 8900 ns, Total: 113803 ns
[1.598s][info ][safepoint      ] Safepoint "ICBufferFull", Time since last: 2169864 ns, Reaching safepoint: 44601 ns, At safepoint: 4500 ns, Total: 49101 ns
[1.600s][info ][safepoint      ] Safepoint "ICBufferFull", Time since last: 1345339 ns, Reaching safepoint: 111504 ns, At safepoint: 10100 ns, Total: 121604 ns
[1.601s][info ][safepoint      ] Safepoint "ICBufferFull", Time since last: 1753851 ns, Reaching safepoint: 21801 ns, At safepoint: 2400 ns, Total: 24201 ns
[1.603s][info ][safepoint      ] Safepoint "ICBufferFull", Time since last: 1747951 ns, Reaching safepoint: 23801 ns, At safepoint: 2700 ns, Total: 26501 ns
[1.605s][info ][safepoint      ] Safepoint "ICBufferFull", Time since last: 1323738 ns, Reaching safepoint: 101903 ns, At safepoint: 5800 ns, Total: 107703 ns
[1.606s][info ][safepoint      ] Safepoint "ICBufferFull", Time since last: 1704250 ns, Reaching safepoint: 20301 ns, At safepoint: 1700 ns, Total: 22001 ns
[1.607s][info ][safepoint      ] Safepoint "ICBufferFull", Time since last: 623318 ns, Reaching safepoint: 20201 ns, At safepoint: 1400 ns, Total: 21601 ns
[1.609s][info ][safepoint      ] Safepoint "ICBufferFull", Time since last: 2172463 ns, Reaching safepoint: 136704 ns, At safepoint: 7700 ns, Total: 144404 ns
[1.613s][info ][safepoint      ] Safepoint "ICBufferFull", Time since last: 3474402 ns, Reaching safepoint: 40301 ns, At safepoint: 2500 ns, Total: 42801 ns
[1.614s][info ][safepoint      ] Safepoint "ICBufferFull", Time since last: 1582246 ns, Reaching safepoint: 24301 ns, At safepoint: 1800 ns, Total: 26101 ns
[1.616s][info ][safepoint      ] Safepoint "ICBufferFull", Time since last: 1953457 ns, Reaching safepoint: 120803 ns, At safepoint: 6701 ns, Total: 127504 ns
[1.619s][info ][safepoint      ] Safepoint "ICBufferFull", Time since last: 2488772 ns, Reaching safepoint: 57102 ns, At safepoint: 3200 ns, Total: 60302 ns
[1.621s][info ][safepoint      ] Safepoint "ICBufferFull", Time since last: 2145163 ns, Reaching safepoint: 30500 ns, At safepoint: 3601 ns, Total: 34101 ns
[1.622s][info ][safepoint      ] Safepoint "ICBufferFull", Time since last: 730321 ns, Reaching safepoint: 21300 ns, At safepoint: 2301 ns, Total: 23601 ns
[1.624s][info ][safepoint      ] Safepoint "ICBufferFull", Time since last: 2343568 ns, Reaching safepoint: 36401 ns, At safepoint: 6700 ns, Total: 43101 ns
[1.626s][info ][safepoint      ] Safepoint "ICBufferFull", Time since last: 1587546 ns, Reaching safepoint: 100303 ns, At safepoint: 6001 ns, Total: 106304 ns
[1.627s][info ][safepoint      ] Safepoint "ICBufferFull", Time since last: 1210935 ns, Reaching safepoint: 95903 ns, At safepoint: 5600 ns, Total: 101503 ns
[1.628s][info ][safepoint      ] Safepoint "ICBufferFull", Time since last: 1073431 ns, Reaching safepoint: 24901 ns, At safepoint: 3300 ns, Total: 28201 ns
[1.629s][info ][safepoint      ] Safepoint "ICBufferFull", Time since last: 1028930 ns, Reaching safepoint: 30701 ns, At safepoint: 2500 ns, Total: 33201 ns
[1.630s][info ][safepoint      ] Safepoint "ICBufferFull", Time since last: 953628 ns, Reaching safepoint: 21200 ns, At safepoint: 1701 ns, Total: 22901 ns
[1.631s][info ][safepoint      ] Safepoint "ICBufferFull", Time since last: 807623 ns, Reaching safepoint: 23001 ns, At safepoint: 4900 ns, Total: 27901 ns
[1.632s][info ][safepoint      ] Safepoint "ICBufferFull", Time since last: 946628 ns, Reaching safepoint: 38701 ns, At safepoint: 2100 ns, Total: 40801 ns
[1.634s][info ][safepoint      ] Safepoint "ICBufferFull", Time since last: 1343639 ns, Reaching safepoint: 93503 ns, At safepoint: 7600 ns, Total: 101103 ns
[1.634s][info ][safepoint      ] Safepoint "ICBufferFull", Time since last: 725621 ns, Reaching safepoint: 20801 ns, At safepoint: 1800 ns, Total: 22601 ns
[1.635s][info ][safepoint      ] Safepoint "ICBufferFull", Time since last: 679220 ns, Reaching safepoint: 19500 ns, At safepoint: 1700 ns, Total: 21200 ns
[1.636s][info ][safepoint      ] Safepoint "ICBufferFull", Time since last: 692120 ns, Reaching safepoint: 21901 ns, At safepoint: 2100 ns, Total: 24001 ns
[1.637s][info ][safepoint      ] Safepoint "ICBufferFull", Time since last: 735722 ns, Reaching safepoint: 23600 ns, At safepoint: 1900 ns, Total: 25500 ns
[1.637s][info ][safepoint      ] Safepoint "ICBufferFull", Time since last: 748522 ns, Reaching safepoint: 22301 ns, At safepoint: 1700 ns, Total: 24001 ns
[1.638s][info ][safepoint      ] Safepoint "ICBufferFull", Time since last: 502214 ns, Reaching safepoint: 33701 ns, At safepoint: 1901 ns, Total: 35602 ns
[1.639s][info ][safepoint      ] Safepoint "ICBufferFull", Time since last: 1480243 ns, Reaching safepoint: 21700 ns, At safepoint: 1800 ns, Total: 23500 ns
[1.640s][info ][safepoint      ] Safepoint "ICBufferFull", Time since last: 662920 ns, Reaching safepoint: 20200 ns, At safepoint: 1800 ns, Total: 22000 ns
[1.641s][info ][safepoint      ] Safepoint "ICBufferFull", Time since last: 677220 ns, Reaching safepoint: 20201 ns, At safepoint: 1700 ns, Total: 21901 ns
[1.642s][info ][safepoint      ] Safepoint "ICBufferFull", Time since last: 675319 ns, Reaching safepoint: 31801 ns, At safepoint: 2000 ns, Total: 33801 ns
[1.642s][info ][safepoint      ] Safepoint "ICBufferFull", Time since last: 662220 ns, Reaching safepoint: 31901 ns, At safepoint: 1800 ns, Total: 33701 ns
[1.643s][info ][safepoint      ] Safepoint "ICBufferFull", Time since last: 639618 ns, Reaching safepoint: 20401 ns, At safepoint: 1800 ns, Total: 22201 ns
[1.644s][info ][safepoint      ] Safepoint "ICBufferFull", Time since last: 649919 ns, Reaching safepoint: 31401 ns, At safepoint: 1700 ns, Total: 33101 ns
[1.644s][info ][safepoint      ] Safepoint "ICBufferFull", Time since last: 651519 ns, Reaching safepoint: 30901 ns, At safepoint: 1700 ns, Total: 32601 ns
[1.645s][info ][safepoint      ] Safepoint "ICBufferFull", Time since last: 679320 ns, Reaching safepoint: 18800 ns, At safepoint: 1400 ns, Total: 20200 ns
[1.646s][info ][safepoint      ] Safepoint "ICBufferFull", Time since last: 693321 ns, Reaching safepoint: 34401 ns, At safepoint: 1600 ns, Total: 36001 ns
[1.647s][info ][safepoint      ] Safepoint "ICBufferFull", Time since last: 837124 ns, Reaching safepoint: 19101 ns, At safepoint: 1400 ns, Total: 20501 ns
[1.648s][info ][safepoint      ] Safepoint "ICBufferFull", Time since last: 1160634 ns, Reaching safepoint: 20700 ns, At safepoint: 1500 ns, Total: 22200 ns
[1.649s][info ][safepoint      ] Safepoint "ICBufferFull", Time since last: 1312839 ns, Reaching safepoint: 106203 ns, At safepoint: 7100 ns, Total: 113303 ns
[1.650s][info ][safepoint      ] Safepoint "ICBufferFull", Time since last: 861825 ns, Reaching safepoint: 36901 ns, At safepoint: 5300 ns, Total: 42201 ns
[1.654s][info ][safepoint      ] Safepoint "ICBufferFull", Time since last: 4046018 ns, Reaching safepoint: 25501 ns, At safepoint: 2200 ns, Total: 27701 ns
[1.659s][info ][safepoint      ] Safepoint "ICBufferFull", Time since last: 4548733 ns, Reaching safepoint: 45501 ns, At safepoint: 2600 ns, Total: 48101 ns
[1.663s][info ][safepoint      ] Safepoint "ICBufferFull", Time since last: 4010517 ns, Reaching safepoint: 26301 ns, At safepoint: 2100 ns, Total: 28401 ns
[1.669s][info ][safepoint      ] Safepoint "ICBufferFull", Time since last: 6230182 ns, Reaching safepoint: 62802 ns, At safepoint: 3200 ns, Total: 66002 ns
[1.675s][info ][safepoint      ] Safepoint "ICBufferFull", Time since last: 6078777 ns, Reaching safepoint: 53502 ns, At safepoint: 2700 ns, Total: 56202 ns
[1.677s][info ][safepoint      ] Safepoint "ICBufferFull", Time since last: 1920256 ns, Reaching safepoint: 28201 ns, At safepoint: 2300 ns, Total: 30501 ns
[1.679s][info ][safepoint      ] Safepoint "ICBufferFull", Time since last: 1891255 ns, Reaching safepoint: 45901 ns, At safepoint: 8201 ns, Total: 54102 ns
[1.680s][info ][safepoint      ] Safepoint "ICBufferFull", Time since last: 1312238 ns, Reaching safepoint: 28401 ns, At safepoint: 5700 ns, Total: 34101 ns
[1.682s][info ][safepoint      ] Safepoint "ICBufferFull", Time since last: 1237736 ns, Reaching safepoint: 24001 ns, At safepoint: 1800 ns, Total: 25801 ns
[1.684s][info ][safepoint      ] Safepoint "ICBufferFull", Time since last: 1786252 ns, Reaching safepoint: 102903 ns, At safepoint: 5400 ns, Total: 108303 ns
[1.684s][info ][safepoint      ] Safepoint "ICBufferFull", Time since last: 795423 ns, Reaching safepoint: 23001 ns, At safepoint: 1900 ns, Total: 24901 ns
[1.688s][info ][safepoint      ] Safepoint "ICBufferFull", Time since last: 3611705 ns, Reaching safepoint: 41602 ns, At safepoint: 2200 ns, Total: 43802 ns
[1.691s][info ][safepoint      ] Safepoint "ICBufferFull", Time since last: 2467572 ns, Reaching safepoint: 24300 ns, At safepoint: 2000 ns, Total: 26300 ns
[1.691s][info ][safepoint      ] Safepoint "ICBufferFull", Time since last: 840625 ns, Reaching safepoint: 19900 ns, At safepoint: 1601 ns, Total: 21501 ns
[1.694s][info ][safepoint      ] Safepoint "ICBufferFull", Time since last: 2469372 ns, Reaching safepoint: 21700 ns, At safepoint: 1700 ns, Total: 23400 ns
[1.695s][info ][safepoint      ] Safepoint "ICBufferFull", Time since last: 758122 ns, Reaching safepoint: 19401 ns, At safepoint: 1400 ns, Total: 20801 ns
[1.695s][info ][safepoint      ] Safepoint "ICBufferFull", Time since last: 699120 ns, Reaching safepoint: 24401 ns, At safepoint: 4800 ns, Total: 29201 ns
[1.696s][info ][safepoint      ] Safepoint "ICBufferFull", Time since last: 741622 ns, Reaching safepoint: 23301 ns, At safepoint: 2100 ns, Total: 25401 ns
[1.697s][info ][safepoint      ] Safepoint "ICBufferFull", Time since last: 750322 ns, Reaching safepoint: 24700 ns, At safepoint: 2000 ns, Total: 26700 ns
[1.698s][info ][safepoint      ] Safepoint "ICBufferFull", Time since last: 693021 ns, Reaching safepoint: 22000 ns, At safepoint: 1800 ns, Total: 23800 ns
[1.698s][info ][safepoint      ] Safepoint "ICBufferFull", Time since last: 752922 ns, Reaching safepoint: 21101 ns, At safepoint: 1700 ns, Total: 22801 ns
[1.699s][info ][safepoint      ] Safepoint "ICBufferFull", Time since last: 758522 ns, Reaching safepoint: 22701 ns, At safepoint: 1800 ns, Total: 24501 ns
[1.700s][info ][safepoint      ] Safepoint "ICBufferFull", Time since last: 764422 ns, Reaching safepoint: 24001 ns, At safepoint: 4800 ns, Total: 28801 ns
[1.701s][info ][safepoint      ] Safepoint "ICBufferFull", Time since last: 652719 ns, Reaching safepoint: 22801 ns, At safepoint: 4700 ns, Total: 27501 ns
[1.701s][info ][safepoint      ] Safepoint "ICBufferFull", Time since last: 654019 ns, Reaching safepoint: 37201 ns, At safepoint: 2100 ns, Total: 39301 ns
[1.706s][info ][safepoint      ] Safepoint "ICBufferFull", Time since last: 4745638 ns, Reaching safepoint: 40302 ns, At safepoint: 2700 ns, Total: 43002 ns
[1.947s][info ][safepoint      ] Safepoint "ICBufferFull", Time since last: 240174308 ns, Reaching safepoint: 241707 ns, At safepoint: 13001 ns, Total: 254708 ns
[2.179s][info ][safepoint      ] Safepoint "ICBufferFull", Time since last: 231770663 ns, Reaching safepoint: 218706 ns, At safepoint: 8301 ns, Total: 227007 ns
[2.222s][info ][gc,start       ] GC(2) Pause Young (Metadata GC Threshold)
[2.247s][debug][gc,phases      ] GC(2) Scavenge 24.706ms
[2.247s][debug][gc,ref         ] GC(2) Skipped phase 1 of Reference Processing: no references
[2.247s][debug][gc,ref         ] GC(2) Skipped phase 3 of Reference Processing: no references
[2.247s][debug][gc,phases      ] GC(2) Reference Processing 0.198ms
[2.248s][debug][gc,phases      ] GC(2) Weak Processing 0.620ms
[2.248s][debug][gc,age         ] GC(2) Desired survivor size 536870912 bytes, new threshold 7 (max threshold 15)
[2.248s][info ][gc,heap        ] GC(2) PSYoungGen: 446447K(1572864K)->48541K(1572864K) Eden: 434064K(1048576K)->0K(1048576K) From: 12383K(524288K)->48541K(524288K)
[2.248s][info ][gc,heap        ] GC(2) ParOldGen: 5693K(6144K)->5701K(6144K)
[2.248s][info ][gc,metaspace   ] GC(2) Metaspace: 35147K(35456K)->35147K(35456K) NonClass: 30769K(30912K)->30769K(30912K) Class: 4378K(4544K)->4378K(4544K)
[2.248s][info ][gc             ] GC(2) Pause Young (Metadata GC Threshold) 441M->52M(1542M) 25.659ms
[2.248s][info ][gc,cpu         ] GC(2) User=0.09s Sys=0.00s Real=0.02s
[2.248s][debug][gc,phases      ] GC(3) Pre Compact 0.008ms
[2.248s][info ][gc,start       ] GC(3) Pause Full (Metadata GC Threshold)
[2.248s][info ][gc,phases,start] GC(3) Marking Phase
[2.262s][debug][gc,phases      ] GC(3) Par Mark 14.291ms
[2.263s][debug][gc,ref         ] GC(3) Skipped phase 1 of Reference Processing: no references
[2.263s][debug][gc,ref         ] GC(3) Skipped phase 3 of Reference Processing: no references
[2.263s][debug][gc,phases      ] GC(3) Reference Processing 0.071ms
[2.263s][debug][gc,phases      ] GC(3) Weak Processing 0.221ms
[2.263s][debug][gc,phases      ] GC(3) ClassLoaderData 0.031ms
[2.263s][debug][gc,phases      ] GC(3) Trigger cleanups 0.000ms
[2.267s][debug][gc,phases      ] GC(3) Class Unloading 3.817ms
[2.267s][info ][gc,phases      ] GC(3) Marking Phase 18.532ms
[2.267s][info ][gc,phases,start] GC(3) Summary Phase
[2.267s][info ][gc,phases      ] GC(3) Summary Phase 0.006ms
[2.267s][info ][gc,phases,start] GC(3) Adjust Roots
[2.275s][info ][gc,phases      ] GC(3) Adjust Roots 8.177ms
[2.275s][info ][gc,phases,start] GC(3) Compaction Phase
[2.511s][info ][gc,phases      ] GC(3) Compaction Phase 236.351ms
[2.511s][info ][gc,phases,start] GC(3) Post Compact
[2.512s][info ][gc,phases      ] GC(3) Post Compact 0.517ms
[2.512s][info ][gc,heap        ] GC(3) PSYoungGen: 48541K(1572864K)->48368K(1572864K) Eden: 0K(1048576K)->0K(1048576K) From: 48541K(524288K)->48368K(524288K)
[2.512s][info ][gc,heap        ] GC(3) ParOldGen: 5701K(6144K)->5604K(6144K)
[2.512s][info ][gc,metaspace   ] GC(3) Metaspace: 35147K(35456K)->35147K(35456K) NonClass: 30769K(30912K)->30769K(30912K) Class: 4378K(4544K)->4378K(4544K)
[2.512s][info ][gc             ] GC(3) Pause Full (Metadata GC Threshold) 52M->52M(1542M) 263.725ms
[2.512s][info ][gc,cpu         ] GC(3) User=0.55s Sys=0.00s Real=0.26s
[2.512s][info ][safepoint      ] Safepoint "CollectForMetadataAllocation", Time since last: 43689674 ns, Reaching safepoint: 76903 ns, At safepoint: 289529840 ns, Total: 289606743 ns
[2.944s][info ][safepoint      ] Safepoint "ICBufferFull", Time since last: 431518878 ns, Reaching safepoint: 156204 ns, At safepoint: 11801 ns, Total: 168005 ns
[3.033s][info ][safepoint      ] Safepoint "ICBufferFull", Time since last: 89145498 ns, Reaching safepoint: 272808 ns, At safepoint: 11700 ns, Total: 284508 ns
[3.120s][info ][safepoint      ] Safepoint "ICBufferFull", Time since last: 86492221 ns, Reaching safepoint: 234307 ns, At safepoint: 28801 ns, Total: 263108 ns
[3.305s][info ][safepoint      ] Safepoint "ICBufferFull", Time since last: 184641381 ns, Reaching safepoint: 446813 ns, At safepoint: 11900 ns, Total: 458713 ns
[3.450s][info ][safepoint      ] Safepoint "ICBufferFull", Time since last: 144426005 ns, Reaching safepoint: 209006 ns, At safepoint: 25701 ns, Total: 234707 ns
[3.453s][info ][safepoint      ] Safepoint "ICBufferFull", Time since last: 3530402 ns, Reaching safepoint: 121704 ns, At safepoint: 34101 ns, Total: 155805 ns
[3.466s][info ][safepoint      ] Safepoint "ICBufferFull", Time since last: 11847345 ns, Reaching safepoint: 1292937 ns, At safepoint: 18501 ns, Total: 1311438 ns
[3.467s][info ][safepoint      ] Safepoint "ICBufferFull", Time since last: 76702 ns, Reaching safepoint: 91703 ns, At safepoint: 10600 ns, Total: 102303 ns
[3.477s][info ][safepoint      ] Safepoint "ICBufferFull", Time since last: 10517006 ns, Reaching safepoint: 118104 ns, At safepoint: 36801 ns, Total: 154905 ns
[3.532s][info ][safepoint      ] Safepoint "ICBufferFull", Time since last: 54144976 ns, Reaching safepoint: 194506 ns, At safepoint: 24301 ns, Total: 218807 ns
[3.535s][info ][safepoint      ] Safepoint "ICBufferFull", Time since last: 3728308 ns, Reaching safepoint: 116704 ns, At safepoint: 35201 ns, Total: 151905 ns
[3.538s][info ][safepoint      ] Safepoint "ICBufferFull", Time since last: 2288366 ns, Reaching safepoint: 115003 ns, At safepoint: 25101 ns, Total: 140104 ns
[3.541s][info ][safepoint      ] Safepoint "ICBufferFull", Time since last: 2465472 ns, Reaching safepoint: 115103 ns, At safepoint: 23301 ns, Total: 138404 ns
[3.546s][info ][safepoint      ] Safepoint "ICBufferFull", Time since last: 5766168 ns, Reaching safepoint: 136404 ns, At safepoint: 25801 ns, Total: 162205 ns
[3.552s][info ][safepoint      ] Safepoint "ICBufferFull", Time since last: 5724366 ns, Reaching safepoint: 111504 ns, At safepoint: 28200 ns, Total: 139704 ns
[3.555s][info ][safepoint      ] Safepoint "ICBufferFull", Time since last: 2435971 ns, Reaching safepoint: 183306 ns, At safepoint: 21200 ns, Total: 204506 ns
[3.558s][info ][safepoint      ] Safepoint "ICBufferFull", Time since last: 3182693 ns, Reaching safepoint: 126904 ns, At safepoint: 25200 ns, Total: 152104 ns
[3.562s][info ][safepoint      ] Safepoint "ICBufferFull", Time since last: 3531003 ns, Reaching safepoint: 118104 ns, At safepoint: 24400 ns, Total: 142504 ns
[3.573s][info ][safepoint      ] Safepoint "ICBufferFull", Time since last: 10554908 ns, Reaching safepoint: 628118 ns, At safepoint: 24301 ns, Total: 652419 ns
[3.576s][info ][safepoint      ] Safepoint "ICBufferFull", Time since last: 2710278 ns, Reaching safepoint: 111404 ns, At safepoint: 25700 ns, Total: 137104 ns
[3.578s][info ][safepoint      ] Safepoint "ICBufferFull", Time since last: 1799653 ns, Reaching safepoint: 116603 ns, At safepoint: 22501 ns, Total: 139104 ns
[3.584s][info ][safepoint      ] Safepoint "ICBufferFull", Time since last: 6325584 ns, Reaching safepoint: 127704 ns, At safepoint: 27801 ns, Total: 155505 ns
[3.597s][info ][safepoint      ] Safepoint "ICBufferFull", Time since last: 12109152 ns, Reaching safepoint: 120504 ns, At safepoint: 15600 ns, Total: 136104 ns
[3.598s][info ][safepoint      ] Safepoint "ICBufferFull", Time since last: 1671049 ns, Reaching safepoint: 77802 ns, At safepoint: 23701 ns, Total: 101503 ns
[3.601s][info ][safepoint      ] Safepoint "ICBufferFull", Time since last: 2206264 ns, Reaching safepoint: 182705 ns, At safepoint: 29301 ns, Total: 212006 ns
[3.603s][info ][safepoint      ] Safepoint "ICBufferFull", Time since last: 2081961 ns, Reaching safepoint: 108503 ns, At safepoint: 26401 ns, Total: 134904 ns
[3.608s][info ][safepoint      ] Safepoint "ICBufferFull", Time since last: 4933543 ns, Reaching safepoint: 284509 ns, At safepoint: 21300 ns, Total: 305809 ns
[3.612s][info ][safepoint      ] Safepoint "ICBufferFull", Time since last: 3162092 ns, Reaching safepoint: 122304 ns, At safepoint: 25100 ns, Total: 147404 ns
[3.617s][info ][safepoint      ] Safepoint "ICBufferFull", Time since last: 1977258 ns, Reaching safepoint: 3239694 ns, At safepoint: 27001 ns, Total: 3266695 ns
[3.627s][info ][safepoint      ] Safepoint "ICBufferFull", Time since last: 10212897 ns, Reaching safepoint: 128404 ns, At safepoint: 22001 ns, Total: 150405 ns
[3.630s][info ][safepoint      ] Safepoint "ICBufferFull", Time since last: 2202164 ns, Reaching safepoint: 106603 ns, At safepoint: 18101 ns, Total: 124704 ns
[3.636s][info ][safepoint      ] Safepoint "ICBufferFull", Time since last: 6182680 ns, Reaching safepoint: 131403 ns, At safepoint: 16701 ns, Total: 148104 ns
[3.650s][info ][safepoint      ] Safepoint "ICBufferFull", Time since last: 13703599 ns, Reaching safepoint: 126004 ns, At safepoint: 23900 ns, Total: 149904 ns
[3.652s][info ][safepoint      ] Safepoint "ICBufferFull", Time since last: 1672149 ns, Reaching safepoint: 92103 ns, At safepoint: 22900 ns, Total: 115003 ns
[3.654s][info ][safepoint      ] Safepoint "ICBufferFull", Time since last: 1880955 ns, Reaching safepoint: 94203 ns, At safepoint: 25901 ns, Total: 120104 ns
[3.662s][info ][safepoint      ] Safepoint "ICBufferFull", Time since last: 5244352 ns, Reaching safepoint: 3187793 ns, At safepoint: 16300 ns, Total: 3204093 ns
[3.664s][info ][safepoint      ] Safepoint "ICBufferFull", Time since last: 1650149 ns, Reaching safepoint: 106503 ns, At safepoint: 18100 ns, Total: 124603 ns
[3.666s][info ][safepoint      ] Safepoint "ICBufferFull", Time since last: 1612047 ns, Reaching safepoint: 115303 ns, At safepoint: 20801 ns, Total: 136104 ns
[3.669s][info ][safepoint      ] Safepoint "ICBufferFull", Time since last: 2986287 ns, Reaching safepoint: 121304 ns, At safepoint: 20600 ns, Total: 141904 ns
[3.672s][info ][safepoint      ] Safepoint "ICBufferFull", Time since last: 3542803 ns, Reaching safepoint: 137904 ns, At safepoint: 21601 ns, Total: 159505 ns
[3.676s][info ][safepoint      ] Safepoint "ICBufferFull", Time since last: 3760309 ns, Reaching safepoint: 114004 ns, At safepoint: 17600 ns, Total: 131604 ns
[3.680s][info ][safepoint      ] Safepoint "ICBufferFull", Time since last: 3288796 ns, Reaching safepoint: 135704 ns, At safepoint: 16500 ns, Total: 152204 ns
[3.685s][info ][safepoint      ] Safepoint "ICBufferFull", Time since last: 4827441 ns, Reaching safepoint: 117303 ns, At safepoint: 21501 ns, Total: 138804 ns
[3.687s][info ][safepoint      ] Safepoint "ICBufferFull", Time since last: 2040559 ns, Reaching safepoint: 113804 ns, At safepoint: 21500 ns, Total: 135304 ns
[3.689s][info ][safepoint      ] Safepoint "ICBufferFull", Time since last: 1668349 ns, Reaching safepoint: 82202 ns, At safepoint: 19501 ns, Total: 101703 ns
[3.690s][info ][safepoint      ] Safepoint "ICBufferFull", Time since last: 1623047 ns, Reaching safepoint: 112403 ns, At safepoint: 22901 ns, Total: 135304 ns
[3.692s][info ][safepoint      ] Safepoint "ICBufferFull", Time since last: 1774052 ns, Reaching safepoint: 105203 ns, At safepoint: 22400 ns, Total: 127603 ns
[3.694s][info ][safepoint      ] Safepoint "ICBufferFull", Time since last: 2078761 ns, Reaching safepoint: 106503 ns, At safepoint: 19501 ns, Total: 126004 ns
[3.696s][info ][safepoint      ] Safepoint "ICBufferFull", Time since last: 1871754 ns, Reaching safepoint: 97603 ns, At safepoint: 26001 ns, Total: 123604 ns
[3.701s][info ][safepoint      ] Safepoint "ICBufferFull", Time since last: 4079018 ns, Reaching safepoint: 103603 ns, At safepoint: 20001 ns, Total: 123604 ns
[3.703s][info ][safepoint      ] Safepoint "ICBufferFull", Time since last: 2372069 ns, Reaching safepoint: 118504 ns, At safepoint: 28500 ns, Total: 147004 ns
[3.709s][info ][safepoint      ] Safepoint "ICBufferFull", Time since last: 2959187 ns, Reaching safepoint: 3193393 ns, At safepoint: 21900 ns, Total: 3215293 ns
[3.726s][info ][safepoint      ] Safepoint "ICBufferFull", Time since last: 13201584 ns, Reaching safepoint: 3235395 ns, At safepoint: 31001 ns, Total: 3266396 ns
[3.730s][info ][safepoint      ] Safepoint "ICBufferFull", Time since last: 4108519 ns, Reaching safepoint: 131604 ns, At safepoint: 19301 ns, Total: 150905 ns
[3.733s][info ][safepoint      ] Safepoint "ICBufferFull", Time since last: 2416770 ns, Reaching safepoint: 80502 ns, At safepoint: 27301 ns, Total: 107803 ns
[3.734s][info ][safepoint      ] Safepoint "ICBufferFull", Time since last: 1629648 ns, Reaching safepoint: 137704 ns, At safepoint: 29500 ns, Total: 167204 ns
[3.747s][info ][safepoint      ] Safepoint "ICBufferFull", Time since last: 12383861 ns, Reaching safepoint: 106503 ns, At safepoint: 18901 ns, Total: 125404 ns
[3.749s][info ][safepoint      ] Safepoint "ICBufferFull", Time since last: 1645647 ns, Reaching safepoint: 98903 ns, At safepoint: 27201 ns, Total: 126104 ns
[3.750s][info ][safepoint      ] Safepoint "ICBufferFull", Time since last: 1585046 ns, Reaching safepoint: 96403 ns, At safepoint: 14201 ns, Total: 110604 ns
[3.751s][info ][safepoint      ] Safepoint "ICBufferFull", Time since last: 142904 ns, Reaching safepoint: 96502 ns, At safepoint: 20101 ns, Total: 116603 ns
[3.751s][info ][safepoint      ] Safepoint "ICBufferFull", Time since last: 74902 ns, Reaching safepoint: 99703 ns, At safepoint: 16401 ns, Total: 116104 ns
[3.751s][info ][safepoint      ] Safepoint "ICBufferFull", Time since last: 42601 ns, Reaching safepoint: 92603 ns, At safepoint: 19200 ns, Total: 111803 ns
[3.752s][info ][safepoint      ] Safepoint "ICBufferFull", Time since last: 1398941 ns, Reaching safepoint: 88402 ns, At safepoint: 24201 ns, Total: 112603 ns
[3.754s][info ][safepoint      ] Safepoint "ICBufferFull", Time since last: 1493444 ns, Reaching safepoint: 86502 ns, At safepoint: 22101 ns, Total: 108603 ns
[3.756s][info ][safepoint      ] Safepoint "ICBufferFull", Time since last: 1681249 ns, Reaching safepoint: 100703 ns, At safepoint: 26800 ns, Total: 127503 ns
[3.758s][info ][safepoint      ] Safepoint "ICBufferFull", Time since last: 2354369 ns, Reaching safepoint: 106403 ns, At safepoint: 23901 ns, Total: 130304 ns
[3.759s][info ][safepoint      ] Safepoint "ICBufferFull", Time since last: 54701 ns, Reaching safepoint: 88703 ns, At safepoint: 16300 ns, Total: 105003 ns
[3.761s][info ][safepoint      ] Safepoint "ICBufferFull", Time since last: 1898956 ns, Reaching safepoint: 99903 ns, At safepoint: 18900 ns, Total: 118803 ns
[3.761s][info ][safepoint      ] Safepoint "ICBufferFull", Time since last: 93903 ns, Reaching safepoint: 92003 ns, At safepoint: 20400 ns, Total: 112403 ns
[3.777s][info ][safepoint      ] Safepoint "ICBufferFull", Time since last: 15339747 ns, Reaching safepoint: 1005229 ns, At safepoint: 27901 ns, Total: 1033130 ns
[3.780s][info ][safepoint      ] Safepoint "ICBufferFull", Time since last: 2301167 ns, Reaching safepoint: 108503 ns, At safepoint: 19901 ns, Total: 128404 ns
[3.784s][info ][safepoint      ] Safepoint "ICBufferFull", Time since last: 2409170 ns, Reaching safepoint: 2141162 ns, At safepoint: 31401 ns, Total: 2172563 ns
[3.787s][info ][safepoint      ] Safepoint "ICBufferFull", Time since last: 2641777 ns, Reaching safepoint: 102803 ns, At safepoint: 26401 ns, Total: 129204 ns
[3.789s][info ][safepoint      ] Safepoint "ICBufferFull", Time since last: 1995158 ns, Reaching safepoint: 116103 ns, At safepoint: 23701 ns, Total: 139804 ns
[3.799s][info ][safepoint      ] Safepoint "ICBufferFull", Time since last: 9891188 ns, Reaching safepoint: 114003 ns, At safepoint: 29101 ns, Total: 143104 ns
[3.801s][info ][safepoint      ] Safepoint "ICBufferFull", Time since last: 2118562 ns, Reaching safepoint: 105103 ns, At safepoint: 20400 ns, Total: 125503 ns
[3.804s][info ][safepoint      ] Safepoint "ICBufferFull", Time since last: 2530974 ns, Reaching safepoint: 170605 ns, At safepoint: 19100 ns, Total: 189705 ns
[3.806s][info ][safepoint      ] Safepoint "ICBufferFull", Time since last: 2094861 ns, Reaching safepoint: 101603 ns, At safepoint: 25701 ns, Total: 127304 ns
[3.876s][info ][safepoint      ] Safepoint "ICBufferFull", Time since last: 69138913 ns, Reaching safepoint: 173505 ns, At safepoint: 19601 ns, Total: 193106 ns
[3.888s][info ][safepoint      ] Safepoint "ICBufferFull", Time since last: 12539565 ns, Reaching safepoint: 96203 ns, At safepoint: 25100 ns, Total: 121303 ns
[3.892s][info ][safepoint      ] Safepoint "ICBufferFull", Time since last: 4060718 ns, Reaching safepoint: 128004 ns, At safepoint: 26401 ns, Total: 154405 ns
[3.901s][info ][safepoint      ] Safepoint "ICBufferFull", Time since last: 8148337 ns, Reaching safepoint: 126004 ns, At safepoint: 27301 ns, Total: 153305 ns
[3.910s][info ][safepoint      ] Safepoint "ICBufferFull", Time since last: 8964261 ns, Reaching safepoint: 130703 ns, At safepoint: 17601 ns, Total: 148304 ns
[3.918s][info ][safepoint      ] Safepoint "ICBufferFull", Time since last: 4461030 ns, Reaching safepoint: 3208193 ns, At safepoint: 29701 ns, Total: 3237894 ns
[3.934s][info ][safepoint      ] Safepoint "ICBufferFull", Time since last: 16520981 ns, Reaching safepoint: 204906 ns, At safepoint: 26401 ns, Total: 231307 ns
[3.945s][info ][safepoint      ] Safepoint "ICBufferFull", Time since last: 8527648 ns, Reaching safepoint: 2172163 ns, At safepoint: 28401 ns, Total: 2200564 ns
[3.960s][info ][safepoint      ] Safepoint "ICBufferFull", Time since last: 14756830 ns, Reaching safepoint: 192405 ns, At safepoint: 33401 ns, Total: 225806 ns
[3.969s][info ][safepoint      ] Safepoint "ICBufferFull", Time since last: 9194268 ns, Reaching safepoint: 134004 ns, At safepoint: 24101 ns, Total: 158105 ns
[3.976s][info ][safepoint      ] Safepoint "ICBufferFull", Time since last: 6272182 ns, Reaching safepoint: 112803 ns, At safepoint: 26101 ns, Total: 138904 ns
[3.976s][info ][safepoint      ] Safepoint "ICBufferFull", Time since last: 76502 ns, Reaching safepoint: 87403 ns, At safepoint: 23201 ns, Total: 110604 ns
[3.976s][info ][safepoint      ] Safepoint "ICBufferFull", Time since last: 51501 ns, Reaching safepoint: 88503 ns, At safepoint: 17000 ns, Total: 105503 ns
[3.985s][info ][safepoint      ] Safepoint "ICBufferFull", Time since last: 8906260 ns, Reaching safepoint: 120703 ns, At safepoint: 17201 ns, Total: 137904 ns
[3.988s][info ][safepoint      ] Safepoint "ICBufferFull", Time since last: 2982286 ns, Reaching safepoint: 105803 ns, At safepoint: 22501 ns, Total: 128304 ns
[3.997s][info ][safepoint      ] Safepoint "ICBufferFull", Time since last: 8704254 ns, Reaching safepoint: 118903 ns, At safepoint: 22801 ns, Total: 141704 ns
[3.997s][info ][safepoint      ] Safepoint "ICBufferFull", Time since last: 63902 ns, Reaching safepoint: 153404 ns, At safepoint: 24801 ns, Total: 178205 ns
[4.005s][info ][safepoint      ] Safepoint "ICBufferFull", Time since last: 7015504 ns, Reaching safepoint: 135904 ns, At safepoint: 22301 ns, Total: 158205 ns
[4.017s][info ][safepoint      ] Safepoint "ICBufferFull", Time since last: 8479446 ns, Reaching safepoint: 4277625 ns, At safepoint: 34901 ns, Total: 4312526 ns
[4.035s][info ][safepoint      ] Safepoint "ICBufferFull", Time since last: 17794518 ns, Reaching safepoint: 137604 ns, At safepoint: 25101 ns, Total: 162705 ns
[4.044s][info ][safepoint      ] Safepoint "ICBufferFull", Time since last: 8035434 ns, Reaching safepoint: 195405 ns, At safepoint: 35601 ns, Total: 231006 ns
[4.049s][info ][safepoint      ] Safepoint "ICBufferFull", Time since last: 5636565 ns, Reaching safepoint: 168004 ns, At safepoint: 24201 ns, Total: 192205 ns
[4.061s][info ][safepoint      ] Safepoint "ICBufferFull", Time since last: 11642939 ns, Reaching safepoint: 85403 ns, At safepoint: 17700 ns, Total: 103103 ns
[4.061s][info ][safepoint      ] Safepoint "ICBufferFull", Time since last: 90503 ns, Reaching safepoint: 94902 ns, At safepoint: 21201 ns, Total: 116103 ns
[4.063s][info ][safepoint      ] Safepoint "ICBufferFull", Time since last: 1271737 ns, Reaching safepoint: 112103 ns, At safepoint: 17601 ns, Total: 129704 ns
[4.067s][info ][safepoint      ] Safepoint "ICBufferFull", Time since last: 4339526 ns, Reaching safepoint: 34101 ns, At safepoint: 16001 ns, Total: 50102 ns
[4.073s][info ][safepoint      ] Safepoint "ICBufferFull", Time since last: 5925672 ns, Reaching safepoint: 118904 ns, At safepoint: 24500 ns, Total: 143404 ns
[4.077s][info ][safepoint      ] Safepoint "ICBufferFull", Time since last: 3829212 ns, Reaching safepoint: 111503 ns, At safepoint: 24601 ns, Total: 136104 ns
[4.077s][info ][safepoint      ] Safepoint "ICBufferFull", Time since last: 98603 ns, Reaching safepoint: 102403 ns, At safepoint: 17200 ns, Total: 119603 ns
[4.078s][info ][safepoint      ] Safepoint "ICBufferFull", Time since last: 45201 ns, Reaching safepoint: 88203 ns, At safepoint: 19001 ns, Total: 107204 ns
[4.078s][info ][safepoint      ] Safepoint "ICBufferFull", Time since last: 34401 ns, Reaching safepoint: 106403 ns, At safepoint: 15800 ns, Total: 122203 ns
[4.078s][info ][safepoint      ] Safepoint "ICBufferFull", Time since last: 108403 ns, Reaching safepoint: 91403 ns, At safepoint: 21901 ns, Total: 113304 ns
[4.082s][info ][safepoint      ] Safepoint "ICBufferFull", Time since last: 3800310 ns, Reaching safepoint: 136104 ns, At safepoint: 27001 ns, Total: 163105 ns
[4.098s][info ][safepoint      ] Safepoint "ICBufferFull", Time since last: 16238573 ns, Reaching safepoint: 130004 ns, At safepoint: 31600 ns, Total: 161604 ns
[4.101s][info ][safepoint      ] Safepoint "ICBufferFull", Time since last: 2578776 ns, Reaching safepoint: 141404 ns, At safepoint: 25000 ns, Total: 166404 ns
[4.105s][info ][safepoint      ] Safepoint "ICBufferFull", Time since last: 3680908 ns, Reaching safepoint: 443412 ns, At safepoint: 29501 ns, Total: 472913 ns
[4.111s][info ][safepoint      ] Safepoint "ICBufferFull", Time since last: 5125050 ns, Reaching safepoint: 158604 ns, At safepoint: 28901 ns, Total: 187505 ns
[4.126s][info ][safepoint      ] Safepoint "ICBufferFull", Time since last: 11949248 ns, Reaching safepoint: 3217494 ns, At safepoint: 35701 ns, Total: 3253195 ns
[4.144s][info ][gc,start       ] GC(4) Pause Young (Allocation Failure)
[4.253s][debug][gc,phases      ] GC(4) Scavenge 108.113ms
[4.253s][debug][gc,ref         ] GC(4) Skipped phase 1 of Reference Processing: no references
[4.253s][debug][gc,ref         ] GC(4) Skipped phase 3 of Reference Processing: no references
[4.253s][debug][gc,phases      ] GC(4) Reference Processing 0.471ms
[4.254s][debug][gc,phases      ] GC(4) Weak Processing 1.401ms
[4.254s][debug][gc,age         ] GC(4) Desired survivor size 536870912 bytes, new threshold 7 (max threshold 15)
[4.254s][info ][gc,heap        ] GC(4) PSYoungGen: 1096944K(1572864K)->152103K(1572864K) Eden: 1048576K(1048576K)->0K(1048576K) From: 48368K(524288K)->152103K(524288K)
[4.254s][info ][gc,heap        ] GC(4) ParOldGen: 5604K(6144K)->5620K(6144K)
[4.254s][info ][gc,metaspace   ] GC(4) Metaspace: 49150K(49664K)->49150K(49664K) NonClass: 42040K(42304K)->42040K(42304K) Class: 7110K(7360K)->7110K(7360K)
[4.255s][info ][gc             ] GC(4) Pause Young (Allocation Failure) 1076M->154M(1542M) 110.155ms
[4.255s][info ][gc,cpu         ] GC(4) User=0.41s Sys=0.03s Real=0.11s
[4.255s][info ][safepoint      ] Safepoint "ParallelGCFailedAllocation", Time since last: 18319433 ns, Reaching safepoint: 271708 ns, At safepoint: 110282011 ns, Total: 110553719 ns
[4.279s][info ][safepoint      ] Safepoint "ICBufferFull", Time since last: 24398510 ns, Reaching safepoint: 152904 ns, At safepoint: 22801 ns, Total: 175705 ns
[4.290s][info ][safepoint      ] Safepoint "ICBufferFull", Time since last: 10845815 ns, Reaching safepoint: 123604 ns, At safepoint: 23800 ns, Total: 147404 ns
[4.301s][info ][safepoint      ] Safepoint "ICBufferFull", Time since last: 10185397 ns, Reaching safepoint: 132003 ns, At safepoint: 25801 ns, Total: 157804 ns
[4.304s][info ][safepoint      ] Safepoint "ICBufferFull", Time since last: 2981387 ns, Reaching safepoint: 121503 ns, At safepoint: 38102 ns, Total: 159605 ns
[4.325s][info ][safepoint      ] Safepoint "ICBufferFull", Time since last: 18112826 ns, Reaching safepoint: 3322097 ns, At safepoint: 32901 ns, Total: 3354998 ns
[4.329s][info ][safepoint      ] Safepoint "ICBufferFull", Time since last: 4079218 ns, Reaching safepoint: 136404 ns, At safepoint: 23001 ns, Total: 159405 ns
[4.335s][info ][safepoint      ] Safepoint "ICBufferFull", Time since last: 5296354 ns, Reaching safepoint: 177205 ns, At safepoint: 26401 ns, Total: 203606 ns
[4.337s][info ][safepoint      ] Safepoint "ICBufferFull", Time since last: 2199964 ns, Reaching safepoint: 107903 ns, At safepoint: 24001 ns, Total: 131904 ns
[4.337s][info ][safepoint      ] Safepoint "ICBufferFull", Time since last: 76102 ns, Reaching safepoint: 88303 ns, At safepoint: 23400 ns, Total: 111703 ns
[4.338s][info ][safepoint      ] Safepoint "ICBufferFull", Time since last: 68402 ns, Reaching safepoint: 89303 ns, At safepoint: 24101 ns, Total: 113404 ns
[4.340s][info ][safepoint      ] Safepoint "ICBufferFull", Time since last: 2734279 ns, Reaching safepoint: 117003 ns, At safepoint: 26901 ns, Total: 143904 ns
[4.361s][info ][safepoint      ] Safepoint "ICBufferFull", Time since last: 19898579 ns, Reaching safepoint: 151204 ns, At safepoint: 28601 ns, Total: 179805 ns
[4.365s][info ][safepoint      ] Safepoint "ICBufferFull", Time since last: 4458830 ns, Reaching safepoint: 137804 ns, At safepoint: 30901 ns, Total: 168705 ns
[4.371s][info ][safepoint      ] Safepoint "ICBufferFull", Time since last: 5706266 ns, Reaching safepoint: 199305 ns, At safepoint: 31901 ns, Total: 231206 ns
[4.383s][info ][safepoint      ] Safepoint "ICBufferFull", Time since last: 11675840 ns, Reaching safepoint: 137404 ns, At safepoint: 29101 ns, Total: 166505 ns
[4.394s][info ][safepoint      ] Safepoint "ICBufferFull", Time since last: 7095806 ns, Reaching safepoint: 4266924 ns, At safepoint: 29701 ns, Total: 4296625 ns
[4.399s][info ][safepoint      ] Safepoint "ICBufferFull", Time since last: 4425729 ns, Reaching safepoint: 126503 ns, At safepoint: 27301 ns, Total: 153804 ns
[4.404s][info ][safepoint      ] Safepoint "ICBufferFull", Time since last: 4931044 ns, Reaching safepoint: 112403 ns, At safepoint: 23300 ns, Total: 135703 ns
[4.417s][info ][safepoint      ] Safepoint "ICBufferFull", Time since last: 11169225 ns, Reaching safepoint: 2101761 ns, At safepoint: 23101 ns, Total: 2124862 ns
[4.425s][info ][safepoint      ] Safepoint "ICBufferFull", Time since last: 7340514 ns, Reaching safepoint: 137804 ns, At safepoint: 23800 ns, Total: 161604 ns
[4.440s][info ][safepoint      ] Safepoint "ICBufferFull", Time since last: 14693128 ns, Reaching safepoint: 114103 ns, At safepoint: 26301 ns, Total: 140404 ns
[4.440s][info ][safepoint      ] Safepoint "ICBufferFull", Time since last: 66102 ns, Reaching safepoint: 93902 ns, At safepoint: 19701 ns, Total: 113603 ns
[4.440s][info ][safepoint      ] Safepoint "ICBufferFull", Time since last: 55801 ns, Reaching safepoint: 85403 ns, At safepoint: 25101 ns, Total: 110504 ns
[4.440s][info ][safepoint      ] Safepoint "ICBufferFull", Time since last: 50701 ns, Reaching safepoint: 86703 ns, At safepoint: 21500 ns, Total: 108203 ns
[4.441s][info ][safepoint      ] Safepoint "ICBufferFull", Time since last: 952028 ns, Reaching safepoint: 101603 ns, At safepoint: 33401 ns, Total: 135004 ns
[4.449s][info ][safepoint      ] Safepoint "ICBufferFull", Time since last: 7894529 ns, Reaching safepoint: 111004 ns, At safepoint: 22100 ns, Total: 133104 ns
[4.449s][info ][safepoint      ] Safepoint "ICBufferFull", Time since last: 75203 ns, Reaching safepoint: 98402 ns, At safepoint: 22801 ns, Total: 121203 ns
[4.450s][info ][safepoint      ] Safepoint "ICBufferFull", Time since last: 59402 ns, Reaching safepoint: 90002 ns, At safepoint: 22401 ns, Total: 112403 ns
[4.450s][info ][safepoint      ] Safepoint "ICBufferFull", Time since last: 48401 ns, Reaching safepoint: 89703 ns, At safepoint: 24001 ns, Total: 113704 ns
[4.451s][info ][safepoint      ] Safepoint "ICBufferFull", Time since last: 1241736 ns, Reaching safepoint: 94303 ns, At safepoint: 28100 ns, Total: 122403 ns
[4.460s][info ][safepoint      ] Safepoint "ICBufferFull", Time since last: 7461517 ns, Reaching safepoint: 1091932 ns, At safepoint: 33801 ns, Total: 1125733 ns
[4.464s][info ][safepoint      ] Safepoint "ICBufferFull", Time since last: 2088661 ns, Reaching safepoint: 2149162 ns, At safepoint: 30001 ns, Total: 2179163 ns
[4.473s][info ][safepoint      ] Safepoint "ICBufferFull", Time since last: 8969261 ns, Reaching safepoint: 205806 ns, At safepoint: 21101 ns, Total: 226907 ns
[4.482s][info ][safepoint      ] Safepoint "ICBufferFull", Time since last: 9092764 ns, Reaching safepoint: 132504 ns, At safepoint: 30001 ns, Total: 162505 ns
[4.483s][info ][safepoint      ] Safepoint "ICBufferFull", Time since last: 66302 ns, Reaching safepoint: 95702 ns, At safepoint: 23201 ns, Total: 118903 ns
[4.490s][info ][safepoint      ] Safepoint "ICBufferFull", Time since last: 7300412 ns, Reaching safepoint: 123604 ns, At safepoint: 11200 ns, Total: 134804 ns
[4.492s][info ][safepoint      ] Safepoint "ICBufferFull", Time since last: 1728751 ns, Reaching safepoint: 90202 ns, At safepoint: 14001 ns, Total: 104203 ns
[4.492s][info ][gc,start       ] GC(5) Pause Young (Allocation Failure)
[4.567s][debug][gc,phases      ] GC(5) Scavenge 74.612ms
[4.567s][debug][gc,ref         ] GC(5) Skipped phase 1 of Reference Processing: no references
[4.567s][debug][gc,ref         ] GC(5) Skipped phase 3 of Reference Processing: no references
[4.567s][debug][gc,phases      ] GC(5) Reference Processing 0.397ms
[4.569s][debug][gc,phases      ] GC(5) Weak Processing 1.977ms
[4.569s][debug][gc,age         ] GC(5) Desired survivor size 536870912 bytes, new threshold 7 (max threshold 15)
[4.569s][info ][gc,heap        ] GC(5) PSYoungGen: 1200679K(1572864K)->159048K(1572864K) Eden: 1048576K(1048576K)->0K(1048576K) From: 152103K(524288K)->159048K(524288K)
[4.569s][info ][gc,heap        ] GC(5) ParOldGen: 5620K(6144K)->5628K(6144K)
[4.569s][info ][gc,metaspace   ] GC(5) Metaspace: 49208K(49728K)->49208K(49728K) NonClass: 42097K(42368K)->42097K(42368K) Class: 7111K(7360K)->7111K(7360K)
[4.569s][info ][gc             ] GC(5) Pause Young (Allocation Failure) 1178M->160M(1542M) 77.141ms
[4.569s][info ][gc,cpu         ] GC(5) User=0.26s Sys=0.03s Real=0.08s
[4.569s][info ][safepoint      ] Safepoint "ParallelGCFailedAllocation", Time since last: 49501 ns, Reaching safepoint: 85203 ns, At safepoint: 77251646 ns, Total: 77336849 ns
[4.577s][info ][safepoint      ] Safepoint "ICBufferFull", Time since last: 7416316 ns, Reaching safepoint: 119103 ns, At safepoint: 17501 ns, Total: 136604 ns
[4.581s][info ][safepoint      ] Safepoint "ICBufferFull", Time since last: 4007716 ns, Reaching safepoint: 143804 ns, At safepoint: 29101 ns, Total: 172905 ns
[4.585s][info ][safepoint      ] Safepoint "ICBufferFull", Time since last: 3135391 ns, Reaching safepoint: 456014 ns, At safepoint: 23500 ns, Total: 479514 ns
[4.601s][info ][safepoint      ] Safepoint "ICBufferFull", Time since last: 15847661 ns, Reaching safepoint: 107603 ns, At safepoint: 25801 ns, Total: 133404 ns
[4.604s][info ][safepoint      ] Safepoint "ICBufferFull", Time since last: 2882784 ns, Reaching safepoint: 97603 ns, At safepoint: 29501 ns, Total: 127104 ns
[4.610s][info ][safepoint      ] Safepoint "ICBufferFull", Time since last: 2597075 ns, Reaching safepoint: 3335197 ns, At safepoint: 32101 ns, Total: 3367298 ns
[4.626s][info ][safepoint      ] Safepoint "ICBufferFull", Time since last: 12701769 ns, Reaching safepoint: 3207894 ns, At safepoint: 31601 ns, Total: 3239495 ns
[4.628s][info ][safepoint      ] Safepoint "ICBufferFull", Time since last: 2625776 ns, Reaching safepoint: 112503 ns, At safepoint: 22801 ns, Total: 135304 ns
[4.631s][info ][safepoint      ] Safepoint "ICBufferFull", Time since last: 2517173 ns, Reaching safepoint: 58702 ns, At safepoint: 22700 ns, Total: 81402 ns
[4.926s][info ][gc,start       ] GC(6) Pause Young (Allocation Failure)
[4.995s][debug][gc,phases      ] GC(6) Scavenge 68.623ms
[4.995s][debug][gc,ref         ] GC(6) Skipped phase 1 of Reference Processing: no references
[4.995s][debug][gc,ref         ] GC(6) Skipped phase 3 of Reference Processing: no references
[4.995s][debug][gc,phases      ] GC(6) Reference Processing 0.298ms
[4.996s][debug][gc,phases      ] GC(6) Weak Processing 1.493ms
[4.996s][debug][gc,age         ] GC(6) Desired survivor size 244318208 bytes, new threshold 6 (max threshold 15)
[4.996s][info ][gc,heap        ] GC(6) PSYoungGen: 1207624K(1572864K)->166014K(1572864K) Eden: 1048576K(1048576K)->0K(1048576K) From: 159048K(524288K)->166014K(524288K)
[4.996s][info ][gc,heap        ] GC(6) ParOldGen: 5628K(6144K)->5636K(6144K)
[4.996s][info ][gc,metaspace   ] GC(6) Metaspace: 51769K(52352K)->51769K(52352K) NonClass: 44229K(44544K)->44229K(44544K) Class: 7539K(7808K)->7539K(7808K)
[4.996s][info ][gc             ] GC(6) Pause Young (Allocation Failure) 1184M->167M(1542M) 70.592ms
[4.996s][info ][gc,cpu         ] GC(6) User=0.27s Sys=0.01s Real=0.07s
[4.997s][info ][safepoint      ] Safepoint "ParallelGCFailedAllocation", Time since last: 287355357 ns, Reaching safepoint: 7574520 ns, At safepoint: 70778958 ns, Total: 78353478 ns
[5.250s][info ][gc,start       ] GC(7) Pause Young (Allocation Failure)
[5.339s][debug][gc,phases      ] GC(7) Scavenge 88.363ms
[5.339s][debug][gc,ref         ] GC(7) Skipped phase 1 of Reference Processing: no references
[5.339s][debug][gc,ref         ] GC(7) Skipped phase 3 of Reference Processing: no references
[5.339s][debug][gc,phases      ] GC(7) Reference Processing 0.270ms
[5.341s][debug][gc,phases      ] GC(7) Weak Processing 1.478ms
[5.341s][debug][gc,age         ] GC(7) Desired survivor size 257425408 bytes, new threshold 5 (max threshold 15)
[5.341s][info ][gc,heap        ] GC(7) PSYoungGen: 1214590K(1572864K)->168370K(1832960K) Eden: 1048576K(1048576K)->0K(1594368K) From: 166014K(524288K)->168370K(238592K)
[5.341s][info ][gc,heap        ] GC(7) ParOldGen: 5636K(6144K)->5636K(6144K)
[5.341s][info ][gc,metaspace   ] GC(7) Metaspace: 53201K(53696K)->53201K(53696K) NonClass: 45394K(45632K)->45394K(45632K) Class: 7806K(8064K)->7806K(8064K)
[5.341s][info ][gc             ] GC(7) Pause Young (Allocation Failure) 1191M->169M(1796M) 90.278ms
[5.341s][info ][gc,cpu         ] GC(7) User=0.26s Sys=0.09s Real=0.09s
[5.341s][info ][safepoint      ] Safepoint "ParallelGCFailedAllocation", Time since last: 250980998 ns, Reaching safepoint: 2800282 ns, At safepoint: 90407527 ns, Total: 93207809 ns
[5.591s][info ][safepoint      ] Safepoint "ICBufferFull", Time since last: 249824456 ns, Reaching safepoint: 246107 ns, At safepoint: 30201 ns, Total: 276308 ns
[5.941s][info ][gc,start       ] GC(8) Pause Young (Allocation Failure)
[6.018s][debug][gc,phases      ] GC(8) Scavenge 76.510ms
[6.018s][debug][gc,ref         ] GC(8) Skipped phase 1 of Reference Processing: no references
[6.018s][debug][gc,ref         ] GC(8) Skipped phase 3 of Reference Processing: no references
[6.018s][debug][gc,phases      ] GC(8) Reference Processing 0.344ms
[6.020s][debug][gc,phases      ] GC(8) Weak Processing 2.043ms
[6.020s][debug][gc,age         ] GC(8) Desired survivor size 244318208 bytes, new threshold 4 (max threshold 15)
[6.020s][info ][gc,heap        ] GC(8) PSYoungGen: 1762738K(1832960K)->128913K(1845760K) Eden: 1594368K(1594368K)->0K(1594368K) From: 168370K(238592K)->128913K(251392K)
[6.020s][info ][gc,heap        ] GC(8) ParOldGen: 5636K(6144K)->53954K(54272K)
[6.020s][info ][gc,metaspace   ] GC(8) Metaspace: 53774K(54272K)->53774K(54272K) NonClass: 45921K(46208K)->45921K(46208K) Class: 7852K(8064K)->7852K(8064K)
[6.020s][info ][gc             ] GC(8) Pause Young (Allocation Failure) 1726M->178M(1855M) 79.095ms
[6.020s][info ][gc,cpu         ] GC(8) User=0.28s Sys=0.02s Real=0.07s
[6.020s][debug][gc,phases      ] GC(9) Pre Compact 0.015ms
[6.020s][info ][gc,start       ] GC(9) Pause Full (Ergonomics)
[6.020s][info ][gc,phases,start] GC(9) Marking Phase
[6.096s][debug][gc,phases      ] GC(9) Par Mark 75.984ms
[6.096s][debug][gc,ref         ] GC(9) Skipped phase 1 of Reference Processing: no references
[6.097s][debug][gc,ref         ] GC(9) Skipped phase 3 of Reference Processing: no references
[6.097s][debug][gc,phases      ] GC(9) Reference Processing 0.193ms
[6.097s][debug][gc,phases      ] GC(9) Weak Processing 0.491ms
[6.097s][debug][gc,phases      ] GC(9) ClassLoaderData 0.202ms
[6.097s][debug][gc,phases      ] GC(9) Trigger cleanups 0.001ms
[6.107s][debug][gc,phases      ] GC(9) Class Unloading 9.756ms
[6.107s][info ][gc,phases      ] GC(9) Marking Phase 86.585ms
[6.107s][info ][gc,phases,start] GC(9) Summary Phase
[6.107s][info ][gc,phases      ] GC(9) Summary Phase 0.009ms
[6.107s][info ][gc,phases,start] GC(9) Adjust Roots
[6.125s][info ][gc,phases      ] GC(9) Adjust Roots 18.122ms
[6.125s][info ][gc,phases,start] GC(9) Compaction Phase
[6.795s][info ][gc,phases      ] GC(9) Compaction Phase 670.053ms
[6.795s][info ][gc,phases,start] GC(9) Post Compact
[6.796s][info ][gc,phases      ] GC(9) Post Compact 0.824ms
[6.796s][info ][gc,heap        ] GC(9) PSYoungGen: 128913K(1845760K)->128145K(1845760K) Eden: 0K(1594368K)->0K(1594368K) From: 128913K(251392K)->128145K(251392K)
[6.796s][info ][gc,heap        ] GC(9) ParOldGen: 53954K(54272K)->54231K(88576K)
[6.796s][info ][gc,metaspace   ] GC(9) Metaspace: 53774K(54272K)->53744K(54272K) NonClass: 45921K(46208K)->45900K(46208K) Class: 7852K(8064K)->7844K(8064K)
[6.796s][info ][gc             ] GC(9) Pause Full (Ergonomics) 178M->178M(1889M) 775.836ms
[6.796s][info ][gc,cpu         ] GC(9) User=1.89s Sys=0.01s Real=0.78s
[6.796s][info ][safepoint      ] Safepoint "ParallelGCFailedAllocation", Time since last: 350183171 ns, Reaching safepoint: 126004 ns, At safepoint: 855162821 ns, Total: 855288825 ns
[7.193s][info ][safepoint      ] Safepoint "ICBufferFull", Time since last: 396635408 ns, Reaching safepoint: 349610 ns, At safepoint: 22700 ns, Total: 372310 ns
[7.299s][info ][gc,start       ] GC(10) Pause Young (Allocation Failure)
[7.400s][debug][gc,phases      ] GC(10) Scavenge 100.798ms
[7.400s][debug][gc,ref         ] GC(10) Skipped phase 1 of Reference Processing: no references
[7.400s][debug][gc,ref         ] GC(10) Skipped phase 3 of Reference Processing: no references
[7.400s][debug][gc,phases      ] GC(10) Reference Processing 0.042ms
[7.401s][debug][gc,phases      ] GC(10) Weak Processing 1.007ms
[7.401s][debug][gc,age         ] GC(10) Desired survivor size 247988224 bytes, new threshold 5 (max threshold 15)
[7.401s][info ][gc,heap        ] GC(10) PSYoungGen: 1722513K(1845760K)->28902K(1851392K) Eden: 1594368K(1594368K)->0K(1612800K) From: 128145K(251392K)->28902K(238592K)
[7.401s][info ][gc,heap        ] GC(10) ParOldGen: 54231K(88576K)->161671K(162816K)
[7.401s][info ][gc,metaspace   ] GC(10) Metaspace: 54475K(54976K)->54475K(54976K) NonClass: 46513K(46784K)->46513K(46784K) Class: 7962K(8192K)->7962K(8192K)
[7.401s][info ][gc             ] GC(10) Pause Young (Allocation Failure) 1735M->186M(1967M) 101.999ms
[7.401s][info ][gc,cpu         ] GC(10) User=0.41s Sys=0.07s Real=0.11s
[7.401s][debug][gc,phases      ] GC(11) Pre Compact 0.010ms
[7.401s][info ][gc,start       ] GC(11) Pause Full (Ergonomics)
[7.401s][info ][gc,phases,start] GC(11) Marking Phase
[7.481s][debug][gc,phases      ] GC(11) Par Mark 79.566ms
[7.481s][debug][gc,ref         ] GC(11) Skipped phase 1 of Reference Processing: no references
[7.481s][debug][gc,ref         ] GC(11) Skipped phase 3 of Reference Processing: no references
[7.481s][debug][gc,phases      ] GC(11) Reference Processing 0.236ms
[7.482s][debug][gc,phases      ] GC(11) Weak Processing 0.465ms
[7.482s][debug][gc,phases      ] GC(11) ClassLoaderData 0.048ms
[7.482s][debug][gc,phases      ] GC(11) Trigger cleanups 0.000ms
[7.486s][debug][gc,phases      ] GC(11) Class Unloading 4.827ms
[7.486s][info ][gc,phases      ] GC(11) Marking Phase 85.214ms
[7.486s][info ][gc,phases,start] GC(11) Summary Phase
[7.486s][info ][gc,phases      ] GC(11) Summary Phase 0.007ms
[7.486s][info ][gc,phases,start] GC(11) Adjust Roots
[7.497s][info ][gc,phases      ] GC(11) Adjust Roots 10.863ms
[7.497s][info ][gc,phases,start] GC(11) Compaction Phase
[7.704s][info ][gc,phases      ] GC(11) Compaction Phase 206.571ms
[7.704s][info ][gc,phases,start] GC(11) Post Compact
[7.704s][info ][gc,phases      ] GC(11) Post Compact 0.534ms
[7.705s][info ][gc,heap        ] GC(11) PSYoungGen: 28902K(1851392K)->28796K(1851392K) Eden: 0K(1612800K)->0K(1612800K) From: 28902K(238592K)->28796K(238592K)
[7.705s][info ][gc,heap        ] GC(11) ParOldGen: 161671K(162816K)->161286K(244224K)
[7.705s][info ][gc,metaspace   ] GC(11) Metaspace: 54475K(54976K)->54475K(54976K) NonClass: 46513K(46784K)->46513K(46784K) Class: 7962K(8192K)->7962K(8192K)
[7.705s][info ][gc             ] GC(11) Pause Full (Ergonomics) 186M->185M(2046M) 303.465ms
[7.705s][info ][gc,cpu         ] GC(11) User=1.08s Sys=0.01s Real=0.30s
[7.705s][info ][safepoint      ] Safepoint "ParallelGCFailedAllocation", Time since last: 105545662 ns, Reaching safepoint: 206406 ns, At safepoint: 405648255 ns, Total: 405854661 ns
[8.089s][info ][gc,start       ] GC(12) Pause Young (Allocation Failure)
[8.119s][debug][gc,phases      ] GC(12) Scavenge 29.320ms
[8.119s][debug][gc,ref         ] GC(12) Skipped phase 1 of Reference Processing: no references
[8.119s][debug][gc,ref         ] GC(12) Skipped phase 3 of Reference Processing: no references
[8.119s][debug][gc,phases      ] GC(12) Reference Processing 0.122ms
[8.119s][debug][gc,phases      ] GC(12) Weak Processing 0.616ms
[8.119s][debug][gc,age         ] GC(12) Desired survivor size 249036800 bytes, new threshold 6 (max threshold 15)
[8.119s][info ][gc,heap        ] GC(12) PSYoungGen: 1641596K(1851392K)->21342K(1634304K) Eden: 1612800K(1612800K)->0K(1612800K) From: 28796K(238592K)->21342K(21504K)
[8.119s][info ][gc,heap        ] GC(12) ParOldGen: 161286K(244224K)->161294K(244224K)
[8.119s][info ][gc,metaspace   ] GC(12) Metaspace: 55446K(55936K)->55446K(55936K) NonClass: 47348K(47616K)->47348K(47616K) Class: 8097K(8320K)->8097K(8320K)
[8.119s][info ][gc             ] GC(12) Pause Young (Allocation Failure) 1760M->178M(1834M) 30.205ms
[8.120s][info ][gc,cpu         ] GC(12) User=0.15s Sys=0.00s Real=0.03s
[8.120s][info ][safepoint      ] Safepoint "ParallelGCFailedAllocation", Time since last: 383411410 ns, Reaching safepoint: 1087332 ns, At safepoint: 30321479 ns, Total: 31408811 ns
[8.477s][info ][gc,start       ] GC(13) Pause Young (Allocation Failure)
[8.486s][debug][gc,phases      ] GC(13) Scavenge 9.330ms
[8.486s][debug][gc,ref         ] GC(13) Skipped phase 1 of Reference Processing: no references
[8.486s][debug][gc,ref         ] GC(13) Skipped phase 3 of Reference Processing: no references
[8.486s][debug][gc,phases      ] GC(13) Reference Processing 0.065ms
[8.487s][debug][gc,phases      ] GC(13) Weak Processing 0.541ms
[8.487s][debug][gc,age         ] GC(13) Desired survivor size 247988224 bytes, new threshold 7 (max threshold 15)
[8.487s][info ][gc,heap        ] GC(13) PSYoungGen: 1634142K(1634304K)->22078K(1854976K) Eden: 1612800K(1612800K)->0K(1611776K) From: 21342K(21504K)->22078K(243200K)
[8.487s][info ][gc,heap        ] GC(13) ParOldGen: 161294K(244224K)->161302K(244224K)
[8.487s][info ][gc,metaspace   ] GC(13) Metaspace: 55856K(56384K)->55856K(56384K) NonClass: 47725K(48000K)->47725K(48000K) Class: 8130K(8384K)->8130K(8384K)
[8.487s][info ][gc             ] GC(13) Pause Young (Allocation Failure) 1753M->179M(2050M) 10.080ms
[8.487s][info ][gc,cpu         ] GC(13) User=0.03s Sys=0.01s Real=0.01s
[8.487s][info ][safepoint      ] Safepoint "ParallelGCFailedAllocation", Time since last: 354719972 ns, Reaching safepoint: 2280166 ns, At safepoint: 10190395 ns, Total: 12470561 ns
[8.848s][info ][gc,start       ] GC(14) Pause Young (Allocation Failure)
[8.859s][debug][gc,phases      ] GC(14) Scavenge 10.497ms
[8.859s][debug][gc,ref         ] GC(14) Skipped phase 1 of Reference Processing: no references
[8.859s][debug][gc,ref         ] GC(14) Skipped phase 3 of Reference Processing: no references
[8.859s][debug][gc,phases      ] GC(14) Reference Processing 0.067ms
[8.860s][debug][gc,phases      ] GC(14) Weak Processing 0.565ms
[8.860s][debug][gc,age         ] GC(14) Desired survivor size 244318208 bytes, new threshold 8 (max threshold 15)
[8.860s][info ][gc,heap        ] GC(14) PSYoungGen: 1633854K(1854976K)->23326K(1853952K) Eden: 1611776K(1611776K)->0K(1611776K) From: 22078K(243200K)->23326K(242176K)
[8.860s][info ][gc,heap        ] GC(14) ParOldGen: 161302K(244224K)->161302K(244224K)
[8.860s][info ][gc,metaspace   ] GC(14) Metaspace: 55912K(56448K)->55912K(56448K) NonClass: 47777K(48064K)->47777K(48064K) Class: 8135K(8384K)->8135K(8384K)
[8.860s][info ][gc             ] GC(14) Pause Young (Allocation Failure) 1753M->180M(2049M) 11.292ms
[8.860s][info ][gc,cpu         ] GC(14) User=0.05s Sys=0.00s Real=0.01s
[8.860s][info ][safepoint      ] Safepoint "ParallelGCFailedAllocation", Time since last: 361432662 ns, Reaching safepoint: 141204 ns, At safepoint: 11398030 ns, Total: 11539234 ns
[9.230s][info ][safepoint      ] Safepoint "ICBufferFull", Time since last: 365614783 ns, Reaching safepoint: 4382126 ns, At safepoint: 40302 ns, Total: 4422428 ns
[9.265s][info ][gc,start       ] GC(15) Pause Young (Allocation Failure)
[9.277s][debug][gc,phases      ] GC(15) Scavenge 12.081ms
[9.277s][debug][gc,ref         ] GC(15) Skipped phase 1 of Reference Processing: no references
[9.277s][debug][gc,ref         ] GC(15) Skipped phase 3 of Reference Processing: no references
[9.277s][debug][gc,phases      ] GC(15) Reference Processing 0.098ms
[9.278s][debug][gc,phases      ] GC(15) Weak Processing 0.677ms
[9.278s][debug][gc,age         ] GC(15) Desired survivor size 238551040 bytes, new threshold 9 (max threshold 15)
[9.278s][info ][gc,heap        ] GC(15) PSYoungGen: 1635102K(1853952K)->26430K(1864192K) Eden: 1611776K(1611776K)->0K(1625600K) From: 23326K(242176K)->26430K(238592K)
[9.278s][info ][gc,heap        ] GC(15) ParOldGen: 161302K(244224K)->161310K(244224K)
[9.278s][info ][gc,metaspace   ] GC(15) Metaspace: 55928K(56448K)->55928K(56448K) NonClass: 47792K(48064K)->47792K(48064K) Class: 8136K(8384K)->8136K(8384K)
[9.278s][info ][gc             ] GC(15) Pause Young (Allocation Failure) 1754M->183M(2059M) 13.015ms
[9.278s][info ][gc,cpu         ] GC(15) User=0.05s Sys=0.00s Real=0.01s
[9.278s][info ][safepoint      ] Safepoint "ParallelGCFailedAllocation", Time since last: 32944253 ns, Reaching safepoint: 2189464 ns, At safepoint: 13148280 ns, Total: 15337744 ns
[9.611s][info ][gc,start       ] GC(16) Pause Young (Allocation Failure)
[9.624s][debug][gc,phases      ] GC(16) Scavenge 13.496ms
[9.624s][debug][gc,ref         ] GC(16) Skipped phase 1 of Reference Processing: no references
[9.625s][debug][gc,ref         ] GC(16) Skipped phase 3 of Reference Processing: no references
[9.625s][debug][gc,phases      ] GC(16) Reference Processing 0.073ms
[9.625s][debug][gc,phases      ] GC(16) Weak Processing 0.776ms
[9.625s][debug][gc,age         ] GC(16) Desired survivor size 231735296 bytes, new threshold 10 (max threshold 15)
[9.625s][info ][gc,heap        ] GC(16) PSYoungGen: 1652030K(1864192K)->28670K(1858560K) Eden: 1625600K(1625600K)->0K(1625600K) From: 26430K(238592K)->28670K(232960K)
[9.625s][info ][gc,heap        ] GC(16) ParOldGen: 161310K(244224K)->161310K(244224K)
[9.625s][info ][gc,metaspace   ] GC(16) Metaspace: 55937K(56448K)->55937K(56448K) NonClass: 47800K(48064K)->47800K(48064K) Class: 8137K(8384K)->8137K(8384K)
[9.625s][info ][gc             ] GC(16) Pause Young (Allocation Failure) 1770M->185M(2053M) 14.517ms
[9.625s][info ][gc,cpu         ] GC(16) User=0.05s Sys=0.00s Real=0.02s
[9.625s][info ][safepoint      ] Safepoint "ParallelGCFailedAllocation", Time since last: 332606816 ns, Reaching safepoint: 180705 ns, At safepoint: 14641524 ns, Total: 14822229 ns
[9.994s][info ][safepoint      ] Safepoint "ICBufferFull", Time since last: 363589012 ns, Reaching safepoint: 5023645 ns, At safepoint: 37201 ns, Total: 5060846 ns
[10.017s][info ][safepoint      ] Safepoint "ParallelGCFailedAllocation", Time since last: 22351246 ns, Reaching safepoint: 135304 ns, At safepoint: 27701 ns, Total: 163005 ns
[10.020s][info ][gc,start       ] GC(17) Pause Young (GCLocker Initiated GC)
[10.035s][debug][gc,phases      ] GC(17) Scavenge 15.364ms
[10.036s][debug][gc,ref         ] GC(17) Skipped phase 1 of Reference Processing: no references
[10.036s][debug][gc,ref         ] GC(17) Skipped phase 3 of Reference Processing: no references
[10.036s][debug][gc,phases      ] GC(17) Reference Processing 0.088ms
[10.036s][debug][gc,phases      ] GC(17) Weak Processing 0.577ms
[10.036s][debug][gc,age         ] GC(17) Desired survivor size 223346688 bytes, new threshold 11 (max threshold 15)
[10.036s][info ][gc,heap        ] GC(17) PSYoungGen: 1654270K(1858560K)->31846K(1879040K) Eden: 1625600K(1625600K)->0K(1652736K) From: 28670K(232960K)->31846K(226304K)
[10.036s][info ][gc,heap        ] GC(17) ParOldGen: 161547K(244224K)->161555K(244224K)
[10.036s][info ][gc,metaspace   ] GC(17) Metaspace: 56897K(57472K)->56897K(57472K) NonClass: 48593K(48896K)->48593K(48896K) Class: 8303K(8576K)->8303K(8576K)
[10.036s][info ][gc             ] GC(17) Pause Young (GCLocker Initiated GC) 1773M->188M(2073M) 16.178ms
[10.036s][info ][gc,cpu         ] GC(17) User=0.06s Sys=0.00s Real=0.02s
[10.036s][info ][safepoint      ] Safepoint "ParallelGCSystemGC", Time since last: 3274995 ns, Reaching safepoint: 119103 ns, At safepoint: 16262270 ns, Total: 16381373 ns
[10.473s][info ][gc,start       ] GC(18) Pause Young (Allocation Failure)
[10.489s][debug][gc,phases      ] GC(18) Scavenge 15.707ms
[10.489s][debug][gc,ref         ] GC(18) Skipped phase 1 of Reference Processing: no references
[10.489s][debug][gc,ref         ] GC(18) Skipped phase 3 of Reference Processing: no references
[10.489s][debug][gc,phases      ] GC(18) Reference Processing 0.067ms
[10.490s][debug][gc,phases      ] GC(18) Weak Processing 0.566ms
[10.490s][debug][gc,age         ] GC(18) Desired survivor size 214958080 bytes, new threshold 12 (max threshold 15)
[10.490s][info ][gc,heap        ] GC(18) PSYoungGen: 1684582K(1879040K)->32166K(1870848K) Eden: 1652736K(1652736K)->0K(1652736K) From: 31846K(226304K)->32166K(218112K)
[10.490s][info ][gc,heap        ] GC(18) ParOldGen: 161556K(244224K)->161564K(244224K)
[10.490s][info ][gc,metaspace   ] GC(18) Metaspace: 57424K(57920K)->57424K(57920K) NonClass: 49069K(49344K)->49069K(49344K) Class: 8354K(8576K)->8354K(8576K)
[10.490s][info ][gc             ] GC(18) Pause Young (Allocation Failure) 1802M->189M(2065M) 16.480ms
[10.490s][info ][gc,cpu         ] GC(18) User=0.06s Sys=0.00s Real=0.01s
[10.490s][info ][safepoint      ] Safepoint "ParallelGCFailedAllocation", Time since last: 434898767 ns, Reaching safepoint: 2213864 ns, At safepoint: 16605680 ns, Total: 18819544 ns
[10.837s][info ][gc,start       ] GC(19) Pause Young (Allocation Failure)
[10.852s][debug][gc,phases      ] GC(19) Scavenge 14.108ms
[10.852s][debug][gc,ref         ] GC(19) Skipped phase 1 of Reference Processing: no references
[10.852s][debug][gc,ref         ] GC(19) Skipped phase 3 of Reference Processing: no references
[10.852s][debug][gc,phases      ] GC(19) Reference Processing 0.073ms
[10.852s][debug][gc,phases      ] GC(19) Weak Processing 0.652ms
[10.852s][debug][gc,age         ] GC(19) Desired survivor size 205520896 bytes, new threshold 13 (max threshold 15)
[10.852s][info ][gc,heap        ] GC(19) PSYoungGen: 1684902K(1870848K)->33398K(1896448K) Eden: 1652736K(1652736K)->0K(1686528K) From: 32166K(218112K)->33398K(209920K)
[10.852s][info ][gc,heap        ] GC(19) ParOldGen: 161564K(244224K)->161572K(244224K)
[10.852s][info ][gc,metaspace   ] GC(19) Metaspace: 59910K(60480K)->59910K(60480K) NonClass: 51239K(51520K)->51239K(51520K) Class: 8671K(8960K)->8671K(8960K)
[10.852s][info ][gc             ] GC(19) Pause Young (Allocation Failure) 1803M->190M(2090M) 14.974ms
[10.852s][info ][gc,cpu         ] GC(19) User=0.05s Sys=0.00s Real=0.01s
[10.852s][info ][safepoint      ] Safepoint "ParallelGCFailedAllocation", Time since last: 347090123 ns, Reaching safepoint: 225807 ns, At safepoint: 15077935 ns, Total: 15303742 ns
[11.214s][info ][gc,start       ] GC(20) Pause Young (Allocation Failure)
[11.236s][debug][gc,phases      ] GC(20) Scavenge 22.313ms
[11.236s][debug][gc,ref         ] GC(20) Skipped phase 1 of Reference Processing: no references
[11.236s][debug][gc,ref         ] GC(20) Skipped phase 3 of Reference Processing: no references
[11.236s][debug][gc,phases      ] GC(20) Reference Processing 0.086ms
[11.237s][debug][gc,phases      ] GC(20) Weak Processing 0.678ms
[11.237s][debug][gc,age         ] GC(20) Desired survivor size 195035136 bytes, new threshold 14 (max threshold 15)
[11.237s][info ][gc,heap        ] GC(20) PSYoungGen: 1719926K(1896448K)->41622K(1887232K) Eden: 1686528K(1686528K)->0K(1686528K) From: 33398K(209920K)->41622K(200704K)
[11.237s][info ][gc,heap        ] GC(20) ParOldGen: 161572K(244224K)->161580K(244224K)
[11.237s][info ][gc,metaspace   ] GC(20) Metaspace: 61665K(62272K)->61665K(62272K) NonClass: 52773K(53120K)->52773K(53120K) Class: 8892K(9152K)->8892K(9152K)
[11.237s][info ][gc             ] GC(20) Pause Young (Allocation Failure) 1837M->198M(2081M) 23.263ms
[11.237s][info ][gc,cpu         ] GC(20) User=0.09s Sys=0.00s Real=0.02s
[11.237s][info ][safepoint      ] Safepoint "ParallelGCFailedAllocation", Time since last: 360177402 ns, Reaching safepoint: 1152733 ns, At safepoint: 23382275 ns, Total: 24535008 ns
[11.499s][info ][safepoint      ] Safepoint "ICBufferFull", Time since last: 261336940 ns, Reaching safepoint: 301808 ns, At safepoint: 53502 ns, Total: 355310 ns
[11.599s][info ][safepoint      ] Safepoint "ICBufferFull", Time since last: 100384895 ns, Reaching safepoint: 187806 ns, At safepoint: 22700 ns, Total: 210506 ns
[11.600s][info ][safepoint      ] Safepoint "ICBufferFull", Time since last: 747022 ns, Reaching safepoint: 92303 ns, At safepoint: 25600 ns, Total: 117903 ns
[11.604s][info ][safepoint      ] Safepoint "ICBufferFull", Time since last: 3784410 ns, Reaching safepoint: 103303 ns, At safepoint: 29800 ns, Total: 133103 ns
[11.609s][info ][safepoint      ] Safepoint "ICBufferFull", Time since last: 834024 ns, Reaching safepoint: 4274024 ns, At safepoint: 34201 ns, Total: 4308225 ns
[11.610s][info ][safepoint      ] Safepoint "ICBufferFull", Time since last: 714320 ns, Reaching safepoint: 104903 ns, At safepoint: 25201 ns, Total: 130104 ns
[11.626s][info ][safepoint      ] Safepoint "ICBufferFull", Time since last: 15356843 ns, Reaching safepoint: 128604 ns, At safepoint: 26001 ns, Total: 154605 ns
[11.628s][info ][gc,start       ] GC(21) Pause Young (Allocation Failure)
[11.680s][debug][gc,phases      ] GC(21) Scavenge 51.948ms
[11.680s][debug][gc,ref         ] GC(21) Skipped phase 1 of Reference Processing: no references
[11.680s][debug][gc,ref         ] GC(21) Skipped phase 3 of Reference Processing: no references
[11.680s][debug][gc,phases      ] GC(21) Reference Processing 0.088ms
[11.681s][debug][gc,phases      ] GC(21) Weak Processing 0.675ms
[11.681s][debug][gc,age         ] GC(21) Desired survivor size 195559424 bytes, new threshold 15 (max threshold 15)
[11.681s][info ][gc,heap        ] GC(21) PSYoungGen: 1728150K(1887232K)->97110K(1905664K) Eden: 1686528K(1686528K)->0K(1715200K) From: 41622K(200704K)->97110K(190464K)
[11.681s][info ][gc,heap        ] GC(21) ParOldGen: 161580K(244224K)->161588K(244224K)
[11.681s][info ][gc,metaspace   ] GC(21) Metaspace: 62709K(63232K)->62709K(63232K) NonClass: 53677K(53952K)->53677K(53952K) Class: 9031K(9280K)->9031K(9280K)
[11.681s][info ][gc             ] GC(21) Pause Young (Allocation Failure) 1845M->252M(2099M) 52.833ms
[11.681s][info ][gc,cpu         ] GC(21) User=0.20s Sys=0.01s Real=0.05s
[11.681s][info ][safepoint      ] Safepoint "ParallelGCFailedAllocation", Time since last: 1830452 ns, Reaching safepoint: 168405 ns, At safepoint: 52973028 ns, Total: 53141433 ns
[11.682s][info ][safepoint      ] Safepoint "ICBufferFull", Time since last: 850625 ns, Reaching safepoint: 96703 ns, At safepoint: 24500 ns, Total: 121203 ns
[11.694s][info ][safepoint      ] Safepoint "ICBufferFull", Time since last: 12501261 ns, Reaching safepoint: 107103 ns, At safepoint: 30701 ns, Total: 137804 ns
[11.704s][info ][safepoint      ] Safepoint "ICBufferFull", Time since last: 9472773 ns, Reaching safepoint: 109603 ns, At safepoint: 21901 ns, Total: 131504 ns
[11.705s][info ][safepoint      ] Safepoint "ICBufferFull", Time since last: 650219 ns, Reaching safepoint: 554716 ns, At safepoint: 21300 ns, Total: 576016 ns
[11.706s][info ][safepoint      ] Safepoint "ICBufferFull", Time since last: 607918 ns, Reaching safepoint: 93902 ns, At safepoint: 19601 ns, Total: 113503 ns
[11.712s][info ][safepoint      ] Safepoint "ICBufferFull", Time since last: 5589061 ns, Reaching safepoint: 113704 ns, At safepoint: 27400 ns, Total: 141104 ns
[11.717s][info ][safepoint      ] Safepoint "ICBufferFull", Time since last: 2408870 ns, Reaching safepoint: 3239893 ns, At safepoint: 32701 ns, Total: 3272594 ns
[11.720s][info ][safepoint      ] Safepoint "ICBufferFull", Time since last: 2475272 ns, Reaching safepoint: 111303 ns, At safepoint: 26401 ns, Total: 137704 ns
[11.722s][info ][safepoint      ] Safepoint "ICBufferFull", Time since last: 2345267 ns, Reaching safepoint: 115104 ns, At safepoint: 17900 ns, Total: 133004 ns
[11.737s][info ][safepoint      ] Safepoint "ICBufferFull", Time since last: 14867129 ns, Reaching safepoint: 112903 ns, At safepoint: 23901 ns, Total: 136804 ns
[11.738s][info ][safepoint      ] Safepoint "ICBufferFull", Time since last: 658019 ns, Reaching safepoint: 104003 ns, At safepoint: 46701 ns, Total: 150704 ns
[11.741s][info ][safepoint      ] Safepoint "ICBufferFull", Time since last: 2751180 ns, Reaching safepoint: 81202 ns, At safepoint: 25901 ns, Total: 107103 ns
[11.743s][info ][safepoint      ] Safepoint "ICBufferFull", Time since last: 1523644 ns, Reaching safepoint: 110003 ns, At safepoint: 23400 ns, Total: 133403 ns
[11.743s][info ][safepoint      ] Safepoint "ICBufferFull", Time since last: 656119 ns, Reaching safepoint: 93203 ns, At safepoint: 20301 ns, Total: 113504 ns
[11.746s][info ][safepoint      ] Safepoint "ICBufferFull", Time since last: 2294266 ns, Reaching safepoint: 97303 ns, At safepoint: 20700 ns, Total: 118003 ns
[11.751s][info ][safepoint      ] Safepoint "ICBufferFull", Time since last: 4827139 ns, Reaching safepoint: 95903 ns, At safepoint: 19701 ns, Total: 115604 ns
[11.751s][info ][safepoint      ] Safepoint "ICBufferFull", Time since last: 560616 ns, Reaching safepoint: 97103 ns, At safepoint: 18800 ns, Total: 115903 ns
[11.752s][info ][safepoint      ] Safepoint "ICBufferFull", Time since last: 603718 ns, Reaching safepoint: 251907 ns, At safepoint: 29501 ns, Total: 281408 ns
[11.754s][info ][safepoint      ] Safepoint "ICBufferFull", Time since last: 909226 ns, Reaching safepoint: 516615 ns, At safepoint: 28101 ns, Total: 544716 ns
[11.757s][info ][safepoint      ] Safepoint "ICBufferFull", Time since last: 1412141 ns, Reaching safepoint: 2154262 ns, At safepoint: 28800 ns, Total: 2183062 ns
[11.759s][info ][safepoint      ] Safepoint "ICBufferFull", Time since last: 1614247 ns, Reaching safepoint: 104703 ns, At safepoint: 24401 ns, Total: 129104 ns
[11.773s][info ][safepoint      ] Safepoint "ICBufferFull", Time since last: 9811083 ns, Reaching safepoint: 4316324 ns, At safepoint: 35501 ns, Total: 4351825 ns
[11.774s][info ][safepoint      ] Safepoint "ICBufferFull", Time since last: 612918 ns, Reaching safepoint: 112603 ns, At safepoint: 28401 ns, Total: 141004 ns
[11.778s][info ][safepoint      ] Safepoint "ICBufferFull", Time since last: 2838782 ns, Reaching safepoint: 1042330 ns, At safepoint: 27801 ns, Total: 1070131 ns
[11.779s][info ][safepoint      ] Safepoint "ICBufferFull", Time since last: 678619 ns, Reaching safepoint: 95103 ns, At safepoint: 17901 ns, Total: 113004 ns
[11.783s][info ][safepoint      ] Safepoint "ICBufferFull", Time since last: 4144919 ns, Reaching safepoint: 145504 ns, At safepoint: 27101 ns, Total: 172605 ns
[11.797s][info ][safepoint      ] Safepoint "ICBufferFull", Time since last: 13967603 ns, Reaching safepoint: 110103 ns, At safepoint: 26101 ns, Total: 136204 ns
[11.798s][info ][safepoint      ] Safepoint "ICBufferFull", Time since last: 749122 ns, Reaching safepoint: 95502 ns, At safepoint: 25901 ns, Total: 121403 ns
[11.799s][info ][safepoint      ] Safepoint "ICBufferFull", Time since last: 763522 ns, Reaching safepoint: 95903 ns, At safepoint: 26301 ns, Total: 122204 ns
[11.801s][info ][safepoint      ] Safepoint "ICBufferFull", Time since last: 1564545 ns, Reaching safepoint: 99203 ns, At safepoint: 23200 ns, Total: 122403 ns
[11.809s][info ][safepoint      ] Safepoint "ICBufferFull", Time since last: 5397056 ns, Reaching safepoint: 3226193 ns, At safepoint: 30301 ns, Total: 3256494 ns
[11.811s][info ][safepoint      ] Safepoint "ICBufferFull", Time since last: 1331638 ns, Reaching safepoint: 102403 ns, At safepoint: 24301 ns, Total: 126704 ns
[11.812s][info ][safepoint      ] Safepoint "ICBufferFull", Time since last: 891226 ns, Reaching safepoint: 100903 ns, At safepoint: 23300 ns, Total: 124203 ns
[11.830s][info ][safepoint      ] Safepoint "ICBufferFull", Time since last: 13525390 ns, Reaching safepoint: 4315425 ns, At safepoint: 36501 ns, Total: 4351926 ns
[11.834s][info ][safepoint      ] Safepoint "ICBufferFull", Time since last: 4564932 ns, Reaching safepoint: 111003 ns, At safepoint: 29201 ns, Total: 140204 ns
[11.836s][info ][safepoint      ] Safepoint "ICBufferFull", Time since last: 1379639 ns, Reaching safepoint: 90503 ns, At safepoint: 29201 ns, Total: 119704 ns
[11.839s][info ][safepoint      ] Safepoint "ICBufferFull", Time since last: 3150591 ns, Reaching safepoint: 132004 ns, At safepoint: 28700 ns, Total: 160704 ns
[11.841s][info ][safepoint      ] Safepoint "ICBufferFull", Time since last: 1945157 ns, Reaching safepoint: 231006 ns, At safepoint: 23401 ns, Total: 254407 ns
[11.850s][info ][safepoint      ] Safepoint "ICBufferFull", Time since last: 8121134 ns, Reaching safepoint: 116704 ns, At safepoint: 23900 ns, Total: 140604 ns
[11.853s][info ][safepoint      ] Safepoint "ICBufferFull", Time since last: 3688307 ns, Reaching safepoint: 120203 ns, At safepoint: 30101 ns, Total: 150304 ns
[11.854s][info ][safepoint      ] Safepoint "ICBufferFull", Time since last: 791823 ns, Reaching safepoint: 114603 ns, At safepoint: 22801 ns, Total: 137404 ns
[11.855s][info ][safepoint      ] Safepoint "ICBufferFull", Time since last: 637918 ns, Reaching safepoint: 93603 ns, At safepoint: 21000 ns, Total: 114603 ns
[11.874s][info ][safepoint      ] Safepoint "ICBufferFull", Time since last: 17919317 ns, Reaching safepoint: 536416 ns, At safepoint: 20700 ns, Total: 557116 ns
[11.874s][info ][safepoint      ] Safepoint "ICBufferFull", Time since last: 715321 ns, Reaching safepoint: 94503 ns, At safepoint: 19700 ns, Total: 114203 ns
[11.877s][info ][safepoint      ] Safepoint "ICBufferFull", Time since last: 2915484 ns, Reaching safepoint: 120204 ns, At safepoint: 25601 ns, Total: 145805 ns
[11.897s][info ][safepoint      ] Safepoint "ICBufferFull", Time since last: 19548163 ns, Reaching safepoint: 125304 ns, At safepoint: 22601 ns, Total: 147905 ns
[12.129s][info ][gc,start       ] GC(22) Pause Young (Allocation Failure)
[12.188s][debug][gc,phases      ] GC(22) Scavenge 58.099ms
[12.188s][debug][gc,ref         ] GC(22) Skipped phase 1 of Reference Processing: no references
[12.188s][debug][gc,ref         ] GC(22) Skipped phase 3 of Reference Processing: no references
[12.188s][debug][gc,phases      ] GC(22) Reference Processing 0.088ms
[12.188s][debug][gc,phases      ] GC(22) Weak Processing 0.658ms
[12.188s][debug][gc,age         ] GC(22) Desired survivor size 196608000 bytes, new threshold 15 (max threshold 15)
[12.188s][info ][gc,heap        ] GC(22) PSYoungGen: 1812310K(1905664K)->101007K(1816576K) Eden: 1715200K(1715200K)->0K(1715200K) From: 97110K(190464K)->101007K(101376K)
[12.188s][info ][gc,heap        ] GC(22) ParOldGen: 161588K(244224K)->161596K(244224K)
[12.188s][info ][gc,metaspace   ] GC(22) Metaspace: 62847K(63424K)->62847K(63424K) NonClass: 53816K(54144K)->53816K(54144K) Class: 9031K(9280K)->9031K(9280K)
[12.188s][info ][gc             ] GC(22) Pause Young (Allocation Failure) 1927M->256M(2012M) 58.988ms
[12.188s][info ][gc,cpu         ] GC(22) User=0.16s Sys=0.07s Real=0.06s
[12.188s][info ][safepoint      ] Safepoint "ParallelGCFailedAllocation", Time since last: 228809800 ns, Reaching safepoint: 3334896 ns, At safepoint: 59109705 ns, Total: 62444601 ns
[12.537s][info ][gc,start       ] GC(23) Pause Young (Allocation Failure)
[12.594s][debug][gc,phases      ] GC(23) Scavenge 57.249ms
[12.594s][debug][gc,ref         ] GC(23) Skipped phase 1 of Reference Processing: no references
[12.594s][debug][gc,ref         ] GC(23) Skipped phase 3 of Reference Processing: no references
[12.594s][debug][gc,phases      ] GC(23) Reference Processing 0.063ms
[12.595s][debug][gc,phases      ] GC(23) Weak Processing 0.713ms
[12.595s][debug][gc,age         ] GC(23) Desired survivor size 196083712 bytes, new threshold 15 (max threshold 15)
[12.595s][info ][gc,heap        ] GC(23) PSYoungGen: 1816207K(1816576K)->99376K(1905664K) Eden: 1715200K(1715200K)->0K(1713664K) From: 101007K(101376K)->99376K(192000K)
[12.595s][info ][gc,heap        ] GC(23) ParOldGen: 161596K(244224K)->171907K(244224K)
[12.595s][info ][gc,metaspace   ] GC(23) Metaspace: 63040K(63616K)->63040K(63616K) NonClass: 54009K(54336K)->54009K(54336K) Class: 9031K(9280K)->9031K(9280K)
[12.595s][info ][gc             ] GC(23) Pause Young (Allocation Failure) 1931M->264M(2099M) 58.160ms
[12.595s][info ][gc,cpu         ] GC(23) User=0.21s Sys=0.01s Real=0.06s
[12.595s][info ][safepoint      ] Safepoint "ParallelGCFailedAllocation", Time since last: 348137733 ns, Reaching safepoint: 217207 ns, At safepoint: 58275579 ns, Total: 58492786 ns
[12.998s][info ][gc,start       ] GC(24) Pause Young (Allocation Failure)
[13.054s][debug][gc,phases      ] GC(24) Scavenge 56.431ms
[13.054s][debug][gc,ref         ] GC(24) Skipped phase 1 of Reference Processing: no references
[13.054s][debug][gc,ref         ] GC(24) Skipped phase 3 of Reference Processing: no references
[13.054s][debug][gc,phases      ] GC(24) Reference Processing 0.080ms
[13.055s][debug][gc,phases      ] GC(24) Weak Processing 0.692ms
[13.055s][debug][gc,age         ] GC(24) Desired survivor size 200278016 bytes, new threshold 15 (max threshold 15)
[13.055s][info ][gc,heap        ] GC(24) PSYoungGen: 1813040K(1905664K)->114640K(1828352K) Eden: 1713664K(1713664K)->0K(1713664K) From: 99376K(192000K)->114640K(114688K)
[13.055s][info ][gc,heap        ] GC(24) ParOldGen: 171907K(244224K)->173875K(244224K)
[13.055s][info ][gc,metaspace   ] GC(24) Metaspace: 63193K(63744K)->63193K(63744K) NonClass: 54157K(54464K)->54157K(54464K) Class: 9035K(9280K)->9035K(9280K)
[13.055s][info ][gc             ] GC(24) Pause Young (Allocation Failure) 1938M->281M(2024M) 57.341ms
[13.055s][info ][gc,cpu         ] GC(24) User=0.20s Sys=0.02s Real=0.06s
[13.055s][info ][safepoint      ] Safepoint "ParallelGCFailedAllocation", Time since last: 402585099 ns, Reaching safepoint: 206806 ns, At safepoint: 57471456 ns, Total: 57678262 ns
[13.448s][info ][gc,start       ] GC(25) Pause Young (Allocation Failure)
[13.499s][debug][gc,phases      ] GC(25) Scavenge 50.718ms
[13.499s][debug][gc,ref         ] GC(25) Skipped phase 1 of Reference Processing: no references
[13.499s][debug][gc,ref         ] GC(25) Skipped phase 3 of Reference Processing: no references
[13.499s][debug][gc,phases      ] GC(25) Reference Processing 0.084ms
[13.500s][debug][gc,phases      ] GC(25) Weak Processing 0.658ms
[13.500s][debug][gc,age         ] GC(25) Desired survivor size 206045184 bytes, new threshold 15 (max threshold 15)
[13.500s][info ][gc,heap        ] GC(25) PSYoungGen: 1828304K(1828352K)->122624K(1890304K) Eden: 1713664K(1713664K)->0K(1694720K) From: 114640K(114688K)->122624K(195584K)
[13.500s][info ][gc,heap        ] GC(25) ParOldGen: 173875K(244224K)->176983K(244224K)
[13.500s][info ][gc,metaspace   ] GC(25) Metaspace: 63432K(64064K)->63432K(64064K) NonClass: 54364K(54720K)->54364K(54720K) Class: 9067K(9344K)->9067K(9344K)
[13.500s][info ][gc             ] GC(25) Pause Young (Allocation Failure) 1955M->292M(2084M) 51.614ms
[13.500s][info ][gc,cpu         ] GC(25) User=0.19s Sys=0.01s Real=0.05s
[13.500s][info ][safepoint      ] Safepoint "ParallelGCFailedAllocation", Time since last: 392375599 ns, Reaching safepoint: 248307 ns, At safepoint: 51730789 ns, Total: 51979096 ns
[13.873s][info ][gc,start       ] GC(26) Pause Young (Allocation Failure)
[13.928s][debug][gc,phases      ] GC(26) Scavenge 54.188ms
[13.928s][debug][gc,ref         ] GC(26) Skipped phase 1 of Reference Processing: no references
[13.928s][debug][gc,ref         ] GC(26) Skipped phase 3 of Reference Processing: no references
[13.928s][debug][gc,phases      ] GC(26) Reference Processing 0.079ms
[13.928s][debug][gc,phases      ] GC(26) Weak Processing 0.612ms
[13.928s][debug][gc,age         ] GC(26) Desired survivor size 213909504 bytes, new threshold 15 (max threshold 15)
[13.928s][info ][gc,heap        ] GC(26) PSYoungGen: 1817344K(1890304K)->134592K(1829376K) Eden: 1694720K(1694720K)->0K(1694720K) From: 122624K(195584K)->134592K(134656K)
[13.928s][info ][gc,heap        ] GC(26) ParOldGen: 176983K(244224K)->180487K(244224K)
[13.928s][info ][gc,metaspace   ] GC(26) Metaspace: 63475K(64064K)->63475K(64064K) NonClass: 54405K(54720K)->54405K(54720K) Class: 9070K(9344K)->9070K(9344K)
[13.928s][info ][gc             ] GC(26) Pause Young (Allocation Failure) 1947M->307M(2025M) 55.038ms
[13.928s][info ][gc,cpu         ] GC(26) User=0.20s Sys=0.01s Real=0.05s
[13.928s][info ][safepoint      ] Safepoint "ParallelGCFailedAllocation", Time since last: 373366145 ns, Reaching safepoint: 164605 ns, At safepoint: 55161587 ns, Total: 55326192 ns
[14.295s][info ][gc,start       ] GC(27) Pause Young (Allocation Failure)
[14.349s][debug][gc,phases      ] GC(27) Scavenge 53.751ms
[14.349s][debug][gc,ref         ] GC(27) Skipped phase 1 of Reference Processing: no references
[14.349s][debug][gc,ref         ] GC(27) Skipped phase 3 of Reference Processing: no references
[14.349s][debug][gc,phases      ] GC(27) Reference Processing 0.092ms
[14.349s][debug][gc,phases      ] GC(27) Weak Processing 0.587ms
[14.349s][debug][gc,age         ] GC(27) Desired survivor size 224919552 bytes, new threshold 15 (max threshold 15)
[14.349s][info ][gc,heap        ] GC(27) PSYoungGen: 1829312K(1829376K)->147872K(1866752K) Eden: 1694720K(1694720K)->0K(1657856K) From: 134592K(134656K)->147872K(208896K)
[14.349s][info ][gc,heap        ] GC(27) ParOldGen: 180487K(244224K)->182860K(244224K)
[14.349s][info ][gc,metaspace   ] GC(27) Metaspace: 63503K(64064K)->63503K(64064K) NonClass: 54432K(54720K)->54432K(54720K) Class: 9070K(9344K)->9070K(9344K)
[14.349s][info ][gc             ] GC(27) Pause Young (Allocation Failure) 1962M->322M(2061M) 54.571ms
[14.349s][info ][gc,cpu         ] GC(27) User=0.22s Sys=0.00s Real=0.05s
[14.349s][info ][safepoint      ] Safepoint "ParallelGCFailedAllocation", Time since last: 366112436 ns, Reaching safepoint: 185205 ns, At safepoint: 54700572 ns, Total: 54885777 ns
[14.737s][info ][gc,start       ] GC(28) Pause Young (Allocation Failure)
[14.786s][debug][gc,phases      ] GC(28) Scavenge 49.220ms
[14.787s][debug][gc,ref         ] GC(28) Skipped phase 1 of Reference Processing: no references
[14.787s][debug][gc,ref         ] GC(28) Skipped phase 3 of Reference Processing: no references
[14.787s][debug][gc,phases      ] GC(28) Reference Processing 0.068ms
[14.787s][debug][gc,phases      ] GC(28) Weak Processing 0.578ms
[14.787s][debug][gc,age         ] GC(28) Desired survivor size 237502464 bytes, new threshold 15 (max threshold 15)
[14.787s][info ][gc,heap        ] GC(28) PSYoungGen: 1805728K(1866752K)->159120K(1817088K) Eden: 1657856K(1657856K)->0K(1657856K) From: 147872K(208896K)->159120K(159232K)
[14.787s][info ][gc,heap        ] GC(28) ParOldGen: 182860K(244224K)->183524K(244224K)
[14.787s][info ][gc,metaspace   ] GC(28) Metaspace: 63516K(64128K)->63516K(64128K) NonClass: 54446K(54784K)->54446K(54784K) Class: 9070K(9344K)->9070K(9344K)
[14.787s][info ][gc             ] GC(28) Pause Young (Allocation Failure) 1941M->334M(2013M) 50.003ms
[14.787s][info ][gc,cpu         ] GC(28) User=0.19s Sys=0.00s Real=0.05s
[14.787s][info ][safepoint      ] Safepoint "ParallelGCFailedAllocation", Time since last: 386830020 ns, Reaching safepoint: 956727 ns, At safepoint: 50133442 ns, Total: 51090169 ns
[15.150s][info ][gc,start       ] GC(29) Pause Young (Allocation Failure)
[15.202s][debug][gc,phases      ] GC(29) Scavenge 51.239ms
[15.202s][debug][gc,ref         ] GC(29) Skipped phase 1 of Reference Processing: no references
[15.202s][debug][gc,ref         ] GC(29) Skipped phase 3 of Reference Processing: no references
[15.202s][debug][gc,phases      ] GC(29) Reference Processing 0.068ms
[15.202s][debug][gc,phases      ] GC(29) Weak Processing 0.564ms
[15.202s][debug][gc,age         ] GC(29) Desired survivor size 250609664 bytes, new threshold 15 (max threshold 15)
[15.202s][info ][gc,heap        ] GC(29) PSYoungGen: 1816976K(1817088K)->169072K(1839616K) Eden: 1657856K(1657856K)->0K(1607680K) From: 159120K(159232K)->169072K(231936K)
[15.202s][info ][gc,heap        ] GC(29) ParOldGen: 183524K(244224K)->184852K(244224K)
[15.202s][info ][gc,metaspace   ] GC(29) Metaspace: 63520K(64128K)->63520K(64128K) NonClass: 54449K(54784K)->54449K(54784K) Class: 9070K(9344K)->9070K(9344K)
[15.202s][info ][gc             ] GC(29) Pause Young (Allocation Failure) 1953M->345M(2035M) 52.014ms
[15.203s][info ][gc,cpu         ] GC(29) User=0.19s Sys=0.00s Real=0.06s
[15.203s][info ][safepoint      ] Safepoint "ParallelGCFailedAllocation", Time since last: 354525191 ns, Reaching safepoint: 8609147 ns, At safepoint: 52152599 ns, Total: 60761746 ns
[15.525s][info ][gc,start       ] GC(30) Pause Young (Allocation Failure)
[15.572s][debug][gc,phases      ] GC(30) Scavenge 46.782ms
[15.572s][debug][gc,ref         ] GC(30) Skipped phase 1 of Reference Processing: no references
[15.572s][debug][gc,ref         ] GC(30) Skipped phase 3 of Reference Processing: no references
[15.572s][debug][gc,phases      ] GC(30) Reference Processing 0.070ms
[15.573s][debug][gc,phases      ] GC(30) Weak Processing 0.563ms
[15.573s][debug][gc,age         ] GC(30) Desired survivor size 260571136 bytes, new threshold 15 (max threshold 15)
[15.573s][info ][gc,heap        ] GC(30) PSYoungGen: 1776752K(1839616K)->169136K(1777152K) Eden: 1607680K(1607680K)->0K(1607680K) From: 169072K(231936K)->169136K(169472K)
[15.573s][info ][gc,heap        ] GC(30) ParOldGen: 184852K(244224K)->188020K(244224K)
[15.573s][info ][gc,metaspace   ] GC(30) Metaspace: 63522K(64128K)->63522K(64128K) NonClass: 54451K(54784K)->54451K(54784K) Class: 9070K(9344K)->9070K(9344K)
[15.573s][info ][gc             ] GC(30) Pause Young (Allocation Failure) 1915M->348M(1974M) 47.566ms
[15.573s][info ][gc,cpu         ] GC(30) User=0.16s Sys=0.02s Real=0.04s
[15.573s][info ][safepoint      ] Safepoint "ParallelGCFailedAllocation", Time since last: 321501634 ns, Reaching safepoint: 1016129 ns, At safepoint: 47685569 ns, Total: 48701698 ns
[15.908s][info ][gc,start       ] GC(31) Pause Young (Allocation Failure)
[15.956s][debug][gc,phases      ] GC(31) Scavenge 47.997ms
[15.956s][debug][gc,ref         ] GC(31) Skipped phase 1 of Reference Processing: no references
[15.956s][debug][gc,ref         ] GC(31) Skipped phase 3 of Reference Processing: no references
[15.956s][debug][gc,phases      ] GC(31) Reference Processing 0.072ms
[15.957s][debug][gc,phases      ] GC(31) Weak Processing 0.631ms
[15.957s][debug][gc,age         ] GC(31) Desired survivor size 268435456 bytes, new threshold 15 (max threshold 15)
[15.957s][info ][gc,heap        ] GC(31) PSYoungGen: 1776816K(1777152K)->171696K(1827328K) Eden: 1607680K(1607680K)->0K(1572864K) From: 169136K(169472K)->171696K(254464K)
[15.957s][info ][gc,heap        ] GC(31) ParOldGen: 188020K(244224K)->190276K(244224K)
[15.957s][info ][gc,metaspace   ] GC(31) Metaspace: 63527K(64128K)->63527K(64128K) NonClass: 54457K(54784K)->54457K(54784K) Class: 9070K(9344K)->9070K(9344K)
[15.957s][info ][gc             ] GC(31) Pause Young (Allocation Failure) 1918M->353M(2023M) 48.870ms
[15.957s][info ][gc,cpu         ] GC(31) User=0.18s Sys=0.00s Real=0.05s
[15.957s][info ][safepoint      ] Safepoint "ParallelGCFailedAllocation", Time since last: 332806356 ns, Reaching safepoint: 2225264 ns, At safepoint: 49014507 ns, Total: 51239771 ns
[16.296s][info ][gc,start       ] GC(32) Pause Young (Allocation Failure)
[16.339s][debug][gc,phases      ] GC(32) Scavenge 43.043ms
[16.339s][debug][gc,ref         ] GC(32) Skipped phase 1 of Reference Processing: no references
[16.339s][debug][gc,ref         ] GC(32) Skipped phase 3 of Reference Processing: no references
[16.339s][debug][gc,phases      ] GC(32) Reference Processing 0.054ms
[16.340s][debug][gc,phases      ] GC(32) Weak Processing 0.560ms
[16.340s][debug][gc,age         ] GC(32) Desired survivor size 274202624 bytes, new threshold 15 (max threshold 15)
[16.340s][info ][gc,heap        ] GC(32) PSYoungGen: 1744560K(1827328K)->172192K(1745408K) Eden: 1572864K(1572864K)->0K(1572864K) From: 171696K(254464K)->172192K(172544K)
[16.340s][info ][gc,heap        ] GC(32) ParOldGen: 190276K(244224K)->193500K(244224K)
[16.340s][info ][gc,metaspace   ] GC(32) Metaspace: 63539K(64128K)->63539K(64128K) NonClass: 54467K(54784K)->54467K(54784K) Class: 9071K(9344K)->9071K(9344K)
[16.340s][info ][gc             ] GC(32) Pause Young (Allocation Failure) 1889M->357M(1943M) 43.814ms
[16.340s][info ][gc,cpu         ] GC(32) User=0.17s Sys=0.00s Real=0.04s
[16.340s][info ][safepoint      ] Safepoint "ParallelGCFailedAllocation", Time since last: 339109436 ns, Reaching safepoint: 160705 ns, At safepoint: 43941660 ns, Total: 44102365 ns
[16.684s][info ][gc,start       ] GC(33) Pause Young (Allocation Failure)
[16.727s][debug][gc,phases      ] GC(33) Scavenge 42.638ms
[16.727s][debug][gc,ref         ] GC(33) Skipped phase 1 of Reference Processing: no references
[16.727s][debug][gc,ref         ] GC(33) Skipped phase 3 of Reference Processing: no references
[16.727s][debug][gc,phases      ] GC(33) Reference Processing 0.061ms
[16.727s][debug][gc,phases      ] GC(33) Weak Processing 0.747ms
[16.727s][debug][gc,age         ] GC(33) Desired survivor size 281542656 bytes, new threshold 15 (max threshold 15)
[16.727s][info ][gc,heap        ] GC(33) PSYoungGen: 1745056K(1745408K)->181424K(1815040K) Eden: 1572864K(1572864K)->0K(1547264K) From: 172192K(172544K)->181424K(267776K)
[16.727s][info ][gc,heap        ] GC(33) ParOldGen: 193500K(244224K)->193816K(244224K)
[16.727s][info ][gc,metaspace   ] GC(33) Metaspace: 63552K(64128K)->63552K(64128K) NonClass: 54480K(54784K)->54480K(54784K) Class: 9071K(9344K)->9071K(9344K)
[16.727s][info ][gc             ] GC(33) Pause Young (Allocation Failure) 1893M->366M(2011M) 43.597ms
[16.727s][info ][gc,cpu         ] GC(33) User=0.16s Sys=0.02s Real=0.04s
[16.728s][info ][safepoint      ] Safepoint "ParallelGCFailedAllocation", Time since last: 343524752 ns, Reaching safepoint: 228207 ns, At safepoint: 43725054 ns, Total: 43953261 ns
[17.037s][info ][gc,start       ] GC(34) Pause Young (Allocation Failure)
[17.077s][debug][gc,phases      ] GC(34) Scavenge 40.157ms
[17.077s][debug][gc,ref         ] GC(34) Skipped phase 1 of Reference Processing: no references
[17.077s][debug][gc,ref         ] GC(34) Skipped phase 3 of Reference Processing: no references
[17.077s][debug][gc,phases      ] GC(34) Reference Processing 0.053ms
[17.078s][debug][gc,phases      ] GC(34) Weak Processing 0.597ms
[17.078s][debug][gc,age         ] GC(34) Desired survivor size 288358400 bytes, new threshold 15 (max threshold 15)
[17.078s][info ][gc,heap        ] GC(34) PSYoungGen: 1728688K(1815040K)->185760K(1733120K) Eden: 1547264K(1547264K)->0K(1547264K) From: 181424K(267776K)->185760K(185856K)
[17.078s][info ][gc,heap        ] GC(34) ParOldGen: 193816K(244224K)->195097K(244224K)
[17.078s][info ][gc,metaspace   ] GC(34) Metaspace: 63577K(64128K)->63577K(64128K) NonClass: 54505K(54784K)->54505K(54784K) Class: 9072K(9344K)->9072K(9344K)
[17.078s][info ][gc             ] GC(34) Pause Young (Allocation Failure) 1877M->371M(1931M) 40.952ms
[17.078s][info ][gc,cpu         ] GC(34) User=0.18s Sys=0.00s Real=0.04s
[17.078s][info ][safepoint      ] Safepoint "ParallelGCFailedAllocation", Time since last: 306863100 ns, Reaching safepoint: 2192163 ns, At safepoint: 41067678 ns, Total: 43259841 ns
[17.435s][info ][gc,start       ] GC(35) Pause Young (Allocation Failure)
[17.478s][debug][gc,phases      ] GC(35) Scavenge 42.382ms
[17.478s][debug][gc,ref         ] GC(35) Skipped phase 1 of Reference Processing: no references
[17.478s][debug][gc,ref         ] GC(35) Skipped phase 3 of Reference Processing: no references
[17.478s][debug][gc,phases      ] GC(35) Reference Processing 0.042ms
[17.479s][debug][gc,phases      ] GC(35) Weak Processing 0.572ms
[17.479s][debug][gc,age         ] GC(35) Desired survivor size 292552704 bytes, new threshold 15 (max threshold 15)
[17.479s][info ][gc,heap        ] GC(35) PSYoungGen: 1733024K(1733120K)->185616K(1807360K) Eden: 1547264K(1547264K)->0K(1525760K) From: 185760K(185856K)->185616K(281600K)
[17.479s][info ][gc,heap        ] GC(35) ParOldGen: 195097K(244224K)->198320K(244224K)
[17.479s][info ][gc,metaspace   ] GC(35) Metaspace: 63593K(64128K)->63593K(64128K) NonClass: 54520K(54784K)->54520K(54784K) Class: 9072K(9344K)->9072K(9344K)
[17.479s][info ][gc             ] GC(35) Pause Young (Allocation Failure) 1882M->374M(2003M) 43.159ms
[17.479s][info ][gc,cpu         ] GC(35) User=0.17s Sys=0.00s Real=0.04s
[17.479s][info ][safepoint      ] Safepoint "ParallelGCFailedAllocation", Time since last: 357585250 ns, Reaching safepoint: 147604 ns, At safepoint: 43269640 ns, Total: 43417244 ns
[17.745s][info ][gc,start       ] GC(36) Pause Young (Allocation Failure)
[17.781s][debug][gc,phases      ] GC(36) Scavenge 36.267ms
[17.782s][debug][gc,ref         ] GC(36) Skipped phase 1 of Reference Processing: no references
[17.782s][debug][gc,ref         ] GC(36) Skipped phase 3 of Reference Processing: no references
[17.782s][debug][gc,phases      ] GC(36) Reference Processing 0.045ms
[17.782s][debug][gc,phases      ] GC(36) Weak Processing 0.511ms
[17.782s][debug][gc,age         ] GC(36) Desired survivor size 293601280 bytes, new threshold 15 (max threshold 15)
[17.782s][info ][gc,heap        ] GC(36) PSYoungGen: 1711376K(1807360K)->182944K(1709056K) Eden: 1525760K(1525760K)->0K(1525760K) From: 185616K(281600K)->182944K(183296K)
[17.782s][info ][gc,heap        ] GC(36) ParOldGen: 198320K(244224K)->204040K(244224K)
[17.782s][info ][gc,metaspace   ] GC(36) Metaspace: 63598K(64128K)->63598K(64128K) NonClass: 54525K(54784K)->54525K(54784K) Class: 9072K(9344K)->9072K(9344K)
[17.782s][info ][gc             ] GC(36) Pause Young (Allocation Failure) 1864M->377M(1907M) 36.962ms
[17.782s][info ][gc,cpu         ] GC(36) User=0.15s Sys=0.00s Real=0.04s
[17.782s][info ][safepoint      ] Safepoint "ParallelGCFailedAllocation", Time since last: 265907217 ns, Reaching safepoint: 580317 ns, At safepoint: 37078062 ns, Total: 37658379 ns
[18.099s][info ][safepoint      ] Safepoint "ICBufferFull", Time since last: 316507067 ns, Reaching safepoint: 204706 ns, At safepoint: 53201 ns, Total: 257907 ns
[18.126s][info ][gc,start       ] GC(37) Pause Young (Allocation Failure)
[18.172s][debug][gc,phases      ] GC(37) Scavenge 46.354ms
[18.172s][debug][gc,ref         ] GC(37) Skipped phase 1 of Reference Processing: no references
[18.172s][debug][gc,ref         ] GC(37) Skipped phase 3 of Reference Processing: no references
[18.172s][debug][gc,phases      ] GC(37) Reference Processing 0.079ms
[18.173s][debug][gc,phases      ] GC(37) Weak Processing 0.642ms
[18.173s][debug][gc,age         ] GC(37) Desired survivor size 293601280 bytes, new threshold 15 (max threshold 15)
[18.173s][info ][gc,heap        ] GC(37) PSYoungGen: 1708704K(1709056K)->181552K(1810432K) Eden: 1525760K(1525760K)->0K(1523712K) From: 182944K(183296K)->181552K(286720K)
[18.173s][info ][gc,heap        ] GC(37) ParOldGen: 204040K(244224K)->208253K(244224K)
[18.173s][info ][gc,metaspace   ] GC(37) Metaspace: 64995K(65600K)->64995K(65600K) NonClass: 55724K(56064K)->55724K(56064K) Class: 9270K(9536K)->9270K(9536K)
[18.173s][info ][gc             ] GC(37) Pause Young (Allocation Failure) 1867M->380M(2006M) 47.248ms
[18.173s][info ][gc,cpu         ] GC(37) User=0.19s Sys=0.00s Real=0.04s
[18.173s][info ][safepoint      ] Safepoint "ParallelGCFailedAllocation", Time since last: 26346455 ns, Reaching safepoint: 155504 ns, At safepoint: 47396258 ns, Total: 47551762 ns
[18.202s][info ][safepoint      ] Safepoint "ICBufferFull", Time since last: 28620520 ns, Reaching safepoint: 142104 ns, At safepoint: 31401 ns, Total: 173505 ns
[18.311s][info ][safepoint      ] Safepoint "ICBufferFull", Time since last: 108764515 ns, Reaching safepoint: 142004 ns, At safepoint: 22900 ns, Total: 164904 ns
[18.356s][info ][safepoint      ] Safepoint "ICBufferFull", Time since last: 45051189 ns, Reaching safepoint: 189706 ns, At safepoint: 24000 ns, Total: 213706 ns
[18.413s][info ][safepoint      ] Safepoint "ICBufferFull", Time since last: 54285554 ns, Reaching safepoint: 3234992 ns, At safepoint: 29101 ns, Total: 3264093 ns
[18.509s][info ][safepoint      ] Safepoint "ICBufferFull", Time since last: 93536077 ns, Reaching safepoint: 2140161 ns, At safepoint: 25101 ns, Total: 2165262 ns
[18.546s][info ][gc,start       ] GC(38) Pause Young (Allocation Failure)
[18.586s][debug][gc,phases      ] GC(38) Scavenge 39.661ms
[18.586s][debug][gc,ref         ] GC(38) Skipped phase 1 of Reference Processing: no references
[18.586s][debug][gc,ref         ] GC(38) Skipped phase 3 of Reference Processing: no references
[18.586s][debug][gc,phases      ] GC(38) Reference Processing 0.049ms
[18.587s][debug][gc,phases      ] GC(38) Weak Processing 0.554ms
[18.587s][debug][gc,age         ] GC(38) Desired survivor size 284688384 bytes, new threshold 15 (max threshold 15)
[18.587s][info ][gc,heap        ] GC(38) PSYoungGen: 1705264K(1810432K)->162432K(1810432K) Eden: 1523712K(1523712K)->0K(1523712K) From: 181552K(286720K)->162432K(286720K)
[18.587s][info ][gc,heap        ] GC(38) ParOldGen: 208253K(244224K)->217644K(244224K)
[18.587s][info ][gc,metaspace   ] GC(38) Metaspace: 65400K(65920K)->65400K(65920K) NonClass: 56098K(56384K)->56098K(56384K) Class: 9301K(9536K)->9301K(9536K)
[18.587s][info ][gc             ] GC(38) Pause Young (Allocation Failure) 1868M->371M(2006M) 40.425ms
[18.587s][info ][gc,cpu         ] GC(38) User=0.16s Sys=0.00s Real=0.04s
[18.587s][info ][safepoint      ] Safepoint "ParallelGCFailedAllocation", Time since last: 36853854 ns, Reaching safepoint: 132504 ns, At safepoint: 40551660 ns, Total: 40684164 ns
[18.689s][info ][safepoint      ] Safepoint "ICBufferFull", Time since last: 102283127 ns, Reaching safepoint: 175005 ns, At safepoint: 29001 ns, Total: 204006 ns
[18.738s][info ][safepoint      ] Safepoint "ICBufferFull", Time since last: 48634691 ns, Reaching safepoint: 145505 ns, At safepoint: 26400 ns, Total: 171905 ns
[18.886s][info ][safepoint      ] Safepoint "ICBufferFull", Time since last: 143692012 ns, Reaching safepoint: 4298623 ns, At safepoint: 40501 ns, Total: 4339124 ns
[18.944s][info ][gc,start       ] GC(39) Pause Young (Allocation Failure)
[18.985s][debug][gc,phases      ] GC(39) Scavenge 40.810ms
[18.985s][debug][gc,ref         ] GC(39) Skipped phase 1 of Reference Processing: no references
[18.985s][debug][gc,ref         ] GC(39) Skipped phase 3 of Reference Processing: no references
[18.985s][debug][gc,phases      ] GC(39) Reference Processing 0.052ms
[18.985s][debug][gc,phases      ] GC(39) Weak Processing 0.559ms
[18.985s][debug][gc,age         ] GC(39) Desired survivor size 272629760 bytes, new threshold 15 (max threshold 15)
[18.985s][info ][gc,heap        ] GC(39) PSYoungGen: 1686144K(1810432K)->141936K(1830912K) Eden: 1523712K(1523712K)->0K(1552896K) From: 162432K(286720K)->141936K(278016K)
[18.985s][info ][gc,heap        ] GC(39) ParOldGen: 217644K(244224K)->230014K(244224K)
[18.985s][info ][gc,metaspace   ] GC(39) Metaspace: 65871K(66432K)->65871K(66432K) NonClass: 56509K(56832K)->56509K(56832K) Class: 9361K(9600K)->9361K(9600K)
[18.985s][info ][gc             ] GC(39) Pause Young (Allocation Failure) 1859M->363M(2026M) 41.566ms
[18.985s][info ][gc,cpu         ] GC(39) User=0.17s Sys=0.00s Real=0.04s
[18.985s][debug][gc,phases      ] GC(40) Pre Compact 0.011ms
[18.985s][info ][gc,start       ] GC(40) Pause Full (Ergonomics)
[18.985s][info ][gc,phases,start] GC(40) Marking Phase
[19.106s][debug][gc,phases      ] GC(40) Par Mark 120.993ms
[19.106s][debug][gc,ref         ] GC(40) Skipped phase 1 of Reference Processing: no references
[19.107s][debug][gc,ref         ] GC(40) Skipped phase 3 of Reference Processing: no references
[19.107s][debug][gc,phases      ] GC(40) Reference Processing 0.289ms
[19.107s][debug][gc,phases      ] GC(40) Weak Processing 0.561ms
[19.107s][debug][gc,phases      ] GC(40) ClassLoaderData 0.063ms
[19.107s][debug][gc,phases      ] GC(40) Trigger cleanups 0.000ms
[19.116s][debug][gc,phases      ] GC(40) Class Unloading 8.540ms
[19.116s][info ][gc,phases      ] GC(40) Marking Phase 130.553ms
[19.116s][info ][gc,phases,start] GC(40) Summary Phase
[19.116s][info ][gc,phases      ] GC(40) Summary Phase 0.011ms
[19.116s][info ][gc,phases,start] GC(40) Adjust Roots
[19.131s][info ][gc,phases      ] GC(40) Adjust Roots 14.999ms
[19.131s][info ][gc,phases,start] GC(40) Compaction Phase
[19.308s][info ][gc,phases      ] GC(40) Compaction Phase 176.769ms
[19.308s][info ][gc,phases,start] GC(40) Post Compact
[19.309s][info ][gc,phases      ] GC(40) Post Compact 1.272ms
[19.309s][info ][gc,heap        ] GC(40) PSYoungGen: 141936K(1830912K)->107706K(1830912K) Eden: 0K(1552896K)->0K(1552896K) From: 141936K(278016K)->107706K(278016K)
[19.309s][info ][gc,heap        ] GC(40) ParOldGen: 230014K(244224K)->244022K(285696K)
[19.309s][info ][gc,metaspace   ] GC(40) Metaspace: 65871K(66432K)->65871K(66432K) NonClass: 56509K(56832K)->56509K(56832K) Class: 9361K(9600K)->9361K(9600K)
[19.309s][info ][gc             ] GC(40) Pause Full (Ergonomics) 363M->343M(2067M) 323.864ms
[19.309s][info ][gc,cpu         ] GC(40) User=1.18s Sys=0.00s Real=0.32s
[19.311s][info ][safepoint      ] Safepoint "ParallelGCFailedAllocation", Time since last: 57528246 ns, Reaching safepoint: 170105 ns, At safepoint: 366882497 ns, Total: 367052602 ns
[19.651s][info ][gc,start       ] GC(41) Pause Young (Allocation Failure)
[19.700s][debug][gc,phases      ] GC(41) Scavenge 49.184ms
[19.700s][debug][gc,ref         ] GC(41) Skipped phase 1 of Reference Processing: no references
[19.700s][debug][gc,ref         ] GC(41) Skipped phase 3 of Reference Processing: no references
[19.700s][debug][gc,phases      ] GC(41) Reference Processing 0.052ms
[19.701s][debug][gc,phases      ] GC(41) Weak Processing 0.522ms
[19.701s][debug][gc,age         ] GC(41) Desired survivor size 267911168 bytes, new threshold 15 (max threshold 15)
[19.701s][info ][gc,heap        ] GC(41) PSYoungGen: 1660602K(1830912K)->107552K(1819136K) Eden: 1552896K(1552896K)->0K(1552896K) From: 107706K(278016K)->107552K(266240K)
[19.701s][info ][gc,heap        ] GC(41) ParOldGen: 244022K(285696K)->247070K(285696K)
[19.701s][info ][gc,metaspace   ] GC(41) Metaspace: 66202K(66816K)->66202K(66816K) NonClass: 56758K(57088K)->56758K(57088K) Class: 9444K(9728K)->9444K(9728K)
[19.701s][info ][gc             ] GC(41) Pause Young (Allocation Failure) 1859M->346M(2055M) 49.911ms
[19.701s][info ][gc,cpu         ] GC(41) User=0.20s Sys=0.00s Real=0.05s
[19.701s][info ][safepoint      ] Safepoint "ParallelGCFailedAllocation", Time since last: 339988017 ns, Reaching safepoint: 251907 ns, At safepoint: 50029430 ns, Total: 50281337 ns
[19.972s][info ][safepoint      ] Safepoint "ICBufferFull", Time since last: 270454830 ns, Reaching safepoint: 263408 ns, At safepoint: 21800 ns, Total: 285208 ns
[20.055s][info ][gc,start       ] GC(42) Pause Young (Allocation Failure)
[20.081s][debug][gc,phases      ] GC(42) Scavenge 25.440ms
[20.081s][debug][gc,ref         ] GC(42) Skipped phase 1 of Reference Processing: no references
[20.081s][debug][gc,ref         ] GC(42) Skipped phase 3 of Reference Processing: no references
[20.081s][debug][gc,phases      ] GC(42) Reference Processing 0.054ms
[20.082s][debug][gc,phases      ] GC(42) Weak Processing 0.651ms
[20.082s][debug][gc,age         ] GC(42) Desired survivor size 263716864 bytes, new threshold 15 (max threshold 15)
[20.082s][info ][gc,heap        ] GC(42) PSYoungGen: 1660448K(1819136K)->100096K(1839616K) Eden: 1552896K(1552896K)->0K(1577984K) From: 107552K(266240K)->100096K(261632K)
[20.082s][info ][gc,heap        ] GC(42) ParOldGen: 247070K(285696K)->255276K(285696K)
[20.082s][info ][gc,metaspace   ] GC(42) Metaspace: 66606K(67264K)->66606K(67264K) NonClass: 57118K(57472K)->57118K(57472K) Class: 9487K(9792K)->9487K(9792K)
[20.082s][info ][gc             ] GC(42) Pause Young (Allocation Failure) 1862M->347M(2075M) 26.330ms
[20.082s][info ][gc,cpu         ] GC(42) User=0.10s Sys=0.03s Real=0.03s
[20.082s][info ][safepoint      ] Safepoint "ParallelGCFailedAllocation", Time since last: 83718393 ns, Reaching safepoint: 148604 ns, At safepoint: 26448056 ns, Total: 26596660 ns
[20.413s][info ][safepoint      ] Safepoint "ICBufferFull", Time since last: 330524542 ns, Reaching safepoint: 287308 ns, At safepoint: 29601 ns, Total: 316909 ns
[20.443s][info ][gc,start       ] GC(43) Pause Young (Allocation Failure)
[20.464s][debug][gc,phases      ] GC(43) Scavenge 21.794ms
[20.464s][debug][gc,ref         ] GC(43) Skipped phase 1 of Reference Processing: no references
[20.464s][debug][gc,ref         ] GC(43) Skipped phase 3 of Reference Processing: no references
[20.464s][debug][gc,phases      ] GC(43) Reference Processing 0.049ms
[20.465s][debug][gc,phases      ] GC(43) Weak Processing 0.579ms
[20.465s][debug][gc,age         ] GC(43) Desired survivor size 261095424 bytes, new threshold 15 (max threshold 15)
[20.465s][info ][gc,heap        ] GC(43) PSYoungGen: 1678080K(1839616K)->87600K(1835520K) Eden: 1577984K(1577984K)->0K(1577984K) From: 100096K(261632K)->87600K(257536K)
[20.465s][info ][gc,heap        ] GC(43) ParOldGen: 255276K(285696K)->268831K(285696K)
[20.465s][info ][gc,metaspace   ] GC(43) Metaspace: 66892K(67520K)->66892K(67520K) NonClass: 57381K(57728K)->57381K(57728K) Class: 9510K(9792K)->9510K(9792K)
[20.465s][info ][gc             ] GC(43) Pause Young (Allocation Failure) 1888M->348M(2071M) 22.569ms
[20.465s][info ][gc,cpu         ] GC(43) User=0.09s Sys=0.00s Real=0.02s
[20.465s][debug][gc,phases      ] GC(44) Pre Compact 0.011ms
[20.465s][info ][gc,start       ] GC(44) Pause Full (Ergonomics)
[20.465s][info ][gc,phases,start] GC(44) Marking Phase
[20.575s][debug][gc,phases      ] GC(44) Par Mark 110.123ms
[20.575s][debug][gc,ref         ] GC(44) Skipped phase 1 of Reference Processing: no references
[20.576s][debug][gc,ref         ] GC(44) Skipped phase 3 of Reference Processing: no references
[20.576s][debug][gc,phases      ] GC(44) Reference Processing 0.180ms
[20.576s][debug][gc,phases      ] GC(44) Weak Processing 0.534ms
[20.576s][debug][gc,phases      ] GC(44) ClassLoaderData 0.067ms
[20.576s][debug][gc,phases      ] GC(44) Trigger cleanups 0.000ms
[20.585s][debug][gc,phases      ] GC(44) Class Unloading 9.111ms
[20.585s][info ][gc,phases      ] GC(44) Marking Phase 120.107ms
[20.585s][info ][gc,phases,start] GC(44) Summary Phase
[20.585s][info ][gc,phases      ] GC(44) Summary Phase 0.010ms
[20.585s][info ][gc,phases,start] GC(44) Adjust Roots
[20.595s][info ][gc,phases      ] GC(44) Adjust Roots 9.346ms
[20.595s][info ][gc,phases,start] GC(44) Compaction Phase
[20.709s][info ][gc,phases      ] GC(44) Compaction Phase 114.612ms
[20.709s][info ][gc,phases,start] GC(44) Post Compact
[20.710s][info ][gc,phases      ] GC(44) Post Compact 0.938ms
[20.710s][info ][gc,heap        ] GC(44) PSYoungGen: 87600K(1835520K)->67428K(1835520K) Eden: 0K(1577984K)->0K(1577984K) From: 87600K(257536K)->67428K(257536K)
[20.710s][info ][gc,heap        ] GC(44) ParOldGen: 268831K(285696K)->285442K(337408K)
[20.710s][info ][gc,metaspace   ] GC(44) Metaspace: 66892K(67520K)->66892K(67520K) NonClass: 57381K(57728K)->57381K(57728K) Class: 9510K(9792K)->9510K(9792K)
[20.710s][info ][gc             ] GC(44) Pause Full (Ergonomics) 348M->344M(2122M) 245.260ms
[20.710s][info ][gc,cpu         ] GC(44) User=0.89s Sys=0.02s Real=0.24s
[20.718s][info ][safepoint      ] Safepoint "ParallelGCFailedAllocation", Time since last: 29623446 ns, Reaching safepoint: 166905 ns, At safepoint: 275044252 ns, Total: 275211157 ns
[21.018s][info ][safepoint      ] Safepoint "ICBufferFull", Time since last: 298671926 ns, Reaching safepoint: 2095860 ns, At safepoint: 32601 ns, Total: 2128461 ns
[21.053s][info ][gc,start       ] GC(45) Pause Young (Allocation Failure)
[21.100s][debug][gc,phases      ] GC(45) Scavenge 47.712ms
[21.101s][debug][gc,ref         ] GC(45) Skipped phase 1 of Reference Processing: no references
[21.101s][debug][gc,ref         ] GC(45) Skipped phase 3 of Reference Processing: no references
[21.101s][debug][gc,phases      ] GC(45) Reference Processing 0.054ms
[21.101s][debug][gc,phases      ] GC(45) Weak Processing 0.569ms
[21.101s][debug][gc,age         ] GC(45) Desired survivor size 261095424 bytes, new threshold 15 (max threshold 15)
[21.101s][info ][gc,heap        ] GC(45) PSYoungGen: 1645412K(1835520K)->62720K(1842176K) Eden: 1577984K(1577984K)->0K(1587200K) From: 67428K(257536K)->62720K(254976K)
[21.101s][info ][gc,heap        ] GC(45) ParOldGen: 285442K(337408K)->292695K(337408K)
[21.101s][info ][gc,metaspace   ] GC(45) Metaspace: 68994K(69632K)->68994K(69632K) NonClass: 59143K(59520K)->59143K(59520K) Class: 9850K(10112K)->9850K(10112K)
[21.101s][info ][gc             ] GC(45) Pause Young (Allocation Failure) 1885M->347M(2128M) 48.469ms
[21.101s][info ][gc,cpu         ] GC(45) User=0.19s Sys=0.00s Real=0.06s
[21.101s][info ][safepoint      ] Safepoint "ParallelGCFailedAllocation", Time since last: 34160275 ns, Reaching safepoint: 162305 ns, At safepoint: 48578787 ns, Total: 48741092 ns
[21.191s][info ][safepoint      ] Safepoint "ICBufferFull", Time since last: 89956868 ns, Reaching safepoint: 182005 ns, At safepoint: 22701 ns, Total: 204706 ns
[21.444s][info ][safepoint      ] Safepoint "ICBufferFull", Time since last: 251979688 ns, Reaching safepoint: 285308 ns, At safepoint: 26801 ns, Total: 312109 ns
[21.451s][info ][gc,start       ] GC(46) Pause Young (Allocation Failure)
[21.468s][debug][gc,phases      ] GC(46) Scavenge 16.798ms
[21.468s][debug][gc,ref         ] GC(46) Skipped phase 1 of Reference Processing: no references
[21.468s][debug][gc,ref         ] GC(46) Skipped phase 3 of Reference Processing: no references
[21.468s][debug][gc,phases      ] GC(46) Reference Processing 0.041ms
[21.468s][debug][gc,phases      ] GC(46) Weak Processing 0.554ms
[21.469s][debug][gc,age         ] GC(46) Desired survivor size 261095424 bytes, new threshold 15 (max threshold 15)
[21.469s][info ][gc,heap        ] GC(46) PSYoungGen: 1649920K(1842176K)->53856K(1842176K) Eden: 1587200K(1587200K)->0K(1587200K) From: 62720K(254976K)->53856K(254976K)
[21.469s][info ][gc,heap        ] GC(46) ParOldGen: 292695K(337408K)->302430K(337408K)
[21.469s][info ][gc,metaspace   ] GC(46) Metaspace: 69226K(69824K)->69226K(69824K) NonClass: 59370K(59712K)->59370K(59712K) Class: 9856K(10112K)->9856K(10112K)
[21.469s][info ][gc             ] GC(46) Pause Young (Allocation Failure) 1897M->347M(2128M) 17.529ms
[21.469s][info ][gc,cpu         ] GC(46) User=0.07s Sys=0.00s Real=0.02s
[21.469s][info ][safepoint      ] Safepoint "ParallelGCFailedAllocation", Time since last: 7169004 ns, Reaching safepoint: 98403 ns, At safepoint: 17634003 ns, Total: 17732406 ns
[21.888s][info ][gc,start       ] GC(47) Pause Young (Allocation Failure)
[21.904s][debug][gc,phases      ] GC(47) Scavenge 15.622ms
[21.904s][debug][gc,ref         ] GC(47) Skipped phase 1 of Reference Processing: no references
[21.904s][debug][gc,ref         ] GC(47) Skipped phase 3 of Reference Processing: no references
[21.904s][debug][gc,phases      ] GC(47) Reference Processing 0.051ms
[21.904s][debug][gc,phases      ] GC(47) Weak Processing 0.628ms
[21.904s][debug][gc,age         ] GC(47) Desired survivor size 258998272 bytes, new threshold 15 (max threshold 15)
[21.904s][info ][gc,heap        ] GC(47) PSYoungGen: 1641056K(1842176K)->52064K(1844224K) Eden: 1587200K(1587200K)->0K(1589248K) From: 53856K(254976K)->52064K(254976K)
[21.904s][info ][gc,heap        ] GC(47) ParOldGen: 302430K(337408K)->306235K(337408K)
[21.904s][info ][gc,metaspace   ] GC(47) Metaspace: 71474K(72128K)->71474K(72128K) NonClass: 61379K(61696K)->61379K(61696K) Class: 10094K(10432K)->10094K(10432K)
[21.904s][info ][gc             ] GC(47) Pause Young (Allocation Failure) 1897M->349M(2130M) 16.476ms
[21.904s][info ][gc,cpu         ] GC(47) User=0.06s Sys=0.00s Real=0.02s
[21.904s][info ][safepoint      ] Safepoint "ParallelGCFailedAllocation", Time since last: 418970347 ns, Reaching safepoint: 253807 ns, At safepoint: 16602774 ns, Total: 16856581 ns
[22.109s][info ][safepoint      ] Safepoint "ICBufferFull", Time since last: 204479131 ns, Reaching safepoint: 255207 ns, At safepoint: 25201 ns, Total: 280408 ns
[22.345s][info ][gc,start       ] GC(48) Pause Young (Allocation Failure)
[22.359s][debug][gc,phases      ] GC(48) Scavenge 13.750ms
[22.359s][debug][gc,ref         ] GC(48) Skipped phase 1 of Reference Processing: no references
[22.359s][debug][gc,ref         ] GC(48) Skipped phase 3 of Reference Processing: no references
[22.359s][debug][gc,phases      ] GC(48) Reference Processing 0.053ms
[22.360s][debug][gc,phases      ] GC(48) Weak Processing 0.633ms
[22.360s][debug][gc,age         ] GC(48) Desired survivor size 256376832 bytes, new threshold 15 (max threshold 15)
[22.360s][info ][gc,heap        ] GC(48) PSYoungGen: 1641312K(1844224K)->47254K(1842176K) Eden: 1589248K(1589248K)->0K(1589248K) From: 52064K(254976K)->47254K(252928K)
[22.360s][info ][gc,heap        ] GC(48) ParOldGen: 306235K(337408K)->312237K(337408K)
[22.360s][info ][gc,metaspace   ] GC(48) Metaspace: 74357K(75008K)->74357K(75008K) NonClass: 63893K(64256K)->63893K(64256K) Class: 10463K(10752K)->10463K(10752K)
[22.360s][info ][gc             ] GC(48) Pause Young (Allocation Failure) 1901M->351M(2128M) 14.597ms
[22.360s][info ][gc,cpu         ] GC(48) User=0.05s Sys=0.00s Real=0.01s
[22.360s][info ][safepoint      ] Safepoint "ParallelGCFailedAllocation", Time since last: 231132588 ns, Reaching safepoint: 5017243 ns, At safepoint: 14717620 ns, Total: 19734863 ns
[22.674s][info ][gc,start       ] GC(49) Pause Young (Allocation Failure)
[22.689s][debug][gc,phases      ] GC(49) Scavenge 14.268ms
[22.689s][debug][gc,ref         ] GC(49) Skipped phase 1 of Reference Processing: no references
[22.689s][debug][gc,ref         ] GC(49) Skipped phase 3 of Reference Processing: no references
[22.689s][debug][gc,phases      ] GC(49) Reference Processing 0.057ms
[22.689s][debug][gc,phases      ] GC(49) Weak Processing 0.717ms
[22.690s][debug][gc,age         ] GC(49) Desired survivor size 252706816 bytes, new threshold 15 (max threshold 15)
[22.690s][info ][gc,heap        ] GC(49) PSYoungGen: 1636502K(1842176K)->43635K(1850368K) Eden: 1589248K(1589248K)->0K(1600000K) From: 47254K(252928K)->43635K(250368K)
[22.690s][info ][gc,heap        ] GC(49) ParOldGen: 312237K(337408K)->317170K(337408K)
[22.690s][info ][gc,metaspace   ] GC(49) Metaspace: 74874K(75520K)->74874K(75520K) NonClass: 64347K(64704K)->64347K(64704K) Class: 10527K(10816K)->10527K(10816K)
[22.690s][info ][gc             ] GC(49) Pause Young (Allocation Failure) 1903M->352M(2136M) 15.210ms
[22.690s][info ][gc,cpu         ] GC(49) User=0.06s Sys=0.00s Real=0.01s
[22.690s][info ][safepoint      ] Safepoint "ParallelGCFailedAllocation", Time since last: 313739036 ns, Reaching safepoint: 487314 ns, At safepoint: 15342037 ns, Total: 15829351 ns
[23.059s][info ][gc,start       ] GC(50) Pause Young (Allocation Failure)
[23.074s][debug][gc,phases      ] GC(50) Scavenge 15.048ms
[23.074s][debug][gc,ref         ] GC(50) Skipped phase 1 of Reference Processing: no references
[23.074s][debug][gc,ref         ] GC(50) Skipped phase 3 of Reference Processing: no references
[23.074s][debug][gc,phases      ] GC(50) Reference Processing 0.050ms
[23.075s][debug][gc,phases      ] GC(50) Weak Processing 0.638ms
[23.075s][debug][gc,age         ] GC(50) Desired survivor size 249561088 bytes, new threshold 15 (max threshold 15)
[23.075s][info ][gc,heap        ] GC(50) PSYoungGen: 1643635K(1850368K)->32022K(1846784K) Eden: 1600000K(1600000K)->0K(1600000K) From: 43635K(250368K)->32022K(246784K)
[23.075s][info ][gc,heap        ] GC(50) ParOldGen: 317170K(337408K)->329105K(337408K)
[23.075s][info ][gc,metaspace   ] GC(50) Metaspace: 74998K(75648K)->74998K(75648K) NonClass: 64469K(64832K)->64469K(64832K) Class: 10528K(10816K)->10528K(10816K)
[23.075s][info ][gc             ] GC(50) Pause Young (Allocation Failure) 1914M->352M(2133M) 15.898ms
[23.075s][info ][gc,cpu         ] GC(50) User=0.07s Sys=0.00s Real=0.02s
[23.075s][debug][gc,phases      ] GC(51) Pre Compact 0.010ms
[23.075s][info ][gc,start       ] GC(51) Pause Full (Ergonomics)
[23.075s][info ][gc,phases,start] GC(51) Marking Phase
[23.196s][debug][gc,phases      ] GC(51) Par Mark 120.902ms
[23.196s][debug][gc,ref         ] GC(51) Skipped phase 1 of Reference Processing: no references
[23.196s][debug][gc,ref         ] GC(51) Skipped phase 3 of Reference Processing: no references
[23.196s][debug][gc,phases      ] GC(51) Reference Processing 0.353ms
[23.197s][debug][gc,phases      ] GC(51) Weak Processing 0.584ms
[23.197s][debug][gc,phases      ] GC(51) ClassLoaderData 0.067ms
[23.197s][debug][gc,phases      ] GC(51) Trigger cleanups 0.000ms
[23.207s][debug][gc,phases      ] GC(51) Class Unloading 10.673ms
[23.207s][info ][gc,phases      ] GC(51) Marking Phase 132.668ms
[23.207s][info ][gc,phases,start] GC(51) Summary Phase
[23.207s][info ][gc,phases      ] GC(51) Summary Phase 0.010ms
[23.207s][info ][gc,phases,start] GC(51) Adjust Roots
[23.224s][info ][gc,phases      ] GC(51) Adjust Roots 17.052ms
[23.224s][info ][gc,phases,start] GC(51) Compaction Phase
[23.382s][info ][gc,phases      ] GC(51) Compaction Phase 157.417ms
[23.382s][info ][gc,phases,start] GC(51) Post Compact
[23.383s][info ][gc,phases      ] GC(51) Post Compact 1.128ms
[23.383s][info ][gc,heap        ] GC(51) PSYoungGen: 32022K(1846784K)->21398K(1846784K) Eden: 0K(1600000K)->0K(1600000K) From: 32022K(246784K)->21398K(246784K)
[23.383s][info ][gc,heap        ] GC(51) ParOldGen: 329105K(337408K)->337018K(397312K)
[23.383s][info ][gc,metaspace   ] GC(51) Metaspace: 74998K(75648K)->74998K(75648K) NonClass: 64469K(64832K)->64469K(64832K) Class: 10528K(10816K)->10528K(10816K)
[23.383s][info ][gc             ] GC(51) Pause Full (Ergonomics) 352M->350M(2191M) 308.549ms
[23.383s][info ][gc,cpu         ] GC(51) User=1.24s Sys=0.01s Real=0.31s
[23.383s][info ][safepoint      ] Safepoint "ParallelGCFailedAllocation", Time since last: 368842806 ns, Reaching safepoint: 168704 ns, At safepoint: 324654744 ns, Total: 324823448 ns
[23.557s][info ][safepoint      ] Safepoint "ICBufferFull", Time since last: 173376633 ns, Reaching safepoint: 207506 ns, At safepoint: 23100 ns, Total: 230606 ns
[23.704s][info ][safepoint      ] Safepoint "ICBufferFull", Time since last: 146643472 ns, Reaching safepoint: 191306 ns, At safepoint: 41301 ns, Total: 232607 ns
[23.727s][info ][gc,start       ] GC(52) Pause Young (Allocation Failure)
[23.771s][debug][gc,phases      ] GC(52) Scavenge 44.444ms
[23.771s][debug][gc,ref         ] GC(52) Skipped phase 1 of Reference Processing: no references
[23.771s][debug][gc,ref         ] GC(52) Skipped phase 3 of Reference Processing: no references
[23.771s][debug][gc,phases      ] GC(52) Reference Processing 0.043ms
[23.772s][debug][gc,phases      ] GC(52) Weak Processing 0.591ms
[23.772s][debug][gc,age         ] GC(52) Desired survivor size 246939648 bytes, new threshold 15 (max threshold 15)
[23.772s][info ][gc,heap        ] GC(52) PSYoungGen: 1621398K(1846784K)->22453K(1856000K) Eden: 1600000K(1600000K)->0K(1612288K) From: 21398K(246784K)->22453K(243712K)
[23.772s][info ][gc,heap        ] GC(52) ParOldGen: 337018K(397312K)->341050K(397312K)
[23.772s][info ][gc,metaspace   ] GC(52) Metaspace: 75353K(75968K)->75353K(75968K) NonClass: 64779K(65088K)->64779K(65088K) Class: 10573K(10880K)->10573K(10880K)
[23.772s][info ][gc             ] GC(52) Pause Young (Allocation Failure) 1912M->354M(2200M) 45.240ms
[23.772s][info ][gc,cpu         ] GC(52) User=0.16s Sys=0.00s Real=0.04s
[23.772s][info ][safepoint      ] Safepoint "ParallelGCFailedAllocation", Time since last: 22894451 ns, Reaching safepoint: 147205 ns, At safepoint: 45364590 ns, Total: 45511795 ns
[24.098s][info ][safepoint      ] Safepoint "ICBufferFull", Time since last: 325227553 ns, Reaching safepoint: 268508 ns, At safepoint: 30801 ns, Total: 299309 ns
[24.148s][info ][gc,start       ] GC(53) Pause Young (Allocation Failure)
[24.159s][debug][gc,phases      ] GC(53) Scavenge 11.477ms
[24.159s][debug][gc,ref         ] GC(53) Skipped phase 1 of Reference Processing: no references
[24.159s][debug][gc,ref         ] GC(53) Skipped phase 3 of Reference Processing: no references
[24.159s][debug][gc,phases      ] GC(53) Reference Processing 0.046ms
[24.160s][debug][gc,phases      ] GC(53) Weak Processing 0.564ms
[24.160s][debug][gc,age         ] GC(53) Desired survivor size 239075328 bytes, new threshold 15 (max threshold 15)
[24.160s][info ][gc,heap        ] GC(53) PSYoungGen: 1634741K(1856000K)->39515K(1853440K) Eden: 1612288K(1612288K)->0K(1612288K) From: 22453K(243712K)->39515K(241152K)
[24.160s][info ][gc,heap        ] GC(53) ParOldGen: 341050K(397312K)->349624K(397312K)
[24.160s][info ][gc,metaspace   ] GC(53) Metaspace: 75762K(76416K)->75762K(76416K) NonClass: 65151K(65536K)->65151K(65536K) Class: 10611K(10880K)->10611K(10880K)
[24.160s][info ][gc             ] GC(53) Pause Young (Allocation Failure) 1929M->380M(2198M) 12.226ms
[24.160s][info ][gc,cpu         ] GC(53) User=0.03s Sys=0.01s Real=0.01s
[24.160s][info ][safepoint      ] Safepoint "ParallelGCFailedAllocation", Time since last: 49979922 ns, Reaching safepoint: 142404 ns, At safepoint: 12346151 ns, Total: 12488555 ns
[24.508s][info ][safepoint      ] Safepoint "ICBufferFull", Time since last: 347879790 ns, Reaching safepoint: 234806 ns, At safepoint: 29701 ns, Total: 264507 ns
[24.522s][info ][gc,start       ] GC(54) Pause Young (Allocation Failure)
[24.531s][debug][gc,phases      ] GC(54) Scavenge 9.294ms
[24.531s][debug][gc,ref         ] GC(54) Skipped phase 1 of Reference Processing: no references
[24.531s][debug][gc,ref         ] GC(54) Skipped phase 3 of Reference Processing: no references
[24.531s][debug][gc,phases      ] GC(54) Reference Processing 0.042ms
[24.532s][debug][gc,phases      ] GC(54) Weak Processing 0.555ms
[24.532s][debug][gc,age         ] GC(54) Desired survivor size 232259584 bytes, new threshold 15 (max threshold 15)
[24.532s][info ][gc,heap        ] GC(54) PSYoungGen: 1651803K(1853440K)->32313K(1870336K) Eden: 1612288K(1612288K)->0K(1636864K) From: 39515K(241152K)->32313K(233472K)
[24.532s][info ][gc,heap        ] GC(54) ParOldGen: 349624K(397312K)->356358K(397312K)
[24.532s][info ][gc,metaspace   ] GC(54) Metaspace: 76008K(76736K)->76008K(76736K) NonClass: 65388K(65792K)->65388K(65792K) Class: 10620K(10944K)->10620K(10944K)
[24.532s][info ][gc             ] GC(54) Pause Young (Allocation Failure) 1954M->379M(2214M) 10.031ms
[24.532s][info ][gc,cpu         ] GC(54) User=0.04s Sys=0.00s Real=0.00s
[24.532s][info ][safepoint      ] Safepoint "ParallelGCFailedAllocation", Time since last: 10360095 ns, Reaching safepoint: 3211291 ns, At safepoint: 10162989 ns, Total: 13374280 ns
[24.692s][info ][safepoint      ] Safepoint "ICBufferFull", Time since last: 159069620 ns, Reaching safepoint: 926727 ns, At safepoint: 31100 ns, Total: 957827 ns
[24.988s][info ][gc,start       ] GC(55) Pause Young (Allocation Failure)
[24.996s][debug][gc,phases      ] GC(55) Scavenge 7.699ms
[24.996s][debug][gc,ref         ] GC(55) Skipped phase 1 of Reference Processing: no references
[24.996s][debug][gc,ref         ] GC(55) Skipped phase 3 of Reference Processing: no references
[24.996s][debug][gc,phases      ] GC(55) Reference Processing 0.042ms
[24.997s][debug][gc,phases      ] GC(55) Weak Processing 0.556ms
[24.997s][debug][gc,age         ] GC(55) Desired survivor size 225968128 bytes, new threshold 15 (max threshold 15)
[24.997s][info ][gc,heap        ] GC(55) PSYoungGen: 1669177K(1870336K)->24934K(1863680K) Eden: 1636864K(1636864K)->0K(1636864K) From: 32313K(233472K)->24934K(226816K)
[24.997s][info ][gc,heap        ] GC(55) ParOldGen: 356358K(397312K)->357714K(397312K)
[24.997s][info ][gc,metaspace   ] GC(55) Metaspace: 76224K(76928K)->76224K(76928K) NonClass: 65592K(65984K)->65592K(65984K) Class: 10632K(10944K)->10632K(10944K)
[24.997s][info ][gc             ] GC(55) Pause Young (Allocation Failure) 1978M->373M(2208M) 8.448ms
[24.997s][info ][gc,cpu         ] GC(55) User=0.03s Sys=0.00s Real=0.01s
[24.997s][info ][safepoint      ] Safepoint "ParallelGCFailedAllocation", Time since last: 295964411 ns, Reaching safepoint: 214706 ns, At safepoint: 8567644 ns, Total: 8782350 ns
[25.243s][info ][safepoint      ] Safepoint "ICBufferFull", Time since last: 245214868 ns, Reaching safepoint: 486914 ns, At safepoint: 27401 ns, Total: 514315 ns
[25.345s][info ][gc,start       ] GC(56) Pause Young (Allocation Failure)
[25.353s][debug][gc,phases      ] GC(56) Scavenge 7.267ms
[25.353s][debug][gc,ref         ] GC(56) Skipped phase 1 of Reference Processing: no references
[25.353s][debug][gc,ref         ] GC(56) Skipped phase 3 of Reference Processing: no references
[25.353s][debug][gc,phases      ] GC(56) Reference Processing 0.065ms
[25.353s][debug][gc,phases      ] GC(56) Weak Processing 0.651ms
[25.353s][debug][gc,age         ] GC(56) Desired survivor size 219152384 bytes, new threshold 15 (max threshold 15)
[25.354s][info ][gc,heap        ] GC(56) PSYoungGen: 1661798K(1863680K)->23325K(1883136K) Eden: 1636864K(1636864K)->0K(1662464K) From: 24934K(226816K)->23325K(220672K)
[25.354s][info ][gc,heap        ] GC(56) ParOldGen: 357714K(397312K)->357746K(397312K)
[25.354s][info ][gc,metaspace   ] GC(56) Metaspace: 76339K(76992K)->76339K(76992K) NonClass: 65702K(66048K)->65702K(66048K) Class: 10637K(10944K)->10637K(10944K)
[25.354s][info ][gc             ] GC(56) Pause Young (Allocation Failure) 1972M->372M(2227M) 8.143ms
[25.354s][info ][gc,cpu         ] GC(56) User=0.03s Sys=0.00s Real=0.01s
[25.354s][info ][safepoint      ] Safepoint "ParallelGCFailedAllocation", Time since last: 99507026 ns, Reaching safepoint: 3250592 ns, At safepoint: 8272035 ns, Total: 11522627 ns
[25.714s][info ][gc,start       ] GC(57) Pause Young (Allocation Failure)
[25.722s][debug][gc,phases      ] GC(57) Scavenge 8.156ms
[25.722s][debug][gc,ref         ] GC(57) Skipped phase 1 of Reference Processing: no references
[25.722s][debug][gc,ref         ] GC(57) Skipped phase 3 of Reference Processing: no references
[25.722s][debug][gc,ref         ] GC(57) Skipped phase 4 of Reference Processing: no references
[25.722s][debug][gc,phases      ] GC(57) Reference Processing 0.042ms
[25.723s][debug][gc,phases      ] GC(57) Weak Processing 0.564ms
[25.723s][debug][gc,age         ] GC(57) Desired survivor size 211812352 bytes, new threshold 15 (max threshold 15)
[25.723s][info ][gc,heap        ] GC(57) PSYoungGen: 1685789K(1883136K)->23597K(1876480K) Eden: 1662464K(1662464K)->0K(1662464K) From: 23325K(220672K)->23597K(214016K)
[25.723s][info ][gc,heap        ] GC(57) ParOldGen: 357746K(397312K)->357786K(397312K)
[25.723s][info ][gc,metaspace   ] GC(57) Metaspace: 76390K(77056K)->76390K(77056K) NonClass: 65752K(66112K)->65752K(66112K) Class: 10637K(10944K)->10637K(10944K)
[25.723s][info ][gc             ] GC(57) Pause Young (Allocation Failure) 1995M->372M(2220M) 8.909ms
[25.723s][info ][gc,cpu         ] GC(57) User=0.04s Sys=0.00s Real=0.01s
[25.723s][info ][safepoint      ] Safepoint "ParallelGCFailedAllocation", Time since last: 360038920 ns, Reaching safepoint: 177305 ns, At safepoint: 9036156 ns, Total: 9213461 ns
[25.999s][info ][safepoint      ] Safepoint "ICBufferFull", Time since last: 276101938 ns, Reaching safepoint: 170904 ns, At safepoint: 26601 ns, Total: 197505 ns
[26.155s][info ][gc,start       ] GC(58) Pause Young (Allocation Failure)
[26.163s][debug][gc,phases      ] GC(58) Scavenge 7.904ms
[26.163s][debug][gc,ref         ] GC(58) Skipped phase 1 of Reference Processing: no references
[26.163s][debug][gc,ref         ] GC(58) Skipped phase 3 of Reference Processing: no references
[26.163s][debug][gc,phases      ] GC(58) Reference Processing 0.062ms
[26.164s][debug][gc,phases      ] GC(58) Weak Processing 0.594ms
[26.164s][debug][gc,age         ] GC(58) Desired survivor size 203423744 bytes, new threshold 15 (max threshold 15)
[26.164s][info ][gc,heap        ] GC(58) PSYoungGen: 1686061K(1876480K)->23949K(1898496K) Eden: 1662464K(1662464K)->0K(1691648K) From: 23597K(214016K)->23949K(206848K)
[26.164s][info ][gc,heap        ] GC(58) ParOldGen: 357786K(397312K)->357882K(397312K)
[26.164s][info ][gc,metaspace   ] GC(58) Metaspace: 76505K(77184K)->76505K(77184K) NonClass: 65864K(66240K)->65864K(66240K) Class: 10641K(10944K)->10641K(10944K)
[26.164s][info ][gc             ] GC(58) Pause Young (Allocation Failure) 1995M->372M(2242M) 8.738ms
[26.164s][info ][gc,cpu         ] GC(58) User=0.03s Sys=0.00s Real=0.01s
[26.164s][info ][safepoint      ] Safepoint "ParallelGCFailedAllocation", Time since last: 155775422 ns, Reaching safepoint: 189905 ns, At safepoint: 8850452 ns, Total: 9040357 ns
[26.328s][info ][safepoint      ] Safepoint "ICBufferFull", Time since last: 163702745 ns, Reaching safepoint: 216106 ns, At safepoint: 21300 ns, Total: 237406 ns
[26.393s][info ][safepoint      ] Safepoint "ICBufferFull", Time since last: 64259622 ns, Reaching safepoint: 1094131 ns, At safepoint: 29101 ns, Total: 1123232 ns
[26.598s][info ][gc,start       ] GC(59) Pause Young (Allocation Failure)
[26.606s][debug][gc,phases      ] GC(59) Scavenge 8.161ms
[26.606s][debug][gc,ref         ] GC(59) Skipped phase 1 of Reference Processing: no references
[26.607s][debug][gc,ref         ] GC(59) Skipped phase 3 of Reference Processing: no references
[26.607s][debug][gc,ref         ] GC(59) Skipped phase 4 of Reference Processing: no references
[26.607s][debug][gc,phases      ] GC(59) Reference Processing 0.052ms
[26.607s][debug][gc,phases      ] GC(59) Weak Processing 0.585ms
[26.607s][debug][gc,age         ] GC(59) Desired survivor size 195035136 bytes, new threshold 15 (max threshold 15)
[26.607s][info ][gc,heap        ] GC(59) PSYoungGen: 1715597K(1898496K)->24461K(1890304K) Eden: 1691648K(1691648K)->0K(1691648K) From: 23949K(206848K)->24461K(198656K)
[26.607s][info ][gc,heap        ] GC(59) ParOldGen: 357882K(397312K)->357962K(397312K)
[26.607s][info ][gc,metaspace   ] GC(59) Metaspace: 76521K(77184K)->76521K(77184K) NonClass: 65878K(66240K)->65878K(66240K) Class: 10642K(10944K)->10642K(10944K)
[26.607s][info ][gc             ] GC(59) Pause Young (Allocation Failure) 2024M->373M(2234M) 8.941ms
[26.607s][info ][gc,cpu         ] GC(59) User=0.03s Sys=0.00s Real=0.01s
[26.607s][info ][safepoint      ] Safepoint "ParallelGCFailedAllocation", Time since last: 201593416 ns, Reaching safepoint: 3274593 ns, At safepoint: 9080857 ns, Total: 12355450 ns
[26.945s][info ][safepoint      ] Safepoint "ICBufferFull", Time since last: 337451368 ns, Reaching safepoint: 236107 ns, At safepoint: 26801 ns, Total: 262908 ns
[26.961s][info ][gc,start       ] GC(60) Pause Young (Allocation Failure)
[26.970s][debug][gc,phases      ] GC(60) Scavenge 9.078ms
[26.970s][debug][gc,ref         ] GC(60) Skipped phase 1 of Reference Processing: no references
[26.970s][debug][gc,ref         ] GC(60) Skipped phase 3 of Reference Processing: no references
[26.970s][debug][gc,ref         ] GC(60) Skipped phase 4 of Reference Processing: no references
[26.970s][debug][gc,phases      ] GC(60) Reference Processing 0.043ms
[26.971s][debug][gc,phases      ] GC(60) Weak Processing 0.583ms
[26.971s][debug][gc,age         ] GC(60) Desired survivor size 186646528 bytes, new threshold 15 (max threshold 15)
[26.971s][info ][gc,heap        ] GC(60) PSYoungGen: 1716109K(1890304K)->25277K(1914880K) Eden: 1691648K(1691648K)->0K(1724416K) From: 24461K(198656K)->25277K(190464K)
[26.971s][info ][gc,heap        ] GC(60) ParOldGen: 357962K(397312K)->358034K(397312K)
[26.971s][info ][gc,metaspace   ] GC(60) Metaspace: 76546K(77184K)->76546K(77184K) NonClass: 65903K(66240K)->65903K(66240K) Class: 10642K(10944K)->10642K(10944K)
[26.971s][info ][gc             ] GC(60) Pause Young (Allocation Failure) 2025M->374M(2258M) 9.848ms
[26.971s][info ][gc,cpu         ] GC(60) User=0.03s Sys=0.01s Real=0.01s
[26.971s][info ][safepoint      ] Safepoint "ParallelGCFailedAllocation", Time since last: 15660744 ns, Reaching safepoint: 193605 ns, At safepoint: 9969283 ns, Total: 10162888 ns
[27.166s][info ][safepoint      ] Safepoint "ICBufferFull", Time since last: 191791138 ns, Reaching safepoint: 3518900 ns, At safepoint: 30601 ns, Total: 3549501 ns
[27.346s][info ][gc,start       ] GC(61) Pause Young (Allocation Failure)
[27.356s][debug][gc,phases      ] GC(61) Scavenge 9.051ms
[27.356s][debug][gc,ref         ] GC(61) Skipped phase 1 of Reference Processing: no references
[27.356s][debug][gc,ref         ] GC(61) Skipped phase 3 of Reference Processing: no references
[27.356s][debug][gc,ref         ] GC(61) Skipped phase 4 of Reference Processing: no references
[27.356s][debug][gc,phases      ] GC(61) Reference Processing 0.040ms
[27.356s][debug][gc,phases      ] GC(61) Weak Processing 0.577ms
[27.356s][debug][gc,age         ] GC(61) Desired survivor size 177733632 bytes, new threshold 15 (max threshold 15)
[27.356s][info ][gc,heap        ] GC(61) PSYoungGen: 1749693K(1914880K)->26301K(1906688K) Eden: 1724416K(1724416K)->0K(1724416K) From: 25277K(190464K)->26301K(182272K)
[27.356s][info ][gc,heap        ] GC(61) ParOldGen: 358034K(397312K)->358195K(397312K)
[27.356s][info ][gc,metaspace   ] GC(61) Metaspace: 76591K(77248K)->76591K(77248K) NonClass: 65949K(66304K)->65949K(66304K) Class: 10642K(10944K)->10642K(10944K)
[27.356s][info ][gc             ] GC(61) Pause Young (Allocation Failure) 2058M->375M(2250M) 9.812ms
[27.356s][info ][gc,cpu         ] GC(61) User=0.03s Sys=0.00s Real=0.01s
[27.356s][info ][safepoint      ] Safepoint "ParallelGCFailedAllocation", Time since last: 180140305 ns, Reaching safepoint: 180005 ns, At safepoint: 9929281 ns, Total: 10109286 ns
[27.850s][info ][gc,start       ] GC(62) Pause Young (Allocation Failure)
[27.860s][debug][gc,phases      ] GC(62) Scavenge 10.844ms
[27.861s][debug][gc,ref         ] GC(62) Skipped phase 1 of Reference Processing: no references
[27.861s][debug][gc,ref         ] GC(62) Skipped phase 3 of Reference Processing: no references
[27.861s][debug][gc,phases      ] GC(62) Reference Processing 0.044ms
[27.861s][debug][gc,phases      ] GC(62) Weak Processing 0.606ms
[27.861s][debug][gc,age         ] GC(62) Desired survivor size 168820736 bytes, new threshold 15 (max threshold 15)
[27.861s][info ][gc,heap        ] GC(62) PSYoungGen: 1750717K(1906688K)->27629K(1932288K) Eden: 1724416K(1724416K)->0K(1758720K) From: 26301K(182272K)->27629K(173568K)
[27.861s][info ][gc,heap        ] GC(62) ParOldGen: 358195K(397312K)->358359K(397312K)
[27.861s][info ][gc,metaspace   ] GC(62) Metaspace: 76711K(77376K)->76711K(77376K) NonClass: 66065K(66432K)->66065K(66432K) Class: 10645K(10944K)->10645K(10944K)
[27.861s][info ][gc             ] GC(62) Pause Young (Allocation Failure) 2059M->376M(2275M) 11.639ms
[27.861s][info ][gc,cpu         ] GC(62) User=0.04s Sys=0.00s Real=0.02s
[27.861s][info ][safepoint      ] Safepoint "ParallelGCFailedAllocation", Time since last: 492959561 ns, Reaching safepoint: 224507 ns, At safepoint: 11756333 ns, Total: 11980840 ns
[28.292s][info ][gc,start       ] GC(63) Pause Young (Allocation Failure)
[28.303s][debug][gc,phases      ] GC(63) Scavenge 11.296ms
[28.303s][debug][gc,ref         ] GC(63) Skipped phase 1 of Reference Processing: no references
[28.303s][debug][gc,ref         ] GC(63) Skipped phase 3 of Reference Processing: no references
[28.303s][debug][gc,ref         ] GC(63) Skipped phase 4 of Reference Processing: no references
[28.303s][debug][gc,phases      ] GC(63) Reference Processing 0.062ms
[28.304s][debug][gc,phases      ] GC(63) Weak Processing 0.690ms
[28.304s][debug][gc,age         ] GC(63) Desired survivor size 160432128 bytes, new threshold 15 (max threshold 15)
[28.304s][info ][gc,heap        ] GC(63) PSYoungGen: 1786349K(1932288K)->27997K(1923584K) Eden: 1758720K(1758720K)->0K(1758720K) From: 27629K(173568K)->27997K(164864K)
[28.304s][info ][gc,heap        ] GC(63) ParOldGen: 358359K(397312K)->358479K(397312K)
[28.304s][info ][gc,metaspace   ] GC(63) Metaspace: 76774K(77440K)->76774K(77440K) NonClass: 66128K(66496K)->66128K(66496K) Class: 10645K(10944K)->10645K(10944K)
[28.304s][info ][gc             ] GC(63) Pause Young (Allocation Failure) 2094M->377M(2266M) 12.220ms
[28.304s][info ][gc,cpu         ] GC(63) User=0.05s Sys=0.00s Real=0.02s
[28.304s][info ][safepoint      ] Safepoint "ParallelGCFailedAllocation", Time since last: 430117280 ns, Reaching safepoint: 245607 ns, At safepoint: 12369350 ns, Total: 12614957 ns
[28.732s][info ][gc,start       ] GC(64) Pause Young (Allocation Failure)
[28.753s][debug][gc,phases      ] GC(64) Scavenge 20.555ms
[28.753s][debug][gc,ref         ] GC(64) Skipped phase 1 of Reference Processing: no references
[28.753s][debug][gc,ref         ] GC(64) Skipped phase 3 of Reference Processing: no references
[28.753s][debug][gc,ref         ] GC(64) Skipped phase 4 of Reference Processing: no references
[28.753s][debug][gc,phases      ] GC(64) Reference Processing 0.046ms
[28.754s][debug][gc,phases      ] GC(64) Weak Processing 0.571ms
[28.754s][debug][gc,age         ] GC(64) Desired survivor size 150470656 bytes, new threshold 15 (max threshold 15)
[28.754s][info ][gc,heap        ] GC(64) PSYoungGen: 1786717K(1923584K)->35757K(1950208K) Eden: 1758720K(1758720K)->0K(1793536K) From: 27997K(164864K)->35757K(156672K)
[28.754s][info ][gc,heap        ] GC(64) ParOldGen: 358479K(397312K)->358707K(397312K)
[28.754s][info ][gc,metaspace   ] GC(64) Metaspace: 76779K(77440K)->76779K(77440K) NonClass: 66134K(66496K)->66134K(66496K) Class: 10645K(10944K)->10645K(10944K)
[28.754s][info ][gc             ] GC(64) Pause Young (Allocation Failure) 2094M->385M(2292M) 21.314ms
[28.754s][info ][gc,cpu         ] GC(64) User=0.09s Sys=0.01s Real=0.03s
[28.754s][info ][safepoint      ] Safepoint "ParallelGCFailedAllocation", Time since last: 428240215 ns, Reaching safepoint: 172705 ns, At safepoint: 21435206 ns, Total: 21607911 ns
[29.162s][info ][safepoint      ] Safepoint "ICBufferFull", Time since last: 404424341 ns, Reaching safepoint: 3311394 ns, At safepoint: 31800 ns, Total: 3343194 ns
[29.254s][info ][gc,start       ] GC(65) Pause Young (Allocation Failure)
[29.272s][debug][gc,phases      ] GC(65) Scavenge 17.794ms
[29.272s][debug][gc,ref         ] GC(65) Skipped phase 1 of Reference Processing: no references
[29.272s][debug][gc,ref         ] GC(65) Skipped phase 3 of Reference Processing: no references
[29.272s][debug][gc,phases      ] GC(65) Reference Processing 0.060ms
[29.272s][debug][gc,phases      ] GC(65) Weak Processing 0.593ms
[29.272s][debug][gc,age         ] GC(65) Desired survivor size 141557760 bytes, new threshold 15 (max threshold 15)
[29.272s][info ][gc,heap        ] GC(65) PSYoungGen: 1829293K(1950208K)->38205K(1940480K) Eden: 1793536K(1793536K)->0K(1793536K) From: 35757K(156672K)->38205K(146944K)
[29.272s][info ][gc,heap        ] GC(65) ParOldGen: 358707K(397312K)->358795K(397312K)
[29.272s][info ][gc,metaspace   ] GC(65) Metaspace: 76806K(77440K)->76806K(77440K) NonClass: 66156K(66496K)->66156K(66496K) Class: 10649K(10944K)->10649K(10944K)
[29.272s][info ][gc             ] GC(65) Pause Young (Allocation Failure) 2136M->387M(2283M) 18.601ms
[29.272s][info ][gc,cpu         ] GC(65) User=0.06s Sys=0.00s Real=0.01s
[29.272s][info ][safepoint      ] Safepoint "ParallelGCFailedAllocation", Time since last: 91913801 ns, Reaching safepoint: 165004 ns, At safepoint: 18723330 ns, Total: 18888334 ns
[29.674s][info ][gc,start       ] GC(66) Pause Young (Allocation Failure)
[29.690s][debug][gc,phases      ] GC(66) Scavenge 16.040ms
[29.690s][debug][gc,ref         ] GC(66) Skipped phase 1 of Reference Processing: no references
[29.690s][debug][gc,ref         ] GC(66) Skipped phase 3 of Reference Processing: no references
[29.690s][debug][gc,phases      ] GC(66) Reference Processing 0.047ms
[29.691s][debug][gc,phases      ] GC(66) Weak Processing 0.586ms
[29.691s][debug][gc,age         ] GC(66) Desired survivor size 132644864 bytes, new threshold 15 (max threshold 15)
[29.691s][info ][gc,heap        ] GC(66) PSYoungGen: 1831741K(1940480K)->38061K(1967616K) Eden: 1793536K(1793536K)->0K(1829376K) From: 38205K(146944K)->38061K(138240K)
[29.691s][info ][gc,heap        ] GC(66) ParOldGen: 358795K(397312K)->359251K(397312K)
[29.691s][info ][gc,metaspace   ] GC(66) Metaspace: 76837K(77504K)->76837K(77504K) NonClass: 66183K(66560K)->66183K(66560K) Class: 10653K(10944K)->10653K(10944K)
[29.691s][info ][gc             ] GC(66) Pause Young (Allocation Failure) 2139M->388M(2309M) 16.836ms
[29.691s][info ][gc,cpu         ] GC(66) User=0.06s Sys=0.00s Real=0.01s
[29.691s][info ][safepoint      ] Safepoint "ParallelGCFailedAllocation", Time since last: 401527546 ns, Reaching safepoint: 225306 ns, At safepoint: 16955879 ns, Total: 17181185 ns
[30.094s][info ][gc,start       ] GC(67) Pause Young (Allocation Failure)
[30.110s][debug][gc,phases      ] GC(67) Scavenge 15.229ms
[30.110s][debug][gc,ref         ] GC(67) Skipped phase 1 of Reference Processing: no references
[30.110s][debug][gc,ref         ] GC(67) Skipped phase 3 of Reference Processing: no references
[30.110s][debug][gc,ref         ] GC(67) Skipped phase 4 of Reference Processing: no references
[30.110s][debug][gc,phases      ] GC(67) Reference Processing 0.035ms
[30.110s][debug][gc,phases      ] GC(67) Weak Processing 0.569ms
[30.110s][debug][gc,age         ] GC(67) Desired survivor size 124780544 bytes, new threshold 15 (max threshold 15)
[30.110s][info ][gc,heap        ] GC(67) PSYoungGen: 1867437K(1967616K)->37533K(1958912K) Eden: 1829376K(1829376K)->0K(1829376K) From: 38061K(138240K)->37533K(129536K)
[30.110s][info ][gc,heap        ] GC(67) ParOldGen: 359251K(397312K)->360179K(397312K)
[30.110s][info ][gc,metaspace   ] GC(67) Metaspace: 76914K(77568K)->76914K(77568K) NonClass: 66260K(66624K)->66260K(66624K) Class: 10653K(10944K)->10653K(10944K)
[30.110s][info ][gc             ] GC(67) Pause Young (Allocation Failure) 2174M->388M(2301M) 15.981ms
[30.110s][info ][gc,cpu         ] GC(67) User=0.06s Sys=0.00s Real=0.01s
[30.110s][info ][safepoint      ] Safepoint "ParallelGCFailedAllocation", Time since last: 402445072 ns, Reaching safepoint: 708920 ns, At safepoint: 16092955 ns, Total: 16801875 ns
[30.606s][info ][gc,start       ] GC(68) Pause Young (Allocation Failure)
[30.624s][debug][gc,phases      ] GC(68) Scavenge 17.792ms
[30.624s][debug][gc,ref         ] GC(68) Skipped phase 1 of Reference Processing: no references
[30.624s][debug][gc,ref         ] GC(68) Skipped phase 3 of Reference Processing: no references
[30.624s][debug][gc,ref         ] GC(68) Skipped phase 4 of Reference Processing: no references
[30.624s][debug][gc,phases      ] GC(68) Reference Processing 0.033ms
[30.625s][debug][gc,phases      ] GC(68) Weak Processing 0.637ms
[30.625s][debug][gc,age         ] GC(68) Desired survivor size 121110528 bytes, new threshold 15 (max threshold 15)
[30.625s][info ][gc,heap        ] GC(68) PSYoungGen: 1866909K(1958912K)->19276K(1978880K) Eden: 1829376K(1829376K)->0K(1857024K) From: 37533K(129536K)->19276K(121856K)
[30.625s][info ][gc,heap        ] GC(68) ParOldGen: 360179K(397312K)->378687K(397312K)
[30.625s][info ][gc,metaspace   ] GC(68) Metaspace: 76938K(77568K)->76938K(77568K) NonClass: 66284K(66624K)->66284K(66624K) Class: 10653K(10944K)->10653K(10944K)
[30.625s][info ][gc             ] GC(68) Pause Young (Allocation Failure) 2174M->388M(2320M) 18.635ms
[30.625s][info ][gc,cpu         ] GC(68) User=0.07s Sys=0.02s Real=0.02s
[30.625s][info ][safepoint      ] Safepoint "ParallelGCFailedAllocation", Time since last: 495435289 ns, Reaching safepoint: 184905 ns, At safepoint: 18755129 ns, Total: 18940034 ns
[31.073s][info ][gc,start       ] GC(69) Pause Young (Allocation Failure)
[31.088s][debug][gc,phases      ] GC(69) Scavenge 14.404ms
[31.088s][debug][gc,ref         ] GC(69) Skipped phase 1 of Reference Processing: no references
[31.088s][debug][gc,ref         ] GC(69) Skipped phase 3 of Reference Processing: no references
[31.088s][debug][gc,ref         ] GC(69) Skipped phase 4 of Reference Processing: no references
[31.088s][debug][gc,phases      ] GC(69) Reference Processing 0.025ms
[31.088s][debug][gc,phases      ] GC(69) Weak Processing 0.554ms
[31.088s][debug][gc,age         ] GC(69) Desired survivor size 116916224 bytes, new threshold 15 (max threshold 15)
[31.088s][info ][gc,heap        ] GC(69) PSYoungGen: 1876300K(1978880K)->18892K(1975296K) Eden: 1857024K(1857024K)->0K(1857024K) From: 19276K(121856K)->18892K(118272K)
[31.088s][info ][gc,heap        ] GC(69) ParOldGen: 378687K(397312K)->379552K(397312K)
[31.088s][info ][gc,metaspace   ] GC(69) Metaspace: 76948K(77568K)->76948K(77568K) NonClass: 66294K(66624K)->66294K(66624K) Class: 10653K(10944K)->10653K(10944K)
[31.088s][info ][gc             ] GC(69) Pause Young (Allocation Failure) 2202M->389M(2317M) 15.147ms
[31.088s][info ][gc,cpu         ] GC(69) User=0.06s Sys=0.00s Real=0.01s
[31.088s][info ][safepoint      ] Safepoint "ParallelGCFailedAllocation", Time since last: 448172550 ns, Reaching safepoint: 264007 ns, At safepoint: 15273731 ns, Total: 15537738 ns
[31.529s][info ][gc,start       ] GC(70) Pause Young (Allocation Failure)
[31.543s][debug][gc,phases      ] GC(70) Scavenge 14.105ms
[31.543s][debug][gc,ref         ] GC(70) Skipped phase 1 of Reference Processing: no references
[31.543s][debug][gc,ref         ] GC(70) Skipped phase 3 of Reference Processing: no references
[31.543s][debug][gc,ref         ] GC(70) Skipped phase 4 of Reference Processing: no references
[31.543s][debug][gc,phases      ] GC(70) Reference Processing 0.024ms
[31.544s][debug][gc,phases      ] GC(70) Weak Processing 0.560ms
[31.544s][debug][gc,age         ] GC(70) Desired survivor size 112721920 bytes, new threshold 15 (max threshold 15)
[31.544s][info ][gc,heap        ] GC(70) PSYoungGen: 1875916K(1975296K)->18188K(1987072K) Eden: 1857024K(1857024K)->0K(1872896K) From: 18892K(118272K)->18188K(114176K)
[31.544s][info ][gc,heap        ] GC(70) ParOldGen: 379552K(397312K)->380620K(397312K)
[31.544s][info ][gc,metaspace   ] GC(70) Metaspace: 76960K(77568K)->76960K(77568K) NonClass: 66306K(66624K)->66306K(66624K) Class: 10653K(10944K)->10653K(10944K)
[31.544s][info ][gc             ] GC(70) Pause Young (Allocation Failure) 2202M->389M(2328M) 14.835ms
[31.544s][info ][gc,cpu         ] GC(70) User=0.07s Sys=0.00s Real=0.02s
[31.544s][info ][safepoint      ] Safepoint "ParallelGCFailedAllocation", Time since last: 438507269 ns, Reaching safepoint: 2200862 ns, At safepoint: 14969522 ns, Total: 17170384 ns
[32.017s][info ][gc,start       ] GC(71) Pause Young (Allocation Failure)
[32.030s][debug][gc,phases      ] GC(71) Scavenge 12.901ms
[32.030s][debug][gc,ref         ] GC(71) Skipped phase 1 of Reference Processing: no references
[32.030s][debug][gc,ref         ] GC(71) Skipped phase 3 of Reference Processing: no references
[32.030s][debug][gc,ref         ] GC(71) Skipped phase 4 of Reference Processing: no references
[32.030s][debug][gc,phases      ] GC(71) Reference Processing 0.035ms
[32.031s][debug][gc,phases      ] GC(71) Weak Processing 0.546ms
[32.031s][debug][gc,age         ] GC(71) Desired survivor size 108003328 bytes, new threshold 15 (max threshold 15)
[32.031s][info ][gc,heap        ] GC(71) PSYoungGen: 1891084K(1987072K)->18256K(1982976K) Eden: 1872896K(1872896K)->0K(1872896K) From: 18188K(114176K)->18256K(110080K)
[32.031s][info ][gc,heap        ] GC(71) ParOldGen: 380620K(397312K)->380900K(397312K)
[32.031s][info ][gc,metaspace   ] GC(71) Metaspace: 76971K(77568K)->76971K(77568K) NonClass: 66318K(66624K)->66318K(66624K) Class: 10653K(10944K)->10653K(10944K)
[32.031s][info ][gc             ] GC(71) Pause Young (Allocation Failure) 2218M->389M(2324M) 13.633ms
[32.031s][info ][gc,cpu         ] GC(71) User=0.04s Sys=0.00s Real=0.01s
[32.031s][info ][safepoint      ] Safepoint "ParallelGCFailedAllocation", Time since last: 472712727 ns, Reaching safepoint: 212206 ns, At safepoint: 13755688 ns, Total: 13967894 ns
[32.499s][info ][gc,start       ] GC(72) Pause Young (Allocation Failure)
[32.513s][debug][gc,phases      ] GC(72) Scavenge 13.004ms
[32.513s][debug][gc,ref         ] GC(72) Skipped phase 1 of Reference Processing: no references
[32.513s][debug][gc,ref         ] GC(72) Skipped phase 3 of Reference Processing: no references
[32.513s][debug][gc,phases      ] GC(72) Reference Processing 0.025ms
[32.513s][debug][gc,phases      ] GC(72) Weak Processing 0.574ms
[32.513s][debug][gc,age         ] GC(72) Desired survivor size 103809024 bytes, new threshold 15 (max threshold 15)
[32.513s][info ][gc,heap        ] GC(72) PSYoungGen: 1891152K(1982976K)->18368K(1995776K) Eden: 1872896K(1872896K)->0K(1890304K) From: 18256K(110080K)->18368K(105472K)
[32.513s][info ][gc,heap        ] GC(72) ParOldGen: 380900K(397312K)->381172K(397312K)
[32.513s][info ][gc,metaspace   ] GC(72) Metaspace: 77012K(77696K)->77012K(77696K) NonClass: 66355K(66752K)->66355K(66752K) Class: 10657K(10944K)->10657K(10944K)
[32.513s][info ][gc             ] GC(72) Pause Young (Allocation Failure) 2218M->390M(2337M) 13.782ms
[32.513s][info ][gc,cpu         ] GC(72) User=0.05s Sys=0.00s Real=0.02s
[32.513s][info ][safepoint      ] Safepoint "ParallelGCFailedAllocation", Time since last: 468442399 ns, Reaching safepoint: 142004 ns, At safepoint: 13883191 ns, Total: 14025195 ns
[32.957s][info ][safepoint      ] Safepoint "ICBufferFull", Time since last: 443650794 ns, Reaching safepoint: 243207 ns, At safepoint: 33800 ns, Total: 277007 ns
[32.986s][info ][gc,start       ] GC(73) Pause Young (Allocation Failure)
[32.997s][debug][gc,phases      ] GC(73) Scavenge 11.216ms
[32.997s][debug][gc,ref         ] GC(73) Skipped phase 1 of Reference Processing: no references
[32.997s][debug][gc,ref         ] GC(73) Skipped phase 3 of Reference Processing: no references
[32.997s][debug][gc,phases      ] GC(73) Reference Processing 0.024ms
[32.998s][debug][gc,phases      ] GC(73) Weak Processing 0.575ms
[32.998s][debug][gc,age         ] GC(73) Desired survivor size 99090432 bytes, new threshold 15 (max threshold 15)
[32.998s][info ][gc,heap        ] GC(73) PSYoungGen: 1908672K(1995776K)->18288K(1991680K) Eden: 1890304K(1890304K)->0K(1890304K) From: 18368K(105472K)->18288K(101376K)
[32.998s][info ][gc,heap        ] GC(73) ParOldGen: 381172K(397312K)->381677K(397312K)
[32.998s][info ][gc,metaspace   ] GC(73) Metaspace: 77029K(77696K)->77029K(77696K) NonClass: 66372K(66752K)->66372K(66752K) Class: 10657K(10944K)->10657K(10944K)
[32.998s][info ][gc             ] GC(73) Pause Young (Allocation Failure) 2236M->390M(2333M) 11.960ms
[32.998s][info ][gc,cpu         ] GC(73) User=0.04s Sys=0.00s Real=0.01s
[32.998s][info ][safepoint      ] Safepoint "ParallelGCFailedAllocation", Time since last: 24058978 ns, Reaching safepoint: 4266720 ns, At safepoint: 12090341 ns, Total: 16357061 ns
[33.454s][info ][gc,start       ] GC(74) Pause Young (Allocation Failure)
[33.466s][debug][gc,phases      ] GC(74) Scavenge 11.989ms
[33.466s][debug][gc,ref         ] GC(74) Skipped phase 1 of Reference Processing: no references
[33.466s][debug][gc,ref         ] GC(74) Skipped phase 3 of Reference Processing: no references
[33.466s][debug][gc,ref         ] GC(74) Skipped phase 4 of Reference Processing: no references
[33.466s][debug][gc,phases      ] GC(74) Reference Processing 0.025ms
[33.467s][debug][gc,phases      ] GC(74) Weak Processing 0.565ms
[33.467s][debug][gc,age         ] GC(74) Desired survivor size 94896128 bytes, new threshold 15 (max threshold 15)
[33.467s][info ][gc,heap        ] GC(74) PSYoungGen: 1908592K(1991680K)->18096K(2004480K) Eden: 1890304K(1890304K)->0K(1907712K) From: 18288K(101376K)->18096K(96768K)
[33.467s][info ][gc,heap        ] GC(74) ParOldGen: 381677K(397312K)->382273K(397312K)
[33.467s][info ][gc,metaspace   ] GC(74) Metaspace: 77042K(77696K)->77042K(77696K) NonClass: 66384K(66752K)->66384K(66752K) Class: 10657K(10944K)->10657K(10944K)
[33.467s][info ][gc             ] GC(74) Pause Young (Allocation Failure) 2236M->390M(2345M) 12.721ms
[33.467s][info ][gc,cpu         ] GC(74) User=0.04s Sys=0.01s Real=0.01s
[33.467s][info ][safepoint      ] Safepoint "ParallelGCFailedAllocation", Time since last: 456124139 ns, Reaching safepoint: 219506 ns, At safepoint: 12830461 ns, Total: 13049967 ns
[33.945s][info ][gc,start       ] GC(75) Pause Young (Allocation Failure)
[33.959s][debug][gc,phases      ] GC(75) Scavenge 13.123ms
[33.959s][debug][gc,ref         ] GC(75) Skipped phase 1 of Reference Processing: no references
[33.959s][debug][gc,ref         ] GC(75) Skipped phase 3 of Reference Processing: no references
[33.959s][debug][gc,phases      ] GC(75) Reference Processing 0.048ms
[33.959s][debug][gc,phases      ] GC(75) Weak Processing 0.572ms
[33.959s][debug][gc,age         ] GC(75) Desired survivor size 90701824 bytes, new threshold 15 (max threshold 15)
[33.959s][info ][gc,heap        ] GC(75) PSYoungGen: 1925808K(2004480K)->17696K(2000384K) Eden: 1907712K(1907712K)->0K(1907712K) From: 18096K(96768K)->17696K(92672K)
[33.959s][info ][gc,heap        ] GC(75) ParOldGen: 382273K(397312K)->383109K(397312K)
[33.959s][info ][gc,metaspace   ] GC(75) Metaspace: 77074K(77760K)->77074K(77760K) NonClass: 66413K(66816K)->66413K(66816K) Class: 10661K(10944K)->10661K(10944K)
[33.959s][info ][gc             ] GC(75) Pause Young (Allocation Failure) 2253M->391M(2341M) 13.896ms
[33.959s][info ][gc,cpu         ] GC(75) User=0.05s Sys=0.00s Real=0.01s
[33.959s][info ][safepoint      ] Safepoint "ParallelGCFailedAllocation", Time since last: 478374356 ns, Reaching safepoint: 181405 ns, At safepoint: 14014694 ns, Total: 14196099 ns
[34.430s][info ][gc,start       ] GC(76) Pause Young (Allocation Failure)
[34.443s][debug][gc,phases      ] GC(76) Scavenge 12.716ms
[34.443s][debug][gc,ref         ] GC(76) Skipped phase 1 of Reference Processing: no references
[34.443s][debug][gc,ref         ] GC(76) Skipped phase 3 of Reference Processing: no references
[34.443s][debug][gc,phases      ] GC(76) Reference Processing 0.037ms
[34.444s][debug][gc,phases      ] GC(76) Weak Processing 0.582ms
[34.444s][debug][gc,age         ] GC(76) Desired survivor size 86507520 bytes, new threshold 15 (max threshold 15)
[34.444s][info ][gc,heap        ] GC(76) PSYoungGen: 1925408K(2000384K)->16880K(2012672K) Eden: 1907712K(1907712K)->0K(1924096K) From: 17696K(92672K)->16880K(88576K)
[34.444s][info ][gc,heap        ] GC(76) ParOldGen: 383109K(397312K)->384313K(397312K)
[34.444s][info ][gc,metaspace   ] GC(76) Metaspace: 77140K(77760K)->77140K(77760K) NonClass: 66467K(66816K)->66467K(66816K) Class: 10672K(10944K)->10672K(10944K)
[34.444s][info ][gc             ] GC(76) Pause Young (Allocation Failure) 2254M->391M(2353M) 13.499ms
[34.444s][info ][gc,cpu         ] GC(76) User=0.04s Sys=0.00s Real=0.02s
[34.444s][info ][safepoint      ] Safepoint "ParallelGCFailedAllocation", Time since last: 466381614 ns, Reaching safepoint: 4427824 ns, At safepoint: 13639884 ns, Total: 18067708 ns
[34.930s][info ][gc,start       ] GC(77) Pause Young (Allocation Failure)
[34.942s][debug][gc,phases      ] GC(77) Scavenge 12.319ms
[34.943s][debug][gc,ref         ] GC(77) Skipped phase 1 of Reference Processing: no references
[34.943s][debug][gc,ref         ] GC(77) Skipped phase 3 of Reference Processing: no references
[34.943s][debug][gc,ref         ] GC(77) Skipped phase 4 of Reference Processing: no references
[34.943s][debug][gc,phases      ] GC(77) Reference Processing 0.025ms
[34.943s][debug][gc,phases      ] GC(77) Weak Processing 0.535ms
[34.943s][debug][gc,age         ] GC(77) Desired survivor size 82837504 bytes, new threshold 15 (max threshold 15)
[34.943s][info ][gc,heap        ] GC(77) PSYoungGen: 1940976K(2012672K)->15936K(2008576K) Eden: 1924096K(1924096K)->0K(1924096K) From: 16880K(88576K)->15936K(84480K)
[34.943s][info ][gc,heap        ] GC(77) ParOldGen: 384313K(397312K)->385733K(397312K)
[34.943s][info ][gc,metaspace   ] GC(77) Metaspace: 77246K(77888K)->77246K(77888K) NonClass: 66573K(66944K)->66573K(66944K) Class: 10673K(10944K)->10673K(10944K)
[34.943s][info ][gc             ] GC(77) Pause Young (Allocation Failure) 2270M->392M(2349M) 13.023ms
[34.943s][info ][gc,cpu         ] GC(77) User=0.04s Sys=0.00s Real=0.02s
[34.943s][info ][safepoint      ] Safepoint "ParallelGCFailedAllocation", Time since last: 485914353 ns, Reaching safepoint: 291308 ns, At safepoint: 13152369 ns, Total: 13443677 ns
[35.493s][info ][gc,start       ] GC(78) Pause Young (Allocation Failure)
[35.505s][debug][gc,phases      ] GC(78) Scavenge 12.186ms
[35.505s][debug][gc,ref         ] GC(78) Skipped phase 1 of Reference Processing: no references
[35.505s][debug][gc,ref         ] GC(78) Skipped phase 3 of Reference Processing: no references
[35.505s][debug][gc,ref         ] GC(78) Skipped phase 4 of Reference Processing: no references
[35.505s][debug][gc,phases      ] GC(78) Reference Processing 0.043ms
[35.506s][debug][gc,phases      ] GC(78) Weak Processing 0.568ms
[35.506s][debug][gc,age         ] GC(78) Desired survivor size 79167488 bytes, new threshold 15 (max threshold 15)
[35.506s][info ][gc,heap        ] GC(78) PSYoungGen: 1940032K(2008576K)->16064K(2019840K) Eden: 1924096K(1924096K)->0K(1938944K) From: 15936K(84480K)->16064K(80896K)
[35.506s][info ][gc,heap        ] GC(78) ParOldGen: 385733K(397312K)->386229K(397312K)
[35.506s][info ][gc,metaspace   ] GC(78) Metaspace: 77322K(77952K)->77322K(77952K) NonClass: 66649K(67008K)->66649K(67008K) Class: 10673K(10944K)->10673K(10944K)
[35.506s][info ][gc             ] GC(78) Pause Young (Allocation Failure) 2271M->392M(2360M) 12.952ms
[35.506s][info ][gc,cpu         ] GC(78) User=0.04s Sys=0.00s Real=0.01s
[35.506s][info ][safepoint      ] Safepoint "ParallelGCFailedAllocation", Time since last: 549568734 ns, Reaching safepoint: 193806 ns, At safepoint: 13098368 ns, Total: 13292174 ns
[35.996s][info ][gc,start       ] GC(79) Pause Young (Allocation Failure)
[36.011s][debug][gc,phases      ] GC(79) Scavenge 15.238ms
[36.011s][debug][gc,ref         ] GC(79) Skipped phase 1 of Reference Processing: no references
[36.011s][debug][gc,ref         ] GC(79) Skipped phase 3 of Reference Processing: no references
[36.011s][debug][gc,ref         ] GC(79) Skipped phase 4 of Reference Processing: no references
[36.011s][debug][gc,phases      ] GC(79) Reference Processing 0.025ms
[36.012s][debug][gc,phases      ] GC(79) Weak Processing 0.540ms
[36.012s][debug][gc,age         ] GC(79) Desired survivor size 76546048 bytes, new threshold 15 (max threshold 15)
[36.012s][info ][gc,heap        ] GC(79) PSYoungGen: 1955008K(2019840K)->8656K(2016256K) Eden: 1938944K(1938944K)->0K(1938944K) From: 16064K(80896K)->8656K(77312K)
[36.012s][info ][gc,heap        ] GC(79) ParOldGen: 386229K(397312K)->394261K(397312K)
[36.012s][info ][gc,metaspace   ] GC(79) Metaspace: 77329K(77952K)->77329K(77952K) NonClass: 66655K(67008K)->66655K(67008K) Class: 10673K(10944K)->10673K(10944K)
[36.012s][info ][gc             ] GC(79) Pause Young (Allocation Failure) 2286M->393M(2357M) 15.946ms
[36.012s][info ][gc,cpu         ] GC(79) User=0.04s Sys=0.01s Real=0.01s
[36.012s][debug][gc,phases      ] GC(80) Pre Compact 0.011ms
[36.012s][info ][gc,start       ] GC(80) Pause Full (Ergonomics)
[36.012s][info ][gc,phases,start] GC(80) Marking Phase
[36.150s][debug][gc,phases      ] GC(80) Par Mark 137.776ms
[36.150s][debug][gc,ref         ] GC(80) Skipped phase 1 of Reference Processing: no references
[36.150s][debug][gc,phases      ] GC(80) Reference Processing 0.451ms
[36.151s][debug][gc,phases      ] GC(80) Weak Processing 0.596ms
[36.151s][debug][gc,phases      ] GC(80) ClassLoaderData 0.072ms
[36.151s][debug][gc,phases      ] GC(80) Trigger cleanups 0.000ms
[36.165s][debug][gc,phases      ] GC(80) Class Unloading 14.718ms
[36.165s][info ][gc,phases      ] GC(80) Marking Phase 153.718ms
[36.165s][info ][gc,phases,start] GC(80) Summary Phase
[36.165s][info ][gc,phases      ] GC(80) Summary Phase 0.016ms
[36.165s][info ][gc,phases,start] GC(80) Adjust Roots
[36.180s][info ][gc,phases      ] GC(80) Adjust Roots 14.682ms
[36.180s][info ][gc,phases,start] GC(80) Compaction Phase
[36.307s][info ][gc,phases      ] GC(80) Compaction Phase 126.790ms
[36.307s][info ][gc,phases,start] GC(80) Post Compact
[36.308s][info ][gc,phases      ] GC(80) Post Compact 1.088ms
[36.308s][info ][gc,heap        ] GC(80) PSYoungGen: 8656K(2016256K)->0K(2022400K) Eden: 0K(1938944K)->0K(1947648K) From: 8656K(77312K)->0K(74752K)
[36.308s][info ][gc,heap        ] GC(80) ParOldGen: 394261K(397312K)->396664K(464896K)
[36.308s][info ][gc,metaspace   ] GC(80) Metaspace: 77329K(77952K)->77329K(77952K) NonClass: 66655K(67008K)->66655K(67008K) Class: 10673K(10944K)->10673K(10944K)
[36.308s][info ][gc             ] GC(80) Pause Full (Ergonomics) 393M->387M(2429M) 296.599ms
[36.308s][info ][gc,cpu         ] GC(80) User=1.08s Sys=0.01s Real=0.30s
[36.309s][info ][safepoint      ] Safepoint "ParallelGCFailedAllocation", Time since last: 489406535 ns, Reaching safepoint: 194505 ns, At safepoint: 312921981 ns, Total: 313116486 ns
[36.799s][info ][gc,start       ] GC(81) Pause Young (Allocation Failure)
[36.801s][debug][gc,phases      ] GC(81) Scavenge 1.925ms
[36.801s][debug][gc,ref         ] GC(81) Skipped phase 1 of Reference Processing: no references
[36.801s][debug][gc,ref         ] GC(81) Skipped phase 2 of Reference Processing: no references
[36.801s][debug][gc,ref         ] GC(81) Skipped phase 3 of Reference Processing: no references
[36.801s][debug][gc,ref         ] GC(81) Skipped phase 4 of Reference Processing: no references
[36.801s][debug][gc,phases      ] GC(81) Reference Processing 0.024ms
[36.801s][debug][gc,phases      ] GC(81) Weak Processing 0.560ms
[36.801s][debug][gc,age         ] GC(81) Desired survivor size 75497472 bytes, new threshold 15 (max threshold 15)
[36.801s][info ][gc,heap        ] GC(81) PSYoungGen: 1947648K(2022400K)->864K(2022400K) Eden: 1947648K(1947648K)->0K(1947648K) From: 0K(74752K)->864K(74752K)
[36.801s][info ][gc,heap        ] GC(81) ParOldGen: 396664K(464896K)->396664K(464896K)
[36.801s][info ][gc,metaspace   ] GC(81) Metaspace: 77344K(77952K)->77344K(77952K) NonClass: 66670K(67008K)->66670K(67008K) Class: 10673K(10944K)->10673K(10944K)
[36.801s][info ][gc             ] GC(81) Pause Young (Allocation Failure) 2289M->388M(2429M) 2.652ms
[36.802s][info ][gc,cpu         ] GC(81) User=0.01s Sys=0.00s Real=0.01s
[36.802s][info ][safepoint      ] Safepoint "ParallelGCFailedAllocation", Time since last: 490007837 ns, Reaching safepoint: 179905 ns, At safepoint: 2764278 ns, Total: 2944183 ns
[37.286s][info ][gc,start       ] GC(82) Pause Young (Allocation Failure)
[37.289s][debug][gc,phases      ] GC(82) Scavenge 2.828ms
[37.289s][debug][gc,ref         ] GC(82) Skipped phase 1 of Reference Processing: no references
[37.289s][debug][gc,ref         ] GC(82) Skipped phase 3 of Reference Processing: no references
[37.289s][debug][gc,phases      ] GC(82) Reference Processing 0.026ms
[37.289s][debug][gc,phases      ] GC(82) Weak Processing 0.606ms
[37.290s][debug][gc,age         ] GC(82) Desired survivor size 73400320 bytes, new threshold 15 (max threshold 15)
[37.290s][info ][gc,heap        ] GC(82) PSYoungGen: 1948512K(2022400K)->1632K(2025472K) Eden: 1947648K(1947648K)->0K(1951744K) From: 864K(74752K)->1632K(73728K)
[37.290s][info ][gc,heap        ] GC(82) ParOldGen: 396664K(464896K)->396672K(464896K)
[37.290s][info ][gc,metaspace   ] GC(82) Metaspace: 77367K(78016K)->77367K(78016K) NonClass: 66691K(67072K)->66691K(67072K) Class: 10676K(10944K)->10676K(10944K)
[37.290s][info ][gc             ] GC(82) Pause Young (Allocation Failure) 2290M->388M(2432M) 3.612ms
[37.290s][info ][gc,cpu         ] GC(82) User=0.02s Sys=0.00s Real=0.00s
[37.290s][info ][safepoint      ] Safepoint "ParallelGCFailedAllocation", Time since last: 484069569 ns, Reaching safepoint: 264908 ns, At safepoint: 3726304 ns, Total: 3991212 ns
[37.798s][info ][gc,start       ] GC(83) Pause Young (Allocation Failure)
[37.801s][debug][gc,phases      ] GC(83) Scavenge 3.218ms
[37.801s][debug][gc,ref         ] GC(83) Skipped phase 1 of Reference Processing: no references
[37.801s][debug][gc,ref         ] GC(83) Skipped phase 3 of Reference Processing: no references
[37.801s][debug][gc,ref         ] GC(83) Skipped phase 4 of Reference Processing: no references
[37.801s][debug][gc,phases      ] GC(83) Reference Processing 0.025ms
[37.802s][debug][gc,phases      ] GC(83) Weak Processing 0.567ms
[37.802s][debug][gc,age         ] GC(83) Desired survivor size 71303168 bytes, new threshold 15 (max threshold 15)
[37.802s][info ][gc,heap        ] GC(83) PSYoungGen: 1953376K(2025472K)->2784K(2023424K) Eden: 1951744K(1951744K)->0K(1951744K) From: 1632K(73728K)->2784K(71680K)
[37.802s][info ][gc,heap        ] GC(83) ParOldGen: 396672K(464896K)->396672K(464896K)
[37.802s][info ][gc,metaspace   ] GC(83) Metaspace: 77379K(78016K)->77379K(78016K) NonClass: 66703K(67072K)->66703K(67072K) Class: 10676K(10944K)->10676K(10944K)
[37.802s][info ][gc             ] GC(83) Pause Young (Allocation Failure) 2294M->390M(2430M) 3.974ms
[37.802s][info ][gc,cpu         ] GC(83) User=0.02s Sys=0.00s Real=0.01s
[37.802s][info ][safepoint      ] Safepoint "ParallelGCFailedAllocation", Time since last: 508041226 ns, Reaching safepoint: 214706 ns, At safepoint: 4089715 ns, Total: 4304421 ns
[38.563s][info ][safepoint      ] Safepoint "ICBufferFull", Time since last: 760932198 ns, Reaching safepoint: 267908 ns, At safepoint: 17600 ns, Total: 285508 ns
[39.564s][info ][safepoint      ] Safepoint "Cleanup", Time since last: 1000120565 ns, Reaching safepoint: 244707 ns, At safepoint: 16400 ns, Total: 261107 ns
[40.564s][info ][safepoint      ] Safepoint "Cleanup", Time since last: 1000120933 ns, Reaching safepoint: 219506 ns, At safepoint: 13101 ns, Total: 232607 ns
[42.458s][info ][safepoint      ] Safepoint "Cleanup", Time since last: 1894232520 ns, Reaching safepoint: 217106 ns, At safepoint: 14300 ns, Total: 231406 ns
[43.459s][info ][safepoint      ] Safepoint "Cleanup", Time since last: 1000120743 ns, Reaching safepoint: 138203 ns, At safepoint: 10901 ns, Total: 149104 ns
[44.459s][info ][safepoint      ] Safepoint "Cleanup", Time since last: 1000109710 ns, Reaching safepoint: 117304 ns, At safepoint: 9300 ns, Total: 126604 ns
[45.459s][info ][safepoint      ] Safepoint "Cleanup", Time since last: 1000105079 ns, Reaching safepoint: 170105 ns, At safepoint: 12300 ns, Total: 182405 ns
[46.459s][info ][safepoint      ] Safepoint "Cleanup", Time since last: 1000111749 ns, Reaching safepoint: 133303 ns, At safepoint: 8001 ns, Total: 141304 ns
[47.460s][info ][safepoint      ] Safepoint "Cleanup", Time since last: 1000113817 ns, Reaching safepoint: 136304 ns, At safepoint: 9300 ns, Total: 145604 ns
[48.460s][info ][safepoint      ] Safepoint "Cleanup", Time since last: 1000104386 ns, Reaching safepoint: 116403 ns, At safepoint: 3900 ns, Total: 120303 ns
[49.460s][info ][safepoint      ] Safepoint "Cleanup", Time since last: 1000111056 ns, Reaching safepoint: 116303 ns, At safepoint: 7200 ns, Total: 123503 ns
[50.517s][info ][safepoint      ] Safepoint "Cleanup", Time since last: 1056283875 ns, Reaching safepoint: 246207 ns, At safepoint: 10300 ns, Total: 256507 ns
[51.572s][info ][safepoint      ] Safepoint "Cleanup", Time since last: 1054764298 ns, Reaching safepoint: 229806 ns, At safepoint: 16701 ns, Total: 246507 ns
[52.572s][info ][safepoint      ] Safepoint "Cleanup", Time since last: 1000120860 ns, Reaching safepoint: 136103 ns, At safepoint: 12801 ns, Total: 148904 ns
[53.572s][info ][safepoint      ] Safepoint "Cleanup", Time since last: 1000128829 ns, Reaching safepoint: 165004 ns, At safepoint: 15001 ns, Total: 180005 ns
[54.367s][info ][gc,start       ] GC(84) Pause Young (Allocation Failure)
[54.372s][debug][gc,phases      ] GC(84) Scavenge 4.555ms
[54.372s][debug][gc,ref         ] GC(84) Skipped phase 1 of Reference Processing: no references
[54.372s][debug][gc,ref         ] GC(84) Skipped phase 3 of Reference Processing: no references
[54.372s][debug][gc,phases      ] GC(84) Reference Processing 0.028ms
[54.373s][debug][gc,phases      ] GC(84) Weak Processing 0.553ms
[54.373s][debug][gc,age         ] GC(84) Desired survivor size 68157440 bytes, new threshold 15 (max threshold 15)
[54.373s][info ][gc,heap        ] GC(84) PSYoungGen: 1954528K(2023424K)->4784K(2030592K) Eden: 1951744K(1951744K)->0K(1960960K) From: 2784K(71680K)->4784K(69632K)
[54.373s][info ][gc,heap        ] GC(84) ParOldGen: 396672K(464896K)->396680K(464896K)
[54.373s][info ][gc,metaspace   ] GC(84) Metaspace: 77737K(78400K)->77737K(78400K) NonClass: 67008K(67392K)->67008K(67392K) Class: 10728K(11008K)->10728K(11008K)
[54.373s][info ][gc             ] GC(84) Pause Young (Allocation Failure) 2296M->392M(2437M) 5.277ms
[54.373s][info ][gc,cpu         ] GC(84) User=0.02s Sys=0.00s Real=0.00s
[54.373s][info ][safepoint      ] Safepoint "ParallelGCFailedAllocation", Time since last: 794972262 ns, Reaching safepoint: 70902 ns, At safepoint: 5385648 ns, Total: 5456550 ns
[55.373s][info ][safepoint      ] Safepoint "Cleanup", Time since last: 1000105973 ns, Reaching safepoint: 167805 ns, At safepoint: 11800 ns, Total: 179605 ns
[56.373s][info ][safepoint      ] Safepoint "Cleanup", Time since last: 1000097743 ns, Reaching safepoint: 136503 ns, At safepoint: 21601 ns, Total: 158104 ns
[57.374s][info ][safepoint      ] Safepoint "Cleanup", Time since last: 1000118413 ns, Reaching safepoint: 186805 ns, At safepoint: 15000 ns, Total: 201805 ns
[58.374s][info ][safepoint      ] Safepoint "Cleanup", Time since last: 1000129983 ns, Reaching safepoint: 174805 ns, At safepoint: 13500 ns, Total: 188305 ns
[59.374s][info ][safepoint      ] Safepoint "Cleanup", Time since last: 1000098551 ns, Reaching safepoint: 137004 ns, At safepoint: 7000 ns, Total: 144004 ns
[60.374s][info ][safepoint      ] Safepoint "Cleanup", Time since last: 1000122822 ns, Reaching safepoint: 136804 ns, At safepoint: 8700 ns, Total: 145504 ns
[61.375s][info ][safepoint      ] Safepoint "Cleanup", Time since last: 1000121591 ns, Reaching safepoint: 147805 ns, At safepoint: 11800 ns, Total: 159605 ns
[62.375s][info ][safepoint      ] Safepoint "Cleanup", Time since last: 1000121361 ns, Reaching safepoint: 99503 ns, At safepoint: 11400 ns, Total: 110903 ns
[63.375s][info ][safepoint      ] Safepoint "Cleanup", Time since last: 1000123731 ns, Reaching safepoint: 71202 ns, At safepoint: 7400 ns, Total: 78602 ns
[64.375s][info ][safepoint      ] Safepoint "Cleanup", Time since last: 1000116801 ns, Reaching safepoint: 99403 ns, At safepoint: 20401 ns, Total: 119804 ns
[65.376s][info ][safepoint      ] Safepoint "Cleanup", Time since last: 1000105770 ns, Reaching safepoint: 149604 ns, At safepoint: 16201 ns, Total: 165805 ns
[67.188s][info ][safepoint      ] Safepoint "Cleanup", Time since last: 1812666370 ns, Reaching safepoint: 135804 ns, At safepoint: 13800 ns, Total: 149604 ns
[68.189s][info ][safepoint      ] Safepoint "Cleanup", Time since last: 1000114487 ns, Reaching safepoint: 61401 ns, At safepoint: 17201 ns, Total: 78602 ns
[69.189s][info ][safepoint      ] Safepoint "Cleanup", Time since last: 1000087456 ns, Reaching safepoint: 68202 ns, At safepoint: 9700 ns, Total: 77902 ns
[70.189s][info ][safepoint      ] Safepoint "Cleanup", Time since last: 1000106727 ns, Reaching safepoint: 63702 ns, At safepoint: 9200 ns, Total: 72902 ns
[71.189s][info ][safepoint      ] Safepoint "Cleanup", Time since last: 1000120098 ns, Reaching safepoint: 51201 ns, At safepoint: 13801 ns, Total: 65002 ns
[72.189s][info ][safepoint      ] Safepoint "Cleanup", Time since last: 1000104267 ns, Reaching safepoint: 68702 ns, At safepoint: 6400 ns, Total: 75102 ns
[73.190s][info ][safepoint      ] Safepoint "Cleanup", Time since last: 1000108839 ns, Reaching safepoint: 56801 ns, At safepoint: 3400 ns, Total: 60201 ns
[74.190s][info ][safepoint      ] Safepoint "Cleanup", Time since last: 1000118109 ns, Reaching safepoint: 73802 ns, At safepoint: 8601 ns, Total: 82403 ns
[75.190s][info ][safepoint      ] Safepoint "Cleanup", Time since last: 1000060278 ns, Reaching safepoint: 61201 ns, At safepoint: 9200 ns, Total: 70401 ns
[76.190s][info ][safepoint      ] Safepoint "Cleanup", Time since last: 1000105850 ns, Reaching safepoint: 51802 ns, At safepoint: 8300 ns, Total: 60102 ns
[77.190s][info ][safepoint      ] Safepoint "Cleanup", Time since last: 1000105120 ns, Reaching safepoint: 75302 ns, At safepoint: 10301 ns, Total: 85603 ns
[78.190s][info ][safepoint      ] Safepoint "Cleanup", Time since last: 1000120891 ns, Reaching safepoint: 137804 ns, At safepoint: 10400 ns, Total: 148204 ns
[78.901s][info ][gc,start       ] GC(85) Pause Young (Allocation Failure)
[78.905s][debug][gc,phases      ] GC(85) Scavenge 3.763ms
[78.905s][debug][gc,ref         ] GC(85) Skipped phase 1 of Reference Processing: no references
[78.905s][debug][gc,ref         ] GC(85) Skipped phase 3 of Reference Processing: no references
[78.905s][debug][gc,phases      ] GC(85) Reference Processing 0.045ms
[78.906s][debug][gc,phases      ] GC(85) Weak Processing 0.568ms
[78.906s][debug][gc,age         ] GC(85) Desired survivor size 65011712 bytes, new threshold 15 (max threshold 15)
[78.906s][info ][gc,heap        ] GC(85) PSYoungGen: 1965744K(2030592K)->6160K(2027520K) Eden: 1960960K(1960960K)->0K(1960960K) From: 4784K(69632K)->6160K(66560K)
[78.906s][info ][gc,heap        ] GC(85) ParOldGen: 396680K(464896K)->396688K(464896K)
[78.906s][info ][gc,metaspace   ] GC(85) Metaspace: 77985K(78592K)->77985K(78592K) NonClass: 67246K(67584K)->67246K(67584K) Class: 10738K(11008K)->10738K(11008K)
[78.906s][info ][gc             ] GC(85) Pause Young (Allocation Failure) 2307M->393M(2434M) 4.522ms
[78.906s][info ][gc,cpu         ] GC(85) User=0.02s Sys=0.00s Real=0.00s
[78.906s][info ][safepoint      ] Safepoint "ParallelGCFailedAllocation", Time since last: 710806122 ns, Reaching safepoint: 97202 ns, At safepoint: 4618524 ns, Total: 4715726 ns
[79.269s][info ][safepoint      ] Safepoint "ICBufferFull", Time since last: 362833308 ns, Reaching safepoint: 318209 ns, At safepoint: 20800 ns, Total: 339009 ns
[80.653s][info ][safepoint      ] Safepoint "Cleanup", Time since last: 1383126557 ns, Reaching safepoint: 210006 ns, At safepoint: 12800 ns, Total: 222806 ns
[81.653s][info ][safepoint      ] Safepoint "Cleanup", Time since last: 1000102990 ns, Reaching safepoint: 70702 ns, At safepoint: 4300 ns, Total: 75002 ns
[82.653s][info ][safepoint      ] Safepoint "Cleanup", Time since last: 1000096461 ns, Reaching safepoint: 60302 ns, At safepoint: 10100 ns, Total: 70402 ns
[83.653s][info ][safepoint      ] Safepoint "Cleanup", Time since last: 1000068332 ns, Reaching safepoint: 68301 ns, At safepoint: 6701 ns, Total: 75002 ns
[84.653s][info ][safepoint      ] Safepoint "Cleanup", Time since last: 1000138304 ns, Reaching safepoint: 97303 ns, At safepoint: 8100 ns, Total: 105403 ns
[85.653s][info ][safepoint      ] Safepoint "Cleanup", Time since last: 1000101374 ns, Reaching safepoint: 74802 ns, At safepoint: 12201 ns, Total: 87003 ns
[86.654s][info ][safepoint      ] Safepoint "Cleanup", Time since last: 1000130746 ns, Reaching safepoint: 76502 ns, At safepoint: 6300 ns, Total: 82802 ns
[87.654s][info ][safepoint      ] Safepoint "Cleanup", Time since last: 1000129018 ns, Reaching safepoint: 54701 ns, At safepoint: 7001 ns, Total: 61702 ns
[88.654s][info ][safepoint      ] Safepoint "Cleanup", Time since last: 1000110688 ns, Reaching safepoint: 77602 ns, At safepoint: 7000 ns, Total: 84602 ns
[89.654s][info ][safepoint      ] Safepoint "Cleanup", Time since last: 1000116361 ns, Reaching safepoint: 56601 ns, At safepoint: 3500 ns, Total: 60101 ns
[90.654s][info ][safepoint      ] Safepoint "Cleanup", Time since last: 1000109631 ns, Reaching safepoint: 76803 ns, At safepoint: 8400 ns, Total: 85203 ns
[91.655s][info ][safepoint      ] Safepoint "Cleanup", Time since last: 1000112903 ns, Reaching safepoint: 66501 ns, At safepoint: 10801 ns, Total: 77302 ns
[93.272s][info ][safepoint      ] Safepoint "Cleanup", Time since last: 1617758452 ns, Reaching safepoint: 140803 ns, At safepoint: 8700 ns, Total: 149503 ns
[94.273s][info ][safepoint      ] Safepoint "Cleanup", Time since last: 1000126929 ns, Reaching safepoint: 130904 ns, At safepoint: 7100 ns, Total: 138004 ns
[95.368s][info ][safepoint      ] Safepoint "Cleanup", Time since last: 1095260000 ns, Reaching safepoint: 191405 ns, At safepoint: 21100 ns, Total: 212505 ns
[96.369s][info ][safepoint      ] Safepoint "Cleanup", Time since last: 1000112870 ns, Reaching safepoint: 163804 ns, At safepoint: 11500 ns, Total: 175304 ns
[97.369s][info ][safepoint      ] Safepoint "Cleanup", Time since last: 1000125142 ns, Reaching safepoint: 148504 ns, At safepoint: 12700 ns, Total: 161204 ns
[98.369s][info ][safepoint      ] Safepoint "Cleanup", Time since last: 1000118513 ns, Reaching safepoint: 172504 ns, At safepoint: 8301 ns, Total: 180805 ns
[99.369s][info ][safepoint      ] Safepoint "Cleanup", Time since last: 1000127885 ns, Reaching safepoint: 146704 ns, At safepoint: 20100 ns, Total: 166804 ns
[100.370s][info ][safepoint      ] Safepoint "Cleanup", Time since last: 1000150158 ns, Reaching safepoint: 160004 ns, At safepoint: 16601 ns, Total: 176605 ns
[101.370s][info ][safepoint      ] Safepoint "Cleanup", Time since last: 1000120329 ns, Reaching safepoint: 139903 ns, At safepoint: 11401 ns, Total: 151304 ns
[102.370s][info ][safepoint      ] Safepoint "Cleanup", Time since last: 1000152402 ns, Reaching safepoint: 85802 ns, At safepoint: 16500 ns, Total: 102302 ns
[102.813s][info ][gc,start       ] GC(86) Pause Young (Allocation Failure)
[102.818s][debug][gc,phases      ] GC(86) Scavenge 5.249ms
[102.818s][debug][gc,ref         ] GC(86) Skipped phase 1 of Reference Processing: no references
[102.818s][debug][gc,ref         ] GC(86) Skipped phase 3 of Reference Processing: no references
[102.818s][debug][gc,phases      ] GC(86) Reference Processing 0.032ms
[102.819s][debug][gc,phases      ] GC(86) Weak Processing 0.584ms
[102.819s][debug][gc,age         ] GC(86) Desired survivor size 61865984 bytes, new threshold 15 (max threshold 15)
[102.819s][info ][gc,heap        ] GC(86) PSYoungGen: 1967120K(2027520K)->6144K(2036736K) Eden: 1960960K(1960960K)->0K(1973248K) From: 6160K(66560K)->6144K(63488K)
[102.819s][info ][gc,heap        ] GC(86) ParOldGen: 396688K(464896K)->396696K(464896K)
[102.819s][info ][gc,metaspace   ] GC(86) Metaspace: 78386K(79040K)->78386K(79040K) NonClass: 67612K(67968K)->67612K(67968K) Class: 10773K(11072K)->10773K(11072K)
[102.819s][info ][gc             ] GC(86) Pause Young (Allocation Failure) 2308M->393M(2443M) 6.013ms
[102.819s][info ][gc,cpu         ] GC(86) User=0.02s Sys=0.00s Real=0.00s
[102.819s][info ][safepoint      ] Safepoint "ParallelGCFailedAllocation", Time since last: 442658942 ns, Reaching safepoint: 81302 ns, At safepoint: 6120860 ns, Total: 6202162 ns
[103.819s][info ][safepoint      ] Safepoint "Cleanup", Time since last: 1000107660 ns, Reaching safepoint: 160004 ns, At safepoint: 16401 ns, Total: 176405 ns
[104.820s][info ][safepoint      ] Safepoint "Cleanup", Time since last: 1000125633 ns, Reaching safepoint: 155904 ns, At safepoint: 11200 ns, Total: 167104 ns
[105.820s][info ][safepoint      ] Safepoint "Cleanup", Time since last: 1000128306 ns, Reaching safepoint: 136103 ns, At safepoint: 15700 ns, Total: 151803 ns
[106.820s][info ][safepoint      ] Safepoint "Cleanup", Time since last: 1000115078 ns, Reaching safepoint: 116803 ns, At safepoint: 11500 ns, Total: 128303 ns
[107.820s][info ][safepoint      ] Safepoint "Cleanup", Time since last: 1000136651 ns, Reaching safepoint: 136503 ns, At safepoint: 11400 ns, Total: 147903 ns
[108.821s][info ][safepoint      ] Safepoint "Cleanup", Time since last: 1000146424 ns, Reaching safepoint: 141503 ns, At safepoint: 6700 ns, Total: 148203 ns
[109.821s][info ][safepoint      ] Safepoint "Cleanup", Time since last: 1000090194 ns, Reaching safepoint: 148504 ns, At safepoint: 8801 ns, Total: 157305 ns
[110.821s][info ][safepoint      ] Safepoint "Cleanup", Time since last: 1000134567 ns, Reaching safepoint: 131804 ns, At safepoint: 14500 ns, Total: 146304 ns
[111.822s][info ][safepoint      ] Safepoint "Cleanup", Time since last: 1000111540 ns, Reaching safepoint: 136303 ns, At safepoint: 11101 ns, Total: 147404 ns
[112.822s][info ][safepoint      ] Safepoint "Cleanup", Time since last: 1000124612 ns, Reaching safepoint: 149304 ns, At safepoint: 13001 ns, Total: 162305 ns
[113.822s][info ][safepoint      ] Safepoint "Cleanup", Time since last: 1000120585 ns, Reaching safepoint: 136403 ns, At safepoint: 12801 ns, Total: 149204 ns
[115.822s][info ][safepoint      ] Safepoint "Cleanup", Time since last: 2000190487 ns, Reaching safepoint: 142904 ns, At safepoint: 7400 ns, Total: 150304 ns
[116.823s][info ][safepoint      ] Safepoint "Cleanup", Time since last: 1000130004 ns, Reaching safepoint: 142004 ns, At safepoint: 9500 ns, Total: 151504 ns
[118.823s][info ][safepoint      ] Safepoint "Cleanup", Time since last: 2000186725 ns, Reaching safepoint: 134104 ns, At safepoint: 10100 ns, Total: 144204 ns
[119.823s][info ][safepoint      ] Safepoint "Cleanup", Time since last: 1000129423 ns, Reaching safepoint: 57001 ns, At safepoint: 14200 ns, Total: 71201 ns
[120.824s][info ][safepoint      ] Safepoint "Cleanup", Time since last: 1000134697 ns, Reaching safepoint: 136003 ns, At safepoint: 7300 ns, Total: 143303 ns
[121.824s][info ][safepoint      ] Safepoint "Cleanup", Time since last: 1000118169 ns, Reaching safepoint: 128103 ns, At safepoint: 7300 ns, Total: 135403 ns
[122.824s][info ][safepoint      ] Safepoint "Cleanup", Time since last: 1000120942 ns, Reaching safepoint: 57502 ns, At safepoint: 12100 ns, Total: 69602 ns
[123.824s][info ][safepoint      ] Safepoint "Cleanup", Time since last: 1000124616 ns, Reaching safepoint: 121503 ns, At safepoint: 12600 ns, Total: 134103 ns
[124.825s][info ][safepoint      ] Safepoint "Cleanup", Time since last: 1000123389 ns, Reaching safepoint: 138903 ns, At safepoint: 7100 ns, Total: 146003 ns
[125.825s][info ][safepoint      ] Safepoint "Cleanup", Time since last: 1000110962 ns, Reaching safepoint: 131903 ns, At safepoint: 6800 ns, Total: 138703 ns
[126.825s][info ][safepoint      ] Safepoint "Cleanup", Time since last: 1000108235 ns, Reaching safepoint: 147204 ns, At safepoint: 15400 ns, Total: 162604 ns
[127.825s][info ][safepoint      ] Safepoint "Cleanup", Time since last: 1000116809 ns, Reaching safepoint: 52001 ns, At safepoint: 13001 ns, Total: 65002 ns
[128.825s][info ][safepoint      ] Safepoint "Cleanup", Time since last: 1000122482 ns, Reaching safepoint: 55101 ns, At safepoint: 7900 ns, Total: 63001 ns
[128.873s][info ][gc,start       ] GC(87) Pause Young (Allocation Failure)
[128.877s][debug][gc,phases      ] GC(87) Scavenge 3.843ms
[128.877s][debug][gc,ref         ] GC(87) Skipped phase 1 of Reference Processing: no references
[128.877s][debug][gc,ref         ] GC(87) Skipped phase 3 of Reference Processing: no references
[128.877s][debug][gc,phases      ] GC(87) Reference Processing 0.025ms
[128.878s][debug][gc,phases      ] GC(87) Weak Processing 0.568ms
[128.878s][debug][gc,age         ] GC(87) Desired survivor size 58195968 bytes, new threshold 15 (max threshold 15)
[128.878s][info ][gc,heap        ] GC(87) PSYoungGen: 1979392K(2036736K)->6496K(2033664K) Eden: 1973248K(1973248K)->0K(1973248K) From: 6144K(63488K)->6496K(60416K)
[128.878s][info ][gc,heap        ] GC(87) ParOldGen: 396696K(464896K)->396704K(464896K)
[128.878s][info ][gc,metaspace   ] GC(87) Metaspace: 78517K(79168K)->78517K(79168K) NonClass: 67740K(68096K)->67740K(68096K) Class: 10776K(11072K)->10776K(11072K)
[128.878s][info ][gc             ] GC(87) Pause Young (Allocation Failure) 2320M->393M(2440M) 4.578ms
[128.878s][info ][gc,cpu         ] GC(87) User=0.02s Sys=0.00s Real=0.00s
[128.878s][info ][safepoint      ] Safepoint "ParallelGCFailedAllocation", Time since last: 47727111 ns, Reaching safepoint: 39801 ns, At safepoint: 4662418 ns, Total: 4702219 ns
[129.878s][info ][safepoint      ] Safepoint "Cleanup", Time since last: 1000089254 ns, Reaching safepoint: 64702 ns, At safepoint: 13300 ns, Total: 78002 ns
[130.878s][info ][safepoint      ] Safepoint "Cleanup", Time since last: 1000124128 ns, Reaching safepoint: 63801 ns, At safepoint: 4101 ns, Total: 67902 ns
[131.878s][info ][safepoint      ] Safepoint "Cleanup", Time since last: 1000126301 ns, Reaching safepoint: 60802 ns, At safepoint: 9600 ns, Total: 70402 ns
[132.879s][info ][safepoint      ] Safepoint "Cleanup", Time since last: 1000102175 ns, Reaching safepoint: 63201 ns, At safepoint: 11801 ns, Total: 75002 ns
[133.879s][info ][safepoint      ] Safepoint "Cleanup", Time since last: 1000079148 ns, Reaching safepoint: 58301 ns, At safepoint: 8100 ns, Total: 66401 ns
[134.879s][info ][safepoint      ] Safepoint "Cleanup", Time since last: 1000110423 ns, Reaching safepoint: 78602 ns, At safepoint: 9100 ns, Total: 87702 ns
[136.714s][info ][safepoint      ] Safepoint "Cleanup", Time since last: 1835079412 ns, Reaching safepoint: 143104 ns, At safepoint: 10100 ns, Total: 153204 ns
[137.714s][info ][safepoint      ] Safepoint "Cleanup", Time since last: 1000138049 ns, Reaching safepoint: 121503 ns, At safepoint: 14901 ns, Total: 136404 ns
[138.715s][info ][safepoint      ] Safepoint "Cleanup", Time since last: 1000120622 ns, Reaching safepoint: 176505 ns, At safepoint: 16700 ns, Total: 193205 ns
[139.715s][info ][safepoint      ] Safepoint "Cleanup", Time since last: 1000113397 ns, Reaching safepoint: 147504 ns, At safepoint: 11600 ns, Total: 159104 ns
[140.715s][info ][safepoint      ] Safepoint "Cleanup", Time since last: 1000116571 ns, Reaching safepoint: 140903 ns, At safepoint: 15601 ns, Total: 156504 ns
[141.716s][info ][safepoint      ] Safepoint "Cleanup", Time since last: 1000142545 ns, Reaching safepoint: 162904 ns, At safepoint: 12101 ns, Total: 175005 ns
[142.716s][info ][safepoint      ] Safepoint "Cleanup", Time since last: 1000141019 ns, Reaching safepoint: 147704 ns, At safepoint: 9700 ns, Total: 157404 ns
[145.716s][info ][safepoint      ] Safepoint "Cleanup", Time since last: 3000270602 ns, Reaching safepoint: 124303 ns, At safepoint: 8500 ns, Total: 132803 ns
[146.717s][info ][safepoint      ] Safepoint "Cleanup", Time since last: 1000119416 ns, Reaching safepoint: 137104 ns, At safepoint: 11800 ns, Total: 148904 ns
[147.717s][info ][safepoint      ] Safepoint "Cleanup", Time since last: 1000124991 ns, Reaching safepoint: 140804 ns, At safepoint: 10100 ns, Total: 150904 ns
[149.717s][info ][safepoint      ] Safepoint "Cleanup", Time since last: 2000180704 ns, Reaching safepoint: 129903 ns, At safepoint: 13601 ns, Total: 143504 ns
[150.717s][info ][safepoint      ] Safepoint "Cleanup", Time since last: 1000135315 ns, Reaching safepoint: 139803 ns, At safepoint: 13800 ns, Total: 153603 ns
[151.718s][info ][safepoint      ] Safepoint "Cleanup", Time since last: 1000115689 ns, Reaching safepoint: 137104 ns, At safepoint: 10900 ns, Total: 148004 ns
[152.718s][info ][safepoint      ] Safepoint "Cleanup", Time since last: 1000127764 ns, Reaching safepoint: 147904 ns, At safepoint: 8900 ns, Total: 156804 ns
[153.718s][info ][safepoint      ] Safepoint "Cleanup", Time since last: 1000124039 ns, Reaching safepoint: 143704 ns, At safepoint: 9600 ns, Total: 153304 ns
[154.719s][info ][safepoint      ] Safepoint "Cleanup", Time since last: 1000133914 ns, Reaching safepoint: 156204 ns, At safepoint: 14700 ns, Total: 170904 ns
[154.922s][info ][gc,start       ] GC(88) Pause Young (Allocation Failure)
[154.928s][debug][gc,phases      ] GC(88) Scavenge 6.294ms
[154.928s][debug][gc,ref         ] GC(88) Skipped phase 1 of Reference Processing: no references
[154.928s][debug][gc,ref         ] GC(88) Skipped phase 3 of Reference Processing: no references
[154.928s][debug][gc,phases      ] GC(88) Reference Processing 0.027ms
[154.928s][debug][gc,phases      ] GC(88) Weak Processing 0.564ms
[154.929s][debug][gc,age         ] GC(88) Desired survivor size 55050240 bytes, new threshold 15 (max threshold 15)
[154.929s][info ][gc,heap        ] GC(88) PSYoungGen: 1979744K(2033664K)->6736K(2043392K) Eden: 1973248K(1973248K)->0K(1986560K) From: 6496K(60416K)->6736K(56832K)
[154.929s][info ][gc,heap        ] GC(88) ParOldGen: 396704K(464896K)->396712K(464896K)
[154.929s][info ][gc,metaspace   ] GC(88) Metaspace: 78670K(79296K)->78670K(79296K) NonClass: 67891K(68224K)->67891K(68224K) Class: 10779K(11072K)->10779K(11072K)
[154.929s][info ][gc             ] GC(88) Pause Young (Allocation Failure) 2320M->393M(2449M) 7.039ms
[154.929s][info ][gc,cpu         ] GC(88) User=0.03s Sys=0.00s Real=0.00s
[154.929s][info ][safepoint      ] Safepoint "ParallelGCFailedAllocation", Time since last: 202809709 ns, Reaching safepoint: 39701 ns, At safepoint: 7133576 ns, Total: 7173277 ns
[156.929s][info ][safepoint      ] Safepoint "Cleanup", Time since last: 2000161039 ns, Reaching safepoint: 84202 ns, At safepoint: 5600 ns, Total: 89802 ns
[157.929s][info ][safepoint      ] Safepoint "Cleanup", Time since last: 1000096932 ns, Reaching safepoint: 52102 ns, At safepoint: 17500 ns, Total: 69602 ns
[158.929s][info ][safepoint      ] Safepoint "Cleanup", Time since last: 1000104508 ns, Reaching safepoint: 59401 ns, At safepoint: 9900 ns, Total: 69301 ns
[159.929s][info ][safepoint      ] Safepoint "Cleanup", Time since last: 1000121583 ns, Reaching safepoint: 63002 ns, At safepoint: 9600 ns, Total: 72602 ns
[160.930s][info ][safepoint      ] Safepoint "Cleanup", Time since last: 1000072957 ns, Reaching safepoint: 49501 ns, At safepoint: 3900 ns, Total: 53401 ns
[161.930s][info ][safepoint      ] Safepoint "Cleanup", Time since last: 1000115334 ns, Reaching safepoint: 82702 ns, At safepoint: 15000 ns, Total: 97702 ns
[163.930s][info ][safepoint      ] Safepoint "Cleanup", Time since last: 2000185291 ns, Reaching safepoint: 58901 ns, At safepoint: 9900 ns, Total: 68801 ns
[164.930s][info ][safepoint      ] Safepoint "Cleanup", Time since last: 1000123759 ns, Reaching safepoint: 67902 ns, At safepoint: 8400 ns, Total: 76302 ns
[165.930s][info ][safepoint      ] Safepoint "Cleanup", Time since last: 1000130135 ns, Reaching safepoint: 57901 ns, At safepoint: 6700 ns, Total: 64601 ns
[166.931s][info ][safepoint      ] Safepoint "Cleanup", Time since last: 1000109310 ns, Reaching safepoint: 55601 ns, At safepoint: 8601 ns, Total: 64202 ns
[167.931s][info ][safepoint      ] Safepoint "Cleanup", Time since last: 1000108584 ns, Reaching safepoint: 55102 ns, At safepoint: 8300 ns, Total: 63402 ns
[168.931s][info ][safepoint      ] Safepoint "Cleanup", Time since last: 1000102860 ns, Reaching safepoint: 51001 ns, At safepoint: 4000 ns, Total: 55001 ns
[169.931s][info ][safepoint      ] Safepoint "Cleanup", Time since last: 1000111036 ns, Reaching safepoint: 60202 ns, At safepoint: 5100 ns, Total: 65302 ns
[170.931s][info ][safepoint      ] Safepoint "Cleanup", Time since last: 1000103511 ns, Reaching safepoint: 53102 ns, At safepoint: 3700 ns, Total: 56802 ns
[171.931s][info ][safepoint      ] Safepoint "Cleanup", Time since last: 1000118687 ns, Reaching safepoint: 54501 ns, At safepoint: 4501 ns, Total: 59002 ns
[172.932s][info ][safepoint      ] Safepoint "Cleanup", Time since last: 1000123663 ns, Reaching safepoint: 127603 ns, At safepoint: 11900 ns, Total: 139503 ns
[173.932s][info ][safepoint      ] Safepoint "Cleanup", Time since last: 1000123639 ns, Reaching safepoint: 55801 ns, At safepoint: 4000 ns, Total: 59801 ns
[174.932s][info ][safepoint      ] Safepoint "Cleanup", Time since last: 1000114315 ns, Reaching safepoint: 122603 ns, At safepoint: 8700 ns, Total: 131303 ns
[175.932s][info ][safepoint      ] Safepoint "Cleanup", Time since last: 1000111790 ns, Reaching safepoint: 53802 ns, At safepoint: 5300 ns, Total: 59102 ns
[176.932s][info ][safepoint      ] Safepoint "Cleanup", Time since last: 1000102865 ns, Reaching safepoint: 55202 ns, At safepoint: 7400 ns, Total: 62602 ns
[177.933s][info ][safepoint      ] Safepoint "Cleanup", Time since last: 1000112442 ns, Reaching safepoint: 57901 ns, At safepoint: 8201 ns, Total: 66102 ns
[178.933s][info ][safepoint      ] Safepoint "Cleanup", Time since last: 1000121018 ns, Reaching safepoint: 58101 ns, At safepoint: 14500 ns, Total: 72601 ns
[179.933s][info ][safepoint      ] Safepoint "Cleanup", Time since last: 1000089694 ns, Reaching safepoint: 56901 ns, At safepoint: 9900 ns, Total: 66801 ns
[180.876s][info ][gc,start       ] GC(89) Pause Young (Allocation Failure)
[180.881s][debug][gc,phases      ] GC(89) Scavenge 4.049ms
[180.881s][debug][gc,ref         ] GC(89) Skipped phase 1 of Reference Processing: no references
[180.881s][debug][gc,ref         ] GC(89) Skipped phase 3 of Reference Processing: no references
[180.881s][debug][gc,phases      ] GC(89) Reference Processing 0.026ms
[180.881s][debug][gc,phases      ] GC(89) Weak Processing 0.585ms
[180.881s][debug][gc,age         ] GC(89) Desired survivor size 51904512 bytes, new threshold 15 (max threshold 15)
[180.881s][info ][gc,heap        ] GC(89) PSYoungGen: 1993296K(2043392K)->7248K(2040320K) Eden: 1986560K(1986560K)->0K(1986560K) From: 6736K(56832K)->7248K(53760K)
[180.881s][info ][gc,heap        ] GC(89) ParOldGen: 396712K(464896K)->396720K(464896K)
[180.881s][info ][gc,metaspace   ] GC(89) Metaspace: 78704K(79360K)->78704K(79360K) NonClass: 67925K(68288K)->67925K(68288K) Class: 10779K(11072K)->10779K(11072K)
[180.881s][info ][gc             ] GC(89) Pause Young (Allocation Failure) 2333M->394M(2446M) 4.892ms
[180.881s][info ][gc,cpu         ] GC(89) User=0.02s Sys=0.00s Real=0.01s
[180.881s][info ][safepoint      ] Safepoint "ParallelGCFailedAllocation", Time since last: 943463808 ns, Reaching safepoint: 49201 ns, At safepoint: 4986320 ns, Total: 5035521 ns
[181.882s][info ][safepoint      ] Safepoint "Cleanup", Time since last: 1000083246 ns, Reaching safepoint: 57702 ns, At safepoint: 7200 ns, Total: 64902 ns
[182.882s][info ][safepoint      ] Safepoint "Cleanup", Time since last: 1000116623 ns, Reaching safepoint: 149104 ns, At safepoint: 11600 ns, Total: 160704 ns
[184.711s][info ][safepoint      ] Safepoint "Cleanup", Time since last: 1828455159 ns, Reaching safepoint: 207405 ns, At safepoint: 10501 ns, Total: 217906 ns
[186.618s][info ][safepoint      ] Safepoint "Cleanup", Time since last: 1907545072 ns, Reaching safepoint: 171904 ns, At safepoint: 9400 ns, Total: 181304 ns
[187.619s][info ][safepoint      ] Safepoint "Cleanup", Time since last: 1000126311 ns, Reaching safepoint: 168304 ns, At safepoint: 17001 ns, Total: 185305 ns
[188.619s][info ][safepoint      ] Safepoint "Cleanup", Time since last: 1000111287 ns, Reaching safepoint: 123303 ns, At safepoint: 10000 ns, Total: 133303 ns
[189.619s][info ][safepoint      ] Safepoint "Cleanup", Time since last: 1000125765 ns, Reaching safepoint: 138803 ns, At safepoint: 12400 ns, Total: 151203 ns
[190.619s][info ][safepoint      ] Safepoint "Cleanup", Time since last: 1000125641 ns, Reaching safepoint: 127803 ns, At safepoint: 9200 ns, Total: 137003 ns
[192.620s][info ][safepoint      ] Safepoint "Cleanup", Time since last: 2000215111 ns, Reaching safepoint: 133203 ns, At safepoint: 15900 ns, Total: 149103 ns
[193.620s][info ][safepoint      ] Safepoint "Cleanup", Time since last: 1000140471 ns, Reaching safepoint: 138903 ns, At safepoint: 12301 ns, Total: 151204 ns
[195.620s][info ][safepoint      ] Safepoint "Cleanup", Time since last: 2000204670 ns, Reaching safepoint: 140903 ns, At safepoint: 16400 ns, Total: 157303 ns
[196.621s][info ][safepoint      ] Safepoint "Cleanup", Time since last: 1000120501 ns, Reaching safepoint: 154604 ns, At safepoint: 18400 ns, Total: 173004 ns
[197.621s][info ][safepoint      ] Safepoint "Cleanup", Time since last: 1000133978 ns, Reaching safepoint: 127903 ns, At safepoint: 16200 ns, Total: 144103 ns
[198.621s][info ][safepoint      ] Safepoint "Cleanup", Time since last: 1000088454 ns, Reaching safepoint: 129803 ns, At safepoint: 11300 ns, Total: 141103 ns
[199.621s][info ][safepoint      ] Safepoint "Cleanup", Time since last: 1000126832 ns, Reaching safepoint: 113002 ns, At safepoint: 10200 ns, Total: 123202 ns
[200.622s][info ][safepoint      ] Safepoint "Cleanup", Time since last: 1000113408 ns, Reaching safepoint: 137704 ns, At safepoint: 13200 ns, Total: 150904 ns
[201.622s][info ][safepoint      ] Safepoint "Cleanup", Time since last: 1000136586 ns, Reaching safepoint: 158603 ns, At safepoint: 12101 ns, Total: 170704 ns
[202.622s][info ][safepoint      ] Safepoint "Cleanup", Time since last: 1000124462 ns, Reaching safepoint: 134203 ns, At safepoint: 15400 ns, Total: 149603 ns
[204.623s][info ][safepoint      ] Safepoint "Cleanup", Time since last: 2000196555 ns, Reaching safepoint: 132803 ns, At safepoint: 12901 ns, Total: 145704 ns
[205.623s][info ][safepoint      ] Safepoint "Cleanup", Time since last: 1000117193 ns, Reaching safepoint: 60602 ns, At safepoint: 5300 ns, Total: 65902 ns
[206.623s][info ][safepoint      ] Safepoint "Cleanup", Time since last: 1000124871 ns, Reaching safepoint: 135303 ns, At safepoint: 16300 ns, Total: 151603 ns
[207.623s][info ][safepoint      ] Safepoint "Cleanup", Time since last: 1000118148 ns, Reaching safepoint: 134203 ns, At safepoint: 12401 ns, Total: 146604 ns
[207.821s][info ][gc,start       ] GC(90) Pause Young (Allocation Failure)
[207.827s][debug][gc,phases      ] GC(90) Scavenge 5.886ms
[207.827s][debug][gc,ref         ] GC(90) Skipped phase 1 of Reference Processing: no references
[207.827s][debug][gc,ref         ] GC(90) Skipped phase 3 of Reference Processing: no references
[207.827s][debug][gc,phases      ] GC(90) Reference Processing 0.030ms
[207.828s][debug][gc,phases      ] GC(90) Weak Processing 0.579ms
[207.828s][debug][gc,age         ] GC(90) Desired survivor size 48758784 bytes, new threshold 15 (max threshold 15)
[207.828s][info ][gc,heap        ] GC(90) PSYoungGen: 1993808K(2040320K)->7408K(2049536K) Eden: 1986560K(1986560K)->0K(1998848K) From: 7248K(53760K)->7408K(50688K)
[207.828s][info ][gc,heap        ] GC(90) ParOldGen: 396720K(464896K)->396728K(464896K)
[207.828s][info ][gc,metaspace   ] GC(90) Metaspace: 78782K(79424K)->78782K(79424K) NonClass: 68003K(68352K)->68003K(68352K) Class: 10779K(11072K)->10779K(11072K)
[207.828s][info ][gc             ] GC(90) Pause Young (Allocation Failure) 2334M->394M(2455M) 6.660ms
[207.828s][info ][gc,cpu         ] GC(90) User=0.02s Sys=0.00s Real=0.00s
[207.828s][info ][safepoint      ] Safepoint "ParallelGCFailedAllocation", Time since last: 198007939 ns, Reaching safepoint: 35001 ns, At safepoint: 6747658 ns, Total: 6782659 ns
[208.828s][info ][safepoint      ] Safepoint "Cleanup", Time since last: 1000090620 ns, Reaching safepoint: 60302 ns, At safepoint: 8800 ns, Total: 69102 ns
[209.828s][info ][safepoint      ] Safepoint "Cleanup", Time since last: 1000118698 ns, Reaching safepoint: 57701 ns, At safepoint: 4000 ns, Total: 61701 ns
[211.829s][info ][safepoint      ] Safepoint "Cleanup", Time since last: 2000178428 ns, Reaching safepoint: 67401 ns, At safepoint: 4800 ns, Total: 72201 ns
[212.829s][info ][safepoint      ] Safepoint "Cleanup", Time since last: 1000114831 ns, Reaching safepoint: 48701 ns, At safepoint: 3700 ns, Total: 52401 ns
[213.829s][info ][safepoint      ] Safepoint "Cleanup", Time since last: 1000130308 ns, Reaching safepoint: 72702 ns, At safepoint: 10500 ns, Total: 83202 ns
[214.829s][info ][safepoint      ] Safepoint "Cleanup", Time since last: 1000112286 ns, Reaching safepoint: 65801 ns, At safepoint: 9300 ns, Total: 75101 ns
[215.829s][info ][safepoint      ] Safepoint "Cleanup", Time since last: 1000122164 ns, Reaching safepoint: 60901 ns, At safepoint: 12601 ns, Total: 73502 ns
[216.830s][info ][safepoint      ] Safepoint "Cleanup", Time since last: 1000083340 ns, Reaching safepoint: 56901 ns, At safepoint: 6300 ns, Total: 63201 ns
[217.830s][info ][safepoint      ] Safepoint "Cleanup", Time since last: 1000121919 ns, Reaching safepoint: 72202 ns, At safepoint: 16100 ns, Total: 88302 ns
[219.830s][info ][safepoint      ] Safepoint "Cleanup", Time since last: 2000214770 ns, Reaching safepoint: 61902 ns, At safepoint: 6400 ns, Total: 68302 ns
[220.830s][info ][safepoint      ] Safepoint "Cleanup", Time since last: 1000111152 ns, Reaching safepoint: 55801 ns, At safepoint: 8001 ns, Total: 63802 ns
[221.831s][info ][safepoint      ] Safepoint "Cleanup", Time since last: 1000112030 ns, Reaching safepoint: 119202 ns, At safepoint: 25501 ns, Total: 144703 ns
[222.831s][info ][safepoint      ] Safepoint "Cleanup", Time since last: 1000139808 ns, Reaching safepoint: 53602 ns, At safepoint: 8300 ns, Total: 61902 ns
[223.831s][info ][safepoint      ] Safepoint "Cleanup", Time since last: 1000111286 ns, Reaching safepoint: 69001 ns, At safepoint: 6200 ns, Total: 75201 ns
[224.831s][info ][safepoint      ] Safepoint "Cleanup", Time since last: 1000114964 ns, Reaching safepoint: 64602 ns, At safepoint: 10700 ns, Total: 75302 ns
[225.831s][info ][safepoint      ] Safepoint "Cleanup", Time since last: 1000113242 ns, Reaching safepoint: 60301 ns, At safepoint: 4501 ns, Total: 64802 ns
[226.832s][info ][safepoint      ] Safepoint "Cleanup", Time since last: 1000112120 ns, Reaching safepoint: 133403 ns, At safepoint: 11400 ns, Total: 144803 ns
[227.832s][info ][safepoint      ] Safepoint "Cleanup", Time since last: 1000112698 ns, Reaching safepoint: 65202 ns, At safepoint: 10600 ns, Total: 75802 ns
[230.832s][info ][safepoint      ] Safepoint "Cleanup", Time since last: 3000283163 ns, Reaching safepoint: 45801 ns, At safepoint: 3200 ns, Total: 49001 ns
[231.832s][info ][safepoint      ] Safepoint "Cleanup", Time since last: 1000105211 ns, Reaching safepoint: 52301 ns, At safepoint: 3300 ns, Total: 55601 ns
[232.832s][info ][safepoint      ] Safepoint "Cleanup", Time since last: 1000109190 ns, Reaching safepoint: 48501 ns, At safepoint: 3500 ns, Total: 52001 ns
[233.833s][info ][safepoint      ] Safepoint "Cleanup", Time since last: 1000119768 ns, Reaching safepoint: 60202 ns, At safepoint: 5500 ns, Total: 65702 ns
[234.833s][info ][safepoint      ] Safepoint "Cleanup", Time since last: 1000118746 ns, Reaching safepoint: 213905 ns, At safepoint: 4000 ns, Total: 217905 ns
[234.921s][info ][gc,start       ] GC(91) Pause Young (Allocation Failure)
[234.925s][debug][gc,phases      ] GC(91) Scavenge 4.172ms
[234.925s][debug][gc,ref         ] GC(91) Skipped phase 1 of Reference Processing: no references
[234.925s][debug][gc,ref         ] GC(91) Skipped phase 3 of Reference Processing: no references
[234.925s][debug][gc,phases      ] GC(91) Reference Processing 0.026ms
[234.926s][debug][gc,phases      ] GC(91) Weak Processing 0.544ms
[234.926s][debug][gc,age         ] GC(91) Desired survivor size 46137344 bytes, new threshold 15 (max threshold 15)
[234.926s][info ][gc,heap        ] GC(91) PSYoungGen: 2006256K(2049536K)->7472K(2046464K) Eden: 1998848K(1998848K)->0K(1998848K) From: 7408K(50688K)->7472K(47616K)
[234.926s][info ][gc,heap        ] GC(91) ParOldGen: 396728K(464896K)->396736K(464896K)
[234.926s][info ][gc,metaspace   ] GC(91) Metaspace: 78877K(79488K)->78877K(79488K) NonClass: 68092K(68416K)->68092K(68416K) Class: 10785K(11072K)->10785K(11072K)
[234.926s][info ][gc             ] GC(91) Pause Young (Allocation Failure) 2346M->394M(2452M) 4.881ms
[234.926s][info ][gc,cpu         ] GC(91) User=0.02s Sys=0.00s Real=0.00s
[234.926s][info ][safepoint      ] Safepoint "ParallelGCFailedAllocation", Time since last: 88093912 ns, Reaching safepoint: 30601 ns, At safepoint: 4968113 ns, Total: 4998714 ns
[235.926s][info ][safepoint      ] Safepoint "Cleanup", Time since last: 1000089823 ns, Reaching safepoint: 59201 ns, At safepoint: 10200 ns, Total: 69401 ns
[236.926s][info ][safepoint      ] Safepoint "Cleanup", Time since last: 1000072901 ns, Reaching safepoint: 52201 ns, At safepoint: 8600 ns, Total: 60801 ns
[237.927s][info ][safepoint      ] Safepoint "Cleanup", Time since last: 1000113280 ns, Reaching safepoint: 59102 ns, At safepoint: 6300 ns, Total: 65402 ns
[238.344s][info ][safepoint      ] Safepoint "ICBufferFull", Time since last: 417278600 ns, Reaching safepoint: 212405 ns, At safepoint: 6400 ns, Total: 218805 ns
[238.353s][info ][safepoint      ] Safepoint "ICBufferFull", Time since last: 9277211 ns, Reaching safepoint: 55001 ns, At safepoint: 2900 ns, Total: 57901 ns
[239.354s][info ][safepoint      ] Safepoint "Cleanup", Time since last: 1000117250 ns, Reaching safepoint: 66801 ns, At safepoint: 7801 ns, Total: 74602 ns
[240.354s][info ][safepoint      ] Safepoint "Cleanup", Time since last: 1000113328 ns, Reaching safepoint: 61101 ns, At safepoint: 9001 ns, Total: 70102 ns
[241.354s][info ][safepoint      ] Safepoint "Cleanup", Time since last: 1000111607 ns, Reaching safepoint: 63201 ns, At safepoint: 9000 ns, Total: 72201 ns
[242.354s][info ][safepoint      ] Safepoint "Cleanup", Time since last: 1000096986 ns, Reaching safepoint: 53001 ns, At safepoint: 5300 ns, Total: 58301 ns
[243.113s][info ][safepoint      ] Safepoint "ICBufferFull", Time since last: 758779997 ns, Reaching safepoint: 90802 ns, At safepoint: 6500 ns, Total: 97302 ns
[244.113s][info ][safepoint      ] Safepoint "Cleanup", Time since last: 1000122249 ns, Reaching safepoint: 61701 ns, At safepoint: 15800 ns, Total: 77501 ns
[245.113s][info ][safepoint      ] Safepoint "Cleanup", Time since last: 1000119228 ns, Reaching safepoint: 132203 ns, At safepoint: 9400 ns, Total: 141603 ns
[246.114s][info ][safepoint      ] Safepoint "Cleanup", Time since last: 1000144007 ns, Reaching safepoint: 167904 ns, At safepoint: 11900 ns, Total: 179804 ns
[247.326s][info ][safepoint      ] Safepoint "Cleanup", Time since last: 1211664861 ns, Reaching safepoint: 171004 ns, At safepoint: 9900 ns, Total: 180904 ns
[248.326s][info ][safepoint      ] Safepoint "Cleanup", Time since last: 1000127861 ns, Reaching safepoint: 62301 ns, At safepoint: 7400 ns, Total: 69701 ns
[249.326s][info ][safepoint      ] Safepoint "Cleanup", Time since last: 1000120639 ns, Reaching safepoint: 140403 ns, At safepoint: 12201 ns, Total: 152604 ns
[250.326s][info ][safepoint      ] Safepoint "Cleanup", Time since last: 1000109118 ns, Reaching safepoint: 73901 ns, At safepoint: 5200 ns, Total: 79101 ns
[251.327s][info ][safepoint      ] Safepoint "Cleanup", Time since last: 1000194299 ns, Reaching safepoint: 154104 ns, At safepoint: 12700 ns, Total: 166804 ns
[252.327s][info ][safepoint      ] Safepoint "Cleanup", Time since last: 1000118477 ns, Reaching safepoint: 66501 ns, At safepoint: 10700 ns, Total: 77201 ns
[253.327s][info ][safepoint      ] Safepoint "Cleanup", Time since last: 1000128356 ns, Reaching safepoint: 67702 ns, At safepoint: 8400 ns, Total: 76102 ns
[254.327s][info ][safepoint      ] Safepoint "Cleanup", Time since last: 1000126535 ns, Reaching safepoint: 56001 ns, At safepoint: 8900 ns, Total: 64901 ns
[255.327s][info ][safepoint      ] Safepoint "Cleanup", Time since last: 1000114515 ns, Reaching safepoint: 61901 ns, At safepoint: 8900 ns, Total: 70801 ns
[256.328s][info ][safepoint      ] Safepoint "Cleanup", Time since last: 1000114694 ns, Reaching safepoint: 68001 ns, At safepoint: 11200 ns, Total: 79201 ns
[257.328s][info ][safepoint      ] Safepoint "Cleanup", Time since last: 1000116173 ns, Reaching safepoint: 58702 ns, At safepoint: 3200 ns, Total: 61902 ns
[258.328s][info ][safepoint      ] Safepoint "Cleanup", Time since last: 1000114852 ns, Reaching safepoint: 61901 ns, At safepoint: 6400 ns, Total: 68301 ns
[258.723s][info ][gc,start       ] GC(92) Pause Young (Allocation Failure)
[258.729s][debug][gc,phases      ] GC(92) Scavenge 5.431ms
[258.729s][debug][gc,ref         ] GC(92) Skipped phase 1 of Reference Processing: no references
[258.729s][debug][gc,ref         ] GC(92) Skipped phase 3 of Reference Processing: no references
[258.729s][debug][gc,phases      ] GC(92) Reference Processing 0.031ms
[258.729s][debug][gc,phases      ] GC(92) Weak Processing 0.627ms
[258.729s][debug][gc,age         ] GC(92) Desired survivor size 42991616 bytes, new threshold 15 (max threshold 15)
[258.729s][info ][gc,heap        ] GC(92) PSYoungGen: 2006320K(2046464K)->9264K(2055168K) Eden: 1998848K(1998848K)->0K(2010112K) From: 7472K(47616K)->9264K(45056K)
[258.729s][info ][gc,heap        ] GC(92) ParOldGen: 396736K(464896K)->396744K(464896K)
[258.729s][info ][gc,metaspace   ] GC(92) Metaspace: 79073K(79744K)->79073K(79744K) NonClass: 68269K(68608K)->68269K(68608K) Class: 10803K(11136K)->10803K(11136K)
[258.729s][info ][gc             ] GC(92) Pause Young (Allocation Failure) 2346M->396M(2461M) 6.245ms
[258.729s][info ][gc,cpu         ] GC(92) User=0.02s Sys=0.00s Real=0.00s
[258.729s][info ][safepoint      ] Safepoint "ParallelGCFailedAllocation", Time since last: 395093723 ns, Reaching safepoint: 108902 ns, At safepoint: 6342542 ns, Total: 6451444 ns
[259.730s][info ][safepoint      ] Safepoint "Cleanup", Time since last: 1000083323 ns, Reaching safepoint: 65101 ns, At safepoint: 14001 ns, Total: 79102 ns
[260.730s][info ][safepoint      ] Safepoint "Cleanup", Time since last: 1000096802 ns, Reaching safepoint: 53401 ns, At safepoint: 11001 ns, Total: 64402 ns
[262.730s][info ][safepoint      ] Safepoint "Cleanup", Time since last: 2000171343 ns, Reaching safepoint: 50001 ns, At safepoint: 6200 ns, Total: 56201 ns
[264.730s][info ][safepoint      ] Safepoint "Cleanup", Time since last: 2000151762 ns, Reaching safepoint: 66501 ns, At safepoint: 7301 ns, Total: 73802 ns
[265.730s][info ][safepoint      ] Safepoint "Cleanup", Time since last: 1000098200 ns, Reaching safepoint: 53202 ns, At safepoint: 3400 ns, Total: 56602 ns
[267.731s][info ][safepoint      ] Safepoint "Cleanup", Time since last: 2000127639 ns, Reaching safepoint: 56101 ns, At safepoint: 4000 ns, Total: 60101 ns
[268.731s][info ][safepoint      ] Safepoint "Cleanup", Time since last: 1000112841 ns, Reaching safepoint: 78402 ns, At safepoint: 10700 ns, Total: 89102 ns
[269.731s][info ][safepoint      ] Safepoint "Cleanup", Time since last: 1000119720 ns, Reaching safepoint: 53402 ns, At safepoint: 4400 ns, Total: 57802 ns
[270.731s][info ][safepoint      ] Safepoint "Cleanup", Time since last: 1000118800 ns, Reaching safepoint: 63202 ns, At safepoint: 4500 ns, Total: 67702 ns
[271.038s][info ][safepoint      ] Safepoint "ICBufferFull", Time since last: 306738275 ns, Reaching safepoint: 110702 ns, At safepoint: 5400 ns, Total: 116102 ns
[272.038s][info ][safepoint      ] Safepoint "Cleanup", Time since last: 1000069973 ns, Reaching safepoint: 75102 ns, At safepoint: 7600 ns, Total: 82702 ns
[273.038s][info ][safepoint      ] Safepoint "Cleanup", Time since last: 1000103654 ns, Reaching safepoint: 45401 ns, At safepoint: 2700 ns, Total: 48101 ns
[273.741s][info ][safepoint      ] Safepoint "ICBufferFull", Time since last: 702915588 ns, Reaching safepoint: 68301 ns, At safepoint: 18001 ns, Total: 86302 ns
[274.741s][info ][safepoint      ] Safepoint "Cleanup", Time since last: 1000110220 ns, Reaching safepoint: 55301 ns, At safepoint: 9900 ns, Total: 65201 ns
[275.742s][info ][safepoint      ] Safepoint "Cleanup", Time since last: 1000090300 ns, Reaching safepoint: 73602 ns, At safepoint: 8900 ns, Total: 82502 ns
[276.742s][info ][safepoint      ] Safepoint "Cleanup", Time since last: 1000105080 ns, Reaching safepoint: 54101 ns, At safepoint: 6000 ns, Total: 60101 ns
[277.742s][info ][safepoint      ] Safepoint "Cleanup", Time since last: 1000111261 ns, Reaching safepoint: 53001 ns, At safepoint: 7800 ns, Total: 60801 ns
[278.742s][info ][safepoint      ] Safepoint "Cleanup", Time since last: 1000114141 ns, Reaching safepoint: 63202 ns, At safepoint: 9200 ns, Total: 72402 ns
[279.742s][info ][safepoint      ] Safepoint "Cleanup", Time since last: 1000110221 ns, Reaching safepoint: 54901 ns, At safepoint: 4200 ns, Total: 59101 ns
[280.742s][info ][safepoint      ] Safepoint "Cleanup", Time since last: 1000087301 ns, Reaching safepoint: 54601 ns, At safepoint: 3700 ns, Total: 58301 ns
[281.743s][info ][safepoint      ] Safepoint "Cleanup", Time since last: 1000068281 ns, Reaching safepoint: 44801 ns, At safepoint: 7300 ns, Total: 52101 ns
[282.163s][info ][gc,start       ] GC(93) Pause Young (Allocation Failure)
[282.168s][debug][gc,phases      ] GC(93) Scavenge 5.018ms
[282.168s][debug][gc,ref         ] GC(93) Skipped phase 1 of Reference Processing: no references
[282.168s][debug][gc,ref         ] GC(93) Skipped phase 3 of Reference Processing: no references
[282.168s][debug][gc,phases      ] GC(93) Reference Processing 0.029ms
[282.169s][debug][gc,phases      ] GC(93) Weak Processing 0.623ms
[282.169s][debug][gc,age         ] GC(93) Desired survivor size 40370176 bytes, new threshold 15 (max threshold 15)
[282.169s][info ][gc,heap        ] GC(93) PSYoungGen: 2019376K(2055168K)->9616K(2052096K) Eden: 2010112K(2010112K)->0K(2010112K) From: 9264K(45056K)->9616K(41984K)
[282.169s][info ][gc,heap        ] GC(93) ParOldGen: 396744K(464896K)->396752K(464896K)
[282.169s][info ][gc,metaspace   ] GC(93) Metaspace: 79157K(79872K)->79157K(79872K) NonClass: 68353K(68736K)->68353K(68736K) Class: 10803K(11136K)->10803K(11136K)
[282.169s][info ][gc             ] GC(93) Pause Young (Allocation Failure) 2359M->396M(2458M) 5.822ms
[282.169s][info ][gc,cpu         ] GC(93) User=0.02s Sys=0.00s Real=0.00s
[282.169s][info ][safepoint      ] Safepoint "ParallelGCFailedAllocation", Time since last: 420215890 ns, Reaching safepoint: 46601 ns, At safepoint: 5907629 ns, Total: 5954230 ns
[283.169s][info ][safepoint      ] Safepoint "Cleanup", Time since last: 1000099253 ns, Reaching safepoint: 160304 ns, At safepoint: 10000 ns, Total: 170304 ns
[284.169s][info ][safepoint      ] Safepoint "Cleanup", Time since last: 1000129535 ns, Reaching safepoint: 137203 ns, At safepoint: 15300 ns, Total: 152503 ns
[286.170s][info ][safepoint      ] Safepoint "Cleanup", Time since last: 2000194009 ns, Reaching safepoint: 141903 ns, At safepoint: 13400 ns, Total: 155303 ns
[287.170s][info ][safepoint      ] Safepoint "Cleanup", Time since last: 1000131976 ns, Reaching safepoint: 137103 ns, At safepoint: 8901 ns, Total: 146004 ns
[288.170s][info ][safepoint      ] Safepoint "Cleanup", Time since last: 1000123656 ns, Reaching safepoint: 138403 ns, At safepoint: 13600 ns, Total: 152003 ns
[289.171s][info ][safepoint      ] Safepoint "Cleanup", Time since last: 1000129838 ns, Reaching safepoint: 141003 ns, At safepoint: 11100 ns, Total: 152103 ns
[290.171s][info ][safepoint      ] Safepoint "Cleanup", Time since last: 1000130218 ns, Reaching safepoint: 126503 ns, At safepoint: 10100 ns, Total: 136603 ns
[291.171s][info ][safepoint      ] Safepoint "Cleanup", Time since last: 1000137399 ns, Reaching safepoint: 152203 ns, At safepoint: 10400 ns, Total: 162603 ns
[292.171s][info ][safepoint      ] Safepoint "Cleanup", Time since last: 1000126179 ns, Reaching safepoint: 155904 ns, At safepoint: 15100 ns, Total: 171004 ns
[293.172s][info ][safepoint      ] Safepoint "Cleanup", Time since last: 1000124860 ns, Reaching safepoint: 72502 ns, At safepoint: 8200 ns, Total: 80702 ns
[294.172s][info ][safepoint      ] Safepoint "Cleanup", Time since last: 1000128841 ns, Reaching safepoint: 147503 ns, At safepoint: 12400 ns, Total: 159903 ns
[295.172s][info ][safepoint      ] Safepoint "Cleanup", Time since last: 1000113622 ns, Reaching safepoint: 90502 ns, At safepoint: 15200 ns, Total: 105702 ns
[296.172s][info ][safepoint      ] Safepoint "Cleanup", Time since last: 1000119202 ns, Reaching safepoint: 136103 ns, At safepoint: 7801 ns, Total: 143904 ns
[299.173s][info ][safepoint      ] Safepoint "Cleanup", Time since last: 3000268291 ns, Reaching safepoint: 70401 ns, At safepoint: 16401 ns, Total: 86802 ns
[300.173s][info ][safepoint      ] Safepoint "Cleanup", Time since last: 1000127526 ns, Reaching safepoint: 128503 ns, At safepoint: 10300 ns, Total: 138803 ns
[301.173s][info ][safepoint      ] Safepoint "Cleanup", Time since last: 1000133108 ns, Reaching safepoint: 140203 ns, At safepoint: 9000 ns, Total: 149203 ns
[302.173s][info ][safepoint      ] Safepoint "Cleanup", Time since last: 1000112888 ns, Reaching safepoint: 56102 ns, At safepoint: 10600 ns, Total: 66702 ns
[303.174s][info ][safepoint      ] Safepoint "Cleanup", Time since last: 1000120769 ns, Reaching safepoint: 126103 ns, At safepoint: 6100 ns, Total: 132203 ns
[304.174s][info ][safepoint      ] Safepoint "Cleanup", Time since last: 1000107551 ns, Reaching safepoint: 48301 ns, At safepoint: 3200 ns, Total: 51501 ns
[307.174s][info ][safepoint      ] Safepoint "Cleanup", Time since last: 3000260038 ns, Reaching safepoint: 61901 ns, At safepoint: 13601 ns, Total: 75502 ns
[307.793s][info ][gc,start       ] GC(94) Pause Young (Allocation Failure)
[307.799s][debug][gc,phases      ] GC(94) Scavenge 5.542ms
[307.799s][debug][gc,ref         ] GC(94) Skipped phase 1 of Reference Processing: no references
[307.799s][debug][gc,ref         ] GC(94) Skipped phase 3 of Reference Processing: no references
[307.799s][debug][gc,phases      ] GC(94) Reference Processing 0.031ms
[307.799s][debug][gc,phases      ] GC(94) Weak Processing 0.555ms
[307.799s][debug][gc,age         ] GC(94) Desired survivor size 37748736 bytes, new threshold 15 (max threshold 15)
[307.799s][info ][gc,heap        ] GC(94) PSYoungGen: 2019728K(2052096K)->9632K(2060288K) Eden: 2010112K(2010112K)->0K(2020864K) From: 9616K(41984K)->9632K(39424K)
[307.799s][info ][gc,heap        ] GC(94) ParOldGen: 396752K(464896K)->396760K(464896K)
[307.799s][info ][gc,metaspace   ] GC(94) Metaspace: 79194K(79872K)->79194K(79872K) NonClass: 68388K(68736K)->68388K(68736K) Class: 10806K(11136K)->10806K(11136K)
[307.799s][info ][gc             ] GC(94) Pause Young (Allocation Failure) 2359M->396M(2466M) 6.295ms
[307.799s][info ][gc,cpu         ] GC(94) User=0.02s Sys=0.00s Real=0.00s
[307.800s][info ][safepoint      ] Safepoint "ParallelGCFailedAllocation", Time since last: 618889228 ns, Reaching safepoint: 37001 ns, At safepoint: 6392036 ns, Total: 6429037 ns
[308.800s][info ][safepoint      ] Safepoint "Cleanup", Time since last: 1000042063 ns, Reaching safepoint: 70002 ns, At safepoint: 8800 ns, Total: 78802 ns
[309.800s][info ][safepoint      ] Safepoint "Cleanup", Time since last: 1000120745 ns, Reaching safepoint: 128103 ns, At safepoint: 9100 ns, Total: 137203 ns
[310.800s][info ][safepoint      ] Safepoint "Cleanup", Time since last: 1000110027 ns, Reaching safepoint: 54301 ns, At safepoint: 4901 ns, Total: 59202 ns
[311.800s][info ][safepoint      ] Safepoint "Cleanup", Time since last: 1000110408 ns, Reaching safepoint: 52701 ns, At safepoint: 3800 ns, Total: 56501 ns
[313.800s][info ][safepoint      ] Safepoint "Cleanup", Time since last: 2000177261 ns, Reaching safepoint: 52101 ns, At safepoint: 3600 ns, Total: 55701 ns
[314.801s][info ][safepoint      ] Safepoint "Cleanup", Time since last: 1000107053 ns, Reaching safepoint: 49901 ns, At safepoint: 3200 ns, Total: 53101 ns
[317.801s][info ][safepoint      ] Safepoint "Cleanup", Time since last: 3000202746 ns, Reaching safepoint: 53701 ns, At safepoint: 10700 ns, Total: 64401 ns
[318.801s][info ][safepoint      ] Safepoint "Cleanup", Time since last: 1000108380 ns, Reaching safepoint: 58201 ns, At safepoint: 4800 ns, Total: 63001 ns
[319.801s][info ][safepoint      ] Safepoint "Cleanup", Time since last: 1000101461 ns, Reaching safepoint: 64202 ns, At safepoint: 12000 ns, Total: 76202 ns
[320.801s][info ][safepoint      ] Safepoint "Cleanup", Time since last: 1000118443 ns, Reaching safepoint: 130603 ns, At safepoint: 14700 ns, Total: 145303 ns
[321.802s][info ][safepoint      ] Safepoint "Cleanup", Time since last: 1000100225 ns, Reaching safepoint: 84502 ns, At safepoint: 8900 ns, Total: 93402 ns
[323.802s][info ][safepoint      ] Safepoint "Cleanup", Time since last: 2000169994 ns, Reaching safepoint: 69202 ns, At safepoint: 6000 ns, Total: 75202 ns
[324.802s][info ][safepoint      ] Safepoint "Cleanup", Time since last: 1000108971 ns, Reaching safepoint: 53701 ns, At safepoint: 5100 ns, Total: 58801 ns
[325.802s][info ][safepoint      ] Safepoint "Cleanup", Time since last: 1000103352 ns, Reaching safepoint: 61102 ns, At safepoint: 3400 ns, Total: 64502 ns
[326.802s][info ][safepoint      ] Safepoint "Cleanup", Time since last: 1000096634 ns, Reaching safepoint: 67201 ns, At safepoint: 8801 ns, Total: 76002 ns
[331.803s][info ][safepoint      ] Safepoint "Cleanup", Time since last: 5000372100 ns, Reaching safepoint: 49701 ns, At safepoint: 3700 ns, Total: 53401 ns
[333.803s][info ][safepoint      ] Safepoint "Cleanup", Time since last: 2000175836 ns, Reaching safepoint: 54001 ns, At safepoint: 8001 ns, Total: 62002 ns
[334.612s][info ][gc,start       ] GC(95) Pause Young (Allocation Failure)
[334.617s][debug][gc,phases      ] GC(95) Scavenge 5.376ms
[334.617s][debug][gc,ref         ] GC(95) Skipped phase 1 of Reference Processing: no references
[334.617s][debug][gc,ref         ] GC(95) Skipped phase 3 of Reference Processing: no references
[334.617s][debug][gc,phases      ] GC(95) Reference Processing 0.035ms
[334.618s][debug][gc,phases      ] GC(95) Weak Processing 0.580ms
[334.618s][debug][gc,age         ] GC(95) Desired survivor size 35127296 bytes, new threshold 15 (max threshold 15)
[334.618s][info ][gc,heap        ] GC(95) PSYoungGen: 2030496K(2060288K)->10256K(2057728K) Eden: 2020864K(2020864K)->0K(2020864K) From: 9632K(39424K)->10256K(36864K)
[334.618s][info ][gc,heap        ] GC(95) ParOldGen: 396760K(464896K)->396768K(464896K)
[334.618s][info ][gc,metaspace   ] GC(95) Metaspace: 79247K(79936K)->79247K(79936K) NonClass: 68436K(68800K)->68436K(68800K) Class: 10810K(11136K)->10810K(11136K)
[334.618s][info ][gc             ] GC(95) Pause Young (Allocation Failure) 2370M->397M(2463M) 6.137ms
[334.618s][info ][gc,cpu         ] GC(95) User=0.02s Sys=0.00s Real=0.01s
[334.618s][info ][safepoint      ] Safepoint "ParallelGCFailedAllocation", Time since last: 808490990 ns, Reaching safepoint: 49201 ns, At safepoint: 6251631 ns, Total: 6300832 ns
[335.618s][info ][safepoint      ] Safepoint "Cleanup", Time since last: 1000106777 ns, Reaching safepoint: 128703 ns, At safepoint: 10400 ns, Total: 139103 ns
[336.618s][info ][safepoint      ] Safepoint "Cleanup", Time since last: 1000119060 ns, Reaching safepoint: 143303 ns, At safepoint: 8500 ns, Total: 151803 ns
[337.619s][info ][safepoint      ] Safepoint "Cleanup", Time since last: 1000132343 ns, Reaching safepoint: 139203 ns, At safepoint: 9200 ns, Total: 148403 ns
[338.619s][info ][safepoint      ] Safepoint "Cleanup", Time since last: 1000130025 ns, Reaching safepoint: 134603 ns, At safepoint: 7900 ns, Total: 142503 ns
[339.619s][info ][safepoint      ] Safepoint "Cleanup", Time since last: 1000136807 ns, Reaching safepoint: 148503 ns, At safepoint: 11401 ns, Total: 159904 ns
[340.620s][info ][safepoint      ] Safepoint "Cleanup", Time since last: 1000132290 ns, Reaching safepoint: 148003 ns, At safepoint: 8300 ns, Total: 156303 ns
[341.620s][info ][safepoint      ] Safepoint "Cleanup", Time since last: 1000131872 ns, Reaching safepoint: 141703 ns, At safepoint: 5800 ns, Total: 147503 ns
[342.620s][info ][safepoint      ] Safepoint "Cleanup", Time since last: 1000132555 ns, Reaching safepoint: 131103 ns, At safepoint: 7400 ns, Total: 138503 ns
[343.620s][info ][safepoint      ] Safepoint "Cleanup", Time since last: 1000122537 ns, Reaching safepoint: 131403 ns, At safepoint: 6600 ns, Total: 138003 ns
[345.621s][info ][safepoint      ] Safepoint "Cleanup", Time since last: 2000199922 ns, Reaching safepoint: 53901 ns, At safepoint: 11900 ns, Total: 65801 ns
[346.621s][info ][safepoint      ] Safepoint "Cleanup", Time since last: 1000128386 ns, Reaching safepoint: 62901 ns, At safepoint: 7100 ns, Total: 70001 ns
[347.621s][info ][safepoint      ] Safepoint "Cleanup", Time since last: 1000139569 ns, Reaching safepoint: 69201 ns, At safepoint: 4200 ns, Total: 73401 ns
[348.621s][info ][safepoint      ] Safepoint "Cleanup", Time since last: 1000132051 ns, Reaching safepoint: 150203 ns, At safepoint: 13700 ns, Total: 163903 ns
[349.622s][info ][safepoint      ] Safepoint "Cleanup", Time since last: 1000123734 ns, Reaching safepoint: 56001 ns, At safepoint: 5400 ns, Total: 61401 ns
[350.622s][info ][safepoint      ] Safepoint "Cleanup", Time since last: 1000085916 ns, Reaching safepoint: 53601 ns, At safepoint: 3400 ns, Total: 57001 ns
[351.622s][info ][safepoint      ] Safepoint "Cleanup", Time since last: 1000121899 ns, Reaching safepoint: 131103 ns, At safepoint: 11800 ns, Total: 142903 ns
[352.622s][info ][safepoint      ] Safepoint "Cleanup", Time since last: 1000074481 ns, Reaching safepoint: 62502 ns, At safepoint: 13200 ns, Total: 75702 ns
[353.622s][info ][safepoint      ] Safepoint "Cleanup", Time since last: 1000104564 ns, Reaching safepoint: 39101 ns, At safepoint: 3900 ns, Total: 43001 ns
[355.111s][info ][safepoint      ] Safepoint "Cleanup", Time since last: 1488366974 ns, Reaching safepoint: 109902 ns, At safepoint: 6400 ns, Total: 116302 ns
[356.111s][info ][safepoint      ] Safepoint "Cleanup", Time since last: 1000112123 ns, Reaching safepoint: 57301 ns, At safepoint: 3600 ns, Total: 60901 ns
[357.111s][info ][safepoint      ] Safepoint "Cleanup", Time since last: 1000119506 ns, Reaching safepoint: 56601 ns, At safepoint: 37101 ns, Total: 93702 ns
[358.111s][info ][safepoint      ] Safepoint "Cleanup", Time since last: 1000108188 ns, Reaching safepoint: 58401 ns, At safepoint: 3700 ns, Total: 62101 ns
[359.112s][info ][safepoint      ] Safepoint "Cleanup", Time since last: 1000110972 ns, Reaching safepoint: 119602 ns, At safepoint: 8701 ns, Total: 128303 ns
[360.112s][info ][safepoint      ] Safepoint "Cleanup", Time since last: 1000110754 ns, Reaching safepoint: 127503 ns, At safepoint: 7800 ns, Total: 135303 ns
[361.112s][info ][safepoint      ] Safepoint "Cleanup", Time since last: 1000137039 ns, Reaching safepoint: 124202 ns, At safepoint: 9200 ns, Total: 133402 ns
[361.663s][info ][gc,start       ] GC(96) Pause Young (Allocation Failure)
[361.670s][debug][gc,phases      ] GC(96) Scavenge 6.934ms
[361.670s][debug][gc,ref         ] GC(96) Skipped phase 1 of Reference Processing: no references
[361.670s][debug][gc,ref         ] GC(96) Skipped phase 3 of Reference Processing: no references
[361.670s][debug][gc,phases      ] GC(96) Reference Processing 0.033ms
[361.671s][debug][gc,phases      ] GC(96) Weak Processing 0.609ms
[361.671s][debug][gc,age         ] GC(96) Desired survivor size 33030144 bytes, new threshold 15 (max threshold 15)
[361.671s][info ][gc,heap        ] GC(96) PSYoungGen: 2031120K(2057728K)->9760K(2064896K) Eden: 2020864K(2020864K)->0K(2030592K) From: 10256K(36864K)->9760K(34304K)
[361.671s][info ][gc,heap        ] GC(96) ParOldGen: 396768K(464896K)->397400K(464896K)
[361.671s][info ][gc,metaspace   ] GC(96) Metaspace: 79261K(79936K)->79261K(79936K) NonClass: 68450K(68800K)->68450K(68800K) Class: 10810K(11136K)->10810K(11136K)
[361.671s][info ][gc             ] GC(96) Pause Young (Allocation Failure) 2370M->397M(2470M) 7.717ms
[361.671s][info ][gc,cpu         ] GC(96) User=0.02s Sys=0.00s Real=0.00s
[361.671s][info ][safepoint      ] Safepoint "ParallelGCFailedAllocation", Time since last: 551335159 ns, Reaching safepoint: 53401 ns, At safepoint: 7813560 ns, Total: 7866961 ns
[362.671s][info ][safepoint      ] Safepoint "Cleanup", Time since last: 1000094211 ns, Reaching safepoint: 61601 ns, At safepoint: 7000 ns, Total: 68601 ns
[363.672s][info ][safepoint      ] Safepoint "Cleanup", Time since last: 1000121095 ns, Reaching safepoint: 121603 ns, At safepoint: 10300 ns, Total: 131903 ns
[364.672s][info ][safepoint      ] Safepoint "Cleanup", Time since last: 1000127479 ns, Reaching safepoint: 48801 ns, At safepoint: 4300 ns, Total: 53101 ns
[366.672s][info ][safepoint      ] Safepoint "Cleanup", Time since last: 2000213506 ns, Reaching safepoint: 140203 ns, At safepoint: 11600 ns, Total: 151803 ns
[367.672s][info ][safepoint      ] Safepoint "Cleanup", Time since last: 1000128629 ns, Reaching safepoint: 60701 ns, At safepoint: 3900 ns, Total: 64601 ns
[369.320s][info ][safepoint      ] Safepoint "Cleanup", Time since last: 1647327949 ns, Reaching safepoint: 113802 ns, At safepoint: 7800 ns, Total: 121602 ns
[370.320s][info ][safepoint      ] Safepoint "Cleanup", Time since last: 1000108085 ns, Reaching safepoint: 162203 ns, At safepoint: 10800 ns, Total: 173003 ns
[371.628s][info ][safepoint      ] Safepoint "Cleanup", Time since last: 1308259808 ns, Reaching safepoint: 72201 ns, At safepoint: 9901 ns, Total: 82102 ns
[372.629s][info ][safepoint      ] Safepoint "Cleanup", Time since last: 1000115946 ns, Reaching safepoint: 57501 ns, At safepoint: 9900 ns, Total: 67401 ns
[375.629s][info ][safepoint      ] Safepoint "Cleanup", Time since last: 3000291440 ns, Reaching safepoint: 67801 ns, At safepoint: 19901 ns, Total: 87702 ns
[376.629s][info ][safepoint      ] Safepoint "Cleanup", Time since last: 1000119081 ns, Reaching safepoint: 53701 ns, At safepoint: 4100 ns, Total: 57801 ns
[377.629s][info ][safepoint      ] Safepoint "Cleanup", Time since last: 1000118765 ns, Reaching safepoint: 79701 ns, At safepoint: 10900 ns, Total: 90601 ns
[379.630s][info ][safepoint      ] Safepoint "Cleanup", Time since last: 2000177880 ns, Reaching safepoint: 74901 ns, At safepoint: 7701 ns, Total: 82602 ns
[381.630s][info ][safepoint      ] Safepoint "Cleanup", Time since last: 2000179314 ns, Reaching safepoint: 50201 ns, At safepoint: 3300 ns, Total: 53501 ns
[382.630s][info ][safepoint      ] Safepoint "Cleanup", Time since last: 1000101183 ns, Reaching safepoint: 35601 ns, At safepoint: 4300 ns, Total: 39901 ns
[383.630s][info ][safepoint      ] Safepoint "Cleanup", Time since last: 1000107368 ns, Reaching safepoint: 55401 ns, At safepoint: 9600 ns, Total: 65001 ns
[384.630s][info ][safepoint      ] Safepoint "Cleanup", Time since last: 1000114251 ns, Reaching safepoint: 55101 ns, At safepoint: 4700 ns, Total: 59801 ns
[386.631s][info ][safepoint      ] Safepoint "Cleanup", Time since last: 2000219855 ns, Reaching safepoint: 56101 ns, At safepoint: 9000 ns, Total: 65101 ns
[388.631s][info ][safepoint      ] Safepoint "Cleanup", Time since last: 2000178890 ns, Reaching safepoint: 58301 ns, At safepoint: 5000 ns, Total: 63301 ns
[389.364s][info ][gc,start       ] GC(97) Pause Young (Allocation Failure)
[389.370s][debug][gc,phases      ] GC(97) Scavenge 5.803ms
[389.370s][debug][gc,ref         ] GC(97) Skipped phase 1 of Reference Processing: no references
[389.370s][debug][gc,ref         ] GC(97) Skipped phase 3 of Reference Processing: no references
[389.370s][debug][gc,phases      ] GC(97) Reference Processing 0.041ms
[389.371s][debug][gc,phases      ] GC(97) Weak Processing 0.603ms
[389.371s][debug][gc,age         ] GC(97) Desired survivor size 30932992 bytes, new threshold 15 (max threshold 15)
[389.371s][info ][gc,heap        ] GC(97) PSYoungGen: 2040352K(2064896K)->9168K(2062848K) Eden: 2030592K(2030592K)->0K(2030592K) From: 9760K(34304K)->9168K(32256K)
[389.371s][info ][gc,heap        ] GC(97) ParOldGen: 397400K(464896K)->398104K(464896K)
[389.371s][info ][gc,metaspace   ] GC(97) Metaspace: 79270K(80000K)->79270K(80000K) NonClass: 68459K(68864K)->68459K(68864K) Class: 10810K(11136K)->10810K(11136K)
[389.371s][info ][gc             ] GC(97) Pause Young (Allocation Failure) 2380M->397M(2468M) 6.607ms
[389.371s][info ][gc,cpu         ] GC(97) User=0.02s Sys=0.00s Real=0.00s
[389.371s][info ][safepoint      ] Safepoint "ParallelGCFailedAllocation", Time since last: 733375748 ns, Reaching safepoint: 50401 ns, At safepoint: 6707734 ns, Total: 6758135 ns
[390.371s][info ][safepoint      ] Safepoint "Cleanup", Time since last: 1000083959 ns, Reaching safepoint: 56001 ns, At safepoint: 3600 ns, Total: 59601 ns
[395.372s][info ][safepoint      ] Safepoint "Cleanup", Time since last: 5000453459 ns, Reaching safepoint: 133602 ns, At safepoint: 11200 ns, Total: 144802 ns
[396.372s][info ][safepoint      ] Safepoint "Cleanup", Time since last: 1000125966 ns, Reaching safepoint: 145602 ns, At safepoint: 13601 ns, Total: 159203 ns
[397.372s][info ][safepoint      ] Safepoint "Cleanup", Time since last: 1000115949 ns, Reaching safepoint: 50301 ns, At safepoint: 11700 ns, Total: 62001 ns
[398.372s][info ][safepoint      ] Safepoint "Cleanup", Time since last: 1000070333 ns, Reaching safepoint: 111502 ns, At safepoint: 8100 ns, Total: 119602 ns
[399.373s][info ][safepoint      ] Safepoint "Cleanup", Time since last: 1000123819 ns, Reaching safepoint: 132002 ns, At safepoint: 15200 ns, Total: 147202 ns
[400.373s][info ][safepoint      ] Safepoint "Cleanup", Time since last: 1000115403 ns, Reaching safepoint: 55601 ns, At safepoint: 3500 ns, Total: 59101 ns
[401.373s][info ][safepoint      ] Safepoint "Cleanup", Time since last: 1000145087 ns, Reaching safepoint: 61902 ns, At safepoint: 5300 ns, Total: 67202 ns
[403.373s][info ][safepoint      ] Safepoint "Cleanup", Time since last: 2000189826 ns, Reaching safepoint: 134203 ns, At safepoint: 6900 ns, Total: 141103 ns
[404.374s][info ][safepoint      ] Safepoint "Cleanup", Time since last: 1000122740 ns, Reaching safepoint: 55702 ns, At safepoint: 6500 ns, Total: 62202 ns
[405.374s][info ][safepoint      ] Safepoint "Cleanup", Time since last: 1000101424 ns, Reaching safepoint: 59602 ns, At safepoint: 3800 ns, Total: 63402 ns
[406.374s][info ][safepoint      ] Safepoint "Cleanup", Time since last: 1000114709 ns, Reaching safepoint: 39301 ns, At safepoint: 4900 ns, Total: 44201 ns
[407.374s][info ][safepoint      ] Safepoint "Cleanup", Time since last: 1000127394 ns, Reaching safepoint: 127103 ns, At safepoint: 6400 ns, Total: 133503 ns
[410.375s][info ][safepoint      ] Safepoint "Cleanup", Time since last: 3000256389 ns, Reaching safepoint: 59801 ns, At safepoint: 4900 ns, Total: 64701 ns
[411.375s][info ][safepoint      ] Safepoint "Cleanup", Time since last: 1000123233 ns, Reaching safepoint: 67202 ns, At safepoint: 12300 ns, Total: 79502 ns
[412.375s][info ][safepoint      ] Safepoint "Cleanup", Time since last: 1000139318 ns, Reaching safepoint: 53501 ns, At safepoint: 4300 ns, Total: 57801 ns
[416.375s][info ][safepoint      ] Safepoint "Cleanup", Time since last: 4000334217 ns, Reaching safepoint: 56401 ns, At safepoint: 4700 ns, Total: 61101 ns
[416.919s][info ][gc,start       ] GC(98) Pause Young (Allocation Failure)
[416.925s][debug][gc,phases      ] GC(98) Scavenge 5.663ms
[416.925s][debug][gc,ref         ] GC(98) Skipped phase 1 of Reference Processing: no references
[416.925s][debug][gc,ref         ] GC(98) Skipped phase 3 of Reference Processing: no references
[416.925s][debug][gc,phases      ] GC(98) Reference Processing 0.032ms
[416.926s][debug][gc,phases      ] GC(98) Weak Processing 0.594ms
[416.926s][debug][gc,age         ] GC(98) Desired survivor size 29360128 bytes, new threshold 15 (max threshold 15)
[416.926s][info ][gc,heap        ] GC(98) PSYoungGen: 2039760K(2062848K)->8272K(2068480K) Eden: 2030592K(2030592K)->0K(2038272K) From: 9168K(32256K)->8272K(30208K)
[416.926s][info ][gc,heap        ] GC(98) ParOldGen: 398104K(464896K)->399248K(464896K)
[416.926s][info ][gc,metaspace   ] GC(98) Metaspace: 79299K(80000K)->79299K(80000K) NonClass: 68488K(68864K)->68488K(68864K) Class: 10811K(11136K)->10811K(11136K)
[416.926s][info ][gc             ] GC(98) Pause Young (Allocation Failure) 2380M->397M(2474M) 6.436ms
[416.926s][info ][gc,cpu         ] GC(98) User=0.02s Sys=0.00s Real=0.01s
[416.926s][info ][safepoint      ] Safepoint "ParallelGCFailedAllocation", Time since last: 544032431 ns, Reaching safepoint: 65001 ns, At safepoint: 6538828 ns, Total: 6603829 ns
[418.926s][info ][safepoint      ] Safepoint "Cleanup", Time since last: 2000176852 ns, Reaching safepoint: 59701 ns, At safepoint: 9100 ns, Total: 68801 ns
[422.927s][info ][safepoint      ] Safepoint "Cleanup", Time since last: 4000312322 ns, Reaching safepoint: 55201 ns, At safepoint: 8600 ns, Total: 63801 ns
[423.927s][info ][safepoint      ] Safepoint "Cleanup", Time since last: 1000114744 ns, Reaching safepoint: 53501 ns, At safepoint: 13001 ns, Total: 66502 ns
[424.927s][info ][safepoint      ] Safepoint "Cleanup", Time since last: 1000116729 ns, Reaching safepoint: 62501 ns, At safepoint: 4800 ns, Total: 67301 ns
[425.927s][info ][safepoint      ] Safepoint "Cleanup", Time since last: 1000113014 ns, Reaching safepoint: 53701 ns, At safepoint: 9701 ns, Total: 63402 ns
[426.927s][info ][safepoint      ] Safepoint "Cleanup", Time since last: 1000094099 ns, Reaching safepoint: 56901 ns, At safepoint: 4500 ns, Total: 61401 ns
[427.927s][info ][safepoint      ] Safepoint "Cleanup", Time since last: 1000117685 ns, Reaching safepoint: 71001 ns, At safepoint: 6400 ns, Total: 77401 ns
[428.928s][info ][safepoint      ] Safepoint "Cleanup", Time since last: 1000109370 ns, Reaching safepoint: 64801 ns, At safepoint: 10900 ns, Total: 75701 ns
[429.928s][info ][safepoint      ] Safepoint "Cleanup", Time since last: 1000111156 ns, Reaching safepoint: 82301 ns, At safepoint: 9300 ns, Total: 91601 ns
[430.928s][info ][safepoint      ] Safepoint "Cleanup", Time since last: 1000128541 ns, Reaching safepoint: 76302 ns, At safepoint: 3800 ns, Total: 80102 ns
[432.928s][info ][safepoint      ] Safepoint "Cleanup", Time since last: 2000164936 ns, Reaching safepoint: 48600 ns, At safepoint: 3301 ns, Total: 51901 ns
[433.929s][info ][safepoint      ] Safepoint "Cleanup", Time since last: 1000122596 ns, Reaching safepoint: 117903 ns, At safepoint: 11900 ns, Total: 129803 ns
[434.929s][info ][safepoint      ] Safepoint "Cleanup", Time since last: 1000110782 ns, Reaching safepoint: 50601 ns, At safepoint: 4600 ns, Total: 55201 ns
[435.929s][info ][safepoint      ] Safepoint "Cleanup", Time since last: 1000115167 ns, Reaching safepoint: 96902 ns, At safepoint: 4500 ns, Total: 101402 ns
[436.929s][info ][safepoint      ] Safepoint "Cleanup", Time since last: 1000107353 ns, Reaching safepoint: 52601 ns, At safepoint: 10901 ns, Total: 63502 ns
[437.929s][info ][safepoint      ] Safepoint "Cleanup", Time since last: 1000108138 ns, Reaching safepoint: 59701 ns, At safepoint: 7200 ns, Total: 66901 ns
[438.929s][info ][safepoint      ] Safepoint "Cleanup", Time since last: 1000148625 ns, Reaching safepoint: 59301 ns, At safepoint: 8400 ns, Total: 67701 ns
[439.930s][info ][safepoint      ] Safepoint "Cleanup", Time since last: 1000113610 ns, Reaching safepoint: 56201 ns, At safepoint: 10800 ns, Total: 67001 ns
[440.930s][info ][safepoint      ] Safepoint "Cleanup", Time since last: 1000118495 ns, Reaching safepoint: 90602 ns, At safepoint: 11100 ns, Total: 101702 ns
[441.930s][info ][safepoint      ] Safepoint "Cleanup", Time since last: 1000124681 ns, Reaching safepoint: 74802 ns, At safepoint: 7900 ns, Total: 82702 ns
[443.416s][info ][gc,start       ] GC(99) Pause Young (Allocation Failure)
[443.421s][debug][gc,phases      ] GC(99) Scavenge 5.320ms
[443.421s][debug][gc,ref         ] GC(99) Skipped phase 1 of Reference Processing: no references
[443.421s][debug][gc,ref         ] GC(99) Skipped phase 3 of Reference Processing: no references
[443.421s][debug][gc,phases      ] GC(99) Reference Processing 0.046ms
[443.422s][debug][gc,phases      ] GC(99) Weak Processing 0.598ms
[443.422s][debug][gc,age         ] GC(99) Desired survivor size 28311552 bytes, new threshold 15 (max threshold 15)
[443.422s][info ][gc,heap        ] GC(99) PSYoungGen: 2046544K(2068480K)->6416K(2066944K) Eden: 2038272K(2038272K)->0K(2038272K) From: 8272K(30208K)->6416K(28672K)
[443.422s][info ][gc,heap        ] GC(99) ParOldGen: 399248K(464896K)->400944K(464896K)
[443.422s][info ][gc,metaspace   ] GC(99) Metaspace: 79324K(80000K)->79324K(80000K) NonClass: 68512K(68864K)->68512K(68864K) Class: 10811K(11136K)->10811K(11136K)
[443.422s][info ][gc             ] GC(99) Pause Young (Allocation Failure) 2388M->397M(2472M) 6.131ms
[443.422s][info ][gc,cpu         ] GC(99) User=0.03s Sys=0.00s Real=0.01s
[443.422s][info ][safepoint      ] Safepoint "ParallelGCFailedAllocation", Time since last: 1485344261 ns, Reaching safepoint: 68802 ns, At safepoint: 6226819 ns, Total: 6295621 ns
[444.422s][info ][safepoint      ] Safepoint "Cleanup", Time since last: 1000100945 ns, Reaching safepoint: 125302 ns, At safepoint: 7500 ns, Total: 132802 ns
[446.422s][info ][safepoint      ] Safepoint "Cleanup", Time since last: 2000214547 ns, Reaching safepoint: 65002 ns, At safepoint: 13100 ns, Total: 78102 ns
[447.422s][info ][safepoint      ] Safepoint "Cleanup", Time since last: 1000120502 ns, Reaching safepoint: 57102 ns, At safepoint: 3600 ns, Total: 60702 ns
[449.423s][info ][safepoint      ] Safepoint "Cleanup", Time since last: 2000176861 ns, Reaching safepoint: 129002 ns, At safepoint: 7301 ns, Total: 136303 ns
[450.423s][info ][safepoint      ] Safepoint "Cleanup", Time since last: 1000080959 ns, Reaching safepoint: 53701 ns, At safepoint: 6600 ns, Total: 60301 ns
[451.423s][info ][safepoint      ] Safepoint "Cleanup", Time since last: 1000108446 ns, Reaching safepoint: 61801 ns, At safepoint: 4000 ns, Total: 65801 ns
[454.423s][info ][safepoint      ] Safepoint "Cleanup", Time since last: 3000252751 ns, Reaching safepoint: 67902 ns, At safepoint: 5800 ns, Total: 73702 ns
[455.424s][info ][safepoint      ] Safepoint "Cleanup", Time since last: 1000087389 ns, Reaching safepoint: 61601 ns, At safepoint: 8500 ns, Total: 70101 ns
[456.424s][info ][safepoint      ] Safepoint "Cleanup", Time since last: 1000130376 ns, Reaching safepoint: 69501 ns, At safepoint: 4100 ns, Total: 73601 ns
[459.424s][info ][safepoint      ] Safepoint "Cleanup", Time since last: 3000274243 ns, Reaching safepoint: 69501 ns, At safepoint: 9900 ns, Total: 79401 ns
[460.424s][info ][safepoint      ] Safepoint "Cleanup", Time since last: 1000116320 ns, Reaching safepoint: 56701 ns, At safepoint: 4800 ns, Total: 61501 ns
[461.424s][info ][safepoint      ] Safepoint "Cleanup", Time since last: 1000110506 ns, Reaching safepoint: 66302 ns, At safepoint: 7600 ns, Total: 73902 ns
[462.425s][info ][safepoint      ] Safepoint "Cleanup", Time since last: 1000116192 ns, Reaching safepoint: 126903 ns, At safepoint: 8300 ns, Total: 135203 ns
[463.425s][info ][safepoint      ] Safepoint "Cleanup", Time since last: 1000132179 ns, Reaching safepoint: 61401 ns, At safepoint: 8400 ns, Total: 69801 ns
[465.425s][info ][safepoint      ] Safepoint "Cleanup", Time since last: 2000198416 ns, Reaching safepoint: 137902 ns, At safepoint: 7900 ns, Total: 145802 ns
[466.222s][info ][safepoint      ] Safepoint "ICBufferFull", Time since last: 796776509 ns, Reaching safepoint: 58302 ns, At safepoint: 3400 ns, Total: 61702 ns
[467.193s][info ][safepoint      ] Safepoint "ICBufferFull", Time since last: 970738873 ns, Reaching safepoint: 77902 ns, At safepoint: 13600 ns, Total: 91502 ns
[468.032s][info ][safepoint      ] Safepoint "ICBufferFull", Time since last: 838923981 ns, Reaching safepoint: 105802 ns, At safepoint: 10000 ns, Total: 115802 ns
[468.674s][info ][gc,start       ] GC(100) Pause Young (Allocation Failure)
[468.680s][debug][gc,phases      ] GC(100) Scavenge 5.948ms
[468.680s][debug][gc,ref         ] GC(100) Skipped phase 1 of Reference Processing: no references
[468.680s][debug][gc,ref         ] GC(100) Skipped phase 3 of Reference Processing: no references
[468.680s][debug][gc,phases      ] GC(100) Reference Processing 0.031ms
[468.681s][debug][gc,phases      ] GC(100) Weak Processing 0.670ms
[468.681s][debug][gc,age         ] GC(100) Desired survivor size 26738688 bytes, new threshold 15 (max threshold 15)
[468.681s][info ][gc,heap        ] GC(100) PSYoungGen: 2044688K(2066944K)->7488K(2071040K) Eden: 2038272K(2038272K)->0K(2043392K) From: 6416K(28672K)->7488K(27648K)
[468.681s][info ][gc,heap        ] GC(100) ParOldGen: 400944K(464896K)->401432K(464896K)
[468.681s][info ][gc,metaspace   ] GC(100) Metaspace: 79359K(80064K)->79359K(80064K) NonClass: 68547K(68928K)->68547K(68928K) Class: 10811K(11136K)->10811K(11136K)
[468.681s][info ][gc             ] GC(100) Pause Young (Allocation Failure) 2388M->399M(2476M) 6.857ms
[468.681s][info ][gc,cpu         ] GC(100) User=0.02s Sys=0.00s Real=0.01s
[468.681s][info ][safepoint      ] Safepoint "ParallelGCFailedAllocation", Time since last: 642107673 ns, Reaching safepoint: 94302 ns, At safepoint: 6963531 ns, Total: 7057833 ns
[469.681s][info ][safepoint      ] Safepoint "Cleanup", Time since last: 1000098692 ns, Reaching safepoint: 65102 ns, At safepoint: 7200 ns, Total: 72302 ns
[470.681s][info ][safepoint      ] Safepoint "Cleanup", Time since last: 1000120379 ns, Reaching safepoint: 52601 ns, At safepoint: 3500 ns, Total: 56101 ns
[470.888s][info ][safepoint      ] Safepoint "ICBufferFull", Time since last: 206396174 ns, Reaching safepoint: 51801 ns, At safepoint: 10000 ns, Total: 61801 ns
[470.890s][info ][safepoint      ] Safepoint "ICBufferFull", Time since last: 2398045 ns, Reaching safepoint: 26101 ns, At safepoint: 8700 ns, Total: 34801 ns
[471.891s][info ][safepoint      ] Safepoint "Cleanup", Time since last: 1000096163 ns, Reaching safepoint: 78901 ns, At safepoint: 6900 ns, Total: 85801 ns
[472.891s][info ][safepoint      ] Safepoint "Cleanup", Time since last: 1000107350 ns, Reaching safepoint: 50101 ns, At safepoint: 3400 ns, Total: 53501 ns
[473.837s][info ][safepoint      ] Safepoint "ICBufferFull", Time since last: 946414130 ns, Reaching safepoint: 159503 ns, At safepoint: 24900 ns, Total: 184403 ns
[473.842s][info ][safepoint      ] Safepoint "ICBufferFull", Time since last: 4703089 ns, Reaching safepoint: 56501 ns, At safepoint: 6300 ns, Total: 62801 ns
[474.263s][info ][safepoint      ] Safepoint "ICBufferFull", Time since last: 420936083 ns, Reaching safepoint: 62001 ns, At safepoint: 3601 ns, Total: 65602 ns
[475.263s][info ][safepoint      ] Safepoint "Cleanup", Time since last: 1000113217 ns, Reaching safepoint: 117802 ns, At safepoint: 10300 ns, Total: 128102 ns
[476.264s][info ][safepoint      ] Safepoint "Cleanup", Time since last: 1000109604 ns, Reaching safepoint: 119803 ns, At safepoint: 7500 ns, Total: 127303 ns
[477.264s][info ][safepoint      ] Safepoint "Cleanup", Time since last: 1000114690 ns, Reaching safepoint: 128703 ns, At safepoint: 13400 ns, Total: 142103 ns
[477.843s][info ][safepoint      ] Safepoint "ICBufferFull", Time since last: 578636006 ns, Reaching safepoint: 53101 ns, At safepoint: 6900 ns, Total: 60001 ns
[477.845s][info ][safepoint      ] Safepoint "ICBufferFull", Time since last: 2627849 ns, Reaching safepoint: 46501 ns, At safepoint: 2700 ns, Total: 49201 ns
[478.845s][info ][safepoint      ] Safepoint "Cleanup", Time since last: 1000092469 ns, Reaching safepoint: 65802 ns, At safepoint: 6100 ns, Total: 71902 ns
[479.846s][info ][safepoint      ] Safepoint "Cleanup", Time since last: 1000116156 ns, Reaching safepoint: 51501 ns, At safepoint: 5800 ns, Total: 57301 ns
[480.788s][info ][safepoint      ] Safepoint "ICBufferFull", Time since last: 942758474 ns, Reaching safepoint: 123702 ns, At safepoint: 13601 ns, Total: 137303 ns
[480.791s][info ][safepoint      ] Safepoint "ICBufferFull", Time since last: 2768251 ns, Reaching safepoint: 46601 ns, At safepoint: 4500 ns, Total: 51101 ns
[480.795s][info ][safepoint      ] Safepoint "ICBufferFull", Time since last: 3985274 ns, Reaching safepoint: 32301 ns, At safepoint: 3200 ns, Total: 35501 ns
[480.801s][info ][safepoint      ] Safepoint "ICBufferFull", Time since last: 5257598 ns, Reaching safepoint: 45901 ns, At safepoint: 4100 ns, Total: 50001 ns
[481.801s][info ][safepoint      ] Safepoint "Cleanup", Time since last: 1000101230 ns, Reaching safepoint: 74501 ns, At safepoint: 6700 ns, Total: 81201 ns
[483.801s][info ][safepoint      ] Safepoint "Cleanup", Time since last: 2000173120 ns, Reaching safepoint: 50801 ns, At safepoint: 3900 ns, Total: 54701 ns
[484.801s][info ][safepoint      ] Safepoint "Cleanup", Time since last: 1000105790 ns, Reaching safepoint: 53201 ns, At safepoint: 4700 ns, Total: 57901 ns
[485.801s][info ][safepoint      ] Safepoint "Cleanup", Time since last: 1000122477 ns, Reaching safepoint: 57901 ns, At safepoint: 6301 ns, Total: 64202 ns
[486.830s][info ][gc,start       ] GC(101) Pause Young (Allocation Failure)
[486.837s][debug][gc,phases      ] GC(101) Scavenge 6.763ms
[486.837s][debug][gc,ref         ] GC(101) Skipped phase 1 of Reference Processing: no references
[486.837s][debug][gc,ref         ] GC(101) Skipped phase 3 of Reference Processing: no references
[486.837s][debug][gc,phases      ] GC(101) Reference Processing 0.037ms
[486.837s][debug][gc,phases      ] GC(101) Weak Processing 0.589ms
[486.837s][debug][gc,age         ] GC(101) Desired survivor size 27262976 bytes, new threshold 15 (max threshold 15)
[486.837s][info ][gc,heap        ] GC(101) PSYoungGen: 2050880K(2071040K)->14608K(2069504K) Eden: 2043392K(2043392K)->0K(2043392K) From: 7488K(27648K)->14608K(26112K)
[486.837s][info ][gc,heap        ] GC(101) ParOldGen: 401432K(464896K)->401648K(464896K)
[486.837s][info ][gc,metaspace   ] GC(101) Metaspace: 79394K(80064K)->79394K(80064K) NonClass: 68581K(68928K)->68581K(68928K) Class: 10813K(11136K)->10813K(11136K)
[486.837s][info ][gc             ] GC(101) Pause Young (Allocation Failure) 2394M->406M(2475M) 7.534ms
[486.837s][info ][gc,cpu         ] GC(101) User=0.03s Sys=0.00s Real=0.01s
[486.837s][info ][safepoint      ] Safepoint "ParallelGCFailedAllocation", Time since last: 1028429789 ns, Reaching safepoint: 41501 ns, At safepoint: 7625941 ns, Total: 7667442 ns
[487.838s][info ][safepoint      ] Safepoint "Cleanup", Time since last: 1000082650 ns, Reaching safepoint: 54501 ns, At safepoint: 7500 ns, Total: 62001 ns
[488.838s][info ][safepoint      ] Safepoint "Cleanup", Time since last: 1000094337 ns, Reaching safepoint: 57701 ns, At safepoint: 10300 ns, Total: 68001 ns
[488.988s][info ][safepoint      ] Safepoint "ICBufferFull", Time since last: 149849077 ns, Reaching safepoint: 45601 ns, At safepoint: 10300 ns, Total: 55901 ns
[488.990s][info ][safepoint      ] Safepoint "ICBufferFull", Time since last: 2581048 ns, Reaching safepoint: 45001 ns, At safepoint: 5800 ns, Total: 50801 ns
[489.990s][info ][safepoint      ] Safepoint "Cleanup", Time since last: 1000098822 ns, Reaching safepoint: 63301 ns, At safepoint: 12400 ns, Total: 75701 ns
[490.991s][info ][safepoint      ] Safepoint "Cleanup", Time since last: 1000130310 ns, Reaching safepoint: 41100 ns, At safepoint: 6501 ns, Total: 47601 ns
[494.991s][info ][safepoint      ] Safepoint "Cleanup", Time since last: 4000304403 ns, Reaching safepoint: 58401 ns, At safepoint: 12801 ns, Total: 71202 ns
[498.991s][info ][safepoint      ] Safepoint "Cleanup", Time since last: 4000307996 ns, Reaching safepoint: 51101 ns, At safepoint: 6101 ns, Total: 57202 ns
[499.992s][info ][safepoint      ] Safepoint "Cleanup", Time since last: 1000121292 ns, Reaching safepoint: 65602 ns, At safepoint: 10900 ns, Total: 76502 ns
[500.992s][info ][safepoint      ] Safepoint "Cleanup", Time since last: 1000066079 ns, Reaching safepoint: 59601 ns, At safepoint: 5900 ns, Total: 65501 ns
[501.992s][info ][safepoint      ] Safepoint "Cleanup", Time since last: 1000109367 ns, Reaching safepoint: 46401 ns, At safepoint: 2500 ns, Total: 48901 ns
[502.992s][info ][safepoint      ] Safepoint "Cleanup", Time since last: 1000103254 ns, Reaching safepoint: 48201 ns, At safepoint: 3000 ns, Total: 51201 ns
[503.992s][info ][safepoint      ] Safepoint "Cleanup", Time since last: 1000111542 ns, Reaching safepoint: 61401 ns, At safepoint: 5700 ns, Total: 67101 ns
[504.992s][info ][safepoint      ] Safepoint "Cleanup", Time since last: 1000101029 ns, Reaching safepoint: 51301 ns, At safepoint: 5900 ns, Total: 57201 ns
[505.993s][info ][safepoint      ] Safepoint "Cleanup", Time since last: 1000110716 ns, Reaching safepoint: 46501 ns, At safepoint: 3200 ns, Total: 49701 ns
[506.313s][info ][gc,start       ] GC(102) Pause Young (Allocation Failure)
[506.323s][debug][gc,phases      ] GC(102) Scavenge 9.627ms
[506.323s][debug][gc,ref         ] GC(102) Skipped phase 1 of Reference Processing: no references
[506.323s][debug][gc,ref         ] GC(102) Skipped phase 3 of Reference Processing: no references
[506.323s][debug][gc,phases      ] GC(102) Reference Processing 0.027ms
[506.323s][debug][gc,phases      ] GC(102) Weak Processing 0.578ms
[506.323s][debug][gc,age         ] GC(102) Desired survivor size 28311552 bytes, new threshold 15 (max threshold 15)
[506.323s][info ][gc,heap        ] GC(102) PSYoungGen: 2058000K(2069504K)->18048K(2068480K) Eden: 2043392K(2043392K)->0K(2041856K) From: 14608K(26112K)->18048K(26624K)
[506.323s][info ][gc,heap        ] GC(102) ParOldGen: 401648K(464896K)->401788K(464896K)
[506.323s][info ][gc,metaspace   ] GC(102) Metaspace: 79481K(80192K)->79481K(80192K) NonClass: 68659K(69056K)->68659K(69056K) Class: 10822K(11136K)->10822K(11136K)
[506.324s][info ][gc             ] GC(102) Pause Young (Allocation Failure) 2402M->409M(2474M) 10.387ms
[506.324s][info ][gc,cpu         ] GC(102) User=0.04s Sys=0.00s Real=0.01s
[506.324s][info ][safepoint      ] Safepoint "ParallelGCFailedAllocation", Time since last: 320437567 ns, Reaching safepoint: 142303 ns, At safepoint: 10477691 ns, Total: 10619994 ns
[507.324s][info ][safepoint      ] Safepoint "Cleanup", Time since last: 1000103700 ns, Reaching safepoint: 152702 ns, At safepoint: 9701 ns, Total: 162403 ns
[508.324s][info ][safepoint      ] Safepoint "Cleanup", Time since last: 1000113686 ns, Reaching safepoint: 130603 ns, At safepoint: 6700 ns, Total: 137303 ns
[509.324s][info ][safepoint      ] Safepoint "Cleanup", Time since last: 1000115974 ns, Reaching safepoint: 129302 ns, At safepoint: 6201 ns, Total: 135503 ns
[510.325s][info ][safepoint      ] Safepoint "Cleanup", Time since last: 1000117261 ns, Reaching safepoint: 146103 ns, At safepoint: 15300 ns, Total: 161403 ns
[512.325s][info ][safepoint      ] Safepoint "Cleanup", Time since last: 2000202985 ns, Reaching safepoint: 120703 ns, At safepoint: 9000 ns, Total: 129703 ns
[513.325s][info ][safepoint      ] Safepoint "Cleanup", Time since last: 1000104524 ns, Reaching safepoint: 123702 ns, At safepoint: 12300 ns, Total: 136002 ns
[514.325s][info ][safepoint      ] Safepoint "Cleanup", Time since last: 1000118612 ns, Reaching safepoint: 148603 ns, At safepoint: 12200 ns, Total: 160803 ns
[515.326s][info ][safepoint      ] Safepoint "Cleanup", Time since last: 1000083698 ns, Reaching safepoint: 130803 ns, At safepoint: 9200 ns, Total: 140003 ns
[516.326s][info ][safepoint      ] Safepoint "Cleanup", Time since last: 1000129587 ns, Reaching safepoint: 136902 ns, At safepoint: 12401 ns, Total: 149303 ns
[517.326s][info ][safepoint      ] Safepoint "Cleanup", Time since last: 1000115274 ns, Reaching safepoint: 140002 ns, At safepoint: 7401 ns, Total: 147403 ns
[518.326s][info ][safepoint      ] Safepoint "Cleanup", Time since last: 1000129362 ns, Reaching safepoint: 133302 ns, At safepoint: 11900 ns, Total: 145202 ns
[520.327s][info ][safepoint      ] Safepoint "Cleanup", Time since last: 2000193687 ns, Reaching safepoint: 135502 ns, At safepoint: 11700 ns, Total: 147202 ns
[522.327s][info ][safepoint      ] Safepoint "Cleanup", Time since last: 2000196437 ns, Reaching safepoint: 139703 ns, At safepoint: 13500 ns, Total: 153203 ns
[523.327s][info ][safepoint      ] Safepoint "Cleanup", Time since last: 1000121700 ns, Reaching safepoint: 130103 ns, At safepoint: 12600 ns, Total: 142703 ns
[524.328s][info ][safepoint      ] Safepoint "Cleanup", Time since last: 1000125588 ns, Reaching safepoint: 65102 ns, At safepoint: 14100 ns, Total: 79202 ns
[525.822s][info ][gc,start       ] GC(103) Pause Young (Allocation Failure)
[525.830s][debug][gc,phases      ] GC(103) Scavenge 7.470ms
[525.830s][debug][gc,ref         ] GC(103) Skipped phase 1 of Reference Processing: no references
[525.830s][debug][gc,ref         ] GC(103) Skipped phase 3 of Reference Processing: no references
[525.830s][debug][gc,phases      ] GC(103) Reference Processing 0.025ms
[525.830s][debug][gc,phases      ] GC(103) Weak Processing 0.603ms
[525.830s][debug][gc,age         ] GC(103) Desired survivor size 30932992 bytes, new threshold 15 (max threshold 15)
[525.830s][info ][gc,heap        ] GC(103) PSYoungGen: 2059904K(2068480K)->21361K(2063360K) Eden: 2041856K(2041856K)->0K(2041856K) From: 18048K(26624K)->21361K(21504K)
[525.830s][info ][gc,heap        ] GC(103) ParOldGen: 401788K(464896K)->401976K(464896K)
[525.830s][info ][gc,metaspace   ] GC(103) Metaspace: 79507K(80192K)->79507K(80192K) NonClass: 68685K(69056K)->68685K(69056K) Class: 10822K(11136K)->10822K(11136K)
[525.830s][info ][gc             ] GC(103) Pause Young (Allocation Failure) 2403M->413M(2469M) 8.244ms
[525.830s][info ][gc,cpu         ] GC(103) User=0.04s Sys=0.00s Real=0.00s
[525.830s][info ][safepoint      ] Safepoint "ParallelGCFailedAllocation", Time since last: 1494381503 ns, Reaching safepoint: 50001 ns, At safepoint: 8367151 ns, Total: 8417152 ns
[526.831s][info ][safepoint      ] Safepoint "Cleanup", Time since last: 1000051257 ns, Reaching safepoint: 54701 ns, At safepoint: 6400 ns, Total: 61101 ns
[527.831s][info ][safepoint      ] Safepoint "Cleanup", Time since last: 1000113245 ns, Reaching safepoint: 57201 ns, At safepoint: 10301 ns, Total: 67502 ns
[528.831s][info ][safepoint      ] Safepoint "Cleanup", Time since last: 1000127033 ns, Reaching safepoint: 126002 ns, At safepoint: 18701 ns, Total: 144703 ns
[529.831s][info ][safepoint      ] Safepoint "Cleanup", Time since last: 1000121721 ns, Reaching safepoint: 55401 ns, At safepoint: 9300 ns, Total: 64701 ns
[530.831s][info ][safepoint      ] Safepoint "Cleanup", Time since last: 1000119010 ns, Reaching safepoint: 52901 ns, At safepoint: 12700 ns, Total: 65601 ns
[534.832s][info ][safepoint      ] Safepoint "Cleanup", Time since last: 4000269113 ns, Reaching safepoint: 64701 ns, At safepoint: 3000 ns, Total: 67701 ns
[535.832s][info ][safepoint      ] Safepoint "Cleanup", Time since last: 1000115349 ns, Reaching safepoint: 62101 ns, At safepoint: 13900 ns, Total: 76001 ns
[536.832s][info ][safepoint      ] Safepoint "Cleanup", Time since last: 1000116038 ns, Reaching safepoint: 52901 ns, At safepoint: 4600 ns, Total: 57501 ns
[537.832s][info ][safepoint      ] Safepoint "Cleanup", Time since last: 1000117825 ns, Reaching safepoint: 61201 ns, At safepoint: 7000 ns, Total: 68201 ns
[538.832s][info ][safepoint      ] Safepoint "Cleanup", Time since last: 1000083313 ns, Reaching safepoint: 49101 ns, At safepoint: 4200 ns, Total: 53301 ns
[539.296s][info ][safepoint      ] Safepoint "ICBufferFull", Time since last: 463619601 ns, Reaching safepoint: 47501 ns, At safepoint: 8900 ns, Total: 56401 ns
[540.296s][info ][safepoint      ] Safepoint "Cleanup", Time since last: 1000109796 ns, Reaching safepoint: 59201 ns, At safepoint: 5600 ns, Total: 64801 ns
[542.164s][info ][safepoint      ] Safepoint "Cleanup", Time since last: 1867096778 ns, Reaching safepoint: 199403 ns, At safepoint: 9601 ns, Total: 209004 ns
[543.441s][info ][safepoint      ] Safepoint "ICBufferFull", Time since last: 1277264109 ns, Reaching safepoint: 63901 ns, At safepoint: 8301 ns, Total: 72202 ns
[543.443s][info ][safepoint      ] Safepoint "ICBufferFull", Time since last: 2037736 ns, Reaching safepoint: 18000 ns, At safepoint: 2500 ns, Total: 20500 ns
[543.447s][info ][safepoint      ] Safepoint "ICBufferFull", Time since last: 3804068 ns, Reaching safepoint: 43401 ns, At safepoint: 7700 ns, Total: 51101 ns
[544.447s][info ][safepoint      ] Safepoint "Cleanup", Time since last: 1000102047 ns, Reaching safepoint: 57401 ns, At safepoint: 8300 ns, Total: 65701 ns
[545.111s][info ][gc,start       ] GC(104) Pause Young (Allocation Failure)
[545.119s][debug][gc,phases      ] GC(104) Scavenge 8.372ms
[545.119s][debug][gc,ref         ] GC(104) Skipped phase 1 of Reference Processing: no references
[545.119s][debug][gc,ref         ] GC(104) Skipped phase 3 of Reference Processing: no references
[545.119s][debug][gc,phases      ] GC(104) Reference Processing 0.032ms
[545.120s][debug][gc,phases      ] GC(104) Weak Processing 0.578ms
[545.120s][debug][gc,age         ] GC(104) Desired survivor size 32505856 bytes, new threshold 15 (max threshold 15)
[545.120s][info ][gc,heap        ] GC(104) PSYoungGen: 2063217K(2063360K)->21713K(2063872K) Eden: 2041856K(2041856K)->0K(2033664K) From: 21361K(21504K)->21713K(30208K)
[545.120s][info ][gc,heap        ] GC(104) ParOldGen: 401976K(464896K)->402136K(464896K)
[545.120s][info ][gc,metaspace   ] GC(104) Metaspace: 79670K(80320K)->79670K(80320K) NonClass: 68823K(69184K)->68823K(69184K) Class: 10846K(11136K)->10846K(11136K)
[545.120s][info ][gc             ] GC(104) Pause Young (Allocation Failure) 2407M->413M(2469M) 9.128ms
[545.120s][info ][gc,cpu         ] GC(104) User=0.03s Sys=0.00s Real=0.01s
[545.120s][info ][safepoint      ] Safepoint "ParallelGCFailedAllocation", Time since last: 663753338 ns, Reaching safepoint: 67102 ns, At safepoint: 9239864 ns, Total: 9306966 ns
[546.120s][info ][safepoint      ] Safepoint "Cleanup", Time since last: 1000102728 ns, Reaching safepoint: 147702 ns, At safepoint: 9100 ns, Total: 156802 ns
[547.121s][info ][safepoint      ] Safepoint "Cleanup", Time since last: 1000115716 ns, Reaching safepoint: 138102 ns, At safepoint: 9501 ns, Total: 147603 ns
[547.893s][info ][safepoint      ] Safepoint "ICBufferFull", Time since last: 772288448 ns, Reaching safepoint: 119902 ns, At safepoint: 11001 ns, Total: 130903 ns
[547.895s][info ][safepoint      ] Safepoint "ICBufferFull", Time since last: 2254440 ns, Reaching safepoint: 37600 ns, At safepoint: 8501 ns, Total: 46101 ns
[547.899s][info ][safepoint      ] Safepoint "ICBufferFull", Time since last: 3710766 ns, Reaching safepoint: 43800 ns, At safepoint: 13101 ns, Total: 56901 ns
[548.899s][info ][safepoint      ] Safepoint "Cleanup", Time since last: 1000105694 ns, Reaching safepoint: 50901 ns, At safepoint: 6800 ns, Total: 57701 ns
[549.899s][info ][safepoint      ] Safepoint "Cleanup", Time since last: 1000104684 ns, Reaching safepoint: 48700 ns, At safepoint: 4301 ns, Total: 53001 ns
[551.245s][info ][safepoint      ] Safepoint "ICBufferFull", Time since last: 1345865214 ns, Reaching safepoint: 48600 ns, At safepoint: 6801 ns, Total: 55401 ns
[551.248s][info ][safepoint      ] Safepoint "ICBufferFull", Time since last: 2651547 ns, Reaching safepoint: 23200 ns, At safepoint: 2600 ns, Total: 25800 ns
[552.248s][info ][safepoint      ] Safepoint "Cleanup", Time since last: 1000085756 ns, Reaching safepoint: 54501 ns, At safepoint: 12900 ns, Total: 67401 ns
[553.248s][info ][safepoint      ] Safepoint "Cleanup", Time since last: 1000120544 ns, Reaching safepoint: 62402 ns, At safepoint: 2900 ns, Total: 65302 ns
[554.249s][info ][safepoint      ] Safepoint "Cleanup", Time since last: 1000103132 ns, Reaching safepoint: 129203 ns, At safepoint: 15700 ns, Total: 144903 ns
[554.792s][info ][safepoint      ] Safepoint "ICBufferFull", Time since last: 543807936 ns, Reaching safepoint: 82701 ns, At safepoint: 10001 ns, Total: 92702 ns
[554.795s][info ][safepoint      ] Safepoint "ICBufferFull", Time since last: 2602546 ns, Reaching safepoint: 20700 ns, At safepoint: 6400 ns, Total: 27100 ns
[555.795s][info ][safepoint      ] Safepoint "Cleanup", Time since last: 1000087515 ns, Reaching safepoint: 51301 ns, At safepoint: 3800 ns, Total: 55101 ns
[556.795s][info ][safepoint      ] Safepoint "Cleanup", Time since last: 1000109903 ns, Reaching safepoint: 74702 ns, At safepoint: 7700 ns, Total: 82402 ns
[557.796s][info ][safepoint      ] Safepoint "Cleanup", Time since last: 1000110092 ns, Reaching safepoint: 55501 ns, At safepoint: 9300 ns, Total: 64801 ns
[558.796s][info ][safepoint      ] Safepoint "Cleanup", Time since last: 1000105081 ns, Reaching safepoint: 60501 ns, At safepoint: 9800 ns, Total: 70301 ns
[559.796s][info ][safepoint      ] Safepoint "Cleanup", Time since last: 1000107869 ns, Reaching safepoint: 50701 ns, At safepoint: 4900 ns, Total: 55601 ns
[561.796s][info ][safepoint      ] Safepoint "Cleanup", Time since last: 2000197304 ns, Reaching safepoint: 55201 ns, At safepoint: 17500 ns, Total: 72701 ns
[562.796s][info ][safepoint      ] Safepoint "Cleanup", Time since last: 1000113936 ns, Reaching safepoint: 55501 ns, At safepoint: 8100 ns, Total: 63601 ns
[563.174s][info ][gc,start       ] GC(105) Pause Young (Allocation Failure)
[563.182s][debug][gc,phases      ] GC(105) Scavenge 7.866ms
[563.182s][debug][gc,ref         ] GC(105) Skipped phase 1 of Reference Processing: no references
[563.182s][debug][gc,ref         ] GC(105) Skipped phase 3 of Reference Processing: no references
[563.182s][debug][gc,phases      ] GC(105) Reference Processing 0.029ms
[563.183s][debug][gc,phases      ] GC(105) Weak Processing 0.576ms
[563.183s][debug][gc,age         ] GC(105) Desired survivor size 34078720 bytes, new threshold 15 (max threshold 15)
[563.183s][info ][gc,heap        ] GC(105) PSYoungGen: 2055377K(2063872K)->22449K(2056192K) Eden: 2033664K(2033664K)->0K(2033664K) From: 21713K(30208K)->22449K(22528K)
[563.183s][info ][gc,heap        ] GC(105) ParOldGen: 402136K(464896K)->402232K(464896K)
[563.183s][info ][gc,metaspace   ] GC(105) Metaspace: 79699K(80320K)->79699K(80320K) NonClass: 68850K(69184K)->68850K(69184K) Class: 10848K(11136K)->10848K(11136K)
[563.183s][info ][gc             ] GC(105) Pause Young (Allocation Failure) 2399M->414M(2462M) 8.617ms
[563.183s][info ][gc,cpu         ] GC(105) User=0.04s Sys=0.00s Real=0.01s
[563.183s][info ][safepoint      ] Safepoint "ParallelGCFailedAllocation", Time since last: 377826460 ns, Reaching safepoint: 31301 ns, At safepoint: 8725153 ns, Total: 8756454 ns
[564.183s][info ][safepoint      ] Safepoint "Cleanup", Time since last: 1000083919 ns, Reaching safepoint: 73402 ns, At safepoint: 8100 ns, Total: 81502 ns
[565.183s][info ][safepoint      ] Safepoint "Cleanup", Time since last: 1000088408 ns, Reaching safepoint: 60701 ns, At safepoint: 6400 ns, Total: 67101 ns
[566.183s][info ][safepoint      ] Safepoint "Cleanup", Time since last: 1000119397 ns, Reaching safepoint: 53701 ns, At safepoint: 7000 ns, Total: 60701 ns
[567.184s][info ][safepoint      ] Safepoint "Cleanup", Time since last: 1000107585 ns, Reaching safepoint: 66602 ns, At safepoint: 13800 ns, Total: 80402 ns
[568.184s][info ][safepoint      ] Safepoint "Cleanup", Time since last: 1000105574 ns, Reaching safepoint: 84202 ns, At safepoint: 20000 ns, Total: 104202 ns
[569.184s][info ][safepoint      ] Safepoint "Cleanup", Time since last: 1000113963 ns, Reaching safepoint: 96602 ns, At safepoint: 8900 ns, Total: 105502 ns
[570.184s][info ][safepoint      ] Safepoint "Cleanup", Time since last: 1000124652 ns, Reaching safepoint: 51501 ns, At safepoint: 3300 ns, Total: 54801 ns
[571.184s][info ][safepoint      ] Safepoint "Cleanup", Time since last: 1000115441 ns, Reaching safepoint: 79802 ns, At safepoint: 13700 ns, Total: 93502 ns
[572.185s][info ][safepoint      ] Safepoint "Cleanup", Time since last: 1000122730 ns, Reaching safepoint: 52701 ns, At safepoint: 10800 ns, Total: 63501 ns
[576.185s][info ][safepoint      ] Safepoint "Cleanup", Time since last: 4000272805 ns, Reaching safepoint: 53101 ns, At safepoint: 37700 ns, Total: 90801 ns
[577.185s][info ][safepoint      ] Safepoint "Cleanup", Time since last: 1000111474 ns, Reaching safepoint: 55501 ns, At safepoint: 5201 ns, Total: 60702 ns
[578.185s][info ][safepoint      ] Safepoint "Cleanup", Time since last: 1000110263 ns, Reaching safepoint: 55201 ns, At safepoint: 6900 ns, Total: 62101 ns
[579.186s][info ][safepoint      ] Safepoint "Cleanup", Time since last: 1000105252 ns, Reaching safepoint: 56101 ns, At safepoint: 18500 ns, Total: 74601 ns
[580.186s][info ][safepoint      ] Safepoint "Cleanup", Time since last: 1000118442 ns, Reaching safepoint: 122802 ns, At safepoint: 11000 ns, Total: 133802 ns
[581.312s][info ][gc,start       ] GC(106) Pause Young (Allocation Failure)
[581.322s][debug][gc,phases      ] GC(106) Scavenge 10.173ms
[581.322s][debug][gc,ref         ] GC(106) Skipped phase 1 of Reference Processing: no references
[581.322s][debug][gc,ref         ] GC(106) Skipped phase 3 of Reference Processing: no references
[581.322s][debug][gc,phases      ] GC(106) Reference Processing 0.026ms
[581.323s][debug][gc,phases      ] GC(106) Weak Processing 0.592ms
[581.323s][debug][gc,age         ] GC(106) Desired survivor size 36700160 bytes, new threshold 15 (max threshold 15)
[581.323s][info ][gc,heap        ] GC(106) PSYoungGen: 2056113K(2056192K)->25537K(2058752K) Eden: 2033664K(2033664K)->0K(2025472K) From: 22449K(22528K)->25537K(33280K)
[581.323s][info ][gc,heap        ] GC(106) ParOldGen: 402232K(464896K)->402364K(464896K)
[581.323s][info ][gc,metaspace   ] GC(106) Metaspace: 79723K(80384K)->79723K(80384K) NonClass: 68875K(69248K)->68875K(69248K) Class: 10848K(11136K)->10848K(11136K)
[581.323s][info ][gc             ] GC(106) Pause Young (Allocation Failure) 2400M->417M(2464M) 10.940ms
[581.323s][info ][gc,cpu         ] GC(106) User=0.02s Sys=0.02s Real=0.02s
[581.323s][info ][safepoint      ] Safepoint "ParallelGCFailedAllocation", Time since last: 1125735319 ns, Reaching safepoint: 125902 ns, At safepoint: 11040193 ns, Total: 11166095 ns
[587.323s][info ][safepoint      ] Safepoint "Cleanup", Time since last: 6000489641 ns, Reaching safepoint: 148403 ns, At safepoint: 13500 ns, Total: 161903 ns
[588.324s][info ][safepoint      ] Safepoint "Cleanup", Time since last: 1000126753 ns, Reaching safepoint: 141002 ns, At safepoint: 14701 ns, Total: 155703 ns
[589.324s][info ][safepoint      ] Safepoint "Cleanup", Time since last: 1000145842 ns, Reaching safepoint: 136903 ns, At safepoint: 7400 ns, Total: 144303 ns
[591.324s][info ][safepoint      ] Safepoint "Cleanup", Time since last: 2000211252 ns, Reaching safepoint: 136902 ns, At safepoint: 7600 ns, Total: 144502 ns
[592.325s][info ][safepoint      ] Safepoint "Cleanup", Time since last: 1000135810 ns, Reaching safepoint: 116302 ns, At safepoint: 10601 ns, Total: 126903 ns
[593.325s][info ][safepoint      ] Safepoint "Cleanup", Time since last: 1000141999 ns, Reaching safepoint: 133603 ns, At safepoint: 14300 ns, Total: 147903 ns
[594.325s][info ][safepoint      ] Safepoint "Cleanup", Time since last: 1000124689 ns, Reaching safepoint: 135702 ns, At safepoint: 15200 ns, Total: 150902 ns
[595.325s][info ][safepoint      ] Safepoint "Cleanup", Time since last: 1000117178 ns, Reaching safepoint: 129602 ns, At safepoint: 13401 ns, Total: 143003 ns
[596.326s][info ][safepoint      ] Safepoint "Cleanup", Time since last: 1000123467 ns, Reaching safepoint: 146302 ns, At safepoint: 12801 ns, Total: 159103 ns
[597.326s][info ][safepoint      ] Safepoint "Cleanup", Time since last: 1000140057 ns, Reaching safepoint: 121002 ns, At safepoint: 6500 ns, Total: 127502 ns
[597.427s][info ][gc,start       ] GC(107) Pause Young (Allocation Failure)
[597.436s][debug][gc,phases      ] GC(107) Scavenge 8.792ms
[597.436s][debug][gc,ref         ] GC(107) Skipped phase 1 of Reference Processing: no references
[597.436s][debug][gc,ref         ] GC(107) Skipped phase 3 of Reference Processing: no references
[597.436s][debug][gc,phases      ] GC(107) Reference Processing 0.024ms
[597.436s][debug][gc,phases      ] GC(107) Weak Processing 0.565ms
[597.436s][debug][gc,age         ] GC(107) Desired survivor size 38797312 bytes, new threshold 15 (max threshold 15)
[597.436s][info ][gc,heap        ] GC(107) PSYoungGen: 2051009K(2058752K)->26865K(2052608K) Eden: 2025472K(2025472K)->0K(2025472K) From: 25537K(33280K)->26865K(27136K)
[597.436s][info ][gc,heap        ] GC(107) ParOldGen: 402364K(464896K)->402893K(464896K)
[597.436s][info ][gc,metaspace   ] GC(107) Metaspace: 79730K(80384K)->79730K(80384K) NonClass: 68881K(69248K)->68881K(69248K) Class: 10848K(11136K)->10848K(11136K)
[597.436s][info ][gc             ] GC(107) Pause Young (Allocation Failure) 2395M->419M(2458M) 9.520ms
[597.436s][info ][gc,cpu         ] GC(107) User=0.04s Sys=0.00s Real=0.01s
[597.436s][info ][safepoint      ] Safepoint "ParallelGCFailedAllocation", Time since last: 100719037 ns, Reaching safepoint: 30300 ns, At safepoint: 9618466 ns, Total: 9648766 ns
[598.436s][info ][safepoint      ] Safepoint "Cleanup", Time since last: 1000087245 ns, Reaching safepoint: 53501 ns, At safepoint: 6900 ns, Total: 60401 ns
[599.437s][info ][safepoint      ] Safepoint "Cleanup", Time since last: 1000110334 ns, Reaching safepoint: 47501 ns, At safepoint: 3500 ns, Total: 51001 ns
[601.437s][info ][safepoint      ] Safepoint "Cleanup", Time since last: 2000175236 ns, Reaching safepoint: 54101 ns, At safepoint: 8600 ns, Total: 62701 ns
[602.930s][info ][safepoint      ] Safepoint "Cleanup", Time since last: 1493232981 ns, Reaching safepoint: 278304 ns, At safepoint: 13401 ns, Total: 291705 ns
[603.332s][info ][safepoint      ] Safepoint "ICBufferFull", Time since last: 401221597 ns, Reaching safepoint: 242204 ns, At safepoint: 3600 ns, Total: 245804 ns
[604.107s][info ][safepoint      ] Safepoint "ICBufferFull", Time since last: 775160919 ns, Reaching safepoint: 252404 ns, At safepoint: 9400 ns, Total: 261804 ns
[605.107s][info ][safepoint      ] Safepoint "Cleanup", Time since last: 1000084374 ns, Reaching safepoint: 138203 ns, At safepoint: 9600 ns, Total: 147803 ns
[606.108s][info ][safepoint      ] Safepoint "Cleanup", Time since last: 1000115964 ns, Reaching safepoint: 83102 ns, At safepoint: 13300 ns, Total: 96402 ns
[607.108s][info ][safepoint      ] Safepoint "Cleanup", Time since last: 1000107154 ns, Reaching safepoint: 76101 ns, At safepoint: 11400 ns, Total: 87501 ns
[607.927s][info ][gc,start       ] GC(108) Pause Young (Allocation Failure)
[607.949s][debug][gc,phases      ] GC(108) Scavenge 21.504ms
[607.949s][debug][gc,ref         ] GC(108) Skipped phase 1 of Reference Processing: no references
[607.949s][debug][gc,ref         ] GC(108) Skipped phase 3 of Reference Processing: no references
[607.949s][debug][gc,phases      ] GC(108) Reference Processing 0.049ms
[607.949s][debug][gc,phases      ] GC(108) Weak Processing 0.622ms
[607.949s][debug][gc,age         ] GC(108) Desired survivor size 57147392 bytes, new threshold 14 (max threshold 15)
[607.949s][info ][gc,heap        ] GC(108) PSYoungGen: 2052337K(2052608K)->37873K(2023424K) Eden: 2025472K(2025472K)->0K(1985536K) From: 26865K(27136K)->37873K(37888K)
[607.949s][info ][gc,heap        ] GC(108) ParOldGen: 402893K(464896K)->435620K(464896K)
[607.949s][info ][gc,metaspace   ] GC(108) Metaspace: 80140K(80768K)->80140K(80768K) NonClass: 69226K(69568K)->69226K(69568K) Class: 10914K(11200K)->10914K(11200K)
[607.949s][info ][gc             ] GC(108) Pause Young (Allocation Failure) 2397M->462M(2430M) 22.356ms
[607.949s][info ][gc,cpu         ] GC(108) User=0.09s Sys=0.00s Real=0.02s
[607.949s][info ][safepoint      ] Safepoint "ParallelGCFailedAllocation", Time since last: 818968639 ns, Reaching safepoint: 57801 ns, At safepoint: 22465185 ns, Total: 22522986 ns
[608.950s][info ][safepoint      ] Safepoint "Cleanup", Time since last: 1000081534 ns, Reaching safepoint: 62101 ns, At safepoint: 8601 ns, Total: 70702 ns
[609.950s][info ][safepoint      ] Safepoint "Cleanup", Time since last: 1000081124 ns, Reaching safepoint: 53100 ns, At safepoint: 4201 ns, Total: 57301 ns
[610.950s][info ][safepoint      ] Safepoint "Cleanup", Time since last: 1000099013 ns, Reaching safepoint: 48201 ns, At safepoint: 5300 ns, Total: 53501 ns
[611.950s][info ][safepoint      ] Safepoint "Cleanup", Time since last: 1000112304 ns, Reaching safepoint: 57001 ns, At safepoint: 8000 ns, Total: 65001 ns
[612.950s][info ][safepoint      ] Safepoint "Cleanup", Time since last: 1000101894 ns, Reaching safepoint: 54101 ns, At safepoint: 9100 ns, Total: 63201 ns
[613.950s][info ][safepoint      ] Safepoint "Cleanup", Time since last: 1000106183 ns, Reaching safepoint: 59701 ns, At safepoint: 6800 ns, Total: 66501 ns
[614.951s][info ][safepoint      ] Safepoint "Cleanup", Time since last: 1000108873 ns, Reaching safepoint: 50601 ns, At safepoint: 9200 ns, Total: 59801 ns
[615.951s][info ][safepoint      ] Safepoint "Cleanup", Time since last: 1000105963 ns, Reaching safepoint: 51901 ns, At safepoint: 6300 ns, Total: 58201 ns
[616.951s][info ][safepoint      ] Safepoint "Cleanup", Time since last: 1000102952 ns, Reaching safepoint: 41801 ns, At safepoint: 3300 ns, Total: 45101 ns
[617.951s][info ][safepoint      ] Safepoint "Cleanup", Time since last: 1000095342 ns, Reaching safepoint: 79402 ns, At safepoint: 8600 ns, Total: 88002 ns
[618.951s][info ][safepoint      ] Safepoint "Cleanup", Time since last: 1000105932 ns, Reaching safepoint: 70301 ns, At safepoint: 14300 ns, Total: 84601 ns
[619.951s][info ][safepoint      ] Safepoint "Cleanup", Time since last: 1000101322 ns, Reaching safepoint: 52201 ns, At safepoint: 9200 ns, Total: 61401 ns
[620.786s][info ][safepoint      ] Safepoint "ICBufferFull", Time since last: 834109289 ns, Reaching safepoint: 149203 ns, At safepoint: 20500 ns, Total: 169703 ns
[621.786s][info ][safepoint      ] Safepoint "Cleanup", Time since last: 1000069303 ns, Reaching safepoint: 106201 ns, At safepoint: 10601 ns, Total: 116802 ns
[622.786s][info ][safepoint      ] Safepoint "Cleanup", Time since last: 1000105593 ns, Reaching safepoint: 48401 ns, At safepoint: 7900 ns, Total: 56301 ns
[623.786s][info ][safepoint      ] Safepoint "Cleanup", Time since last: 1000129584 ns, Reaching safepoint: 45600 ns, At safepoint: 3600 ns, Total: 49200 ns
[624.786s][info ][safepoint      ] Safepoint "Cleanup", Time since last: 1000071473 ns, Reaching safepoint: 43401 ns, At safepoint: 2900 ns, Total: 46301 ns
[625.677s][info ][gc,start       ] GC(109) Pause Young (Allocation Failure)
[625.687s][debug][gc,phases      ] GC(109) Scavenge 9.541ms
[625.687s][debug][gc,ref         ] GC(109) Skipped phase 1 of Reference Processing: no references
[625.687s][debug][gc,ref         ] GC(109) Skipped phase 3 of Reference Processing: no references
[625.687s][debug][gc,phases      ] GC(109) Reference Processing 0.038ms
[625.688s][debug][gc,phases      ] GC(109) Weak Processing 0.668ms
[625.688s][debug][gc,age         ] GC(109) Desired survivor size 56098816 bytes, new threshold 15 (max threshold 15)
[625.688s][info ][gc,heap        ] GC(109) PSYoungGen: 2023409K(2023424K)->27713K(2041344K) Eden: 1985536K(1985536K)->0K(1985536K) From: 37873K(37888K)->27713K(55808K)
[625.688s][info ][gc,heap        ] GC(109) ParOldGen: 435620K(464896K)->435820K(464896K)
[625.688s][info ][gc,metaspace   ] GC(109) Metaspace: 80211K(80896K)->80211K(80896K) NonClass: 69290K(69696K)->69290K(69696K) Class: 10921K(11200K)->10921K(11200K)
[625.688s][info ][gc             ] GC(109) Pause Young (Allocation Failure) 2401M->452M(2447M) 10.407ms
[625.688s][info ][gc,cpu         ] GC(109) User=0.03s Sys=0.00s Real=0.01s
[625.688s][info ][safepoint      ] Safepoint "ParallelGCFailedAllocation", Time since last: 890830210 ns, Reaching safepoint: 124102 ns, At safepoint: 10532179 ns, Total: 10656281 ns
[626.688s][info ][safepoint      ] Safepoint "Cleanup", Time since last: 1000088954 ns, Reaching safepoint: 72401 ns, At safepoint: 11200 ns, Total: 83601 ns
[628.688s][info ][safepoint      ] Safepoint "Cleanup", Time since last: 2000175778 ns, Reaching safepoint: 60601 ns, At safepoint: 11000 ns, Total: 71601 ns
[629.688s][info ][safepoint      ] Safepoint "Cleanup", Time since last: 1000119625 ns, Reaching safepoint: 61301 ns, At safepoint: 3800 ns, Total: 65101 ns
[630.689s][info ][safepoint      ] Safepoint "Cleanup", Time since last: 1000110614 ns, Reaching safepoint: 53701 ns, At safepoint: 11100 ns, Total: 64801 ns
[633.689s][info ][safepoint      ] Safepoint "Cleanup", Time since last: 3000215282 ns, Reaching safepoint: 50001 ns, At safepoint: 14400 ns, Total: 64401 ns
[634.689s][info ][safepoint      ] Safepoint "Cleanup", Time since last: 1000098675 ns, Reaching safepoint: 56001 ns, At safepoint: 4400 ns, Total: 60401 ns
[637.689s][info ][safepoint      ] Safepoint "Cleanup", Time since last: 3000257664 ns, Reaching safepoint: 47001 ns, At safepoint: 3900 ns, Total: 50901 ns
[638.722s][info ][safepoint      ] Safepoint "Cleanup", Time since last: 1032063173 ns, Reaching safepoint: 162803 ns, At safepoint: 12700 ns, Total: 175503 ns
[736.729s][info ][safepoint      ] Safepoint "Cleanup", Time since last: 98006889883 ns, Reaching safepoint: 73101 ns, At safepoint: 6600 ns, Total: 79701 ns
[800.733s][info ][safepoint      ] Safepoint "Cleanup", Time since last: 64004176027 ns, Reaching safepoint: 55001 ns, At safepoint: 16901 ns, Total: 71902 ns
[920.746s][info ][safepoint      ] Safepoint "ICBufferFull", Time since last: 120012882715 ns, Reaching safepoint: 50901 ns, At safepoint: 10600 ns, Total: 61501 ns
[921.746s][info ][safepoint      ] Safepoint "Cleanup", Time since last: 1000109811 ns, Reaching safepoint: 61601 ns, At safepoint: 9600 ns, Total: 71201 ns
[979.236s][info ][gc,heap,exit   ] Heap
[979.236s][info ][gc,heap,exit   ]  PSYoungGen      total 2041344K, used 1819937K [0x0000000780000000, 0x0000000800000000, 0x0000000800000000)
[979.236s][info ][gc,heap,exit   ]   eden space 1985536K, 90% used [0x0000000780000000,0x00000007ed637ec0,0x00000007f9300000)
[979.236s][info ][gc,heap,exit   ]   from space 55808K, 49% used [0x00000007f9300000,0x00000007fae10640,0x00000007fc980000)
[979.236s][info ][gc,heap,exit   ]   to   space 54784K, 0% used [0x00000007fca80000,0x00000007fca80000,0x0000000800000000)
[979.236s][info ][gc,heap,exit   ]  ParOldGen       total 464896K, used 435820K [0x0000000740000000, 0x000000075c600000, 0x0000000780000000)
[979.236s][info ][gc,heap,exit   ]   object space 464896K, 93% used [0x0000000740000000,0x000000075a99b3e0,0x000000075c600000)
[979.236s][info ][gc,heap,exit   ]  Metaspace       used 80311K, committed 81024K, reserved 1122304K
[979.236s][info ][gc,heap,exit   ]   class space    used 10931K, committed 11264K, reserved 1048576K
