[0.004s][info][gc] Using Parallel
[0.005s][info][gc,init] Version: 16.0.2+7 (release)
[0.005s][info][gc,init] CPUs: 8 total, 8 available
[0.005s][info][gc,init] Memory: 32117M
[0.005s][info][gc,init] Large Page Support: Disabled
[0.005s][info][gc,init] NUMA Support: Disabled
[0.005s][info][gc,init] Compressed Oops: Enabled (Zero based)
[0.005s][info][gc,init] Alignments: Space 512K, Generation 512K, Heap 2M
[0.005s][info][gc,init] Heap Min Capacity: 2054M
[0.005s][info][gc,init] Heap Initial Capacity: 2054M
[0.005s][info][gc,init] Heap Max Capacity: 3G
[0.005s][info][gc,init] Pre-touch: Disabled
[0.005s][info][gc,init] Parallel Workers: 4
[0.005s][info][gc,metaspace] CDS disabled.
[0.005s][info][gc,metaspace] Compressed class space mapped at: 0x0000000800000000-0x0000000840000000, reserved size: 1073741824
[0.005s][info][gc,metaspace] Narrow klass base: 0x0000000800000000, Narrow klass shift: 0, Narrow klass range: 0x40000000
[0.569s][info][safepoint   ] Safepoint "ICBufferFull", Time since last: 540707410 ns, Reaching safepoint: 145602 ns, At safepoint: 6900 ns, Total: 152502 ns
[0.887s][info][gc,start    ] GC(0) Pause Young (Metadata GC Threshold)
[0.893s][debug][gc,phases   ] GC(0) Scavenge 5.216ms
[0.893s][debug][gc,ref      ] GC(0) Skipped phase 1 of Reference Processing: no references
[0.893s][debug][gc,ref      ] GC(0) Skipped phase 3 of Reference Processing: no references
[0.893s][debug][gc,phases   ] GC(0) Reference Processing 0.106ms
[0.893s][debug][gc,phases   ] GC(0) Weak Processing 0.277ms
[0.893s][debug][gc,age      ] GC(0) Desired survivor size 536870912 bytes, new threshold 7 (max threshold 15)
[0.893s][info ][gc,heap     ] GC(0) PSYoungGen: 178013K(1572864K)->18116K(1572864K) Eden: 178013K(1048576K)->0K(1048576K) From: 0K(524288K)->18116K(524288K)
[0.893s][info ][gc,heap     ] GC(0) ParOldGen: 0K(6144K)->80K(6144K)
[0.893s][info ][gc,metaspace] GC(0) Metaspace: 21022K(21248K)->21022K(21248K) NonClass: 18657K(18752K)->18657K(18752K) Class: 2365K(2496K)->2365K(2496K)
[0.893s][info ][gc          ] GC(0) Pause Young (Metadata GC Threshold) 173M->17M(1542M) 6.045ms
[0.893s][info ][gc,cpu      ] GC(0) User=0.01s Sys=0.02s Real=0.01s
[0.893s][debug][gc,phases   ] GC(1) Pre Compact 0.015ms
[0.893s][info ][gc,start    ] GC(1) Pause Full (Metadata GC Threshold)
[0.893s][info ][gc,phases,start] GC(1) Marking Phase
[0.896s][debug][gc,phases      ] GC(1) Par Mark 3.128ms
[0.896s][debug][gc,ref         ] GC(1) Skipped phase 1 of Reference Processing: no references
[0.896s][debug][gc,ref         ] GC(1) Skipped phase 3 of Reference Processing: no references
[0.896s][debug][gc,phases      ] GC(1) Reference Processing 0.038ms
[0.897s][debug][gc,phases      ] GC(1) Weak Processing 0.103ms
[0.897s][debug][gc,phases      ] GC(1) ClassLoaderData 0.011ms
[0.897s][debug][gc,phases      ] GC(1) Trigger cleanups 0.000ms
[0.898s][debug][gc,phases      ] GC(1) Class Unloading 1.686ms
[0.898s][info ][gc,phases      ] GC(1) Marking Phase 5.053ms
[0.898s][info ][gc,phases,start] GC(1) Summary Phase
[0.898s][info ][gc,phases      ] GC(1) Summary Phase 0.005ms
[0.898s][info ][gc,phases,start] GC(1) Adjust Roots
[0.901s][info ][gc,phases      ] GC(1) Adjust Roots 2.443ms
[0.901s][info ][gc,phases,start] GC(1) Compaction Phase
[0.907s][info ][gc,phases      ] GC(1) Compaction Phase 5.850ms
[0.907s][info ][gc,phases,start] GC(1) Post Compact
[0.907s][info ][gc,phases      ] GC(1) Post Compact 0.389ms
[0.907s][info ][gc,heap        ] GC(1) PSYoungGen: 18116K(1572864K)->12401K(1572864K) Eden: 0K(1048576K)->0K(1048576K) From: 18116K(524288K)->12401K(524288K)
[0.907s][info ][gc,heap        ] GC(1) ParOldGen: 80K(6144K)->5675K(6144K)
[0.907s][info ][gc,metaspace   ] GC(1) Metaspace: 21022K(21248K)->21022K(21248K) NonClass: 18657K(18752K)->18657K(18752K) Class: 2365K(2496K)->2365K(2496K)
[0.907s][info ][gc             ] GC(1) Pause Full (Metadata GC Threshold) 17M->17M(1542M) 13.878ms
[0.907s][info ][gc,cpu         ] GC(1) User=0.05s Sys=0.00s Real=0.01s
[0.907s][info ][safepoint      ] Safepoint "CollectForMetadataAllocation", Time since last: 318352564 ns, Reaching safepoint: 113602 ns, At safepoint: 20050738 ns, Total: 20164340 ns
[1.093s][info ][safepoint      ] Safepoint "ICBufferFull", Time since last: 185599427 ns, Reaching safepoint: 116802 ns, At safepoint: 10300 ns, Total: 127102 ns
[1.108s][info ][safepoint      ] Safepoint "ICBufferFull", Time since last: 14480544 ns, Reaching safepoint: 209703 ns, At safepoint: 6700 ns, Total: 216403 ns
[1.119s][info ][safepoint      ] Safepoint "ICBufferFull", Time since last: 10836783 ns, Reaching safepoint: 121502 ns, At safepoint: 6800 ns, Total: 128302 ns
[1.134s][info ][safepoint      ] Safepoint "ICBufferFull", Time since last: 15192156 ns, Reaching safepoint: 136302 ns, At safepoint: 14301 ns, Total: 150603 ns
[1.138s][info ][safepoint      ] Safepoint "ICBufferFull", Time since last: 3978867 ns, Reaching safepoint: 50000 ns, At safepoint: 8701 ns, Total: 58701 ns
[1.142s][info ][safepoint      ] Safepoint "ICBufferFull", Time since last: 3708962 ns, Reaching safepoint: 128502 ns, At safepoint: 11900 ns, Total: 140402 ns
[1.146s][info ][safepoint      ] Safepoint "ICBufferFull", Time since last: 4337774 ns, Reaching safepoint: 67101 ns, At safepoint: 8700 ns, Total: 75801 ns
[1.152s][info ][safepoint      ] Safepoint "ICBufferFull", Time since last: 5616694 ns, Reaching safepoint: 75902 ns, At safepoint: 7800 ns, Total: 83702 ns
[1.156s][info ][safepoint      ] Safepoint "ICBufferFull", Time since last: 3762563 ns, Reaching safepoint: 136903 ns, At safepoint: 11500 ns, Total: 148403 ns
[1.164s][info ][safepoint      ] Safepoint "ICBufferFull", Time since last: 7704030 ns, Reaching safepoint: 56101 ns, At safepoint: 3200 ns, Total: 59301 ns
[1.166s][info ][safepoint      ] Safepoint "ICBufferFull", Time since last: 2542142 ns, Reaching safepoint: 44401 ns, At safepoint: 3300 ns, Total: 47701 ns
[1.167s][info ][safepoint      ] Safepoint "ICBufferFull", Time since last: 625211 ns, Reaching safepoint: 19700 ns, At safepoint: 2300 ns, Total: 22000 ns
[1.255s][info ][safepoint      ] Safepoint "ICBufferFull", Time since last: 88266087 ns, Reaching safepoint: 152303 ns, At safepoint: 7600 ns, Total: 159903 ns
[1.257s][info ][safepoint      ] Safepoint "ICBufferFull", Time since last: 1579727 ns, Reaching safepoint: 41400 ns, At safepoint: 5900 ns, Total: 47300 ns
[1.258s][info ][safepoint      ] Safepoint "ICBufferFull", Time since last: 1105419 ns, Reaching safepoint: 19800 ns, At safepoint: 1900 ns, Total: 21700 ns
[1.260s][info ][safepoint      ] Safepoint "ICBufferFull", Time since last: 1546226 ns, Reaching safepoint: 23801 ns, At safepoint: 6700 ns, Total: 30501 ns
[1.261s][info ][safepoint      ] Safepoint "ICBufferFull", Time since last: 1087318 ns, Reaching safepoint: 106702 ns, At safepoint: 9000 ns, Total: 115702 ns
[1.262s][info ][safepoint      ] Safepoint "ICBufferFull", Time since last: 1620127 ns, Reaching safepoint: 39701 ns, At safepoint: 6700 ns, Total: 46401 ns
[1.263s][info ][safepoint      ] Safepoint "ICBufferFull", Time since last: 1022817 ns, Reaching safepoint: 28701 ns, At safepoint: 3800 ns, Total: 32501 ns
[1.265s][info ][safepoint      ] Safepoint "ICBufferFull", Time since last: 1261221 ns, Reaching safepoint: 24001 ns, At safepoint: 2700 ns, Total: 26701 ns
[1.266s][info ][safepoint      ] Safepoint "ICBufferFull", Time since last: 882115 ns, Reaching safepoint: 21100 ns, At safepoint: 2800 ns, Total: 23900 ns
[1.267s][info ][safepoint      ] Safepoint "ICBufferFull", Time since last: 1094818 ns, Reaching safepoint: 21201 ns, At safepoint: 2200 ns, Total: 23401 ns
[1.268s][info ][safepoint      ] Safepoint "ICBufferFull", Time since last: 968116 ns, Reaching safepoint: 22100 ns, At safepoint: 2601 ns, Total: 24701 ns
[1.269s][info ][safepoint      ] Safepoint "ICBufferFull", Time since last: 1596326 ns, Reaching safepoint: 25001 ns, At safepoint: 2100 ns, Total: 27101 ns
[1.270s][info ][safepoint      ] Safepoint "ICBufferFull", Time since last: 574510 ns, Reaching safepoint: 25900 ns, At safepoint: 2700 ns, Total: 28600 ns
[1.272s][info ][safepoint      ] Safepoint "ICBufferFull", Time since last: 1590827 ns, Reaching safepoint: 24400 ns, At safepoint: 1700 ns, Total: 26100 ns
[1.273s][info ][safepoint      ] Safepoint "ICBufferFull", Time since last: 1692429 ns, Reaching safepoint: 34300 ns, At safepoint: 1600 ns, Total: 35900 ns
[1.275s][info ][safepoint      ] Safepoint "ICBufferFull", Time since last: 1809131 ns, Reaching safepoint: 49501 ns, At safepoint: 2000 ns, Total: 51501 ns
[1.282s][info ][safepoint      ] Safepoint "ICBufferFull", Time since last: 6579811 ns, Reaching safepoint: 53900 ns, At safepoint: 2001 ns, Total: 55901 ns
[1.308s][info ][safepoint      ] Safepoint "ICBufferFull", Time since last: 26238542 ns, Reaching safepoint: 54201 ns, At safepoint: 3200 ns, Total: 57401 ns
[1.313s][info ][safepoint      ] Safepoint "ICBufferFull", Time since last: 5040284 ns, Reaching safepoint: 42701 ns, At safepoint: 3300 ns, Total: 46001 ns
[1.357s][info ][safepoint      ] Safepoint "ICBufferFull", Time since last: 43760238 ns, Reaching safepoint: 80101 ns, At safepoint: 5400 ns, Total: 85501 ns
[1.358s][info ][safepoint      ] Safepoint "ICBufferFull", Time since last: 782913 ns, Reaching safepoint: 60601 ns, At safepoint: 2900 ns, Total: 63501 ns
[1.362s][info ][safepoint      ] Safepoint "ICBufferFull", Time since last: 4472576 ns, Reaching safepoint: 64401 ns, At safepoint: 7600 ns, Total: 72001 ns
[1.364s][info ][safepoint      ] Safepoint "ICBufferFull", Time since last: 1212720 ns, Reaching safepoint: 54001 ns, At safepoint: 2000 ns, Total: 56001 ns
[1.411s][info ][safepoint      ] Safepoint "ICBufferFull", Time since last: 47356498 ns, Reaching safepoint: 61001 ns, At safepoint: 7200 ns, Total: 68201 ns
[1.414s][info ][safepoint      ] Safepoint "ICBufferFull", Time since last: 3153853 ns, Reaching safepoint: 100402 ns, At safepoint: 4800 ns, Total: 105202 ns
[1.416s][info ][safepoint      ] Safepoint "ICBufferFull", Time since last: 1930333 ns, Reaching safepoint: 35800 ns, At safepoint: 4000 ns, Total: 39800 ns
[1.418s][info ][safepoint      ] Safepoint "ICBufferFull", Time since last: 1296622 ns, Reaching safepoint: 25601 ns, At safepoint: 5600 ns, Total: 31201 ns
[1.420s][info ][safepoint      ] Safepoint "ICBufferFull", Time since last: 1957233 ns, Reaching safepoint: 32300 ns, At safepoint: 2600 ns, Total: 34900 ns
[1.422s][info ][safepoint      ] Safepoint "ICBufferFull", Time since last: 2204837 ns, Reaching safepoint: 33201 ns, At safepoint: 3000 ns, Total: 36201 ns
[1.423s][info ][safepoint      ] Safepoint "ICBufferFull", Time since last: 846714 ns, Reaching safepoint: 21701 ns, At safepoint: 1900 ns, Total: 23601 ns
[1.423s][info ][safepoint      ] Safepoint "ICBufferFull", Time since last: 527208 ns, Reaching safepoint: 20801 ns, At safepoint: 1600 ns, Total: 22401 ns
[1.424s][info ][safepoint      ] Safepoint "ICBufferFull", Time since last: 918015 ns, Reaching safepoint: 21201 ns, At safepoint: 1900 ns, Total: 23101 ns
[1.426s][info ][safepoint      ] Safepoint "ICBufferFull", Time since last: 2092735 ns, Reaching safepoint: 27500 ns, At safepoint: 2200 ns, Total: 29700 ns
[1.427s][info ][safepoint      ] Safepoint "ICBufferFull", Time since last: 856215 ns, Reaching safepoint: 22600 ns, At safepoint: 1700 ns, Total: 24300 ns
[1.428s][info ][safepoint      ] Safepoint "ICBufferFull", Time since last: 1014717 ns, Reaching safepoint: 24801 ns, At safepoint: 1500 ns, Total: 26301 ns
[1.430s][info ][safepoint      ] Safepoint "ICBufferFull", Time since last: 1464025 ns, Reaching safepoint: 22500 ns, At safepoint: 1900 ns, Total: 24400 ns
[1.432s][info ][safepoint      ] Safepoint "ICBufferFull", Time since last: 2384340 ns, Reaching safepoint: 34301 ns, At safepoint: 2300 ns, Total: 36601 ns
[1.435s][info ][safepoint      ] Safepoint "ICBufferFull", Time since last: 2768146 ns, Reaching safepoint: 27801 ns, At safepoint: 2000 ns, Total: 29801 ns
[1.437s][info ][safepoint      ] Safepoint "ICBufferFull", Time since last: 1672428 ns, Reaching safepoint: 23300 ns, At safepoint: 1800 ns, Total: 25100 ns
[1.439s][info ][safepoint      ] Safepoint "ICBufferFull", Time since last: 1995334 ns, Reaching safepoint: 39201 ns, At safepoint: 5700 ns, Total: 44901 ns
[1.441s][info ][safepoint      ] Safepoint "ICBufferFull", Time since last: 2214837 ns, Reaching safepoint: 39501 ns, At safepoint: 2300 ns, Total: 41801 ns
[1.443s][info ][safepoint      ] Safepoint "ICBufferFull", Time since last: 2230137 ns, Reaching safepoint: 29701 ns, At safepoint: 2100 ns, Total: 31801 ns
[1.451s][info ][safepoint      ] Safepoint "ICBufferFull", Time since last: 7489426 ns, Reaching safepoint: 75401 ns, At safepoint: 7201 ns, Total: 82602 ns
[1.456s][info ][safepoint      ] Safepoint "ICBufferFull", Time since last: 5021384 ns, Reaching safepoint: 62101 ns, At safepoint: 2500 ns, Total: 64601 ns
[1.457s][info ][safepoint      ] Safepoint "ICBufferFull", Time since last: 1139519 ns, Reaching safepoint: 27301 ns, At safepoint: 1700 ns, Total: 29001 ns
[1.461s][info ][safepoint      ] Safepoint "ICBufferFull", Time since last: 3816064 ns, Reaching safepoint: 129202 ns, At safepoint: 6800 ns, Total: 136002 ns
[1.463s][info ][safepoint      ] Safepoint "ICBufferFull", Time since last: 2297639 ns, Reaching safepoint: 63501 ns, At safepoint: 2500 ns, Total: 66001 ns
[1.466s][info ][safepoint      ] Safepoint "ICBufferFull", Time since last: 2136636 ns, Reaching safepoint: 29301 ns, At safepoint: 4800 ns, Total: 34101 ns
[1.467s][info ][safepoint      ] Safepoint "ICBufferFull", Time since last: 1862431 ns, Reaching safepoint: 27201 ns, At safepoint: 2000 ns, Total: 29201 ns
[1.469s][info ][safepoint      ] Safepoint "ICBufferFull", Time since last: 1803030 ns, Reaching safepoint: 26101 ns, At safepoint: 15700 ns, Total: 41801 ns
[1.471s][info ][safepoint      ] Safepoint "ICBufferFull", Time since last: 1795130 ns, Reaching safepoint: 61901 ns, At safepoint: 7200 ns, Total: 69101 ns
[1.474s][info ][safepoint      ] Safepoint "ICBufferFull", Time since last: 3016151 ns, Reaching safepoint: 38701 ns, At safepoint: 8500 ns, Total: 47201 ns
[1.476s][info ][safepoint      ] Safepoint "ICBufferFull", Time since last: 1621827 ns, Reaching safepoint: 29801 ns, At safepoint: 2200 ns, Total: 32001 ns
[1.477s][info ][safepoint      ] Safepoint "ICBufferFull", Time since last: 1516925 ns, Reaching safepoint: 20001 ns, At safepoint: 2000 ns, Total: 22001 ns
[1.479s][info ][safepoint      ] Safepoint "ICBufferFull", Time since last: 1896532 ns, Reaching safepoint: 23200 ns, At safepoint: 2100 ns, Total: 25300 ns
[1.481s][info ][safepoint      ] Safepoint "ICBufferFull", Time since last: 1956033 ns, Reaching safepoint: 123702 ns, At safepoint: 6400 ns, Total: 130102 ns
[1.483s][info ][safepoint      ] Safepoint "ICBufferFull", Time since last: 1858931 ns, Reaching safepoint: 24301 ns, At safepoint: 2200 ns, Total: 26501 ns
[1.485s][info ][safepoint      ] Safepoint "ICBufferFull", Time since last: 2081535 ns, Reaching safepoint: 40201 ns, At safepoint: 2400 ns, Total: 42601 ns
[1.488s][info ][safepoint      ] Safepoint "ICBufferFull", Time since last: 2578243 ns, Reaching safepoint: 41801 ns, At safepoint: 2400 ns, Total: 44201 ns
[1.498s][info ][safepoint      ] Safepoint "ICBufferFull", Time since last: 9805265 ns, Reaching safepoint: 54901 ns, At safepoint: 10800 ns, Total: 65701 ns
[1.499s][info ][safepoint      ] Safepoint "ICBufferFull", Time since last: 1245521 ns, Reaching safepoint: 19001 ns, At safepoint: 1300 ns, Total: 20301 ns
[1.500s][info ][safepoint      ] Safepoint "ICBufferFull", Time since last: 500908 ns, Reaching safepoint: 13900 ns, At safepoint: 1000 ns, Total: 14900 ns
[1.502s][info ][safepoint      ] Safepoint "ICBufferFull", Time since last: 1698729 ns, Reaching safepoint: 64001 ns, At safepoint: 6900 ns, Total: 70901 ns
[1.504s][info ][safepoint      ] Safepoint "ICBufferFull", Time since last: 1979833 ns, Reaching safepoint: 22501 ns, At safepoint: 6300 ns, Total: 28801 ns
[1.508s][info ][safepoint      ] Safepoint "ICBufferFull", Time since last: 4022468 ns, Reaching safepoint: 35700 ns, At safepoint: 2100 ns, Total: 37800 ns
[1.508s][info ][safepoint      ] Safepoint "ICBufferFull", Time since last: 529509 ns, Reaching safepoint: 18601 ns, At safepoint: 4100 ns, Total: 22701 ns
[1.512s][info ][safepoint      ] Safepoint "ICBufferFull", Time since last: 4001267 ns, Reaching safepoint: 52201 ns, At safepoint: 4100 ns, Total: 56301 ns
[1.518s][info ][safepoint      ] Safepoint "ICBufferFull", Time since last: 5990201 ns, Reaching safepoint: 95001 ns, At safepoint: 8601 ns, Total: 103602 ns
[1.519s][info ][safepoint      ] Safepoint "ICBufferFull", Time since last: 748012 ns, Reaching safepoint: 26801 ns, At safepoint: 2200 ns, Total: 29001 ns
[1.522s][info ][safepoint      ] Safepoint "ICBufferFull", Time since last: 2981450 ns, Reaching safepoint: 20300 ns, At safepoint: 2700 ns, Total: 23000 ns
[1.523s][info ][safepoint      ] Safepoint "ICBufferFull", Time since last: 1315823 ns, Reaching safepoint: 18700 ns, At safepoint: 2600 ns, Total: 21300 ns
[1.524s][info ][safepoint      ] Safepoint "ICBufferFull", Time since last: 556809 ns, Reaching safepoint: 15801 ns, At safepoint: 1800 ns, Total: 17601 ns
[1.527s][info ][safepoint      ] Safepoint "ICBufferFull", Time since last: 2883248 ns, Reaching safepoint: 19600 ns, At safepoint: 2900 ns, Total: 22500 ns
[1.529s][info ][safepoint      ] Safepoint "ICBufferFull", Time since last: 1685129 ns, Reaching safepoint: 19400 ns, At safepoint: 1900 ns, Total: 21300 ns
[1.531s][info ][safepoint      ] Safepoint "ICBufferFull", Time since last: 1981034 ns, Reaching safepoint: 23500 ns, At safepoint: 2500 ns, Total: 26000 ns
[1.531s][info ][safepoint      ] Safepoint "ICBufferFull", Time since last: 555109 ns, Reaching safepoint: 17801 ns, At safepoint: 1600 ns, Total: 19401 ns
[1.534s][info ][safepoint      ] Safepoint "ICBufferFull", Time since last: 2551843 ns, Reaching safepoint: 25000 ns, At safepoint: 2800 ns, Total: 27800 ns
[1.536s][info ][safepoint      ] Safepoint "ICBufferFull", Time since last: 1742730 ns, Reaching safepoint: 21600 ns, At safepoint: 2700 ns, Total: 24300 ns
[1.552s][info ][safepoint      ] Safepoint "ICBufferFull", Time since last: 16226873 ns, Reaching safepoint: 30201 ns, At safepoint: 2900 ns, Total: 33101 ns
[1.568s][info ][safepoint      ] Safepoint "ICBufferFull", Time since last: 16416076 ns, Reaching safepoint: 30001 ns, At safepoint: 2900 ns, Total: 32901 ns
[1.569s][info ][safepoint      ] Safepoint "ICBufferFull", Time since last: 838914 ns, Reaching safepoint: 20401 ns, At safepoint: 2600 ns, Total: 23001 ns
[1.570s][info ][safepoint      ] Safepoint "ICBufferFull", Time since last: 1092418 ns, Reaching safepoint: 20900 ns, At safepoint: 2300 ns, Total: 23200 ns
[1.571s][info ][safepoint      ] Safepoint "ICBufferFull", Time since last: 971617 ns, Reaching safepoint: 19300 ns, At safepoint: 1900 ns, Total: 21200 ns
[1.572s][info ][safepoint      ] Safepoint "ICBufferFull", Time since last: 761313 ns, Reaching safepoint: 19200 ns, At safepoint: 2100 ns, Total: 21300 ns
[1.574s][info ][safepoint      ] Safepoint "ICBufferFull", Time since last: 2448642 ns, Reaching safepoint: 22200 ns, At safepoint: 2200 ns, Total: 24400 ns
[1.576s][info ][safepoint      ] Safepoint "ICBufferFull", Time since last: 1029717 ns, Reaching safepoint: 20501 ns, At safepoint: 2000 ns, Total: 22501 ns
[1.576s][info ][safepoint      ] Safepoint "ICBufferFull", Time since last: 908915 ns, Reaching safepoint: 20500 ns, At safepoint: 2100 ns, Total: 22600 ns
[1.577s][info ][safepoint      ] Safepoint "ICBufferFull", Time since last: 1005517 ns, Reaching safepoint: 20601 ns, At safepoint: 6500 ns, Total: 27101 ns
[1.579s][info ][safepoint      ] Safepoint "ICBufferFull", Time since last: 1905632 ns, Reaching safepoint: 28800 ns, At safepoint: 2100 ns, Total: 30900 ns
[1.581s][info ][safepoint      ] Safepoint "ICBufferFull", Time since last: 1606827 ns, Reaching safepoint: 26601 ns, At safepoint: 3000 ns, Total: 29601 ns
[1.583s][info ][safepoint      ] Safepoint "ICBufferFull", Time since last: 1512525 ns, Reaching safepoint: 23401 ns, At safepoint: 2300 ns, Total: 25701 ns
[1.586s][info ][safepoint      ] Safepoint "ICBufferFull", Time since last: 3670962 ns, Reaching safepoint: 24400 ns, At safepoint: 3100 ns, Total: 27500 ns
[1.587s][info ][safepoint      ] Safepoint "ICBufferFull", Time since last: 818214 ns, Reaching safepoint: 21500 ns, At safepoint: 2200 ns, Total: 23700 ns
[1.589s][info ][safepoint      ] Safepoint "ICBufferFull", Time since last: 1476025 ns, Reaching safepoint: 20101 ns, At safepoint: 2500 ns, Total: 22601 ns
[1.589s][info ][safepoint      ] Safepoint "ICBufferFull", Time since last: 520308 ns, Reaching safepoint: 18701 ns, At safepoint: 1800 ns, Total: 20501 ns
[1.591s][info ][safepoint      ] Safepoint "ICBufferFull", Time since last: 1629927 ns, Reaching safepoint: 19901 ns, At safepoint: 2000 ns, Total: 21901 ns
[1.592s][info ][safepoint      ] Safepoint "ICBufferFull", Time since last: 1336222 ns, Reaching safepoint: 20500 ns, At safepoint: 2000 ns, Total: 22500 ns
[1.594s][info ][safepoint      ] Safepoint "ICBufferFull", Time since last: 1316123 ns, Reaching safepoint: 40000 ns, At safepoint: 5900 ns, Total: 45900 ns
[1.595s][info ][safepoint      ] Safepoint "ICBufferFull", Time since last: 1299022 ns, Reaching safepoint: 26001 ns, At safepoint: 3400 ns, Total: 29401 ns
[1.596s][info ][safepoint      ] Safepoint "ICBufferFull", Time since last: 1334322 ns, Reaching safepoint: 21701 ns, At safepoint: 2500 ns, Total: 24201 ns
[1.598s][info ][safepoint      ] Safepoint "ICBufferFull", Time since last: 1395823 ns, Reaching safepoint: 21701 ns, At safepoint: 2800 ns, Total: 24501 ns
[1.599s][info ][safepoint      ] Safepoint "ICBufferFull", Time since last: 1528325 ns, Reaching safepoint: 23301 ns, At safepoint: 2500 ns, Total: 25801 ns
[1.601s][info ][safepoint      ] Safepoint "ICBufferFull", Time since last: 1322722 ns, Reaching safepoint: 21800 ns, At safepoint: 5701 ns, Total: 27501 ns
[1.602s][info ][safepoint      ] Safepoint "ICBufferFull", Time since last: 1327422 ns, Reaching safepoint: 94901 ns, At safepoint: 5001 ns, Total: 99902 ns
[1.603s][info ][safepoint      ] Safepoint "ICBufferFull", Time since last: 1294321 ns, Reaching safepoint: 21301 ns, At safepoint: 2500 ns, Total: 23801 ns
[1.605s][info ][safepoint      ] Safepoint "ICBufferFull", Time since last: 1276321 ns, Reaching safepoint: 21001 ns, At safepoint: 2600 ns, Total: 23601 ns
[1.606s][info ][safepoint      ] Safepoint "ICBufferFull", Time since last: 1496325 ns, Reaching safepoint: 23800 ns, At safepoint: 2300 ns, Total: 26100 ns
[1.607s][info ][safepoint      ] Safepoint "ICBufferFull", Time since last: 1319623 ns, Reaching safepoint: 25000 ns, At safepoint: 1900 ns, Total: 26900 ns
[1.610s][info ][safepoint      ] Safepoint "ICBufferFull", Time since last: 2142636 ns, Reaching safepoint: 26601 ns, At safepoint: 2400 ns, Total: 29001 ns
[1.611s][info ][safepoint      ] Safepoint "ICBufferFull", Time since last: 1418423 ns, Reaching safepoint: 31201 ns, At safepoint: 2300 ns, Total: 33501 ns
[1.613s][info ][safepoint      ] Safepoint "ICBufferFull", Time since last: 1922332 ns, Reaching safepoint: 23001 ns, At safepoint: 2200 ns, Total: 25201 ns
[1.614s][info ][safepoint      ] Safepoint "ICBufferFull", Time since last: 738612 ns, Reaching safepoint: 20301 ns, At safepoint: 2000 ns, Total: 22301 ns
[1.616s][info ][safepoint      ] Safepoint "ICBufferFull", Time since last: 2482342 ns, Reaching safepoint: 19800 ns, At safepoint: 1800 ns, Total: 21600 ns
[1.620s][info ][safepoint      ] Safepoint "ICBufferFull", Time since last: 3401657 ns, Reaching safepoint: 60901 ns, At safepoint: 3600 ns, Total: 64501 ns
[1.621s][info ][safepoint      ] Safepoint "ICBufferFull", Time since last: 1491925 ns, Reaching safepoint: 51101 ns, At safepoint: 3200 ns, Total: 54301 ns
[1.623s][info ][safepoint      ] Safepoint "ICBufferFull", Time since last: 1572127 ns, Reaching safepoint: 30400 ns, At safepoint: 2500 ns, Total: 32900 ns
[1.624s][info ][safepoint      ] Safepoint "ICBufferFull", Time since last: 1503726 ns, Reaching safepoint: 23400 ns, At safepoint: 2000 ns, Total: 25400 ns
[1.625s][info ][safepoint      ] Safepoint "ICBufferFull", Time since last: 522409 ns, Reaching safepoint: 19200 ns, At safepoint: 1500 ns, Total: 20700 ns
[1.626s][info ][safepoint      ] Safepoint "ICBufferFull", Time since last: 1408624 ns, Reaching safepoint: 21900 ns, At safepoint: 2100 ns, Total: 24000 ns
[1.628s][info ][safepoint      ] Safepoint "ICBufferFull", Time since last: 1587927 ns, Reaching safepoint: 90802 ns, At safepoint: 4800 ns, Total: 95602 ns
[1.629s][info ][safepoint      ] Safepoint "ICBufferFull", Time since last: 722612 ns, Reaching safepoint: 29200 ns, At safepoint: 8701 ns, Total: 37901 ns
[1.631s][info ][safepoint      ] Safepoint "ICBufferFull", Time since last: 1657628 ns, Reaching safepoint: 50400 ns, At safepoint: 7000 ns, Total: 57400 ns
[1.632s][info ][safepoint      ] Safepoint "ICBufferFull", Time since last: 1330223 ns, Reaching safepoint: 21000 ns, At safepoint: 1800 ns, Total: 22800 ns
[1.633s][info ][safepoint      ] Safepoint "ICBufferFull", Time since last: 959916 ns, Reaching safepoint: 19001 ns, At safepoint: 2100 ns, Total: 21101 ns
[1.634s][info ][safepoint      ] Safepoint "ICBufferFull", Time since last: 997617 ns, Reaching safepoint: 15800 ns, At safepoint: 1500 ns, Total: 17300 ns
[1.635s][info ][safepoint      ] Safepoint "ICBufferFull", Time since last: 809014 ns, Reaching safepoint: 100801 ns, At safepoint: 4700 ns, Total: 105501 ns
[1.636s][info ][safepoint      ] Safepoint "ICBufferFull", Time since last: 1175020 ns, Reaching safepoint: 20900 ns, At safepoint: 1600 ns, Total: 22500 ns
[1.637s][info ][safepoint      ] Safepoint "ICBufferFull", Time since last: 965717 ns, Reaching safepoint: 36400 ns, At safepoint: 1600 ns, Total: 38000 ns
[1.638s][info ][safepoint      ] Safepoint "ICBufferFull", Time since last: 1146020 ns, Reaching safepoint: 21200 ns, At safepoint: 2700 ns, Total: 23900 ns
[1.639s][info ][safepoint      ] Safepoint "ICBufferFull", Time since last: 750713 ns, Reaching safepoint: 47501 ns, At safepoint: 1600 ns, Total: 49101 ns
[1.640s][info ][safepoint      ] Safepoint "ICBufferFull", Time since last: 944516 ns, Reaching safepoint: 22000 ns, At safepoint: 2600 ns, Total: 24600 ns
[1.641s][info ][safepoint      ] Safepoint "ICBufferFull", Time since last: 810914 ns, Reaching safepoint: 18800 ns, At safepoint: 1900 ns, Total: 20700 ns
[1.642s][info ][safepoint      ] Safepoint "ICBufferFull", Time since last: 725612 ns, Reaching safepoint: 38401 ns, At safepoint: 1800 ns, Total: 40201 ns
[1.642s][info ][safepoint      ] Safepoint "ICBufferFull", Time since last: 832014 ns, Reaching safepoint: 22000 ns, At safepoint: 1600 ns, Total: 23600 ns
[1.644s][info ][safepoint      ] Safepoint "ICBufferFull", Time since last: 1491925 ns, Reaching safepoint: 26601 ns, At safepoint: 1800 ns, Total: 28401 ns
[1.645s][info ][safepoint      ] Safepoint "ICBufferFull", Time since last: 899115 ns, Reaching safepoint: 24100 ns, At safepoint: 6101 ns, Total: 30201 ns
[1.646s][info ][safepoint      ] Safepoint "ICBufferFull", Time since last: 734612 ns, Reaching safepoint: 22000 ns, At safepoint: 1700 ns, Total: 23700 ns
[1.646s][info ][safepoint      ] Safepoint "ICBufferFull", Time since last: 673212 ns, Reaching safepoint: 34200 ns, At safepoint: 1800 ns, Total: 36000 ns
[1.647s][info ][safepoint      ] Safepoint "ICBufferFull", Time since last: 644211 ns, Reaching safepoint: 21600 ns, At safepoint: 2000 ns, Total: 23600 ns
[1.648s][info ][safepoint      ] Safepoint "ICBufferFull", Time since last: 622711 ns, Reaching safepoint: 23200 ns, At safepoint: 2200 ns, Total: 25400 ns
[1.648s][info ][safepoint      ] Safepoint "ICBufferFull", Time since last: 672812 ns, Reaching safepoint: 97001 ns, At safepoint: 5800 ns, Total: 102801 ns
[1.649s][info ][safepoint      ] Safepoint "ICBufferFull", Time since last: 704812 ns, Reaching safepoint: 42901 ns, At safepoint: 2200 ns, Total: 45101 ns
[1.650s][info ][safepoint      ] Safepoint "ICBufferFull", Time since last: 690212 ns, Reaching safepoint: 24000 ns, At safepoint: 2100 ns, Total: 26100 ns
[1.725s][info ][safepoint      ] Safepoint "ICBufferFull", Time since last: 75332569 ns, Reaching safepoint: 67602 ns, At safepoint: 5700 ns, Total: 73302 ns
[2.140s][info ][safepoint      ] Safepoint "ICBufferFull", Time since last: 414604885 ns, Reaching safepoint: 164203 ns, At safepoint: 10100 ns, Total: 174303 ns
[2.191s][info ][gc,start       ] GC(2) Pause Young (Metadata GC Threshold)
[2.225s][debug][gc,phases      ] GC(2) Scavenge 34.608ms
[2.225s][debug][gc,ref         ] GC(2) Skipped phase 1 of Reference Processing: no references
[2.225s][debug][gc,ref         ] GC(2) Skipped phase 3 of Reference Processing: no references
[2.226s][debug][gc,phases      ] GC(2) Reference Processing 0.375ms
[2.227s][debug][gc,phases      ] GC(2) Weak Processing 1.122ms
[2.227s][debug][gc,age         ] GC(2) Desired survivor size 536870912 bytes, new threshold 7 (max threshold 15)
[2.227s][info ][gc,heap        ] GC(2) PSYoungGen: 446068K(1572864K)->49153K(1572864K) Eden: 433667K(1048576K)->0K(1048576K) From: 12401K(524288K)->49153K(524288K)
[2.227s][info ][gc,heap        ] GC(2) ParOldGen: 5675K(6144K)->5683K(6144K)
[2.227s][info ][gc,metaspace   ] GC(2) Metaspace: 35016K(35392K)->35016K(35392K) NonClass: 30639K(30848K)->30639K(30848K) Class: 4377K(4544K)->4377K(4544K)
[2.227s][info ][gc             ] GC(2) Pause Young (Metadata GC Threshold) 441M->53M(1542M) 36.266ms
[2.227s][info ][gc,cpu         ] GC(2) User=0.13s Sys=0.05s Real=0.03s
[2.227s][debug][gc,phases      ] GC(3) Pre Compact 0.012ms
[2.227s][info ][gc,start       ] GC(3) Pause Full (Metadata GC Threshold)
[2.227s][info ][gc,phases,start] GC(3) Marking Phase
[2.244s][debug][gc,phases      ] GC(3) Par Mark 17.377ms
[2.244s][debug][gc,ref         ] GC(3) Skipped phase 1 of Reference Processing: no references
[2.244s][debug][gc,ref         ] GC(3) Skipped phase 3 of Reference Processing: no references
[2.244s][debug][gc,phases      ] GC(3) Reference Processing 0.111ms
[2.245s][debug][gc,phases      ] GC(3) Weak Processing 0.269ms
[2.245s][debug][gc,phases      ] GC(3) ClassLoaderData 0.031ms
[2.245s][debug][gc,phases      ] GC(3) Trigger cleanups 0.000ms
[2.249s][debug][gc,phases      ] GC(3) Class Unloading 4.291ms
[2.249s][info ][gc,phases      ] GC(3) Marking Phase 22.197ms
[2.249s][info ][gc,phases,start] GC(3) Summary Phase
[2.249s][info ][gc,phases      ] GC(3) Summary Phase 0.010ms
[2.249s][info ][gc,phases,start] GC(3) Adjust Roots
[2.258s][info ][gc,phases      ] GC(3) Adjust Roots 9.221ms
[2.258s][info ][gc,phases,start] GC(3) Compaction Phase
[2.510s][info ][gc,phases      ] GC(3) Compaction Phase 251.485ms
[2.510s][info ][gc,phases,start] GC(3) Post Compact
[2.510s][info ][gc,phases      ] GC(3) Post Compact 0.479ms
[2.510s][info ][gc,heap        ] GC(3) PSYoungGen: 49153K(1572864K)->49024K(1572864K) Eden: 0K(1048576K)->0K(1048576K) From: 49153K(524288K)->49024K(524288K)
[2.510s][info ][gc,heap        ] GC(3) ParOldGen: 5683K(6144K)->5576K(6144K)
[2.510s][info ][gc,metaspace   ] GC(3) Metaspace: 35016K(35392K)->35016K(35392K) NonClass: 30639K(30848K)->30639K(30848K) Class: 4377K(4544K)->4377K(4544K)
[2.510s][info ][gc             ] GC(3) Pause Full (Metadata GC Threshold) 53M->53M(1542M) 283.561ms
[2.510s][info ][gc,cpu         ] GC(3) User=0.59s Sys=0.01s Real=0.29s
[2.510s][info ][safepoint      ] Safepoint "CollectForMetadataAllocation", Time since last: 50255446 ns, Reaching safepoint: 108402 ns, At safepoint: 320034792 ns, Total: 320143194 ns
[2.760s][info ][safepoint      ] Safepoint "ICBufferFull", Time since last: 249251199 ns, Reaching safepoint: 248405 ns, At safepoint: 18200 ns, Total: 266605 ns
[2.929s][info ][safepoint      ] Safepoint "ICBufferFull", Time since last: 168384937 ns, Reaching safepoint: 241904 ns, At safepoint: 24600 ns, Total: 266504 ns
[3.079s][info ][safepoint      ] Safepoint "ICBufferFull", Time since last: 150328733 ns, Reaching safepoint: 229404 ns, At safepoint: 27200 ns, Total: 256604 ns
[3.442s][info ][safepoint      ] Safepoint "ICBufferFull", Time since last: 362894014 ns, Reaching safepoint: 232404 ns, At safepoint: 29200 ns, Total: 261604 ns
[3.548s][info ][safepoint      ] Safepoint "ICBufferFull", Time since last: 105193873 ns, Reaching safepoint: 211903 ns, At safepoint: 26101 ns, Total: 238004 ns
[3.557s][info ][safepoint      ] Safepoint "ICBufferFull", Time since last: 9431759 ns, Reaching safepoint: 130202 ns, At safepoint: 10700 ns, Total: 140902 ns
[3.558s][info ][safepoint      ] Safepoint "ICBufferFull", Time since last: 62801 ns, Reaching safepoint: 97002 ns, At safepoint: 14000 ns, Total: 111002 ns
[3.566s][info ][safepoint      ] Safepoint "ICBufferFull", Time since last: 4102369 ns, Reaching safepoint: 4262472 ns, At safepoint: 36700 ns, Total: 4299172 ns
[3.570s][info ][safepoint      ] Safepoint "ICBufferFull", Time since last: 3477759 ns, Reaching safepoint: 100202 ns, At safepoint: 11200 ns, Total: 111402 ns
[3.571s][info ][safepoint      ] Safepoint "ICBufferFull", Time since last: 1820231 ns, Reaching safepoint: 91601 ns, At safepoint: 11900 ns, Total: 103501 ns
[3.573s][info ][safepoint      ] Safepoint "ICBufferFull", Time since last: 1479825 ns, Reaching safepoint: 92002 ns, At safepoint: 13100 ns, Total: 105102 ns
[3.574s][info ][safepoint      ] Safepoint "ICBufferFull", Time since last: 1332023 ns, Reaching safepoint: 50200 ns, At safepoint: 11501 ns, Total: 61701 ns
[3.576s][info ][safepoint      ] Safepoint "ICBufferFull", Time since last: 1366223 ns, Reaching safepoint: 126202 ns, At safepoint: 17400 ns, Total: 143602 ns
[3.578s][info ][safepoint      ] Safepoint "ICBufferFull", Time since last: 2022634 ns, Reaching safepoint: 69701 ns, At safepoint: 9100 ns, Total: 78801 ns
[3.580s][info ][safepoint      ] Safepoint "ICBufferFull", Time since last: 1624228 ns, Reaching safepoint: 72401 ns, At safepoint: 24900 ns, Total: 97301 ns
[3.582s][info ][safepoint      ] Safepoint "ICBufferFull", Time since last: 2092736 ns, Reaching safepoint: 106301 ns, At safepoint: 31301 ns, Total: 137602 ns
[3.590s][info ][safepoint      ] Safepoint "ICBufferFull", Time since last: 7797231 ns, Reaching safepoint: 105602 ns, At safepoint: 17800 ns, Total: 123402 ns
[3.592s][info ][safepoint      ] Safepoint "ICBufferFull", Time since last: 1835431 ns, Reaching safepoint: 107502 ns, At safepoint: 21901 ns, Total: 129403 ns
[3.594s][info ][safepoint      ] Safepoint "ICBufferFull", Time since last: 1930432 ns, Reaching safepoint: 115802 ns, At safepoint: 19600 ns, Total: 135402 ns
[3.596s][info ][safepoint      ] Safepoint "ICBufferFull", Time since last: 1935233 ns, Reaching safepoint: 110202 ns, At safepoint: 17200 ns, Total: 127402 ns
[3.598s][info ][safepoint      ] Safepoint "ICBufferFull", Time since last: 1497425 ns, Reaching safepoint: 94702 ns, At safepoint: 17500 ns, Total: 112202 ns
[3.600s][info ][safepoint      ] Safepoint "ICBufferFull", Time since last: 1924433 ns, Reaching safepoint: 113002 ns, At safepoint: 16800 ns, Total: 129802 ns
[3.623s][info ][safepoint      ] Safepoint "ICBufferFull", Time since last: 22880585 ns, Reaching safepoint: 166403 ns, At safepoint: 21500 ns, Total: 187903 ns
[3.632s][info ][safepoint      ] Safepoint "ICBufferFull", Time since last: 9510661 ns, Reaching safepoint: 146102 ns, At safepoint: 29901 ns, Total: 176003 ns
[3.633s][info ][safepoint      ] Safepoint "ICBufferFull", Time since last: 74701 ns, Reaching safepoint: 96602 ns, At safepoint: 28200 ns, Total: 124802 ns
[3.728s][info ][safepoint      ] Safepoint "ICBufferFull", Time since last: 95594211 ns, Reaching safepoint: 200703 ns, At safepoint: 18900 ns, Total: 219603 ns
[3.734s][info ][safepoint      ] Safepoint "ICBufferFull", Time since last: 5536994 ns, Reaching safepoint: 126202 ns, At safepoint: 30100 ns, Total: 156302 ns
[3.750s][info ][safepoint      ] Safepoint "ICBufferFull", Time since last: 15994570 ns, Reaching safepoint: 138402 ns, At safepoint: 26300 ns, Total: 164702 ns
[3.758s][info ][safepoint      ] Safepoint "ICBufferFull", Time since last: 7755931 ns, Reaching safepoint: 127702 ns, At safepoint: 120402 ns, Total: 248104 ns
[3.782s][info ][safepoint      ] Safepoint "ICBufferFull", Time since last: 23448695 ns, Reaching safepoint: 141503 ns, At safepoint: 25300 ns, Total: 166803 ns
[3.801s][info ][safepoint      ] Safepoint "ICBufferFull", Time since last: 17279891 ns, Reaching safepoint: 2155837 ns, At safepoint: 28300 ns, Total: 2184137 ns
[3.809s][info ][safepoint      ] Safepoint "ICBufferFull", Time since last: 7118220 ns, Reaching safepoint: 142102 ns, At safepoint: 21701 ns, Total: 163803 ns
[3.825s][info ][safepoint      ] Safepoint "ICBufferFull", Time since last: 16216773 ns, Reaching safepoint: 129302 ns, At safepoint: 23300 ns, Total: 152602 ns
[3.847s][info ][safepoint      ] Safepoint "ICBufferFull", Time since last: 21794568 ns, Reaching safepoint: 136602 ns, At safepoint: 23000 ns, Total: 159602 ns
[3.855s][info ][safepoint      ] Safepoint "ICBufferFull", Time since last: 7820632 ns, Reaching safepoint: 139302 ns, At safepoint: 25501 ns, Total: 164803 ns
[3.862s][info ][safepoint      ] Safepoint "ICBufferFull", Time since last: 3600661 ns, Reaching safepoint: 3243354 ns, At safepoint: 31501 ns, Total: 3274855 ns
[3.873s][info ][safepoint      ] Safepoint "ICBufferFull", Time since last: 11417692 ns, Reaching safepoint: 126602 ns, At safepoint: 28301 ns, Total: 154903 ns
[3.878s][info ][safepoint      ] Safepoint "ICBufferFull", Time since last: 4486475 ns, Reaching safepoint: 114702 ns, At safepoint: 12900 ns, Total: 127602 ns
[3.884s][info ][safepoint      ] Safepoint "ICBufferFull", Time since last: 6115203 ns, Reaching safepoint: 113302 ns, At safepoint: 21301 ns, Total: 134603 ns
[3.889s][info ][safepoint      ] Safepoint "ICBufferFull", Time since last: 5026684 ns, Reaching safepoint: 115702 ns, At safepoint: 27201 ns, Total: 142903 ns
[3.894s][info ][safepoint      ] Safepoint "ICBufferFull", Time since last: 4659878 ns, Reaching safepoint: 125702 ns, At safepoint: 21601 ns, Total: 147303 ns
[3.901s][info ][safepoint      ] Safepoint "ICBufferFull", Time since last: 6175404 ns, Reaching safepoint: 132202 ns, At safepoint: 28601 ns, Total: 160803 ns
[3.906s][info ][safepoint      ] Safepoint "ICBufferFull", Time since last: 5109286 ns, Reaching safepoint: 133802 ns, At safepoint: 25100 ns, Total: 158902 ns
[3.921s][info ][safepoint      ] Safepoint "ICBufferFull", Time since last: 15054554 ns, Reaching safepoint: 125102 ns, At safepoint: 18200 ns, Total: 143302 ns
[3.928s][info ][safepoint      ] Safepoint "ICBufferFull", Time since last: 6862616 ns, Reaching safepoint: 89501 ns, At safepoint: 22401 ns, Total: 111902 ns
[3.939s][info ][safepoint      ] Safepoint "ICBufferFull", Time since last: 11077086 ns, Reaching safepoint: 269305 ns, At safepoint: 28700 ns, Total: 298005 ns
[3.943s][info ][safepoint      ] Safepoint "ICBufferFull", Time since last: 3888266 ns, Reaching safepoint: 112002 ns, At safepoint: 27600 ns, Total: 139602 ns
[3.955s][info ][safepoint      ] Safepoint "ICBufferFull", Time since last: 9489460 ns, Reaching safepoint: 2131836 ns, At safepoint: 26701 ns, Total: 2158537 ns
[3.963s][info ][safepoint      ] Safepoint "ICBufferFull", Time since last: 7719230 ns, Reaching safepoint: 128702 ns, At safepoint: 24200 ns, Total: 152902 ns
[3.989s][info ][safepoint      ] Safepoint "ICBufferFull", Time since last: 25294126 ns, Reaching safepoint: 215004 ns, At safepoint: 31201 ns, Total: 246205 ns
[3.995s][info ][safepoint      ] Safepoint "ICBufferFull", Time since last: 5862798 ns, Reaching safepoint: 129902 ns, At safepoint: 27501 ns, Total: 157403 ns
[4.001s][info ][safepoint      ] Safepoint "ICBufferFull", Time since last: 5977201 ns, Reaching safepoint: 138002 ns, At safepoint: 18700 ns, Total: 156702 ns
[4.016s][info ][safepoint      ] Safepoint "ICBufferFull", Time since last: 15152256 ns, Reaching safepoint: 127902 ns, At safepoint: 21400 ns, Total: 149302 ns
[4.016s][info ][safepoint      ] Safepoint "ICBufferFull", Time since last: 78901 ns, Reaching safepoint: 109602 ns, At safepoint: 20301 ns, Total: 129903 ns
[4.016s][info ][safepoint      ] Safepoint "ICBufferFull", Time since last: 35200 ns, Reaching safepoint: 87202 ns, At safepoint: 17500 ns, Total: 104702 ns
[4.025s][info ][safepoint      ] Safepoint "ICBufferFull", Time since last: 8915050 ns, Reaching safepoint: 145903 ns, At safepoint: 33900 ns, Total: 179803 ns
[4.038s][info ][safepoint      ] Safepoint "ICBufferFull", Time since last: 9442559 ns, Reaching safepoint: 3214054 ns, At safepoint: 30801 ns, Total: 3244855 ns
[4.039s][info ][safepoint      ] Safepoint "ICBufferFull", Time since last: 1169620 ns, Reaching safepoint: 83001 ns, At safepoint: 26500 ns, Total: 109501 ns
[4.043s][info ][safepoint      ] Safepoint "ICBufferFull", Time since last: 3929367 ns, Reaching safepoint: 113002 ns, At safepoint: 25300 ns, Total: 138302 ns
[4.048s][info ][safepoint      ] Safepoint "ICBufferFull", Time since last: 3989167 ns, Reaching safepoint: 144503 ns, At safepoint: 36200 ns, Total: 180703 ns
[4.053s][info ][safepoint      ] Safepoint "ICBufferFull", Time since last: 4986984 ns, Reaching safepoint: 126302 ns, At safepoint: 22501 ns, Total: 148803 ns
[4.067s][info ][safepoint      ] Safepoint "ICBufferFull", Time since last: 14366442 ns, Reaching safepoint: 46601 ns, At safepoint: 8600 ns, Total: 55201 ns
[4.067s][info ][safepoint      ] Safepoint "ICBufferFull", Time since last: 73401 ns, Reaching safepoint: 91002 ns, At safepoint: 20800 ns, Total: 111802 ns
[4.068s][info ][safepoint      ] Safepoint "ICBufferFull", Time since last: 40401 ns, Reaching safepoint: 88601 ns, At safepoint: 19500 ns, Total: 108101 ns
[4.068s][info ][safepoint      ] Safepoint "ICBufferFull", Time since last: 67902 ns, Reaching safepoint: 287304 ns, At safepoint: 22101 ns, Total: 309405 ns
[4.068s][info ][safepoint      ] Safepoint "ICBufferFull", Time since last: 59701 ns, Reaching safepoint: 88401 ns, At safepoint: 15700 ns, Total: 104101 ns
[4.071s][info ][safepoint      ] Safepoint "ICBufferFull", Time since last: 2315639 ns, Reaching safepoint: 125703 ns, At safepoint: 27200 ns, Total: 152903 ns
[4.073s][info ][safepoint      ] Safepoint "ICBufferFull", Time since last: 2723746 ns, Reaching safepoint: 91601 ns, At safepoint: 24401 ns, Total: 116002 ns
[4.074s][info ][safepoint      ] Safepoint "ICBufferFull", Time since last: 58601 ns, Reaching safepoint: 123702 ns, At safepoint: 29000 ns, Total: 152702 ns
[4.077s][info ][safepoint      ] Safepoint "ICBufferFull", Time since last: 3263555 ns, Reaching safepoint: 112802 ns, At safepoint: 28001 ns, Total: 140803 ns
[4.082s][info ][safepoint      ] Safepoint "ICBufferFull", Time since last: 2783647 ns, Reaching safepoint: 2141336 ns, At safepoint: 24100 ns, Total: 2165436 ns
[4.100s][info ][safepoint      ] Safepoint "ICBufferFull", Time since last: 17570396 ns, Reaching safepoint: 118102 ns, At safepoint: 27201 ns, Total: 145303 ns
[4.102s][info ][safepoint      ] Safepoint "ICBufferFull", Time since last: 2587243 ns, Reaching safepoint: 104602 ns, At safepoint: 28000 ns, Total: 132602 ns
[4.106s][info ][safepoint      ] Safepoint "ICBufferFull", Time since last: 3383557 ns, Reaching safepoint: 105702 ns, At safepoint: 27701 ns, Total: 133403 ns
[4.109s][info ][safepoint      ] Safepoint "ICBufferFull", Time since last: 2681545 ns, Reaching safepoint: 105502 ns, At safepoint: 28000 ns, Total: 133502 ns
[4.112s][info ][safepoint      ] Safepoint "ICBufferFull", Time since last: 3010551 ns, Reaching safepoint: 109902 ns, At safepoint: 23600 ns, Total: 133502 ns
[4.115s][info ][safepoint      ] Safepoint "ICBufferFull", Time since last: 3160153 ns, Reaching safepoint: 112902 ns, At safepoint: 29701 ns, Total: 142603 ns
[4.133s][info ][safepoint      ] Safepoint "ICBufferFull", Time since last: 18087004 ns, Reaching safepoint: 113302 ns, At safepoint: 24501 ns, Total: 137803 ns
[4.134s][info ][safepoint      ] Safepoint "ICBufferFull", Time since last: 73401 ns, Reaching safepoint: 97902 ns, At safepoint: 31100 ns, Total: 129002 ns
[4.137s][info ][safepoint      ] Safepoint "ICBufferFull", Time since last: 2988951 ns, Reaching safepoint: 103601 ns, At safepoint: 23401 ns, Total: 127002 ns
[4.329s][info ][safepoint      ] Safepoint "ICBufferFull", Time since last: 192179037 ns, Reaching safepoint: 264405 ns, At safepoint: 22800 ns, Total: 287205 ns
[4.333s][info ][gc,start       ] GC(4) Pause Young (Allocation Failure)
[4.443s][debug][gc,phases      ] GC(4) Scavenge 110.123ms
[4.444s][debug][gc,ref         ] GC(4) Skipped phase 1 of Reference Processing: no references
[4.444s][debug][gc,ref         ] GC(4) Skipped phase 3 of Reference Processing: no references
[4.444s][debug][gc,phases      ] GC(4) Reference Processing 0.467ms
[4.445s][debug][gc,phases      ] GC(4) Weak Processing 1.419ms
[4.445s][debug][gc,age         ] GC(4) Desired survivor size 536870912 bytes, new threshold 7 (max threshold 15)
[4.445s][info ][gc,heap        ] GC(4) PSYoungGen: 1097600K(1572864K)->151664K(1572864K) Eden: 1048576K(1048576K)->0K(1048576K) From: 49024K(524288K)->151664K(524288K)
[4.445s][info ][gc,heap        ] GC(4) ParOldGen: 5576K(6144K)->5592K(6144K)
[4.445s][info ][gc,metaspace   ] GC(4) Metaspace: 50273K(50816K)->50273K(50816K) NonClass: 43007K(43328K)->43007K(43328K) Class: 7265K(7488K)->7265K(7488K)
[4.445s][info ][gc             ] GC(4) Pause Young (Allocation Failure) 1077M->153M(1542M) 112.168ms
[4.445s][info ][gc,cpu         ] GC(4) User=0.40s Sys=0.05s Real=0.11s
[4.446s][info ][safepoint      ] Safepoint "ParallelGCFailedAllocation", Time since last: 3962567 ns, Reaching safepoint: 122602 ns, At safepoint: 112275492 ns, Total: 112398094 ns
[4.713s][info ][gc,start       ] GC(5) Pause Young (Allocation Failure)
[4.802s][debug][gc,phases      ] GC(5) Scavenge 88.630ms
[4.802s][debug][gc,ref         ] GC(5) Skipped phase 1 of Reference Processing: no references
[4.802s][debug][gc,ref         ] GC(5) Skipped phase 3 of Reference Processing: no references
[4.802s][debug][gc,phases      ] GC(5) Reference Processing 0.327ms
[4.804s][debug][gc,phases      ] GC(5) Weak Processing 1.477ms
[4.804s][debug][gc,age         ] GC(5) Desired survivor size 536870912 bytes, new threshold 7 (max threshold 15)
[4.804s][info ][gc,heap        ] GC(5) PSYoungGen: 1200240K(1572864K)->165806K(1572864K) Eden: 1048576K(1048576K)->0K(1048576K) From: 151664K(524288K)->165806K(524288K)
[4.804s][info ][gc,heap        ] GC(5) ParOldGen: 5592K(6144K)->5600K(6144K)
[4.804s][info ][gc,metaspace   ] GC(5) Metaspace: 52783K(53312K)->52783K(53312K) NonClass: 45028K(45312K)->45028K(45312K) Class: 7755K(8000K)->7755K(8000K)
[4.804s][info ][gc             ] GC(5) Pause Young (Allocation Failure) 1177M->167M(1542M) 90.582ms
[4.804s][info ][gc,cpu         ] GC(5) User=0.28s Sys=0.07s Real=0.09s
[4.804s][info ][safepoint      ] Safepoint "ParallelGCFailedAllocation", Time since last: 267160801 ns, Reaching safepoint: 560509 ns, At safepoint: 90702528 ns, Total: 91263037 ns
[5.212s][info ][safepoint      ] Safepoint "ICBufferFull", Time since last: 407999874 ns, Reaching safepoint: 198603 ns, At safepoint: 28101 ns, Total: 226704 ns
[5.212s][info ][safepoint      ] Safepoint "ICBufferFull", Time since last: 65501 ns, Reaching safepoint: 91401 ns, At safepoint: 22601 ns, Total: 114002 ns
[5.258s][info ][gc,start       ] GC(6) Pause Young (Allocation Failure)
[5.326s][debug][gc,phases      ] GC(6) Scavenge 67.847ms
[5.326s][debug][gc,ref         ] GC(6) Skipped phase 1 of Reference Processing: no references
[5.326s][debug][gc,ref         ] GC(6) Skipped phase 3 of Reference Processing: no references
[5.326s][debug][gc,phases      ] GC(6) Reference Processing 0.306ms
[5.328s][debug][gc,phases      ] GC(6) Weak Processing 1.363ms
[5.328s][debug][gc,age         ] GC(6) Desired survivor size 250609664 bytes, new threshold 6 (max threshold 15)
[5.328s][info ][gc,heap        ] GC(6) PSYoungGen: 1214382K(1572864K)->169874K(1572864K) Eden: 1048576K(1048576K)->0K(1048576K) From: 165806K(524288K)->169874K(524288K)
[5.328s][info ][gc,heap        ] GC(6) ParOldGen: 5600K(6144K)->5608K(6144K)
[5.328s][info ][gc,metaspace   ] GC(6) Metaspace: 53672K(54208K)->53672K(54208K) NonClass: 45820K(46144K)->45820K(46144K) Class: 7852K(8064K)->7852K(8064K)
[5.328s][info ][gc             ] GC(6) Pause Young (Allocation Failure) 1191M->171M(1542M) 69.662ms
[5.328s][info ][gc,cpu         ] GC(6) User=0.27s Sys=0.00s Real=0.06s
[5.328s][info ][safepoint      ] Safepoint "ParallelGCFailedAllocation", Time since last: 45517167 ns, Reaching safepoint: 143502 ns, At safepoint: 69783276 ns, Total: 69926778 ns
[5.693s][info ][gc,start       ] GC(7) Pause Young (Allocation Failure)
[5.792s][debug][gc,phases      ] GC(7) Scavenge 98.447ms
[5.792s][debug][gc,ref         ] GC(7) Skipped phase 1 of Reference Processing: no references
[5.792s][debug][gc,ref         ] GC(7) Skipped phase 3 of Reference Processing: no references
[5.792s][debug][gc,phases      ] GC(7) Reference Processing 0.330ms
[5.794s][debug][gc,phases      ] GC(7) Weak Processing 1.733ms
[5.794s][debug][gc,age         ] GC(7) Desired survivor size 265289728 bytes, new threshold 5 (max threshold 15)
[5.794s][info ][gc,heap        ] GC(7) PSYoungGen: 1218450K(1572864K)->173906K(1823744K) Eden: 1048576K(1048576K)->0K(1579008K) From: 169874K(524288K)->173906K(244736K)
[5.794s][info ][gc,heap        ] GC(7) ParOldGen: 5608K(6144K)->5616K(6144K)
[5.794s][info ][gc,metaspace   ] GC(7) Metaspace: 53788K(54272K)->53788K(54272K) NonClass: 45935K(46208K)->45935K(46208K) Class: 7852K(8064K)->7852K(8064K)
[5.794s][info ][gc             ] GC(7) Pause Young (Allocation Failure) 1195M->175M(1787M) 100.676ms
[5.794s][info ][gc,cpu         ] GC(7) User=0.35s Sys=0.04s Real=0.10s
[5.794s][info ][safepoint      ] Safepoint "ParallelGCFailedAllocation", Time since last: 364634243 ns, Reaching safepoint: 927015 ns, At safepoint: 100797398 ns, Total: 101724413 ns
[6.332s][info ][gc,start       ] GC(8) Pause Young (Allocation Failure)
[6.415s][debug][gc,phases      ] GC(8) Scavenge 83.645ms
[6.415s][debug][gc,ref         ] GC(8) Skipped phase 1 of Reference Processing: no references
[6.415s][debug][gc,ref         ] GC(8) Skipped phase 3 of Reference Processing: no references
[6.415s][debug][gc,phases      ] GC(8) Reference Processing 0.215ms
[6.417s][debug][gc,phases      ] GC(8) Weak Processing 1.554ms
[6.417s][debug][gc,age         ] GC(8) Desired survivor size 252706816 bytes, new threshold 4 (max threshold 15)
[6.417s][info ][gc,heap        ] GC(8) PSYoungGen: 1752914K(1823744K)->135145K(1838080K) Eden: 1579008K(1579008K)->0K(1579008K) From: 173906K(244736K)->135145K(259072K)
[6.417s][info ][gc,heap        ] GC(8) ParOldGen: 5616K(6144K)->53962K(54784K)
[6.417s][info ][gc,metaspace   ] GC(8) Metaspace: 53800K(54272K)->53800K(54272K) NonClass: 45947K(46208K)->45947K(46208K) Class: 7852K(8064K)->7852K(8064K)
[6.417s][info ][gc             ] GC(8) Pause Young (Allocation Failure) 1717M->184M(1848M) 85.572ms
[6.417s][info ][gc,cpu         ] GC(8) User=0.36s Sys=0.01s Real=0.08s
[6.417s][debug][gc,phases      ] GC(9) Pre Compact 0.011ms
[6.417s][info ][gc,start       ] GC(9) Pause Full (Ergonomics)
[6.417s][info ][gc,phases,start] GC(9) Marking Phase
[6.496s][debug][gc,phases      ] GC(9) Par Mark 78.970ms
[6.496s][debug][gc,ref         ] GC(9) Skipped phase 1 of Reference Processing: no references
[6.496s][debug][gc,ref         ] GC(9) Skipped phase 3 of Reference Processing: no references
[6.496s][debug][gc,phases      ] GC(9) Reference Processing 0.173ms
[6.497s][debug][gc,phases      ] GC(9) Weak Processing 0.461ms
[6.497s][debug][gc,phases      ] GC(9) ClassLoaderData 0.125ms
[6.497s][debug][gc,phases      ] GC(9) Trigger cleanups 0.008ms
[6.507s][debug][gc,phases      ] GC(9) Class Unloading 9.597ms
[6.507s][info ][gc,phases      ] GC(9) Marking Phase 89.382ms
[6.507s][info ][gc,phases,start] GC(9) Summary Phase
[6.507s][info ][gc,phases      ] GC(9) Summary Phase 0.009ms
[6.507s][info ][gc,phases,start] GC(9) Adjust Roots
[6.524s][info ][gc,phases      ] GC(9) Adjust Roots 17.404ms
[6.524s][info ][gc,phases,start] GC(9) Compaction Phase
[6.957s][info ][gc,phases      ] GC(9) Compaction Phase 432.815ms
[6.957s][info ][gc,phases,start] GC(9) Post Compact
[6.958s][info ][gc,phases      ] GC(9) Post Compact 0.828ms
[6.958s][info ][gc,heap        ] GC(9) PSYoungGen: 135145K(1838080K)->133769K(1838080K) Eden: 0K(1579008K)->0K(1579008K) From: 135145K(259072K)->133769K(259072K)
[6.958s][info ][gc,heap        ] GC(9) ParOldGen: 53962K(54784K)->54711K(88576K)
[6.958s][info ][gc,metaspace   ] GC(9) Metaspace: 53800K(54272K)->53796K(54272K) NonClass: 45947K(46208K)->45944K(46208K) Class: 7852K(8064K)->7851K(8064K)
[6.958s][info ][gc             ] GC(9) Pause Full (Ergonomics) 184M->184M(1881M) 540.688ms
[6.958s][info ][gc,cpu         ] GC(9) User=1.89s Sys=0.01s Real=0.55s
[6.958s][info ][safepoint      ] Safepoint "ParallelGCFailedAllocation", Time since last: 536961047 ns, Reaching safepoint: 351906 ns, At safepoint: 626460854 ns, Total: 626812760 ns
[7.085s][info ][safepoint      ] Safepoint "ICBufferFull", Time since last: 126284627 ns, Reaching safepoint: 315106 ns, At safepoint: 24300 ns, Total: 339406 ns
[7.455s][info ][gc,start       ] GC(10) Pause Young (Allocation Failure)
[7.563s][debug][gc,phases      ] GC(10) Scavenge 108.027ms
[7.563s][debug][gc,ref         ] GC(10) Skipped phase 1 of Reference Processing: no references
[7.563s][debug][gc,ref         ] GC(10) Skipped phase 3 of Reference Processing: no references
[7.563s][debug][gc,phases      ] GC(10) Reference Processing 0.071ms
[7.564s][debug][gc,phases      ] GC(10) Weak Processing 1.310ms
[7.564s][debug][gc,age         ] GC(10) Desired survivor size 258473984 bytes, new threshold 4 (max threshold 15)
[7.564s][info ][gc,heap        ] GC(10) PSYoungGen: 1712777K(1838080K)->19680K(1839104K) Eden: 1579008K(1579008K)->0K(1592320K) From: 133769K(259072K)->19680K(246784K)
[7.564s][info ][gc,heap        ] GC(10) ParOldGen: 54711K(88576K)->171821K(172032K)
[7.564s][info ][gc,metaspace   ] GC(10) Metaspace: 54705K(55168K)->54705K(55168K) NonClass: 46721K(46976K)->46721K(46976K) Class: 7983K(8192K)->7983K(8192K)
[7.564s][info ][gc             ] GC(10) Pause Young (Allocation Failure) 1726M->187M(1964M) 109.588ms
[7.565s][info ][gc,cpu         ] GC(10) User=0.48s Sys=0.04s Real=0.11s
[7.565s][debug][gc,phases      ] GC(11) Pre Compact 0.016ms
[7.565s][info ][gc,start       ] GC(11) Pause Full (Ergonomics)
[7.565s][info ][gc,phases,start] GC(11) Marking Phase
[7.654s][debug][gc,phases      ] GC(11) Par Mark 89.710ms
[7.654s][debug][gc,ref         ] GC(11) Skipped phase 1 of Reference Processing: no references
[7.655s][debug][gc,ref         ] GC(11) Skipped phase 3 of Reference Processing: no references
[7.655s][debug][gc,phases      ] GC(11) Reference Processing 0.204ms
[7.655s][debug][gc,phases      ] GC(11) Weak Processing 0.469ms
[7.655s][debug][gc,phases      ] GC(11) ClassLoaderData 0.046ms
[7.655s][debug][gc,phases      ] GC(11) Trigger cleanups 0.000ms
[7.660s][debug][gc,phases      ] GC(11) Class Unloading 5.073ms
[7.660s][info ][gc,phases      ] GC(11) Marking Phase 95.590ms
[7.660s][info ][gc,phases,start] GC(11) Summary Phase
[7.660s][info ][gc,phases      ] GC(11) Summary Phase 0.008ms
[7.660s][info ][gc,phases,start] GC(11) Adjust Roots
[7.672s][info ][gc,phases      ] GC(11) Adjust Roots 12.049ms
[7.672s][info ][gc,phases,start] GC(11) Compaction Phase
[7.930s][info ][gc,phases      ] GC(11) Compaction Phase 258.089ms
[7.930s][info ][gc,phases,start] GC(11) Post Compact
[7.931s][info ][gc,phases      ] GC(11) Post Compact 0.522ms
[7.931s][info ][gc,heap        ] GC(11) PSYoungGen: 19680K(1839104K)->19046K(1839104K) Eden: 0K(1592320K)->0K(1592320K) From: 19680K(246784K)->19046K(246784K)
[7.931s][info ][gc,heap        ] GC(11) ParOldGen: 171821K(172032K)->171916K(258560K)
[7.931s][info ][gc,metaspace   ] GC(11) Metaspace: 54705K(55168K)->54705K(55168K) NonClass: 46721K(46976K)->46721K(46976K) Class: 7983K(8192K)->7983K(8192K)
[7.931s][info ][gc             ] GC(11) Pause Full (Ergonomics) 187M->186M(2048M) 366.531ms
[7.931s][info ][gc,cpu         ] GC(11) User=1.19s Sys=0.01s Real=0.37s
[7.932s][info ][safepoint      ] Safepoint "ParallelGCFailedAllocation", Time since last: 370036934 ns, Reaching safepoint: 252104 ns, At safepoint: 477243740 ns, Total: 477495844 ns
[8.243s][info ][gc,start       ] GC(12) Pause Young (Allocation Failure)
[8.277s][debug][gc,phases      ] GC(12) Scavenge 33.161ms
[8.277s][debug][gc,ref         ] GC(12) Skipped phase 1 of Reference Processing: no references
[8.277s][debug][gc,ref         ] GC(12) Skipped phase 3 of Reference Processing: no references
[8.277s][debug][gc,phases      ] GC(12) Reference Processing 0.060ms
[8.277s][debug][gc,phases      ] GC(12) Weak Processing 0.482ms
[8.277s][debug][gc,age         ] GC(12) Desired survivor size 261619712 bytes, new threshold 5 (max threshold 15)
[8.277s][info ][gc,heap        ] GC(12) PSYoungGen: 1611366K(1839104K)->8288K(1601024K) Eden: 1592320K(1592320K)->0K(1592320K) From: 19046K(246784K)->8288K(8704K)
[8.277s][info ][gc,heap        ] GC(12) ParOldGen: 171916K(258560K)->174504K(258560K)
[8.277s][info ][gc,metaspace   ] GC(12) Metaspace: 55601K(56064K)->55601K(56064K) NonClass: 47499K(47744K)->47499K(47744K) Class: 8101K(8320K)->8101K(8320K)
[8.277s][info ][gc             ] GC(12) Pause Young (Allocation Failure) 1741M->178M(1816M) 33.846ms
[8.277s][info ][gc,cpu         ] GC(12) User=0.12s Sys=0.01s Real=0.03s
[8.277s][info ][safepoint      ] Safepoint "ParallelGCFailedAllocation", Time since last: 310969439 ns, Reaching safepoint: 232604 ns, At safepoint: 33986473 ns, Total: 34219077 ns
[8.683s][info ][gc,start       ] GC(13) Pause Young (Allocation Failure)
[8.691s][debug][gc,phases      ] GC(13) Scavenge 7.286ms
[8.691s][debug][gc,ref         ] GC(13) Skipped phase 1 of Reference Processing: no references
[8.691s][debug][gc,ref         ] GC(13) Skipped phase 3 of Reference Processing: no references
[8.691s][debug][gc,phases      ] GC(13) Reference Processing 0.053ms
[8.691s][debug][gc,phases      ] GC(13) Weak Processing 0.479ms
[8.691s][debug][gc,age         ] GC(13) Desired survivor size 261095424 bytes, new threshold 6 (max threshold 15)
[8.691s][info ][gc,heap        ] GC(13) PSYoungGen: 1600608K(1601024K)->8960K(1842176K) Eden: 1592320K(1592320K)->0K(1586688K) From: 8288K(8704K)->8960K(255488K)
[8.691s][info ][gc,heap        ] GC(13) ParOldGen: 174504K(258560K)->174512K(258560K)
[8.691s][info ][gc,metaspace   ] GC(13) Metaspace: 55761K(56192K)->55761K(56192K) NonClass: 47650K(47872K)->47650K(47872K) Class: 8111K(8320K)->8111K(8320K)
[8.691s][info ][gc             ] GC(13) Pause Young (Allocation Failure) 1733M->179M(2051M) 7.965ms
[8.691s][info ][gc,cpu         ] GC(13) User=0.04s Sys=0.00s Real=0.01s
[8.691s][info ][safepoint      ] Safepoint "ParallelGCFailedAllocation", Time since last: 405011923 ns, Reaching safepoint: 1028017 ns, At safepoint: 8075336 ns, Total: 9103353 ns
[9.018s][info ][safepoint      ] Safepoint "ICBufferFull", Time since last: 326513601 ns, Reaching safepoint: 250504 ns, At safepoint: 33301 ns, Total: 283805 ns
[9.166s][info ][gc,start       ] GC(14) Pause Young (Allocation Failure)
[9.174s][debug][gc,phases      ] GC(14) Scavenge 7.419ms
[9.174s][debug][gc,ref         ] GC(14) Skipped phase 1 of Reference Processing: no references
[9.174s][debug][gc,ref         ] GC(14) Skipped phase 3 of Reference Processing: no references
[9.174s][debug][gc,phases      ] GC(14) Reference Processing 0.039ms
[9.174s][debug][gc,phases      ] GC(14) Weak Processing 0.464ms
[9.174s][debug][gc,age         ] GC(14) Desired survivor size 258473984 bytes, new threshold 7 (max threshold 15)
[9.174s][info ][gc,heap        ] GC(14) PSYoungGen: 1595648K(1842176K)->11072K(1841664K) Eden: 1586688K(1586688K)->0K(1586688K) From: 8960K(255488K)->11072K(254976K)
[9.175s][info ][gc,heap        ] GC(14) ParOldGen: 174512K(258560K)->174512K(258560K)
[9.175s][info ][gc,metaspace   ] GC(14) Metaspace: 56013K(56512K)->56013K(56512K) NonClass: 47873K(48128K)->47873K(48128K) Class: 8140K(8384K)->8140K(8384K)
[9.175s][info ][gc             ] GC(14) Pause Young (Allocation Failure) 1728M->181M(2051M) 8.058ms
[9.175s][info ][gc,cpu         ] GC(14) User=0.04s Sys=0.00s Real=0.01s
[9.175s][info ][safepoint      ] Safepoint "ParallelGCFailedAllocation", Time since last: 143826823 ns, Reaching safepoint: 4386974 ns, At safepoint: 8178337 ns, Total: 12565311 ns
[9.586s][info ][gc,start       ] GC(15) Pause Young (Allocation Failure)
[9.595s][debug][gc,phases      ] GC(15) Scavenge 9.523ms
[9.595s][debug][gc,ref         ] GC(15) Skipped phase 1 of Reference Processing: no references
[9.595s][debug][gc,ref         ] GC(15) Skipped phase 3 of Reference Processing: no references
[9.595s][debug][gc,ref         ] GC(15) Skipped phase 4 of Reference Processing: no references
[9.595s][debug][gc,phases      ] GC(15) Reference Processing 0.063ms
[9.596s][debug][gc,phases      ] GC(15) Weak Processing 0.473ms
[9.596s][debug][gc,age         ] GC(15) Desired survivor size 252706816 bytes, new threshold 8 (max threshold 15)
[9.596s][info ][gc,heap        ] GC(15) PSYoungGen: 1597760K(1841664K)->14240K(1850368K) Eden: 1586688K(1586688K)->0K(1597952K) From: 11072K(254976K)->14240K(252416K)
[9.596s][info ][gc,heap        ] GC(15) ParOldGen: 174512K(258560K)->174512K(258560K)
[9.596s][info ][gc,metaspace   ] GC(15) Metaspace: 56017K(56512K)->56017K(56512K) NonClass: 47877K(48128K)->47877K(48128K) Class: 8140K(8384K)->8140K(8384K)
[9.596s][info ][gc             ] GC(15) Pause Young (Allocation Failure) 1730M->184M(2059M) 10.184ms
[9.596s][info ][gc,cpu         ] GC(15) User=0.04s Sys=0.00s Real=0.01s
[9.596s][info ][safepoint      ] Safepoint "ParallelGCFailedAllocation", Time since last: 409908606 ns, Reaching safepoint: 1114219 ns, At safepoint: 10295073 ns, Total: 11409292 ns
[9.990s][info ][gc,start       ] GC(16) Pause Young (Allocation Failure)
[10.000s][debug][gc,phases      ] GC(16) Scavenge 9.816ms
[10.000s][debug][gc,ref         ] GC(16) Skipped phase 1 of Reference Processing: no references
[10.000s][debug][gc,ref         ] GC(16) Skipped phase 3 of Reference Processing: no references
[10.000s][debug][gc,phases      ] GC(16) Reference Processing 0.048ms
[10.001s][debug][gc,phases      ] GC(16) Weak Processing 0.483ms
[10.001s][debug][gc,age         ] GC(16) Desired survivor size 245366784 bytes, new threshold 9 (max threshold 15)
[10.001s][info ][gc,heap        ] GC(16) PSYoungGen: 1612192K(1850368K)->18176K(1844736K) Eden: 1597952K(1597952K)->0K(1597952K) From: 14240K(252416K)->18176K(246784K)
[10.001s][info ][gc,heap        ] GC(16) ParOldGen: 174512K(258560K)->174520K(258560K)
[10.001s][info ][gc,metaspace   ] GC(16) Metaspace: 56151K(56640K)->56151K(56640K) NonClass: 47987K(48256K)->47987K(48256K) Class: 8163K(8384K)->8163K(8384K)
[10.001s][info ][gc             ] GC(16) Pause Young (Allocation Failure) 1744M->188M(2054M) 10.482ms
[10.001s][info ][gc,cpu         ] GC(16) User=0.05s Sys=0.00s Real=0.01s
[10.001s][info ][safepoint      ] Safepoint "ParallelGCFailedAllocation", Time since last: 393918036 ns, Reaching safepoint: 263105 ns, At safepoint: 10599678 ns, Total: 10862783 ns
[10.145s][info ][safepoint      ] Safepoint "ICBufferFull", Time since last: 136555101 ns, Reaching safepoint: 8155637 ns, At safepoint: 32901 ns, Total: 8188538 ns
[10.147s][info ][safepoint      ] Safepoint "ICBufferFull", Time since last: 1063618 ns, Reaching safepoint: 58801 ns, At safepoint: 26800 ns, Total: 85601 ns
[10.148s][info ][safepoint      ] Safepoint "ICBufferFull", Time since last: 812314 ns, Reaching safepoint: 96602 ns, At safepoint: 21300 ns, Total: 117902 ns
[10.152s][info ][safepoint      ] Safepoint "ICBufferFull", Time since last: 4365973 ns, Reaching safepoint: 107002 ns, At safepoint: 23401 ns, Total: 130403 ns
[10.153s][info ][safepoint      ] Safepoint "ICBufferFull", Time since last: 817513 ns, Reaching safepoint: 94202 ns, At safepoint: 24000 ns, Total: 118202 ns
[10.154s][info ][safepoint      ] Safepoint "ICBufferFull", Time since last: 710812 ns, Reaching safepoint: 92702 ns, At safepoint: 22200 ns, Total: 114902 ns
[10.155s][info ][safepoint      ] Safepoint "ICBufferFull", Time since last: 689612 ns, Reaching safepoint: 169603 ns, At safepoint: 26300 ns, Total: 195903 ns
[10.382s][info ][gc,start       ] GC(17) Pause Young (Allocation Failure)
[10.391s][debug][gc,phases      ] GC(17) Scavenge 9.287ms
[10.391s][debug][gc,ref         ] GC(17) Skipped phase 1 of Reference Processing: no references
[10.391s][debug][gc,ref         ] GC(17) Skipped phase 3 of Reference Processing: no references
[10.391s][debug][gc,phases      ] GC(17) Reference Processing 0.049ms
[10.392s][debug][gc,phases      ] GC(17) Weak Processing 0.487ms
[10.392s][debug][gc,age         ] GC(17) Desired survivor size 236453888 bytes, new threshold 10 (max threshold 15)
[10.392s][info ][gc,heap        ] GC(17) PSYoungGen: 1616128K(1844736K)->18992K(1866240K) Eden: 1597952K(1597952K)->0K(1626624K) From: 18176K(246784K)->18992K(239616K)
[10.392s][info ][gc,heap        ] GC(17) ParOldGen: 174520K(258560K)->174528K(258560K)
[10.392s][info ][gc,metaspace   ] GC(17) Metaspace: 57446K(58048K)->57446K(58048K) NonClass: 49089K(49408K)->49089K(49408K) Class: 8357K(8640K)->8357K(8640K)
[10.392s][info ][gc             ] GC(17) Pause Young (Allocation Failure) 1748M->188M(2075M) 9.982ms
[10.392s][info ][gc,cpu         ] GC(17) User=0.03s Sys=0.00s Real=0.01s
[10.392s][info ][safepoint      ] Safepoint "ParallelGCFailedAllocation", Time since last: 226914223 ns, Reaching safepoint: 234104 ns, At safepoint: 10094970 ns, Total: 10329074 ns
[10.785s][info ][gc,start       ] GC(18) Pause Young (Allocation Failure)
[10.795s][debug][gc,phases      ] GC(18) Scavenge 10.158ms
[10.795s][debug][gc,ref         ] GC(18) Skipped phase 1 of Reference Processing: no references
[10.795s][debug][gc,ref         ] GC(18) Skipped phase 3 of Reference Processing: no references
[10.795s][debug][gc,ref         ] GC(18) Skipped phase 4 of Reference Processing: no references
[10.795s][debug][gc,phases      ] GC(18) Reference Processing 0.047ms
[10.796s][debug][gc,phases      ] GC(18) Weak Processing 0.552ms
[10.796s][debug][gc,age         ] GC(18) Desired survivor size 227540992 bytes, new threshold 11 (max threshold 15)
[10.796s][info ][gc,heap        ] GC(18) PSYoungGen: 1645616K(1866240K)->19120K(1857536K) Eden: 1626624K(1626624K)->0K(1626624K) From: 18992K(239616K)->19120K(230912K)
[10.796s][info ][gc,heap        ] GC(18) ParOldGen: 174528K(258560K)->174536K(258560K)
[10.796s][info ][gc,metaspace   ] GC(18) Metaspace: 57695K(58240K)->57695K(58240K) NonClass: 49317K(49600K)->49317K(49600K) Class: 8378K(8640K)->8378K(8640K)
[10.796s][info ][gc             ] GC(18) Pause Young (Allocation Failure) 1777M->189M(2066M) 10.906ms
[10.796s][info ][gc,cpu         ] GC(18) User=0.04s Sys=0.00s Real=0.01s
[10.796s][info ][safepoint      ] Safepoint "ParallelGCFailedAllocation", Time since last: 393071622 ns, Reaching safepoint: 135002 ns, At safepoint: 11029686 ns, Total: 11164688 ns
[11.210s][info ][gc,start       ] GC(19) Pause Young (Allocation Failure)
[11.222s][debug][gc,phases      ] GC(19) Scavenge 11.766ms
[11.222s][debug][gc,ref         ] GC(19) Skipped phase 1 of Reference Processing: no references
[11.222s][debug][gc,ref         ] GC(19) Skipped phase 3 of Reference Processing: no references
[11.222s][debug][gc,phases      ] GC(19) Reference Processing 0.052ms
[11.222s][debug][gc,phases      ] GC(19) Weak Processing 0.551ms
[11.222s][debug][gc,age         ] GC(19) Desired survivor size 217579520 bytes, new threshold 12 (max threshold 15)
[11.222s][info ][gc,heap        ] GC(19) PSYoungGen: 1645744K(1857536K)->21616K(1884672K) Eden: 1626624K(1626624K)->0K(1662464K) From: 19120K(230912K)->21616K(222208K)
[11.222s][info ][gc,heap        ] GC(19) ParOldGen: 174536K(258560K)->174544K(258560K)
[11.222s][info ][gc,metaspace   ] GC(19) Metaspace: 61459K(61952K)->61459K(61952K) NonClass: 52608K(52864K)->52608K(52864K) Class: 8851K(9088K)->8851K(9088K)
[11.222s][info ][gc             ] GC(19) Pause Young (Allocation Failure) 1777M->191M(2093M) 12.505ms
[11.222s][info ][gc,cpu         ] GC(19) User=0.04s Sys=0.00s Real=0.01s
[11.222s][info ][safepoint      ] Safepoint "ParallelGCFailedAllocation", Time since last: 410320712 ns, Reaching safepoint: 3225255 ns, At safepoint: 12624912 ns, Total: 15850167 ns
[11.651s][info ][gc,start       ] GC(20) Pause Young (Allocation Failure)
[11.697s][debug][gc,phases      ] GC(20) Scavenge 45.950ms
[11.697s][debug][gc,ref         ] GC(20) Skipped phase 1 of Reference Processing: no references
[11.697s][debug][gc,ref         ] GC(20) Skipped phase 3 of Reference Processing: no references
[11.697s][debug][gc,phases      ] GC(20) Reference Processing 0.068ms
[11.698s][debug][gc,phases      ] GC(20) Weak Processing 0.595ms
[11.698s][debug][gc,age         ] GC(20) Desired survivor size 211812352 bytes, new threshold 13 (max threshold 15)
[11.698s][info ][gc,heap        ] GC(20) PSYoungGen: 1684080K(1884672K)->82608K(1874944K) Eden: 1662464K(1662464K)->0K(1662464K) From: 21616K(222208K)->82608K(212480K)
[11.698s][info ][gc,heap        ] GC(20) ParOldGen: 174544K(258560K)->174552K(258560K)
[11.698s][info ][gc,metaspace   ] GC(20) Metaspace: 62200K(62784K)->62200K(62784K) NonClass: 53256K(53568K)->53256K(53568K) Class: 8944K(9216K)->8944K(9216K)
[11.698s][info ][gc             ] GC(20) Pause Young (Allocation Failure) 1815M->251M(2083M) 46.769ms
[11.698s][info ][gc,cpu         ] GC(20) User=0.16s Sys=0.02s Real=0.05s
[11.698s][info ][safepoint      ] Safepoint "ParallelGCFailedAllocation", Time since last: 428754223 ns, Reaching safepoint: 255905 ns, At safepoint: 46883790 ns, Total: 47139695 ns
[12.142s][info ][gc,start       ] GC(21) Pause Young (Allocation Failure)
[12.188s][debug][gc,phases      ] GC(21) Scavenge 45.164ms
[12.188s][debug][gc,ref         ] GC(21) Skipped phase 1 of Reference Processing: no references
[12.188s][debug][gc,ref         ] GC(21) Skipped phase 3 of Reference Processing: no references
[12.188s][debug][gc,phases      ] GC(21) Reference Processing 0.063ms
[12.188s][debug][gc,phases      ] GC(21) Weak Processing 0.578ms
[12.188s][debug][gc,age         ] GC(21) Desired survivor size 207618048 bytes, new threshold 14 (max threshold 15)
[12.188s][info ][gc,heap        ] GC(21) PSYoungGen: 1745072K(1874944K)->87824K(1894400K) Eden: 1662464K(1662464K)->0K(1687552K) From: 82608K(212480K)->87824K(206848K)
[12.188s][info ][gc,heap        ] GC(21) ParOldGen: 174552K(258560K)->174560K(258560K)
[12.188s][info ][gc,metaspace   ] GC(21) Metaspace: 62726K(63360K)->62726K(63360K) NonClass: 53733K(54080K)->53733K(54080K) Class: 8993K(9280K)->8993K(9280K)
[12.188s][info ][gc             ] GC(21) Pause Young (Allocation Failure) 1874M->256M(2102M) 45.961ms
[12.188s][info ][gc,cpu         ] GC(21) User=0.18s Sys=0.00s Real=0.04s
[12.188s][info ][safepoint      ] Safepoint "ParallelGCFailedAllocation", Time since last: 436074746 ns, Reaching safepoint: 8127537 ns, At safepoint: 46073776 ns, Total: 54201313 ns
[12.591s][info ][gc,start       ] GC(22) Pause Young (Allocation Failure)
[12.640s][debug][gc,phases      ] GC(22) Scavenge 49.585ms
[12.640s][debug][gc,ref         ] GC(22) Skipped phase 1 of Reference Processing: no references
[12.640s][debug][gc,ref         ] GC(22) Skipped phase 3 of Reference Processing: no references
[12.640s][debug][gc,phases      ] GC(22) Reference Processing 0.062ms
[12.641s][debug][gc,phases      ] GC(22) Weak Processing 0.583ms
[12.641s][debug][gc,age         ] GC(22) Desired survivor size 206569472 bytes, new threshold 15 (max threshold 15)
[12.641s][info ][gc,heap        ] GC(22) PSYoungGen: 1775376K(1894400K)->97856K(1890304K) Eden: 1687552K(1687552K)->0K(1687552K) From: 87824K(206848K)->97856K(202752K)
[12.641s][info ][gc,heap        ] GC(22) ParOldGen: 174560K(258560K)->174568K(258560K)
[12.641s][info ][gc,metaspace   ] GC(22) Metaspace: 62942K(63488K)->62942K(63488K) NonClass: 53939K(54208K)->53939K(54208K) Class: 9002K(9280K)->9002K(9280K)
[12.641s][info ][gc             ] GC(22) Pause Young (Allocation Failure) 1904M->266M(2098M) 50.381ms
[12.641s][info ][gc,cpu         ] GC(22) User=0.18s Sys=0.03s Real=0.05s
[12.641s][info ][safepoint      ] Safepoint "ParallelGCFailedAllocation", Time since last: 401913771 ns, Reaching safepoint: 224304 ns, At safepoint: 50495350 ns, Total: 50719654 ns
[12.862s][info ][safepoint      ] Safepoint "ICBufferFull", Time since last: 216482047 ns, Reaching safepoint: 4326873 ns, At safepoint: 35101 ns, Total: 4361974 ns
[12.867s][info ][safepoint      ] Safepoint "ICBufferFull", Time since last: 5335889 ns, Reaching safepoint: 121803 ns, At safepoint: 25100 ns, Total: 146903 ns
[12.870s][info ][safepoint      ] Safepoint "ICBufferFull", Time since last: 2421641 ns, Reaching safepoint: 168203 ns, At safepoint: 22700 ns, Total: 190903 ns
[12.871s][info ][safepoint      ] Safepoint "ICBufferFull", Time since last: 698912 ns, Reaching safepoint: 80501 ns, At safepoint: 24601 ns, Total: 105102 ns
[12.872s][info ][safepoint      ] Safepoint "ICBufferFull", Time since last: 795313 ns, Reaching safepoint: 94001 ns, At safepoint: 23701 ns, Total: 117702 ns
[12.873s][info ][safepoint      ] Safepoint "ICBufferFull", Time since last: 856214 ns, Reaching safepoint: 90302 ns, At safepoint: 25000 ns, Total: 115302 ns
[13.041s][info ][gc,start       ] GC(23) Pause Young (Allocation Failure)
[13.085s][debug][gc,phases      ] GC(23) Scavenge 43.717ms
[13.085s][debug][gc,ref         ] GC(23) Skipped phase 1 of Reference Processing: no references
[13.085s][debug][gc,ref         ] GC(23) Skipped phase 3 of Reference Processing: no references
[13.085s][debug][gc,phases      ] GC(23) Reference Processing 0.080ms
[13.086s][debug][gc,phases      ] GC(23) Weak Processing 0.619ms
[13.086s][debug][gc,age         ] GC(23) Desired survivor size 208142336 bytes, new threshold 15 (max threshold 15)
[13.086s][info ][gc,heap        ] GC(23) PSYoungGen: 1785408K(1890304K)->106336K(1892352K) Eden: 1687552K(1687552K)->0K(1690624K) From: 97856K(202752K)->106336K(201728K)
[13.086s][info ][gc,heap        ] GC(23) ParOldGen: 174568K(258560K)->174576K(258560K)
[13.086s][info ][gc,metaspace   ] GC(23) Metaspace: 63285K(63872K)->63285K(63872K) NonClass: 54238K(54528K)->54238K(54528K) Class: 9046K(9344K)->9046K(9344K)
[13.086s][info ][gc             ] GC(23) Pause Young (Allocation Failure) 1914M->274M(2100M) 44.571ms
[13.086s][info ][gc,cpu         ] GC(23) User=0.17s Sys=0.00s Real=0.04s
[13.086s][info ][safepoint      ] Safepoint "ParallelGCFailedAllocation", Time since last: 168230134 ns, Reaching safepoint: 152103 ns, At safepoint: 44699353 ns, Total: 44851456 ns
[13.472s][info ][gc,start       ] GC(24) Pause Young (Allocation Failure)
[13.526s][debug][gc,phases      ] GC(24) Scavenge 53.868ms
[13.526s][debug][gc,ref         ] GC(24) Skipped phase 1 of Reference Processing: no references
[13.526s][debug][gc,ref         ] GC(24) Skipped phase 3 of Reference Processing: no references
[13.526s][debug][gc,phases      ] GC(24) Reference Processing 0.054ms
[13.526s][debug][gc,phases      ] GC(24) Weak Processing 0.582ms
[13.526s][debug][gc,age         ] GC(24) Desired survivor size 212860928 bytes, new threshold 15 (max threshold 15)
[13.526s][info ][gc,heap        ] GC(24) PSYoungGen: 1796960K(1892352K)->117728K(1808384K) Eden: 1690624K(1690624K)->0K(1690624K) From: 106336K(201728K)->117728K(117760K)
[13.526s][info ][gc,heap        ] GC(24) ParOldGen: 174576K(258560K)->175936K(258560K)
[13.526s][info ][gc,metaspace   ] GC(24) Metaspace: 63341K(63936K)->63341K(63936K) NonClass: 54294K(54592K)->54294K(54592K) Class: 9046K(9344K)->9046K(9344K)
[13.526s][info ][gc             ] GC(24) Pause Young (Allocation Failure) 1925M->286M(2018M) 54.646ms
[13.526s][info ][gc,cpu         ] GC(24) User=0.24s Sys=0.00s Real=0.05s
[13.526s][info ][safepoint      ] Safepoint "ParallelGCFailedAllocation", Time since last: 385603896 ns, Reaching safepoint: 162003 ns, At safepoint: 54775522 ns, Total: 54937525 ns
[13.990s][info ][gc,start       ] GC(25) Pause Young (Allocation Failure)
[14.046s][debug][gc,phases      ] GC(25) Scavenge 55.344ms
[14.046s][debug][gc,ref         ] GC(25) Skipped phase 1 of Reference Processing: no references
[14.046s][debug][gc,ref         ] GC(25) Skipped phase 3 of Reference Processing: no references
[14.046s][debug][gc,phases      ] GC(25) Reference Processing 0.076ms
[14.046s][debug][gc,phases      ] GC(25) Weak Processing 0.614ms
[14.046s][debug][gc,age         ] GC(25) Desired survivor size 218103808 bytes, new threshold 15 (max threshold 15)
[14.046s][info ][gc,heap        ] GC(25) PSYoungGen: 1808352K(1808384K)->124160K(1879040K) Eden: 1690624K(1690624K)->0K(1671168K) From: 117728K(117760K)->124160K(207872K)
[14.046s][info ][gc,heap        ] GC(25) ParOldGen: 175936K(258560K)->179216K(258560K)
[14.046s][info ][gc,metaspace   ] GC(25) Metaspace: 63536K(64128K)->63536K(64128K) NonClass: 54468K(54784K)->54468K(54784K) Class: 9067K(9344K)->9067K(9344K)
[14.046s][info ][gc             ] GC(25) Pause Young (Allocation Failure) 1937M->296M(2087M) 56.192ms
[14.046s][info ][gc,cpu         ] GC(25) User=0.22s Sys=0.00s Real=0.05s
[14.046s][info ][safepoint      ] Safepoint "ParallelGCFailedAllocation", Time since last: 460444057 ns, Reaching safepoint: 3312756 ns, At safepoint: 56333949 ns, Total: 59646705 ns
[14.452s][info ][gc,start       ] GC(26) Pause Young (Allocation Failure)
[14.501s][debug][gc,phases      ] GC(26) Scavenge 49.084ms
[14.501s][debug][gc,ref         ] GC(26) Skipped phase 1 of Reference Processing: no references
[14.501s][debug][gc,ref         ] GC(26) Skipped phase 3 of Reference Processing: no references
[14.501s][debug][gc,phases      ] GC(26) Reference Processing 0.081ms
[14.502s][debug][gc,phases      ] GC(26) Weak Processing 0.599ms
[14.502s][debug][gc,age         ] GC(26) Desired survivor size 224919552 bytes, new threshold 15 (max threshold 15)
[14.502s][info ][gc,heap        ] GC(26) PSYoungGen: 1795328K(1879040K)->133184K(1804800K) Eden: 1671168K(1671168K)->0K(1671168K) From: 124160K(207872K)->133184K(133632K)
[14.502s][info ][gc,heap        ] GC(26) ParOldGen: 179216K(258560K)->181016K(258560K)
[14.502s][info ][gc,metaspace   ] GC(26) Metaspace: 63563K(64192K)->63563K(64192K) NonClass: 54495K(54848K)->54495K(54848K) Class: 9067K(9344K)->9067K(9344K)
[14.502s][info ][gc             ] GC(26) Pause Young (Allocation Failure) 1928M->306M(2015M) 49.907ms
[14.502s][info ][gc,cpu         ] GC(26) User=0.19s Sys=0.01s Real=0.05s
[14.502s][info ][safepoint      ] Safepoint "ParallelGCFailedAllocation", Time since last: 405527431 ns, Reaching safepoint: 170603 ns, At safepoint: 50024443 ns, Total: 50195046 ns
[14.877s][info ][gc,start       ] GC(27) Pause Young (Allocation Failure)
[14.927s][debug][gc,phases      ] GC(27) Scavenge 49.943ms
[14.927s][debug][gc,ref         ] GC(27) Skipped phase 1 of Reference Processing: no references
[14.927s][debug][gc,ref         ] GC(27) Skipped phase 3 of Reference Processing: no references
[14.927s][debug][gc,phases      ] GC(27) Reference Processing 0.064ms
[14.928s][debug][gc,phases      ] GC(27) Weak Processing 0.581ms
[14.928s][debug][gc,age         ] GC(27) Desired survivor size 232783872 bytes, new threshold 15 (max threshold 15)
[14.928s][info ][gc,heap        ] GC(27) PSYoungGen: 1804352K(1804800K)->141216K(1862144K) Eden: 1671168K(1671168K)->0K(1642496K) From: 133184K(133632K)->141216K(219648K)
[14.928s][info ][gc,heap        ] GC(27) ParOldGen: 181016K(258560K)->182728K(258560K)
[14.928s][info ][gc,metaspace   ] GC(27) Metaspace: 63563K(64192K)->63563K(64192K) NonClass: 54496K(54848K)->54496K(54848K) Class: 9067K(9344K)->9067K(9344K)
[14.928s][info ][gc             ] GC(27) Pause Young (Allocation Failure) 1938M->316M(2071M) 50.732ms
[14.928s][info ][gc,cpu         ] GC(27) User=0.20s Sys=0.00s Real=0.04s
[14.928s][info ][safepoint      ] Safepoint "ParallelGCFailedAllocation", Time since last: 374875915 ns, Reaching safepoint: 147003 ns, At safepoint: 50873357 ns, Total: 51020360 ns
[15.311s][info ][gc,start       ] GC(28) Pause Young (Allocation Failure)
[15.360s][debug][gc,phases      ] GC(28) Scavenge 48.726ms
[15.360s][debug][gc,ref         ] GC(28) Skipped phase 1 of Reference Processing: no references
[15.360s][debug][gc,ref         ] GC(28) Skipped phase 3 of Reference Processing: no references
[15.360s][debug][gc,phases      ] GC(28) Reference Processing 0.053ms
[15.361s][debug][gc,phases      ] GC(28) Weak Processing 0.584ms
[15.361s][debug][gc,age         ] GC(28) Desired survivor size 241696768 bytes, new threshold 15 (max threshold 15)
[15.361s][info ][gc,heap        ] GC(28) PSYoungGen: 1783712K(1862144K)->151744K(1794560K) Eden: 1642496K(1642496K)->0K(1642496K) From: 141216K(219648K)->151744K(152064K)
[15.361s][info ][gc,heap        ] GC(28) ParOldGen: 182728K(258560K)->183360K(258560K)
[15.361s][info ][gc,metaspace   ] GC(28) Metaspace: 63577K(64192K)->63577K(64192K) NonClass: 54509K(54848K)->54509K(54848K) Class: 9067K(9344K)->9067K(9344K)
[15.361s][info ][gc             ] GC(28) Pause Young (Allocation Failure) 1920M->327M(2005M) 49.529ms
[15.361s][info ][gc,cpu         ] GC(28) User=0.19s Sys=0.00s Real=0.05s
[15.361s][info ][safepoint      ] Safepoint "ParallelGCFailedAllocation", Time since last: 382851949 ns, Reaching safepoint: 195003 ns, At safepoint: 49649937 ns, Total: 49844940 ns
[15.529s][info ][safepoint      ] Safepoint "ICBufferFull", Time since last: 168327735 ns, Reaching safepoint: 281305 ns, At safepoint: 32701 ns, Total: 314006 ns
[15.535s][info ][safepoint      ] Safepoint "ICBufferFull", Time since last: 676611 ns, Reaching safepoint: 5282989 ns, At safepoint: 37301 ns, Total: 5320290 ns
[15.547s][info ][safepoint      ] Safepoint "ICBufferFull", Time since last: 11411892 ns, Reaching safepoint: 115002 ns, At safepoint: 24300 ns, Total: 139302 ns
[15.548s][info ][safepoint      ] Safepoint "ICBufferFull", Time since last: 702512 ns, Reaching safepoint: 93802 ns, At safepoint: 18400 ns, Total: 112202 ns
[15.551s][info ][safepoint      ] Safepoint "ICBufferFull", Time since last: 3471759 ns, Reaching safepoint: 166102 ns, At safepoint: 52701 ns, Total: 218803 ns
[15.553s][info ][safepoint      ] Safepoint "ICBufferFull", Time since last: 1043318 ns, Reaching safepoint: 116502 ns, At safepoint: 24900 ns, Total: 141402 ns
[15.556s][info ][safepoint      ] Safepoint "ICBufferFull", Time since last: 3660062 ns, Reaching safepoint: 120602 ns, At safepoint: 23600 ns, Total: 144202 ns
[15.572s][info ][safepoint      ] Safepoint "ICBufferFull", Time since last: 15527062 ns, Reaching safepoint: 113902 ns, At safepoint: 29500 ns, Total: 143402 ns
[15.573s][info ][safepoint      ] Safepoint "ICBufferFull", Time since last: 694912 ns, Reaching safepoint: 89202 ns, At safepoint: 21500 ns, Total: 110702 ns
[15.575s][info ][safepoint      ] Safepoint "ICBufferFull", Time since last: 2435841 ns, Reaching safepoint: 96202 ns, At safepoint: 20600 ns, Total: 116802 ns
[15.576s][info ][safepoint      ] Safepoint "ICBufferFull", Time since last: 671411 ns, Reaching safepoint: 104502 ns, At safepoint: 19700 ns, Total: 124202 ns
[15.577s][info ][safepoint      ] Safepoint "ICBufferFull", Time since last: 658611 ns, Reaching safepoint: 74302 ns, At safepoint: 22800 ns, Total: 97102 ns
[15.578s][info ][safepoint      ] Safepoint "ICBufferFull", Time since last: 669011 ns, Reaching safepoint: 93302 ns, At safepoint: 19600 ns, Total: 112902 ns
[15.582s][info ][safepoint      ] Safepoint "ICBufferFull", Time since last: 1784130 ns, Reaching safepoint: 2130536 ns, At safepoint: 22901 ns, Total: 2153437 ns
[15.583s][info ][safepoint      ] Safepoint "ICBufferFull", Time since last: 1555726 ns, Reaching safepoint: 96401 ns, At safepoint: 19401 ns, Total: 115802 ns
[15.584s][info ][safepoint      ] Safepoint "ICBufferFull", Time since last: 650911 ns, Reaching safepoint: 92101 ns, At safepoint: 20001 ns, Total: 112102 ns
[15.598s][info ][safepoint      ] Safepoint "ICBufferFull", Time since last: 10913283 ns, Reaching safepoint: 3190754 ns, At safepoint: 29001 ns, Total: 3219755 ns
[15.599s][info ][safepoint      ] Safepoint "ICBufferFull", Time since last: 737112 ns, Reaching safepoint: 101402 ns, At safepoint: 17600 ns, Total: 119002 ns
[15.602s][info ][safepoint      ] Safepoint "ICBufferFull", Time since last: 2365840 ns, Reaching safepoint: 135002 ns, At safepoint: 28201 ns, Total: 163203 ns
[15.618s][info ][safepoint      ] Safepoint "ICBufferFull", Time since last: 13189322 ns, Reaching safepoint: 3193954 ns, At safepoint: 35500 ns, Total: 3229454 ns
[15.622s][info ][safepoint      ] Safepoint "ICBufferFull", Time since last: 3893166 ns, Reaching safepoint: 122802 ns, At safepoint: 25200 ns, Total: 148002 ns
[15.757s][info ][gc,start       ] GC(29) Pause Young (Allocation Failure)
[15.803s][debug][gc,phases      ] GC(29) Scavenge 46.380ms
[15.804s][debug][gc,ref         ] GC(29) Skipped phase 1 of Reference Processing: no references
[15.804s][debug][gc,ref         ] GC(29) Skipped phase 3 of Reference Processing: no references
[15.804s][debug][gc,phases      ] GC(29) Reference Processing 0.088ms
[15.804s][debug][gc,phases      ] GC(29) Weak Processing 0.608ms
[15.804s][debug][gc,age         ] GC(29) Desired survivor size 249561088 bytes, new threshold 15 (max threshold 15)
[15.804s][info ][gc,heap        ] GC(29) PSYoungGen: 1794240K(1794560K)->155264K(1845760K) Eden: 1642496K(1642496K)->0K(1609728K) From: 151744K(152064K)->155264K(236032K)
[15.804s][info ][gc,heap        ] GC(29) ParOldGen: 183360K(258560K)->185536K(258560K)
[15.804s][info ][gc,metaspace   ] GC(29) Metaspace: 63621K(64192K)->63621K(64192K) NonClass: 54547K(54848K)->54547K(54848K) Class: 9073K(9344K)->9073K(9344K)
[15.804s][info ][gc             ] GC(29) Pause Young (Allocation Failure) 1931M->332M(2055M) 47.231ms
[15.804s][info ][gc,cpu         ] GC(29) User=0.19s Sys=0.00s Real=0.05s
[15.804s][info ][safepoint      ] Safepoint "ParallelGCFailedAllocation", Time since last: 134590468 ns, Reaching safepoint: 246304 ns, At safepoint: 47350697 ns, Total: 47597001 ns
[16.186s][info ][gc,start       ] GC(30) Pause Young (Allocation Failure)
[16.230s][debug][gc,phases      ] GC(30) Scavenge 44.408ms
[16.230s][debug][gc,ref         ] GC(30) Skipped phase 1 of Reference Processing: no references
[16.230s][debug][gc,ref         ] GC(30) Skipped phase 3 of Reference Processing: no references
[16.230s][debug][gc,phases      ] GC(30) Reference Processing 0.081ms
[16.231s][debug][gc,phases      ] GC(30) Weak Processing 0.600ms
[16.231s][debug][gc,age         ] GC(30) Desired survivor size 257949696 bytes, new threshold 15 (max threshold 15)
[16.231s][info ][gc,heap        ] GC(30) PSYoungGen: 1764992K(1845760K)->161680K(1771520K) Eden: 1609728K(1609728K)->0K(1609728K) From: 155264K(236032K)->161680K(161792K)
[16.231s][info ][gc,heap        ] GC(30) ParOldGen: 185536K(258560K)->188752K(258560K)
[16.231s][info ][gc,metaspace   ] GC(30) Metaspace: 63643K(64192K)->63643K(64192K) NonClass: 54570K(54848K)->54570K(54848K) Class: 9073K(9344K)->9073K(9344K)
[16.231s][info ][gc             ] GC(30) Pause Young (Allocation Failure) 1904M->342M(1982M) 45.241ms
[16.231s][info ][gc,cpu         ] GC(30) User=0.19s Sys=0.00s Real=0.05s
[16.231s][info ][safepoint      ] Safepoint "ParallelGCFailedAllocation", Time since last: 381283023 ns, Reaching safepoint: 167203 ns, At safepoint: 45367465 ns, Total: 45534668 ns
[16.659s][info ][gc,start       ] GC(31) Pause Young (Allocation Failure)
[16.706s][debug][gc,phases      ] GC(31) Scavenge 46.695ms
[16.706s][debug][gc,ref         ] GC(31) Skipped phase 1 of Reference Processing: no references
[16.706s][debug][gc,ref         ] GC(31) Skipped phase 3 of Reference Processing: no references
[16.706s][debug][gc,phases      ] GC(31) Reference Processing 0.083ms
[16.706s][debug][gc,phases      ] GC(31) Weak Processing 0.596ms
[16.706s][debug][gc,age         ] GC(31) Desired survivor size 264765440 bytes, new threshold 15 (max threshold 15)
[16.707s][info ][gc,heap        ] GC(31) PSYoungGen: 1771408K(1771520K)->165265K(1831936K) Eden: 1609728K(1609728K)->0K(1580032K) From: 161680K(161792K)->165265K(251904K)
[16.707s][info ][gc,heap        ] GC(31) ParOldGen: 188752K(258560K)->192672K(258560K)
[16.707s][info ][gc,metaspace   ] GC(31) Metaspace: 63652K(64192K)->63652K(64192K) NonClass: 54578K(54848K)->54578K(54848K) Class: 9073K(9344K)->9073K(9344K)
[16.707s][info ][gc             ] GC(31) Pause Young (Allocation Failure) 1914M->349M(2041M) 47.532ms
[16.707s][info ][gc,cpu         ] GC(31) User=0.19s Sys=0.00s Real=0.04s
[16.707s][info ][safepoint      ] Safepoint "ParallelGCFailedAllocation", Time since last: 427579902 ns, Reaching safepoint: 209804 ns, At safepoint: 47650903 ns, Total: 47860707 ns
[17.042s][info ][gc,start       ] GC(32) Pause Young (Allocation Failure)
[17.085s][debug][gc,phases      ] GC(32) Scavenge 42.574ms
[17.085s][debug][gc,ref         ] GC(32) Skipped phase 1 of Reference Processing: no references
[17.085s][debug][gc,ref         ] GC(32) Skipped phase 3 of Reference Processing: no references
[17.085s][debug][gc,phases      ] GC(32) Reference Processing 0.060ms
[17.086s][debug][gc,phases      ] GC(32) Weak Processing 0.591ms
[17.086s][debug][gc,age         ] GC(32) Desired survivor size 271581184 bytes, new threshold 15 (max threshold 15)
[17.086s][info ][gc,heap        ] GC(32) PSYoungGen: 1745297K(1831936K)->171537K(1752064K) Eden: 1580032K(1580032K)->0K(1580032K) From: 165265K(251904K)->171537K(172032K)
[17.086s][info ][gc,heap        ] GC(32) ParOldGen: 192672K(258560K)->193520K(258560K)
[17.086s][info ][gc,metaspace   ] GC(32) Metaspace: 63652K(64192K)->63652K(64192K) NonClass: 54578K(54848K)->54578K(54848K) Class: 9073K(9344K)->9073K(9344K)
[17.086s][info ][gc             ] GC(32) Pause Young (Allocation Failure) 1892M->356M(1963M) 43.396ms
[17.086s][info ][gc,cpu         ] GC(32) User=0.16s Sys=0.01s Real=0.04s
[17.086s][info ][safepoint      ] Safepoint "ParallelGCFailedAllocation", Time since last: 335653954 ns, Reaching safepoint: 150403 ns, At safepoint: 43533433 ns, Total: 43683836 ns
[17.430s][info ][gc,start       ] GC(33) Pause Young (Allocation Failure)
[17.477s][debug][gc,phases      ] GC(33) Scavenge 46.408ms
[17.477s][debug][gc,ref         ] GC(33) Skipped phase 1 of Reference Processing: no references
[17.477s][debug][gc,ref         ] GC(33) Skipped phase 3 of Reference Processing: no references
[17.477s][debug][gc,phases      ] GC(33) Reference Processing 0.063ms
[17.477s][debug][gc,phases      ] GC(33) Weak Processing 0.587ms
[17.477s][debug][gc,age         ] GC(33) Desired survivor size 278396928 bytes, new threshold 15 (max threshold 15)
[17.477s][info ][gc,heap        ] GC(33) PSYoungGen: 1751569K(1752064K)->177024K(1818624K) Eden: 1580032K(1580032K)->0K(1553408K) From: 171537K(172032K)->177024K(265216K)
[17.477s][info ][gc,heap        ] GC(33) ParOldGen: 193520K(258560K)->193688K(258560K)
[17.477s][info ][gc,metaspace   ] GC(33) Metaspace: 63665K(64256K)->63665K(64256K) NonClass: 54591K(54912K)->54591K(54912K) Class: 9073K(9344K)->9073K(9344K)
[17.477s][info ][gc             ] GC(33) Pause Young (Allocation Failure) 1899M->362M(2028M) 47.201ms
[17.477s][info ][gc,cpu         ] GC(33) User=0.20s Sys=0.01s Real=0.05s
[17.478s][info ][safepoint      ] Safepoint "ParallelGCFailedAllocation", Time since last: 344144897 ns, Reaching safepoint: 145503 ns, At safepoint: 47319597 ns, Total: 47465100 ns
[17.852s][info ][gc,start       ] GC(34) Pause Young (Allocation Failure)
[17.891s][debug][gc,phases      ] GC(34) Scavenge 39.725ms
[17.891s][debug][gc,ref         ] GC(34) Skipped phase 1 of Reference Processing: no references
[17.892s][debug][gc,ref         ] GC(34) Skipped phase 3 of Reference Processing: no references
[17.892s][debug][gc,phases      ] GC(34) Reference Processing 0.051ms
[17.892s][debug][gc,phases      ] GC(34) Weak Processing 0.576ms
[17.892s][debug][gc,age         ] GC(34) Desired survivor size 284688384 bytes, new threshold 15 (max threshold 15)
[17.892s][info ][gc,heap        ] GC(34) PSYoungGen: 1730432K(1818624K)->181392K(1735168K) Eden: 1553408K(1553408K)->0K(1553408K) From: 177024K(265216K)->181392K(181760K)
[17.892s][info ][gc,heap        ] GC(34) ParOldGen: 193688K(258560K)->196131K(258560K)
[17.892s][info ][gc,metaspace   ] GC(34) Metaspace: 63676K(64256K)->63676K(64256K) NonClass: 54602K(54912K)->54602K(54912K) Class: 9073K(9344K)->9073K(9344K)
[17.892s][info ][gc             ] GC(34) Pause Young (Allocation Failure) 1879M->368M(1947M) 40.492ms
[17.892s][info ][gc,cpu         ] GC(34) User=0.16s Sys=0.00s Real=0.04s
[17.892s][info ][safepoint      ] Safepoint "ParallelGCFailedAllocation", Time since last: 371882864 ns, Reaching safepoint: 2175637 ns, At safepoint: 40609084 ns, Total: 42784721 ns
[18.237s][info ][gc,start       ] GC(35) Pause Young (Allocation Failure)
[18.283s][debug][gc,phases      ] GC(35) Scavenge 45.792ms
[18.283s][debug][gc,ref         ] GC(35) Skipped phase 1 of Reference Processing: no references
[18.283s][debug][gc,ref         ] GC(35) Skipped phase 3 of Reference Processing: no references
[18.283s][debug][gc,phases      ] GC(35) Reference Processing 0.060ms
[18.283s][debug][gc,phases      ] GC(35) Weak Processing 0.802ms
[18.283s][debug][gc,age         ] GC(35) Desired survivor size 283639808 bytes, new threshold 15 (max threshold 15)
[18.283s][info ][gc,heap        ] GC(35) PSYoungGen: 1734800K(1735168K)->168384K(1820160K) Eden: 1553408K(1553408K)->0K(1542144K) From: 181392K(181760K)->168384K(278016K)
[18.283s][info ][gc,heap        ] GC(35) ParOldGen: 196131K(258560K)->212381K(258560K)
[18.283s][info ][gc,metaspace   ] GC(35) Metaspace: 63680K(64256K)->63680K(64256K) NonClass: 54607K(54912K)->54607K(54912K) Class: 9073K(9344K)->9073K(9344K)
[18.283s][info ][gc             ] GC(35) Pause Young (Allocation Failure) 1885M->371M(2030M) 46.805ms
[18.283s][info ][gc,cpu         ] GC(35) User=0.17s Sys=0.02s Real=0.05s
[18.284s][info ][safepoint      ] Safepoint "ParallelGCFailedAllocation", Time since last: 344267600 ns, Reaching safepoint: 143802 ns, At safepoint: 46926191 ns, Total: 47069993 ns
[18.666s][info ][gc,start       ] GC(36) Pause Young (Allocation Failure)
[18.754s][debug][gc,phases      ] GC(36) Scavenge 88.321ms
[18.754s][debug][gc,ref         ] GC(36) Skipped phase 1 of Reference Processing: no references
[18.754s][debug][gc,ref         ] GC(36) Skipped phase 3 of Reference Processing: no references
[18.754s][debug][gc,phases      ] GC(36) Reference Processing 0.038ms
[18.755s][debug][gc,phases      ] GC(36) Weak Processing 0.506ms
[18.755s][debug][gc,age         ] GC(36) Desired survivor size 309854208 bytes, new threshold 15 (max threshold 15)
[18.755s][info ][gc,heap        ] GC(36) PSYoungGen: 1710528K(1820160K)->242000K(1784320K) Eden: 1542144K(1542144K)->0K(1542144K) From: 168384K(278016K)->242000K(242176K)
[18.755s][info ][gc,heap        ] GC(36) ParOldGen: 212381K(258560K)->217994K(258560K)
[18.755s][info ][gc,metaspace   ] GC(36) Metaspace: 63700K(64256K)->63700K(64256K) NonClass: 54626K(54912K)->54626K(54912K) Class: 9073K(9344K)->9073K(9344K)
[18.755s][info ][gc             ] GC(36) Pause Young (Allocation Failure) 1877M->449M(1995M) 89.016ms
[18.755s][info ][gc,cpu         ] GC(36) User=0.35s Sys=0.01s Real=0.09s
[18.755s][info ][safepoint      ] Safepoint "ParallelGCFailedAllocation", Time since last: 378821181 ns, Reaching safepoint: 3264655 ns, At safepoint: 89155402 ns, Total: 92420057 ns
[19.079s][info ][gc,start       ] GC(37) Pause Young (Allocation Failure)
[19.180s][debug][gc,phases      ] GC(37) Scavenge 100.827ms
[19.180s][debug][gc,ref         ] GC(37) Skipped phase 1 of Reference Processing: no references
[19.180s][debug][gc,ref         ] GC(37) Skipped phase 3 of Reference Processing: no references
[19.180s][debug][gc,phases      ] GC(37) Reference Processing 0.053ms
[19.181s][debug][gc,phases      ] GC(37) Weak Processing 0.560ms
[19.181s][debug][gc,age         ] GC(37) Desired survivor size 334495744 bytes, new threshold 15 (max threshold 15)
[19.181s][info ][gc,heap        ] GC(37) PSYoungGen: 1784144K(1784320K)->252960K(1746432K) Eden: 1542144K(1542144K)->0K(1443840K) From: 242000K(242176K)->252960K(302592K)
[19.181s][info ][gc,heap        ] GC(37) ParOldGen: 217994K(258560K)->228917K(258560K)
[19.181s][info ][gc,metaspace   ] GC(37) Metaspace: 63859K(64384K)->63859K(64384K) NonClass: 54769K(55040K)->54769K(55040K) Class: 9090K(9344K)->9090K(9344K)
[19.181s][info ][gc             ] GC(37) Pause Young (Allocation Failure) 1955M->470M(1958M) 101.591ms
[19.181s][info ][gc,cpu         ] GC(37) User=0.39s Sys=0.01s Real=0.10s
[19.181s][info ][safepoint      ] Safepoint "ParallelGCFailedAllocation", Time since last: 323986358 ns, Reaching safepoint: 188603 ns, At safepoint: 101717013 ns, Total: 101905616 ns
[19.386s][info ][safepoint      ] Safepoint "ICBufferFull", Time since last: 205153856 ns, Reaching safepoint: 224804 ns, At safepoint: 28000 ns, Total: 252804 ns
[19.445s][info ][safepoint      ] Safepoint "ICBufferFull", Time since last: 57538470 ns, Reaching safepoint: 916115 ns, At safepoint: 33501 ns, Total: 949616 ns
[19.525s][info ][safepoint      ] Safepoint "ICBufferFull", Time since last: 80149750 ns, Reaching safepoint: 148302 ns, At safepoint: 23201 ns, Total: 171503 ns
[19.547s][info ][safepoint      ] Safepoint "ICBufferFull", Time since last: 21607564 ns, Reaching safepoint: 126402 ns, At safepoint: 30300 ns, Total: 156702 ns
[19.553s][info ][gc,start       ] GC(38) Pause Young (Allocation Failure)
[19.644s][debug][gc,phases      ] GC(38) Scavenge 91.054ms
[19.644s][debug][gc,ref         ] GC(38) Skipped phase 1 of Reference Processing: no references
[19.644s][debug][gc,ref         ] GC(38) Skipped phase 3 of Reference Processing: no references
[19.644s][debug][gc,phases      ] GC(38) Reference Processing 0.106ms
[19.645s][debug][gc,phases      ] GC(38) Weak Processing 0.673ms
[19.645s][debug][gc,age         ] GC(38) Desired survivor size 348651520 bytes, new threshold 15 (max threshold 15)
[19.645s][info ][gc,heap        ] GC(38) PSYoungGen: 1696800K(1746432K)->238944K(1682944K) Eden: 1443840K(1443840K)->0K(1443840K) From: 252960K(302592K)->238944K(239104K)
[19.645s][info ][gc,heap        ] GC(38) ParOldGen: 228917K(258560K)->233438K(258560K)
[19.645s][info ][gc,metaspace   ] GC(38) Metaspace: 65393K(65920K)->65393K(65920K) NonClass: 56090K(56384K)->56090K(56384K) Class: 9302K(9536K)->9302K(9536K)
[19.645s][info ][gc             ] GC(38) Pause Young (Allocation Failure) 1880M->461M(1896M) 92.008ms
[19.645s][info ][gc,cpu         ] GC(38) User=0.45s Sys=0.00s Real=0.09s
[19.645s][info ][safepoint      ] Safepoint "ParallelGCFailedAllocation", Time since last: 5895800 ns, Reaching safepoint: 130202 ns, At safepoint: 92124452 ns, Total: 92254654 ns
[19.690s][info ][safepoint      ] Safepoint "ICBufferFull", Time since last: 45173461 ns, Reaching safepoint: 127902 ns, At safepoint: 26100 ns, Total: 154002 ns
[19.850s][info ][safepoint      ] Safepoint "ICBufferFull", Time since last: 158019862 ns, Reaching safepoint: 2127036 ns, At safepoint: 29600 ns, Total: 2156636 ns
[20.029s][info ][gc,start       ] GC(39) Pause Young (Allocation Failure)
[20.116s][debug][gc,phases      ] GC(39) Scavenge 87.078ms
[20.116s][debug][gc,ref         ] GC(39) Skipped phase 1 of Reference Processing: no references
[20.116s][debug][gc,ref         ] GC(39) Skipped phase 3 of Reference Processing: no references
[20.116s][debug][gc,phases      ] GC(39) Reference Processing 0.045ms
[20.117s][debug][gc,phases      ] GC(39) Weak Processing 0.565ms
[20.117s][debug][gc,age         ] GC(39) Desired survivor size 352321536 bytes, new threshold 15 (max threshold 15)
[20.117s][info ][gc,heap        ] GC(39) PSYoungGen: 1682784K(1682944K)->222640K(1749504K) Eden: 1443840K(1443840K)->0K(1409024K) From: 238944K(239104K)->222640K(340480K)
[20.117s][info ][gc,heap        ] GC(39) ParOldGen: 233438K(258560K)->242792K(258560K)
[20.117s][info ][gc,metaspace   ] GC(39) Metaspace: 65519K(66048K)->65519K(66048K) NonClass: 56215K(56512K)->56215K(56512K) Class: 9304K(9536K)->9304K(9536K)
[20.117s][info ][gc             ] GC(39) Pause Young (Allocation Failure) 1871M->454M(1961M) 87.841ms
[20.117s][info ][gc,cpu         ] GC(39) User=0.35s Sys=0.01s Real=0.09s
[20.117s][debug][gc,phases      ] GC(40) Pre Compact 0.010ms
[20.117s][info ][gc,start       ] GC(40) Pause Full (Ergonomics)
[20.117s][info ][gc,phases,start] GC(40) Marking Phase
[20.229s][debug][gc,phases      ] GC(40) Par Mark 112.472ms
[20.229s][debug][gc,ref         ] GC(40) Skipped phase 1 of Reference Processing: no references
[20.230s][debug][gc,ref         ] GC(40) Skipped phase 3 of Reference Processing: no references
[20.230s][debug][gc,phases      ] GC(40) Reference Processing 0.300ms
[20.230s][debug][gc,phases      ] GC(40) Weak Processing 0.532ms
[20.230s][debug][gc,phases      ] GC(40) ClassLoaderData 0.061ms
[20.230s][debug][gc,phases      ] GC(40) Trigger cleanups 0.000ms
[20.239s][debug][gc,phases      ] GC(40) Class Unloading 8.323ms
[20.239s][info ][gc,phases      ] GC(40) Marking Phase 121.789ms
[20.239s][info ][gc,phases,start] GC(40) Summary Phase
[20.239s][info ][gc,phases      ] GC(40) Summary Phase 0.014ms
[20.239s][info ][gc,phases,start] GC(40) Adjust Roots
[20.255s][info ][gc,phases      ] GC(40) Adjust Roots 16.794ms
[20.255s][info ][gc,phases,start] GC(40) Compaction Phase
[20.445s][info ][gc,phases      ] GC(40) Compaction Phase 189.880ms
[20.445s][info ][gc,phases,start] GC(40) Post Compact
[20.447s][info ][gc,phases      ] GC(40) Post Compact 1.539ms
[20.447s][info ][gc,heap        ] GC(40) PSYoungGen: 222640K(1749504K)->99916K(1749504K) Eden: 0K(1409024K)->0K(1409024K) From: 222640K(340480K)->99916K(340480K)
[20.447s][info ][gc,heap        ] GC(40) ParOldGen: 242792K(258560K)->258215K(299008K)
[20.447s][info ][gc,metaspace   ] GC(40) Metaspace: 65519K(66048K)->65519K(66048K) NonClass: 56215K(56512K)->56215K(56512K) Class: 9304K(9536K)->9304K(9536K)
[20.447s][info ][gc             ] GC(40) Pause Full (Ergonomics) 454M->349M(2000M) 330.284ms
[20.447s][info ][gc,cpu         ] GC(40) User=1.20s Sys=0.02s Real=0.33s
[20.447s][info ][safepoint      ] Safepoint "ParallelGCFailedAllocation", Time since last: 178329704 ns, Reaching safepoint: 181504 ns, At safepoint: 418314546 ns, Total: 418496050 ns
[20.475s][info ][safepoint      ] Safepoint "ICBufferFull", Time since last: 28131974 ns, Reaching safepoint: 133902 ns, At safepoint: 24701 ns, Total: 158603 ns
[20.498s][info ][safepoint      ] Safepoint "ICBufferFull", Time since last: 22459878 ns, Reaching safepoint: 144502 ns, At safepoint: 24601 ns, Total: 169103 ns
[20.666s][info ][safepoint      ] Safepoint "ICBufferFull", Time since last: 167302318 ns, Reaching safepoint: 160403 ns, At safepoint: 23100 ns, Total: 183503 ns
[20.688s][info ][safepoint      ] Safepoint "ICBufferFull", Time since last: 19842835 ns, Reaching safepoint: 2151636 ns, At safepoint: 38400 ns, Total: 2190036 ns
[20.842s][info ][gc,start       ] GC(41) Pause Young (Allocation Failure)
[20.896s][debug][gc,phases      ] GC(41) Scavenge 53.887ms
[20.896s][debug][gc,ref         ] GC(41) Skipped phase 1 of Reference Processing: no references
[20.896s][debug][gc,ref         ] GC(41) Skipped phase 3 of Reference Processing: no references
[20.896s][debug][gc,phases      ] GC(41) Reference Processing 0.092ms
[20.897s][debug][gc,phases      ] GC(41) Weak Processing 0.674ms
[20.897s][debug][gc,age         ] GC(41) Desired survivor size 348127232 bytes, new threshold 15 (max threshold 15)
[20.897s][info ][gc,heap        ] GC(41) PSYoungGen: 1508940K(1749504K)->93552K(1753088K) Eden: 1409024K(1409024K)->0K(1409024K) From: 99916K(340480K)->93552K(344064K)
[20.897s][info ][gc,heap        ] GC(41) ParOldGen: 258215K(299008K)->266861K(299008K)
[20.897s][info ][gc,metaspace   ] GC(41) Metaspace: 66272K(66880K)->66272K(66880K) NonClass: 56823K(57152K)->56823K(57152K) Class: 9449K(9728K)->9449K(9728K)
[20.897s][info ][gc             ] GC(41) Pause Young (Allocation Failure) 1725M->351M(2004M) 54.801ms
[20.897s][info ][gc,cpu         ] GC(41) User=0.21s Sys=0.00s Real=0.05s
[20.897s][info ][safepoint      ] Safepoint "ParallelGCFailedAllocation", Time since last: 150970444 ns, Reaching safepoint: 3200553 ns, At safepoint: 54921026 ns, Total: 58121579 ns
[21.227s][info ][gc,start       ] GC(42) Pause Young (Allocation Failure)
[21.253s][debug][gc,phases      ] GC(42) Scavenge 25.851ms
[21.253s][debug][gc,ref         ] GC(42) Skipped phase 1 of Reference Processing: no references
[21.253s][debug][gc,ref         ] GC(42) Skipped phase 3 of Reference Processing: no references
[21.253s][debug][gc,phases      ] GC(42) Reference Processing 0.048ms
[21.253s][debug][gc,phases      ] GC(42) Weak Processing 0.597ms
[21.253s][debug][gc,age         ] GC(42) Desired survivor size 342884352 bytes, new threshold 15 (max threshold 15)
[21.253s][info ][gc,heap        ] GC(42) PSYoungGen: 1502576K(1753088K)->88560K(1762304K) Eden: 1409024K(1409024K)->0K(1422336K) From: 93552K(344064K)->88560K(339968K)
[21.253s][info ][gc,heap        ] GC(42) ParOldGen: 266861K(299008K)->272846K(299008K)
[21.253s][info ][gc,metaspace   ] GC(42) Metaspace: 66602K(67200K)->66602K(67200K) NonClass: 57115K(57472K)->57115K(57472K) Class: 9486K(9728K)->9486K(9728K)
[21.253s][info ][gc             ] GC(42) Pause Young (Allocation Failure) 1727M->352M(2013M) 26.652ms
[21.253s][info ][gc,cpu         ] GC(42) User=0.09s Sys=0.01s Real=0.03s
[21.254s][info ][safepoint      ] Safepoint "ParallelGCFailedAllocation", Time since last: 326623402 ns, Reaching safepoint: 3431657 ns, At safepoint: 26831652 ns, Total: 30263309 ns
[21.506s][info ][safepoint      ] Safepoint "ICBufferFull", Time since last: 251689140 ns, Reaching safepoint: 267905 ns, At safepoint: 27200 ns, Total: 295105 ns
[21.685s][info ][gc,start       ] GC(43) Pause Young (Allocation Failure)
[21.708s][debug][gc,phases      ] GC(43) Scavenge 23.332ms
[21.708s][debug][gc,ref         ] GC(43) Skipped phase 1 of Reference Processing: no references
[21.708s][debug][gc,ref         ] GC(43) Skipped phase 3 of Reference Processing: no references
[21.708s][debug][gc,phases      ] GC(43) Reference Processing 0.053ms
[21.709s][debug][gc,phases      ] GC(43) Weak Processing 0.561ms
[21.709s][debug][gc,age         ] GC(43) Desired survivor size 336592896 bytes, new threshold 15 (max threshold 15)
[21.709s][info ][gc,heap        ] GC(43) PSYoungGen: 1510896K(1762304K)->86720K(1757184K) Eden: 1422336K(1422336K)->0K(1422336K) From: 88560K(339968K)->86720K(334848K)
[21.709s][info ][gc,heap        ] GC(43) ParOldGen: 272846K(299008K)->275303K(299008K)
[21.709s][info ][gc,metaspace   ] GC(43) Metaspace: 67017K(67584K)->67017K(67584K) NonClass: 57498K(57792K)->57498K(57792K) Class: 9518K(9792K)->9518K(9792K)
[21.709s][info ][gc             ] GC(43) Pause Young (Allocation Failure) 1741M->353M(2008M) 24.097ms
[21.709s][info ][gc,cpu         ] GC(43) User=0.09s Sys=0.00s Real=0.02s
[21.709s][info ][safepoint      ] Safepoint "ParallelGCFailedAllocation", Time since last: 178568308 ns, Reaching safepoint: 803014 ns, At safepoint: 24226708 ns, Total: 25029722 ns
[21.926s][info ][safepoint      ] Safepoint "ICBufferFull", Time since last: 214493113 ns, Reaching safepoint: 2240938 ns, At safepoint: 29200 ns, Total: 2270138 ns
[22.032s][info ][gc,start       ] GC(44) Pause Young (Allocation Failure)
[22.052s][debug][gc,phases      ] GC(44) Scavenge 20.397ms
[22.053s][debug][gc,ref         ] GC(44) Skipped phase 1 of Reference Processing: no references
[22.053s][debug][gc,ref         ] GC(44) Skipped phase 3 of Reference Processing: no references
[22.053s][debug][gc,phases      ] GC(44) Reference Processing 0.064ms
[22.053s][debug][gc,phases      ] GC(44) Weak Processing 0.551ms
[22.053s][debug][gc,age         ] GC(44) Desired survivor size 329777152 bytes, new threshold 15 (max threshold 15)
[22.053s][info ][gc,heap        ] GC(44) PSYoungGen: 1509056K(1757184K)->81792K(1775104K) Eden: 1422336K(1422336K)->0K(1446400K) From: 86720K(334848K)->81792K(328704K)
[22.053s][info ][gc,heap        ] GC(44) ParOldGen: 275303K(299008K)->280716K(299008K)
[22.053s][info ][gc,metaspace   ] GC(44) Metaspace: 67309K(67968K)->67309K(67968K) NonClass: 57782K(58176K)->57782K(58176K) Class: 9527K(9792K)->9527K(9792K)
[22.053s][info ][gc             ] GC(44) Pause Young (Allocation Failure) 1742M->354M(2025M) 21.161ms
[22.053s][info ][gc,cpu         ] GC(44) User=0.08s Sys=0.00s Real=0.02s
[22.053s][info ][safepoint      ] Safepoint "ParallelGCFailedAllocation", Time since last: 105852883 ns, Reaching safepoint: 208204 ns, At safepoint: 21287458 ns, Total: 21495662 ns
[22.204s][info ][safepoint      ] Safepoint "ICBufferFull", Time since last: 150692139 ns, Reaching safepoint: 281205 ns, At safepoint: 24900 ns, Total: 306105 ns
[22.270s][info ][safepoint      ] Safepoint "ICBufferFull", Time since last: 63283766 ns, Reaching safepoint: 2315239 ns, At safepoint: 23800 ns, Total: 2339039 ns
[22.394s][info ][safepoint      ] Safepoint "ICBufferFull", Time since last: 124340295 ns, Reaching safepoint: 219304 ns, At safepoint: 25200 ns, Total: 244504 ns
[22.449s][info ][gc,start       ] GC(45) Pause Young (Allocation Failure)
[22.468s][debug][gc,phases      ] GC(45) Scavenge 18.667ms
[22.468s][debug][gc,ref         ] GC(45) Skipped phase 1 of Reference Processing: no references
[22.468s][debug][gc,ref         ] GC(45) Skipped phase 3 of Reference Processing: no references
[22.468s][debug][gc,phases      ] GC(45) Reference Processing 0.052ms
[22.469s][debug][gc,phases      ] GC(45) Weak Processing 0.604ms
[22.469s][debug][gc,age         ] GC(45) Desired survivor size 321912832 bytes, new threshold 15 (max threshold 15)
[22.469s][info ][gc,heap        ] GC(45) PSYoungGen: 1528192K(1775104K)->78784K(1768448K) Eden: 1446400K(1446400K)->0K(1446400K) From: 81792K(328704K)->78784K(322048K)
[22.469s][info ][gc,heap        ] GC(45) ParOldGen: 280716K(299008K)->284489K(299008K)
[22.469s][info ][gc,metaspace   ] GC(45) Metaspace: 67495K(68096K)->67495K(68096K) NonClass: 57957K(58304K)->57957K(58304K) Class: 9537K(9792K)->9537K(9792K)
[22.469s][info ][gc             ] GC(45) Pause Young (Allocation Failure) 1766M->354M(2019M) 19.491ms
[22.469s][info ][gc,cpu         ] GC(45) User=0.08s Sys=0.00s Real=0.01s
[22.469s][debug][gc,phases      ] GC(46) Pre Compact 0.012ms
[22.469s][info ][gc,start       ] GC(46) Pause Full (Ergonomics)
[22.469s][info ][gc,phases,start] GC(46) Marking Phase
[22.571s][debug][gc,phases      ] GC(46) Par Mark 102.071ms
[22.571s][debug][gc,ref         ] GC(46) Skipped phase 1 of Reference Processing: no references
[22.571s][debug][gc,ref         ] GC(46) Skipped phase 3 of Reference Processing: no references
[22.571s][debug][gc,phases      ] GC(46) Reference Processing 0.319ms
[22.572s][debug][gc,phases      ] GC(46) Weak Processing 0.542ms
[22.572s][debug][gc,phases      ] GC(46) ClassLoaderData 0.069ms
[22.572s][debug][gc,phases      ] GC(46) Trigger cleanups 0.000ms
[22.582s][debug][gc,phases      ] GC(46) Class Unloading 9.561ms
[22.582s][info ][gc,phases      ] GC(46) Marking Phase 112.662ms
[22.582s][info ][gc,phases,start] GC(46) Summary Phase
[22.582s][info ][gc,phases      ] GC(46) Summary Phase 0.010ms
[22.582s][info ][gc,phases,start] GC(46) Adjust Roots
[22.592s][info ][gc,phases      ] GC(46) Adjust Roots 10.408ms
[22.592s][info ][gc,phases,start] GC(46) Compaction Phase
[22.716s][info ][gc,phases      ] GC(46) Compaction Phase 124.228ms
[22.716s][info ][gc,phases,start] GC(46) Post Compact
[22.718s][info ][gc,phases      ] GC(46) Post Compact 1.179ms
[22.718s][info ][gc,heap        ] GC(46) PSYoungGen: 78784K(1768448K)->56442K(1768448K) Eden: 0K(1446400K)->0K(1446400K) From: 78784K(322048K)->56442K(322048K)
[22.718s][info ][gc,heap        ] GC(46) ParOldGen: 284489K(299008K)->298724K(344064K)
[22.718s][info ][gc,metaspace   ] GC(46) Metaspace: 67495K(68096K)->67495K(68096K) NonClass: 57957K(58304K)->57957K(58304K) Class: 9537K(9792K)->9537K(9792K)
[22.718s][info ][gc             ] GC(46) Pause Full (Ergonomics) 354M->346M(2063M) 248.761ms
[22.718s][info ][gc,cpu         ] GC(46) User=0.91s Sys=0.01s Real=0.26s
[22.718s][info ][safepoint      ] Safepoint "ParallelGCFailedAllocation", Time since last: 54760022 ns, Reaching safepoint: 159703 ns, At safepoint: 268437422 ns, Total: 268597125 ns
[23.002s][info ][safepoint      ] Safepoint "ICBufferFull", Time since last: 283931983 ns, Reaching safepoint: 175603 ns, At safepoint: 30200 ns, Total: 205803 ns
[23.064s][info ][gc,start       ] GC(47) Pause Young (Allocation Failure)
[23.111s][debug][gc,phases      ] GC(47) Scavenge 47.464ms
[23.111s][debug][gc,ref         ] GC(47) Skipped phase 1 of Reference Processing: no references
[23.111s][debug][gc,ref         ] GC(47) Skipped phase 3 of Reference Processing: no references
[23.111s][debug][gc,phases      ] GC(47) Reference Processing 0.033ms
[23.112s][debug][gc,phases      ] GC(47) Weak Processing 0.541ms
[23.112s][debug][gc,age         ] GC(47) Desired survivor size 319291392 bytes, new threshold 15 (max threshold 15)
[23.112s][info ][gc,heap        ] GC(47) PSYoungGen: 1502842K(1768448K)->47488K(1785344K) Eden: 1446400K(1446400K)->0K(1470976K) From: 56442K(322048K)->47488K(314368K)
[23.112s][info ][gc,heap        ] GC(47) ParOldGen: 298724K(344064K)->309430K(344064K)
[23.112s][info ][gc,metaspace   ] GC(47) Metaspace: 67560K(68160K)->67560K(68160K) NonClass: 58019K(58368K)->58019K(58368K) Class: 9541K(9792K)->9541K(9792K)
[23.112s][info ][gc             ] GC(47) Pause Young (Allocation Failure) 1759M->348M(2079M) 48.181ms
[23.112s][info ][gc,cpu         ] GC(47) User=0.20s Sys=0.01s Real=0.05s
[23.112s][info ][safepoint      ] Safepoint "ParallelGCFailedAllocation", Time since last: 61612538 ns, Reaching safepoint: 146303 ns, At safepoint: 48306813 ns, Total: 48453116 ns
[23.233s][info ][safepoint      ] Safepoint "ICBufferFull", Time since last: 120413129 ns, Reaching safepoint: 238804 ns, At safepoint: 22400 ns, Total: 261204 ns
[23.488s][info ][gc,start       ] GC(48) Pause Young (Allocation Failure)
[23.504s][debug][gc,phases      ] GC(48) Scavenge 15.831ms
[23.504s][debug][gc,ref         ] GC(48) Skipped phase 1 of Reference Processing: no references
[23.504s][debug][gc,ref         ] GC(48) Skipped phase 3 of Reference Processing: no references
[23.504s][debug][gc,phases      ] GC(48) Reference Processing 0.034ms
[23.505s][debug][gc,phases      ] GC(48) Weak Processing 0.574ms
[23.505s][debug][gc,age         ] GC(48) Desired survivor size 314572800 bytes, new threshold 15 (max threshold 15)
[23.505s][info ][gc,heap        ] GC(48) PSYoungGen: 1518464K(1785344K)->43520K(1782784K) Eden: 1470976K(1470976K)->0K(1470976K) From: 47488K(314368K)->43520K(311808K)
[23.505s][info ][gc,heap        ] GC(48) ParOldGen: 309430K(344064K)->314223K(344064K)
[23.505s][info ][gc,metaspace   ] GC(48) Metaspace: 67721K(68352K)->67721K(68352K) NonClass: 58167K(58496K)->58167K(58496K) Class: 9554K(9856K)->9554K(9856K)
[23.505s][info ][gc             ] GC(48) Pause Young (Allocation Failure) 1785M->349M(2077M) 16.587ms
[23.505s][info ][gc,cpu         ] GC(48) User=0.08s Sys=0.00s Real=0.02s
[23.505s][info ][safepoint      ] Safepoint "ParallelGCFailedAllocation", Time since last: 255083597 ns, Reaching safepoint: 529509 ns, At safepoint: 16697181 ns, Total: 17226690 ns
[23.821s][info ][safepoint      ] Safepoint "ICBufferFull", Time since last: 316116025 ns, Reaching safepoint: 206704 ns, At safepoint: 28100 ns, Total: 234804 ns
[23.891s][info ][gc,start       ] GC(49) Pause Young (Allocation Failure)
[23.908s][debug][gc,phases      ] GC(49) Scavenge 17.427ms
[23.908s][debug][gc,ref         ] GC(49) Skipped phase 1 of Reference Processing: no references
[23.908s][debug][gc,ref         ] GC(49) Skipped phase 3 of Reference Processing: no references
[23.908s][debug][gc,phases      ] GC(49) Reference Processing 0.035ms
[23.909s][debug][gc,phases      ] GC(49) Weak Processing 0.591ms
[23.909s][debug][gc,age         ] GC(49) Desired survivor size 309329920 bytes, new threshold 15 (max threshold 15)
[23.909s][info ][gc,heap        ] GC(49) PSYoungGen: 1514496K(1782784K)->38960K(1795072K) Eden: 1470976K(1470976K)->0K(1487872K) From: 43520K(311808K)->38960K(307200K)
[23.909s][info ][gc,heap        ] GC(49) ParOldGen: 314223K(344064K)->320757K(344064K)
[23.909s][info ][gc,metaspace   ] GC(49) Metaspace: 67883K(68544K)->67883K(68544K) NonClass: 58318K(58688K)->58318K(58688K) Class: 9564K(9856K)->9564K(9856K)
[23.909s][info ][gc             ] GC(49) Pause Young (Allocation Failure) 1785M->351M(2089M) 18.206ms
[23.909s][info ][gc,cpu         ] GC(49) User=0.06s Sys=0.01s Real=0.01s
[23.909s][info ][safepoint      ] Safepoint "ParallelGCFailedAllocation", Time since last: 69079564 ns, Reaching safepoint: 402106 ns, At safepoint: 18332409 ns, Total: 18734515 ns
[24.114s][info ][safepoint      ] Safepoint "ICBufferFull", Time since last: 204086538 ns, Reaching safepoint: 442307 ns, At safepoint: 31401 ns, Total: 473708 ns
[24.290s][info ][safepoint      ] Safepoint "ICBufferFull", Time since last: 174088932 ns, Reaching safepoint: 2205438 ns, At safepoint: 39600 ns, Total: 2245038 ns
[24.354s][info ][gc,start       ] GC(50) Pause Young (Allocation Failure)
[24.374s][debug][gc,phases      ] GC(50) Scavenge 19.264ms
[24.374s][debug][gc,ref         ] GC(50) Skipped phase 1 of Reference Processing: no references
[24.374s][debug][gc,ref         ] GC(50) Skipped phase 3 of Reference Processing: no references
[24.374s][debug][gc,phases      ] GC(50) Reference Processing 0.037ms
[24.374s][debug][gc,phases      ] GC(50) Weak Processing 0.577ms
[24.374s][debug][gc,age         ] GC(50) Desired survivor size 303562752 bytes, new threshold 15 (max threshold 15)
[24.375s][info ][gc,heap        ] GC(50) PSYoungGen: 1526832K(1795072K)->29488K(1789952K) Eden: 1487872K(1487872K)->0K(1487872K) From: 38960K(307200K)->29488K(302080K)
[24.375s][info ][gc,heap        ] GC(50) ParOldGen: 320757K(344064K)->330692K(344064K)
[24.375s][info ][gc,metaspace   ] GC(50) Metaspace: 67966K(68608K)->67966K(68608K) NonClass: 58398K(58752K)->58398K(58752K) Class: 9568K(9856K)->9568K(9856K)
[24.375s][info ][gc             ] GC(50) Pause Young (Allocation Failure) 1804M->351M(2084M) 20.048ms
[24.375s][info ][gc,cpu         ] GC(50) User=0.06s Sys=0.00s Real=0.02s
[24.375s][debug][gc,phases      ] GC(51) Pre Compact 0.012ms
[24.375s][info ][gc,start       ] GC(51) Pause Full (Ergonomics)
[24.375s][info ][gc,phases,start] GC(51) Marking Phase
[24.491s][debug][gc,phases      ] GC(51) Par Mark 116.296ms
[24.491s][debug][gc,ref         ] GC(51) Skipped phase 1 of Reference Processing: no references
[24.491s][debug][gc,ref         ] GC(51) Skipped phase 3 of Reference Processing: no references
[24.491s][debug][gc,phases      ] GC(51) Reference Processing 0.271ms
[24.492s][debug][gc,phases      ] GC(51) Weak Processing 0.573ms
[24.492s][debug][gc,phases      ] GC(51) ClassLoaderData 0.067ms
[24.492s][debug][gc,phases      ] GC(51) Trigger cleanups 0.000ms
[24.503s][debug][gc,phases      ] GC(51) Class Unloading 11.434ms
[24.503s][info ][gc,phases      ] GC(51) Marking Phase 128.745ms
[24.503s][info ][gc,phases,start] GC(51) Summary Phase
[24.503s][info ][gc,phases      ] GC(51) Summary Phase 0.011ms
[24.503s][info ][gc,phases,start] GC(51) Adjust Roots
[24.514s][info ][gc,phases      ] GC(51) Adjust Roots 10.663ms
[24.514s][info ][gc,phases,start] GC(51) Compaction Phase
[24.650s][info ][gc,phases      ] GC(51) Compaction Phase 135.755ms
[24.650s][info ][gc,phases,start] GC(51) Post Compact
[24.651s][info ][gc,phases      ] GC(51) Post Compact 1.424ms
[24.652s][info ][gc,heap        ] GC(51) PSYoungGen: 29488K(1789952K)->14332K(1789952K) Eden: 0K(1487872K)->0K(1487872K) From: 29488K(302080K)->14332K(302080K)
[24.652s][info ][gc,heap        ] GC(51) ParOldGen: 330692K(344064K)->343630K(398336K)
[24.652s][info ][gc,metaspace   ] GC(51) Metaspace: 67966K(68608K)->67966K(68608K) NonClass: 58398K(58752K)->58398K(58752K) Class: 9568K(9856K)->9568K(9856K)
[24.652s][info ][gc             ] GC(51) Pause Full (Ergonomics) 351M->349M(2137M) 276.950ms
[24.652s][info ][gc,cpu         ] GC(51) User=1.01s Sys=0.00s Real=0.28s
[24.665s][info ][safepoint      ] Safepoint "ParallelGCFailedAllocation", Time since last: 64186981 ns, Reaching safepoint: 169703 ns, At safepoint: 310642933 ns, Total: 310812636 ns
[24.869s][info ][safepoint      ] Safepoint "ICBufferFull", Time since last: 203851234 ns, Reaching safepoint: 225004 ns, At safepoint: 26600 ns, Total: 251604 ns
[25.036s][info ][gc,start       ] GC(52) Pause Young (Allocation Failure)
[25.078s][debug][gc,phases      ] GC(52) Scavenge 42.627ms
[25.079s][debug][gc,ref         ] GC(52) Skipped phase 1 of Reference Processing: no references
[25.079s][debug][gc,ref         ] GC(52) Skipped phase 3 of Reference Processing: no references
[25.079s][debug][gc,phases      ] GC(52) Reference Processing 0.044ms
[25.079s][debug][gc,phases      ] GC(52) Weak Processing 0.542ms
[25.079s][debug][gc,age         ] GC(52) Desired survivor size 299892736 bytes, new threshold 15 (max threshold 15)
[25.079s][info ][gc,heap        ] GC(52) PSYoungGen: 1502204K(1789952K)->10224K(1804288K) Eden: 1487872K(1487872K)->0K(1507840K) From: 14332K(302080K)->10224K(296448K)
[25.079s][info ][gc,heap        ] GC(52) ParOldGen: 343630K(398336K)->349064K(398336K)
[25.079s][info ][gc,metaspace   ] GC(52) Metaspace: 69902K(70528K)->69902K(70528K) NonClass: 60010K(60352K)->60010K(60352K) Class: 9892K(10176K)->9892K(10176K)
[25.079s][info ][gc             ] GC(52) Pause Young (Allocation Failure) 1802M->350M(2151M) 43.356ms
[25.079s][info ][gc,cpu         ] GC(52) User=0.18s Sys=0.00s Real=0.05s
[25.079s][info ][safepoint      ] Safepoint "ParallelGCFailedAllocation", Time since last: 166418703 ns, Reaching safepoint: 153403 ns, At safepoint: 43475132 ns, Total: 43628535 ns
[25.314s][info ][safepoint      ] Safepoint "ICBufferFull", Time since last: 234732154 ns, Reaching safepoint: 191003 ns, At safepoint: 25501 ns, Total: 216504 ns
[25.455s][info ][gc,start       ] GC(53) Pause Young (Allocation Failure)
[25.461s][debug][gc,phases      ] GC(53) Scavenge 6.271ms
[25.461s][debug][gc,ref         ] GC(53) Skipped phase 1 of Reference Processing: no references
[25.461s][debug][gc,ref         ] GC(53) Skipped phase 3 of Reference Processing: no references
[25.461s][debug][gc,ref         ] GC(53) Skipped phase 4 of Reference Processing: no references
[25.461s][debug][gc,phases      ] GC(53) Reference Processing 0.041ms
[25.462s][debug][gc,phases      ] GC(53) Weak Processing 0.658ms
[25.462s][debug][gc,age         ] GC(53) Desired survivor size 294125568 bytes, new threshold 15 (max threshold 15)
[25.462s][info ][gc,heap        ] GC(53) PSYoungGen: 1518064K(1804288K)->7792K(1800704K) Eden: 1507840K(1507840K)->0K(1507840K) From: 10224K(296448K)->7792K(292864K)
[25.462s][info ][gc,heap        ] GC(53) ParOldGen: 349064K(398336K)->351936K(398336K)
[25.462s][info ][gc,metaspace   ] GC(53) Metaspace: 69937K(70528K)->69937K(70528K) NonClass: 60045K(60352K)->60045K(60352K) Class: 9892K(10176K)->9892K(10176K)
[25.462s][info ][gc             ] GC(53) Pause Young (Allocation Failure) 1823M->351M(2147M) 7.144ms
[25.462s][info ][gc,cpu         ] GC(53) User=0.03s Sys=0.00s Real=0.01s
[25.462s][info ][safepoint      ] Safepoint "ParallelGCFailedAllocation", Time since last: 140150261 ns, Reaching safepoint: 146902 ns, At safepoint: 7272723 ns, Total: 7419625 ns
[25.652s][info ][safepoint      ] Safepoint "ICBufferFull", Time since last: 189980100 ns, Reaching safepoint: 208203 ns, At safepoint: 23901 ns, Total: 232104 ns
[25.792s][info ][safepoint      ] Safepoint "ICBufferFull", Time since last: 139242545 ns, Reaching safepoint: 305605 ns, At safepoint: 26101 ns, Total: 331706 ns
[25.825s][info ][gc,start       ] GC(54) Pause Young (Allocation Failure)
[25.832s][debug][gc,phases      ] GC(54) Scavenge 6.816ms
[25.832s][debug][gc,ref         ] GC(54) Skipped phase 1 of Reference Processing: no references
[25.832s][debug][gc,ref         ] GC(54) Skipped phase 3 of Reference Processing: no references
[25.832s][debug][gc,phases      ] GC(54) Reference Processing 0.038ms
[25.833s][debug][gc,phases      ] GC(54) Weak Processing 0.575ms
[25.833s][debug][gc,age         ] GC(54) Desired survivor size 287309824 bytes, new threshold 15 (max threshold 15)
[25.833s][info ][gc,heap        ] GC(54) PSYoungGen: 1515632K(1800704K)->6368K(1816576K) Eden: 1507840K(1507840K)->0K(1529344K) From: 7792K(292864K)->6368K(287232K)
[25.833s][info ][gc,heap        ] GC(54) ParOldGen: 351936K(398336K)->355313K(398336K)
[25.833s][info ][gc,metaspace   ] GC(54) Metaspace: 72515K(73216K)->72515K(73216K) NonClass: 62347K(62720K)->62347K(62720K) Class: 10168K(10496K)->10168K(10496K)
[25.833s][info ][gc             ] GC(54) Pause Young (Allocation Failure) 1823M->353M(2163M) 7.567ms
[25.833s][info ][gc,cpu         ] GC(54) User=0.03s Sys=0.00s Real=0.01s
[25.833s][info ][safepoint      ] Safepoint "ParallelGCFailedAllocation", Time since last: 33719268 ns, Reaching safepoint: 75901 ns, At safepoint: 7671329 ns, Total: 7747230 ns
[25.917s][info ][safepoint      ] Safepoint "ICBufferFull", Time since last: 83621209 ns, Reaching safepoint: 180003 ns, At safepoint: 32000 ns, Total: 212003 ns
[26.127s][info ][safepoint      ] Safepoint "ICBufferFull", Time since last: 209644332 ns, Reaching safepoint: 167103 ns, At safepoint: 22500 ns, Total: 189603 ns
[26.127s][info ][safepoint      ] Safepoint "ICBufferFull", Time since last: 67801 ns, Reaching safepoint: 98502 ns, At safepoint: 17100 ns, Total: 115602 ns
[26.315s][info ][gc,start       ] GC(55) Pause Young (Allocation Failure)
[26.320s][debug][gc,phases      ] GC(55) Scavenge 5.456ms
[26.320s][debug][gc,ref         ] GC(55) Skipped phase 1 of Reference Processing: no references
[26.320s][debug][gc,ref         ] GC(55) Skipped phase 3 of Reference Processing: no references
[26.320s][debug][gc,phases      ] GC(55) Reference Processing 0.059ms
[26.321s][debug][gc,phases      ] GC(55) Weak Processing 0.595ms
[26.321s][debug][gc,age         ] GC(55) Desired survivor size 278921216 bytes, new threshold 15 (max threshold 15)
[26.321s][info ][gc,heap        ] GC(55) PSYoungGen: 1535712K(1816576K)->5460K(1809920K) Eden: 1529344K(1529344K)->0K(1529344K) From: 6368K(287232K)->5460K(280576K)
[26.321s][info ][gc,heap        ] GC(55) ParOldGen: 355313K(398336K)->357421K(398336K)
[26.321s][info ][gc,metaspace   ] GC(55) Metaspace: 74955K(75520K)->74955K(75520K) NonClass: 64457K(64768K)->64457K(64768K) Class: 10498K(10752K)->10498K(10752K)
[26.321s][info ][gc             ] GC(55) Pause Young (Allocation Failure) 1846M->354M(2156M) 6.249ms
[26.321s][info ][gc,cpu         ] GC(55) User=0.03s Sys=0.00s Real=0.01s
[26.321s][info ][safepoint      ] Safepoint "ParallelGCFailedAllocation", Time since last: 187776663 ns, Reaching safepoint: 190503 ns, At safepoint: 6357607 ns, Total: 6548110 ns
[26.667s][info ][gc,start       ] GC(56) Pause Young (Allocation Failure)
[26.673s][debug][gc,phases      ] GC(56) Scavenge 6.195ms
[26.673s][debug][gc,ref         ] GC(56) Skipped phase 1 of Reference Processing: no references
[26.673s][debug][gc,ref         ] GC(56) Skipped phase 3 of Reference Processing: no references
[26.673s][debug][gc,phases      ] GC(56) Reference Processing 0.053ms
[26.674s][debug][gc,phases      ] GC(56) Weak Processing 0.794ms
[26.674s][debug][gc,age         ] GC(56) Desired survivor size 268959744 bytes, new threshold 15 (max threshold 15)
[26.674s][info ][gc,heap        ] GC(56) PSYoungGen: 1534804K(1809920K)->6904K(1834496K) Eden: 1529344K(1529344K)->0K(1562112K) From: 5460K(280576K)->6904K(272384K)
[26.674s][info ][gc,heap        ] GC(56) ParOldGen: 357421K(398336K)->357613K(398336K)
[26.674s][info ][gc,metaspace   ] GC(56) Metaspace: 75470K(76096K)->75470K(76096K) NonClass: 64915K(65216K)->64915K(65216K) Class: 10555K(10880K)->10555K(10880K)
[26.674s][info ][gc             ] GC(56) Pause Young (Allocation Failure) 1847M->355M(2180M) 7.206ms
[26.674s][info ][gc,cpu         ] GC(56) User=0.03s Sys=0.01s Real=0.01s
[26.674s][info ][safepoint      ] Safepoint "ParallelGCFailedAllocation", Time since last: 345582822 ns, Reaching safepoint: 211203 ns, At safepoint: 7330324 ns, Total: 7541527 ns
[27.066s][info ][gc,start       ] GC(57) Pause Young (Allocation Failure)
[27.075s][debug][gc,phases      ] GC(57) Scavenge 8.613ms
[27.075s][debug][gc,ref         ] GC(57) Skipped phase 1 of Reference Processing: no references
[27.075s][debug][gc,ref         ] GC(57) Skipped phase 3 of Reference Processing: no references
[27.075s][debug][gc,phases      ] GC(57) Reference Processing 0.066ms
[27.076s][debug][gc,phases      ] GC(57) Weak Processing 0.766ms
[27.076s][debug][gc,age         ] GC(57) Desired survivor size 258473984 bytes, new threshold 15 (max threshold 15)
[27.076s][info ][gc,heap        ] GC(57) PSYoungGen: 1569016K(1834496K)->7615K(1824768K) Eden: 1562112K(1562112K)->0K(1562112K) From: 6904K(272384K)->7615K(262656K)
[27.076s][info ][gc,heap        ] GC(57) ParOldGen: 357613K(398336K)->357645K(398336K)
[27.076s][info ][gc,metaspace   ] GC(57) Metaspace: 75595K(76288K)->75595K(76288K) NonClass: 65038K(65408K)->65038K(65408K) Class: 10556K(10880K)->10556K(10880K)
[27.076s][info ][gc             ] GC(57) Pause Young (Allocation Failure) 1881M->356M(2171M) 9.622ms
[27.076s][info ][gc,cpu         ] GC(57) User=0.03s Sys=0.00s Real=0.01s
[27.076s][info ][safepoint      ] Safepoint "ParallelGCFailedAllocation", Time since last: 391602296 ns, Reaching safepoint: 188103 ns, At safepoint: 9761065 ns, Total: 9949168 ns
[27.429s][info ][safepoint      ] Safepoint "ICBufferFull", Time since last: 352765742 ns, Reaching safepoint: 847214 ns, At safepoint: 26500 ns, Total: 873714 ns
[27.468s][info ][safepoint      ] Safepoint "ParallelGCFailedAllocation", Time since last: 38110442 ns, Reaching safepoint: 165503 ns, At safepoint: 31701 ns, Total: 197204 ns
[27.474s][info ][gc,start       ] GC(58) Pause Young (GCLocker Initiated GC)
[27.483s][debug][gc,phases      ] GC(58) Scavenge 8.817ms
[27.483s][debug][gc,ref         ] GC(58) Skipped phase 1 of Reference Processing: no references
[27.483s][debug][gc,ref         ] GC(58) Skipped phase 3 of Reference Processing: no references
[27.483s][debug][gc,phases      ] GC(58) Reference Processing 0.047ms
[27.484s][debug][gc,phases      ] GC(58) Weak Processing 0.615ms
[27.484s][debug][gc,age         ] GC(58) Desired survivor size 246415360 bytes, new threshold 15 (max threshold 15)
[27.484s][info ][gc,heap        ] GC(58) PSYoungGen: 1569727K(1824768K)->10953K(1856512K) Eden: 1562112K(1562112K)->0K(1604096K) From: 7615K(262656K)->10953K(252416K)
[27.484s][info ][gc,heap        ] GC(58) ParOldGen: 357646K(398336K)->357750K(398336K)
[27.484s][info ][gc,metaspace   ] GC(58) Metaspace: 75958K(76608K)->75958K(76608K) NonClass: 65353K(65664K)->65353K(65664K) Class: 10604K(10944K)->10604K(10944K)
[27.484s][info ][gc             ] GC(58) Pause Young (GCLocker Initiated GC) 1882M->360M(2202M) 9.628ms
[27.484s][info ][gc,cpu         ] GC(58) User=0.03s Sys=0.01s Real=0.01s
[27.484s][info ][safepoint      ] Safepoint "ParallelGCSystemGC", Time since last: 6133003 ns, Reaching safepoint: 101202 ns, At safepoint: 9721363 ns, Total: 9822565 ns
[27.681s][info ][safepoint      ] Safepoint "ICBufferFull", Time since last: 196716614 ns, Reaching safepoint: 951616 ns, At safepoint: 34501 ns, Total: 986117 ns
[27.862s][info ][safepoint      ] Safepoint "ICBufferFull", Time since last: 178852312 ns, Reaching safepoint: 1183320 ns, At safepoint: 21000 ns, Total: 1204320 ns
[27.985s][info ][safepoint      ] Safepoint "ICBufferFull", Time since last: 120266126 ns, Reaching safepoint: 3251055 ns, At safepoint: 39301 ns, Total: 3290356 ns
[28.057s][info ][gc,start       ] GC(59) Pause Young (Allocation Failure)
[28.068s][debug][gc,phases      ] GC(59) Scavenge 10.651ms
[28.068s][debug][gc,ref         ] GC(59) Skipped phase 1 of Reference Processing: no references
[28.068s][debug][gc,ref         ] GC(59) Skipped phase 3 of Reference Processing: no references
[28.068s][debug][gc,phases      ] GC(59) Reference Processing 0.068ms
[28.069s][debug][gc,phases      ] GC(59) Weak Processing 0.662ms
[28.069s][debug][gc,age         ] GC(59) Desired survivor size 231211008 bytes, new threshold 15 (max threshold 15)
[28.069s][info ][gc,heap        ] GC(59) PSYoungGen: 1615049K(1856512K)->29701K(1844736K) Eden: 1604096K(1604096K)->0K(1604096K) From: 10953K(252416K)->29701K(240640K)
[28.069s][info ][gc,heap        ] GC(59) ParOldGen: 357751K(398336K)->357815K(398336K)
[28.069s][info ][gc,metaspace   ] GC(59) Metaspace: 76765K(77440K)->76765K(77440K) NonClass: 66065K(66432K)->66065K(66432K) Class: 10699K(11008K)->10699K(11008K)
[28.069s][info ][gc             ] GC(59) Pause Young (Allocation Failure) 1926M->378M(2190M) 11.541ms
[28.069s][info ][gc,cpu         ] GC(59) User=0.05s Sys=0.00s Real=0.00s
[28.069s][info ][safepoint      ] Safepoint "ParallelGCFailedAllocation", Time since last: 72096014 ns, Reaching safepoint: 132802 ns, At safepoint: 11659397 ns, Total: 11792199 ns
[28.277s][info ][safepoint      ] Safepoint "ICBufferFull", Time since last: 207789900 ns, Reaching safepoint: 541009 ns, At safepoint: 29300 ns, Total: 570309 ns
[28.309s][info ][safepoint      ] Safepoint "ICBufferFull", Time since last: 31760435 ns, Reaching safepoint: 226404 ns, At safepoint: 32601 ns, Total: 259005 ns
[28.502s][info ][gc,start       ] GC(60) Pause Young (Allocation Failure)
[28.513s][debug][gc,phases      ] GC(60) Scavenge 10.956ms
[28.513s][debug][gc,ref         ] GC(60) Skipped phase 1 of Reference Processing: no references
[28.513s][debug][gc,ref         ] GC(60) Skipped phase 3 of Reference Processing: no references
[28.513s][debug][gc,phases      ] GC(60) Reference Processing 0.050ms
[28.514s][debug][gc,phases      ] GC(60) Weak Processing 0.679ms
[28.514s][debug][gc,age         ] GC(60) Desired survivor size 217055232 bytes, new threshold 15 (max threshold 15)
[28.514s][info ][gc,heap        ] GC(60) PSYoungGen: 1633797K(1844736K)->30373K(1885184K) Eden: 1604096K(1604096K)->0K(1659392K) From: 29701K(240640K)->30373K(225792K)
[28.514s][info ][gc,heap        ] GC(60) ParOldGen: 357815K(398336K)->357863K(398336K)
[28.514s][info ][gc,metaspace   ] GC(60) Metaspace: 76909K(77568K)->76909K(77568K) NonClass: 66201K(66560K)->66201K(66560K) Class: 10707K(11008K)->10707K(11008K)
[28.514s][info ][gc             ] GC(60) Pause Young (Allocation Failure) 1944M->379M(2230M) 11.854ms
[28.514s][info ][gc,cpu         ] GC(60) User=0.05s Sys=0.00s Real=0.01s
[28.514s][info ][safepoint      ] Safepoint "ParallelGCFailedAllocation", Time since last: 189293188 ns, Reaching safepoint: 3246955 ns, At safepoint: 11973302 ns, Total: 15220257 ns
[28.682s][info ][safepoint      ] Safepoint "ICBufferFull", Time since last: 156138730 ns, Reaching safepoint: 12211705 ns, At safepoint: 35801 ns, Total: 12247506 ns
[28.707s][info ][safepoint      ] Safepoint "ICBufferFull", Time since last: 24719916 ns, Reaching safepoint: 85102 ns, At safepoint: 25900 ns, Total: 111002 ns
[29.011s][info ][gc,start       ] GC(61) Pause Young (Allocation Failure)
[29.031s][debug][gc,phases      ] GC(61) Scavenge 19.954ms
[29.031s][debug][gc,ref         ] GC(61) Skipped phase 1 of Reference Processing: no references
[29.031s][debug][gc,ref         ] GC(61) Skipped phase 3 of Reference Processing: no references
[29.031s][debug][gc,phases      ] GC(61) Reference Processing 0.045ms
[29.032s][debug][gc,phases      ] GC(61) Weak Processing 0.641ms
[29.032s][debug][gc,age         ] GC(61) Desired survivor size 201850880 bytes, new threshold 15 (max threshold 15)
[29.032s][info ][gc,heap        ] GC(61) PSYoungGen: 1689765K(1885184K)->40428K(1871360K) Eden: 1659392K(1659392K)->0K(1659392K) From: 30373K(225792K)->40428K(211968K)
[29.032s][info ][gc,heap        ] GC(61) ParOldGen: 357863K(398336K)->357903K(398336K)
[29.032s][info ][gc,metaspace   ] GC(61) Metaspace: 77004K(77696K)->77004K(77696K) NonClass: 66293K(66624K)->66293K(66624K) Class: 10710K(11072K)->10710K(11072K)
[29.032s][info ][gc             ] GC(61) Pause Young (Allocation Failure) 1999M->388M(2216M) 20.785ms
[29.032s][info ][gc,cpu         ] GC(61) User=0.08s Sys=0.00s Real=0.02s
[29.032s][info ][safepoint      ] Safepoint "ParallelGCFailedAllocation", Time since last: 303751117 ns, Reaching safepoint: 202903 ns, At safepoint: 20902352 ns, Total: 21105255 ns
[29.089s][info ][safepoint      ] Safepoint "ICBufferFull", Time since last: 56769156 ns, Reaching safepoint: 284505 ns, At safepoint: 36501 ns, Total: 321006 ns
[29.180s][info ][safepoint      ] Safepoint "ICBufferFull", Time since last: 90648427 ns, Reaching safepoint: 493808 ns, At safepoint: 29501 ns, Total: 523309 ns
[29.376s][info ][safepoint      ] Safepoint "ICBufferFull", Time since last: 195242488 ns, Reaching safepoint: 171903 ns, At safepoint: 39201 ns, Total: 211104 ns
[29.385s][info ][safepoint      ] Safepoint "ICBufferFull", Time since last: 8300440 ns, Reaching safepoint: 950216 ns, At safepoint: 29200 ns, Total: 979416 ns
[29.515s][info ][gc,start       ] GC(62) Pause Young (Allocation Failure)
[29.534s][debug][gc,phases      ] GC(62) Scavenge 19.318ms
[29.534s][debug][gc,ref         ] GC(62) Skipped phase 1 of Reference Processing: no references
[29.534s][debug][gc,ref         ] GC(62) Skipped phase 3 of Reference Processing: no references
[29.534s][debug][gc,phases      ] GC(62) Reference Processing 0.042ms
[29.535s][debug][gc,phases      ] GC(62) Weak Processing 0.644ms
[29.535s][debug][gc,age         ] GC(62) Desired survivor size 187170816 bytes, new threshold 15 (max threshold 15)
[29.535s][info ][gc,heap        ] GC(62) PSYoungGen: 1699820K(1871360K)->44814K(1914368K) Eden: 1659392K(1659392K)->0K(1717248K) From: 40428K(211968K)->44814K(197120K)
[29.535s][info ][gc,heap        ] GC(62) ParOldGen: 357903K(398336K)->357935K(398336K)
[29.535s][info ][gc,metaspace   ] GC(62) Metaspace: 77039K(77696K)->77039K(77696K) NonClass: 66329K(66624K)->66329K(66624K) Class: 10710K(11072K)->10710K(11072K)
[29.535s][info ][gc             ] GC(62) Pause Young (Allocation Failure) 2009M->393M(2258M) 20.168ms
[29.535s][info ][gc,cpu         ] GC(62) User=0.07s Sys=0.00s Real=0.02s
[29.535s][info ][safepoint      ] Safepoint "ParallelGCFailedAllocation", Time since last: 129566983 ns, Reaching safepoint: 196403 ns, At safepoint: 20296542 ns, Total: 20492945 ns
[29.652s][info ][safepoint      ] Safepoint "ICBufferFull", Time since last: 116779267 ns, Reaching safepoint: 145302 ns, At safepoint: 31201 ns, Total: 176503 ns
[29.779s][info ][safepoint      ] Safepoint "ICBufferFull", Time since last: 126931638 ns, Reaching safepoint: 147002 ns, At safepoint: 25501 ns, Total: 172503 ns
[29.893s][info ][safepoint      ] Safepoint "ICBufferFull", Time since last: 113858118 ns, Reaching safepoint: 164502 ns, At safepoint: 23901 ns, Total: 188403 ns
[29.978s][info ][gc,start       ] GC(63) Pause Young (Allocation Failure)
[29.998s][debug][gc,phases      ] GC(63) Scavenge 20.367ms
[29.999s][debug][gc,ref         ] GC(63) Skipped phase 1 of Reference Processing: no references
[29.999s][debug][gc,ref         ] GC(63) Skipped phase 3 of Reference Processing: no references
[29.999s][debug][gc,phases      ] GC(63) Reference Processing 0.053ms
[29.999s][debug][gc,phases      ] GC(63) Weak Processing 0.635ms
[29.999s][debug][gc,age         ] GC(63) Desired survivor size 173539328 bytes, new threshold 15 (max threshold 15)
[29.999s][info ][gc,heap        ] GC(63) PSYoungGen: 1762062K(1914368K)->47294K(1900032K) Eden: 1717248K(1717248K)->0K(1717248K) From: 44814K(197120K)->47294K(182784K)
[29.999s][info ][gc,heap        ] GC(63) ParOldGen: 357935K(398336K)->357999K(398336K)
[29.999s][info ][gc,metaspace   ] GC(63) Metaspace: 77117K(77824K)->77117K(77824K) NonClass: 66406K(66752K)->66406K(66752K) Class: 10711K(11072K)->10711K(11072K)
[29.999s][info ][gc             ] GC(63) Pause Young (Allocation Failure) 2070M->395M(2244M) 21.191ms
[29.999s][info ][gc,cpu         ] GC(63) User=0.08s Sys=0.00s Real=0.02s
[29.999s][info ][safepoint      ] Safepoint "ParallelGCFailedAllocation", Time since last: 82752794 ns, Reaching safepoint: 2180636 ns, At safepoint: 21314059 ns, Total: 23494695 ns
[30.405s][info ][gc,start       ] GC(64) Pause Young (Allocation Failure)
[30.423s][debug][gc,phases      ] GC(64) Scavenge 18.370ms
[30.423s][debug][gc,ref         ] GC(64) Skipped phase 1 of Reference Processing: no references
[30.423s][debug][gc,ref         ] GC(64) Skipped phase 3 of Reference Processing: no references
[30.423s][debug][gc,phases      ] GC(64) Reference Processing 0.054ms
[30.424s][debug][gc,phases      ] GC(64) Weak Processing 0.623ms
[30.424s][debug][gc,age         ] GC(64) Desired survivor size 160956416 bytes, new threshold 15 (max threshold 15)
[30.424s][info ][gc,heap        ] GC(64) PSYoungGen: 1764542K(1900032K)->47763K(1939968K) Eden: 1717248K(1717248K)->0K(1770496K) From: 47294K(182784K)->47763K(169472K)
[30.424s][info ][gc,heap        ] GC(64) ParOldGen: 357999K(398336K)->358111K(398336K)
[30.424s][info ][gc,metaspace   ] GC(64) Metaspace: 77129K(77824K)->77129K(77824K) NonClass: 66418K(66752K)->66418K(66752K) Class: 10711K(11072K)->10711K(11072K)
[30.424s][info ][gc             ] GC(64) Pause Young (Allocation Failure) 2072M->396M(2283M) 19.200ms
[30.424s][info ][gc,cpu         ] GC(64) User=0.07s Sys=0.00s Real=0.02s
[30.424s][info ][safepoint      ] Safepoint "ParallelGCFailedAllocation", Time since last: 404987922 ns, Reaching safepoint: 203403 ns, At safepoint: 19318426 ns, Total: 19521829 ns
[30.894s][info ][gc,start       ] GC(65) Pause Young (Allocation Failure)
[30.912s][debug][gc,phases      ] GC(65) Scavenge 18.119ms
[30.912s][debug][gc,ref         ] GC(65) Skipped phase 1 of Reference Processing: no references
[30.912s][debug][gc,ref         ] GC(65) Skipped phase 3 of Reference Processing: no references
[30.912s][debug][gc,phases      ] GC(65) Reference Processing 0.050ms
[30.913s][debug][gc,phases      ] GC(65) Weak Processing 0.668ms
[30.913s][debug][gc,age         ] GC(65) Desired survivor size 149946368 bytes, new threshold 15 (max threshold 15)
[30.913s][info ][gc,heap        ] GC(65) PSYoungGen: 1818259K(1939968K)->48675K(1927680K) Eden: 1770496K(1770496K)->0K(1770496K) From: 47763K(169472K)->48675K(157184K)
[30.913s][info ][gc,heap        ] GC(65) ParOldGen: 358111K(398336K)->358351K(398336K)
[30.913s][info ][gc,metaspace   ] GC(65) Metaspace: 77192K(77952K)->77192K(77952K) NonClass: 66478K(66880K)->66478K(66880K) Class: 10714K(11072K)->10714K(11072K)
[30.913s][info ][gc             ] GC(65) Pause Young (Allocation Failure) 2125M->397M(2271M) 19.015ms
[30.913s][info ][gc,cpu         ] GC(65) User=0.07s Sys=0.00s Real=0.02s
[30.913s][info ][safepoint      ] Safepoint "ParallelGCFailedAllocation", Time since last: 470020117 ns, Reaching safepoint: 181103 ns, At safepoint: 19131322 ns, Total: 19312425 ns
[31.429s][info ][gc,start       ] GC(66) Pause Young (Allocation Failure)
[31.449s][debug][gc,phases      ] GC(66) Scavenge 19.447ms
[31.449s][debug][gc,ref         ] GC(66) Skipped phase 1 of Reference Processing: no references
[31.449s][debug][gc,ref         ] GC(66) Skipped phase 3 of Reference Processing: no references
[31.449s][debug][gc,phases      ] GC(66) Reference Processing 0.042ms
[31.449s][debug][gc,phases      ] GC(66) Weak Processing 0.660ms
[31.449s][debug][gc,age         ] GC(66) Desired survivor size 140509184 bytes, new threshold 15 (max threshold 15)
[31.449s][info ][gc,heap        ] GC(66) PSYoungGen: 1819171K(1927680K)->49397K(1959936K) Eden: 1770496K(1770496K)->0K(1813504K) From: 48675K(157184K)->49397K(146432K)
[31.449s][info ][gc,heap        ] GC(66) ParOldGen: 358351K(398336K)->358507K(398336K)
[31.449s][info ][gc,metaspace   ] GC(66) Metaspace: 77240K(77952K)->77240K(77952K) NonClass: 66525K(66880K)->66525K(66880K) Class: 10714K(11072K)->10714K(11072K)
[31.449s][info ][gc             ] GC(66) Pause Young (Allocation Failure) 2126M->398M(2303M) 20.303ms
[31.449s][info ][gc,cpu         ] GC(66) User=0.09s Sys=0.00s Real=0.03s
[31.449s][info ][safepoint      ] Safepoint "ParallelGCFailedAllocation", Time since last: 515640185 ns, Reaching safepoint: 191004 ns, At safepoint: 20421844 ns, Total: 20612848 ns
[31.932s][info ][gc,start       ] GC(67) Pause Young (Allocation Failure)
[31.951s][debug][gc,phases      ] GC(67) Scavenge 18.211ms
[31.951s][debug][gc,ref         ] GC(67) Skipped phase 1 of Reference Processing: no references
[31.951s][debug][gc,ref         ] GC(67) Skipped phase 3 of Reference Processing: no references
[31.951s][debug][gc,phases      ] GC(67) Reference Processing 0.036ms
[31.951s][debug][gc,phases      ] GC(67) Weak Processing 0.640ms
[31.951s][debug][gc,age         ] GC(67) Desired survivor size 132120576 bytes, new threshold 15 (max threshold 15)
[31.951s][info ][gc,heap        ] GC(67) PSYoungGen: 1862901K(1959936K)->49395K(1950720K) Eden: 1813504K(1813504K)->0K(1813504K) From: 49397K(146432K)->49395K(137216K)
[31.951s][info ][gc,heap        ] GC(67) ParOldGen: 358507K(398336K)->359339K(398336K)
[31.951s][info ][gc,metaspace   ] GC(67) Metaspace: 77256K(78016K)->77256K(78016K) NonClass: 66541K(66944K)->66541K(66944K) Class: 10714K(11072K)->10714K(11072K)
[31.951s][info ][gc             ] GC(67) Pause Young (Allocation Failure) 2169M->399M(2294M) 19.033ms
[31.951s][info ][gc,cpu         ] GC(67) User=0.07s Sys=0.00s Real=0.02s
[31.951s][info ][safepoint      ] Safepoint "ParallelGCFailedAllocation", Time since last: 482533727 ns, Reaching safepoint: 253105 ns, At safepoint: 19145322 ns, Total: 19398427 ns
[32.480s][info ][gc,start       ] GC(68) Pause Young (Allocation Failure)
[32.500s][debug][gc,phases      ] GC(68) Scavenge 19.595ms
[32.500s][debug][gc,ref         ] GC(68) Skipped phase 1 of Reference Processing: no references
[32.500s][debug][gc,ref         ] GC(68) Skipped phase 3 of Reference Processing: no references
[32.500s][debug][gc,phases      ] GC(68) Reference Processing 0.040ms
[32.500s][debug][gc,phases      ] GC(68) Weak Processing 0.637ms
[32.500s][debug][gc,age         ] GC(68) Desired survivor size 124780544 bytes, new threshold 15 (max threshold 15)
[32.501s][info ][gc,heap        ] GC(68) PSYoungGen: 1862899K(1950720K)->49699K(1975296K) Eden: 1813504K(1813504K)->0K(1846272K) From: 49395K(137216K)->49699K(129024K)
[32.501s][info ][gc,heap        ] GC(68) ParOldGen: 359339K(398336K)->359687K(398336K)
[32.501s][info ][gc,metaspace   ] GC(68) Metaspace: 77273K(78016K)->77273K(78016K) NonClass: 66557K(66944K)->66557K(66944K) Class: 10715K(11072K)->10715K(11072K)
[32.501s][info ][gc             ] GC(68) Pause Young (Allocation Failure) 2170M->399M(2318M) 20.451ms
[32.501s][info ][gc,cpu         ] GC(68) User=0.08s Sys=0.00s Real=0.02s
[32.501s][info ][safepoint      ] Safepoint "ParallelGCFailedAllocation", Time since last: 528561503 ns, Reaching safepoint: 135302 ns, At safepoint: 20570047 ns, Total: 20705349 ns
[32.983s][info ][gc,start       ] GC(69) Pause Young (Allocation Failure)
[33.003s][debug][gc,phases      ] GC(69) Scavenge 20.121ms
[33.003s][debug][gc,ref         ] GC(69) Skipped phase 1 of Reference Processing: no references
[33.003s][debug][gc,ref         ] GC(69) Skipped phase 3 of Reference Processing: no references
[33.003s][debug][gc,phases      ] GC(69) Reference Processing 0.041ms
[33.004s][debug][gc,phases      ] GC(69) Weak Processing 0.635ms
[33.004s][debug][gc,age         ] GC(69) Desired survivor size 116916224 bytes, new threshold 15 (max threshold 15)
[33.004s][info ][gc,heap        ] GC(69) PSYoungGen: 1895971K(1975296K)->48299K(1968128K) Eden: 1846272K(1846272K)->0K(1846272K) From: 49699K(129024K)->48299K(121856K)
[33.004s][info ][gc,heap        ] GC(69) ParOldGen: 359687K(398336K)->361639K(398336K)
[33.004s][info ][gc,metaspace   ] GC(69) Metaspace: 77279K(78016K)->77279K(78016K) NonClass: 66563K(66944K)->66563K(66944K) Class: 10715K(11072K)->10715K(11072K)
[33.004s][info ][gc             ] GC(69) Pause Young (Allocation Failure) 2202M->400M(2311M) 20.947ms
[33.004s][info ][gc,cpu         ] GC(69) User=0.07s Sys=0.00s Real=0.02s
[33.004s][info ][safepoint      ] Safepoint "ParallelGCFailedAllocation", Time since last: 481942018 ns, Reaching safepoint: 262804 ns, At safepoint: 21057355 ns, Total: 21320159 ns
[33.482s][info ][gc,start       ] GC(70) Pause Young (Allocation Failure)
[33.503s][debug][gc,phases      ] GC(70) Scavenge 20.601ms
[33.503s][debug][gc,ref         ] GC(70) Skipped phase 1 of Reference Processing: no references
[33.503s][debug][gc,ref         ] GC(70) Skipped phase 3 of Reference Processing: no references
[33.503s][debug][gc,phases      ] GC(70) Reference Processing 0.035ms
[33.504s][debug][gc,phases      ] GC(70) Weak Processing 0.604ms
[33.504s][debug][gc,age         ] GC(70) Desired survivor size 110624768 bytes, new threshold 15 (max threshold 15)
[33.504s][info ][gc,heap        ] GC(70) PSYoungGen: 1894571K(1968128K)->47709K(1989120K) Eden: 1846272K(1846272K)->0K(1874944K) From: 48299K(121856K)->47709K(114176K)
[33.504s][info ][gc,heap        ] GC(70) ParOldGen: 361639K(398336K)->362775K(398336K)
[33.504s][info ][gc,metaspace   ] GC(70) Metaspace: 77319K(78016K)->77319K(78016K) NonClass: 66601K(66944K)->66601K(66944K) Class: 10718K(11072K)->10718K(11072K)
[33.504s][info ][gc             ] GC(70) Pause Young (Allocation Failure) 2203M->400M(2331M) 21.391ms
[33.504s][info ][gc,cpu         ] GC(70) User=0.08s Sys=0.00s Real=0.02s
[33.504s][info ][safepoint      ] Safepoint "ParallelGCFailedAllocation", Time since last: 478327756 ns, Reaching safepoint: 218804 ns, At safepoint: 21512162 ns, Total: 21730966 ns
[34.019s][info ][gc,start       ] GC(71) Pause Young (Allocation Failure)
[34.039s][debug][gc,phases      ] GC(71) Scavenge 19.925ms
[34.039s][debug][gc,ref         ] GC(71) Skipped phase 1 of Reference Processing: no references
[34.039s][debug][gc,ref         ] GC(71) Skipped phase 3 of Reference Processing: no references
[34.039s][debug][gc,ref         ] GC(71) Skipped phase 4 of Reference Processing: no references
[34.039s][debug][gc,phases      ] GC(71) Reference Processing 0.029ms
[34.040s][debug][gc,phases      ] GC(71) Weak Processing 0.589ms
[34.040s][debug][gc,age         ] GC(71) Desired survivor size 104333312 bytes, new threshold 15 (max threshold 15)
[34.040s][info ][gc,heap        ] GC(71) PSYoungGen: 1922653K(1989120K)->47549K(1982976K) Eden: 1874944K(1874944K)->0K(1874944K) From: 47709K(114176K)->47549K(108032K)
[34.040s][info ][gc,heap        ] GC(71) ParOldGen: 362775K(398336K)->363651K(398336K)
[34.040s][info ][gc,metaspace   ] GC(71) Metaspace: 77384K(78080K)->77384K(78080K) NonClass: 66666K(67008K)->66666K(67008K) Class: 10718K(11072K)->10718K(11072K)
[34.040s][info ][gc             ] GC(71) Pause Young (Allocation Failure) 2231M->401M(2325M) 20.710ms
[34.040s][info ][gc,cpu         ] GC(71) User=0.08s Sys=0.00s Real=0.02s
[34.040s][info ][safepoint      ] Safepoint "ParallelGCFailedAllocation", Time since last: 514665469 ns, Reaching safepoint: 260905 ns, At safepoint: 20830351 ns, Total: 21091256 ns
[34.579s][info ][gc,start       ] GC(72) Pause Young (Allocation Failure)
[34.598s][debug][gc,phases      ] GC(72) Scavenge 18.932ms
[34.598s][debug][gc,ref         ] GC(72) Skipped phase 1 of Reference Processing: no references
[34.598s][debug][gc,ref         ] GC(72) Skipped phase 3 of Reference Processing: no references
[34.598s][debug][gc,ref         ] GC(72) Skipped phase 4 of Reference Processing: no references
[34.598s][debug][gc,phases      ] GC(72) Reference Processing 0.031ms
[34.599s][debug][gc,phases      ] GC(72) Weak Processing 0.588ms
[34.599s][debug][gc,age         ] GC(72) Desired survivor size 99090432 bytes, new threshold 15 (max threshold 15)
[34.599s][info ][gc,heap        ] GC(72) PSYoungGen: 1922493K(1982976K)->46701K(2000384K) Eden: 1874944K(1874944K)->0K(1898496K) From: 47549K(108032K)->46701K(101888K)
[34.599s][info ][gc,heap        ] GC(72) ParOldGen: 363651K(398336K)->365019K(398336K)
[34.599s][info ][gc,metaspace   ] GC(72) Metaspace: 77404K(78144K)->77404K(78144K) NonClass: 66684K(67072K)->66684K(67072K) Class: 10719K(11072K)->10719K(11072K)
[34.599s][info ][gc             ] GC(72) Pause Young (Allocation Failure) 2232M->402M(2342M) 19.721ms
[34.599s][info ][gc,cpu         ] GC(72) User=0.07s Sys=0.00s Real=0.02s
[34.599s][info ][safepoint      ] Safepoint "ParallelGCFailedAllocation", Time since last: 539075279 ns, Reaching safepoint: 234004 ns, At safepoint: 19832634 ns, Total: 20066638 ns
[35.126s][info ][gc,start       ] GC(73) Pause Young (Allocation Failure)
[35.143s][debug][gc,phases      ] GC(73) Scavenge 16.989ms
[35.143s][debug][gc,ref         ] GC(73) Skipped phase 1 of Reference Processing: no references
[35.143s][debug][gc,ref         ] GC(73) Skipped phase 3 of Reference Processing: no references
[35.143s][debug][gc,ref         ] GC(73) Skipped phase 4 of Reference Processing: no references
[35.143s][debug][gc,phases      ] GC(73) Reference Processing 0.027ms
[35.144s][debug][gc,phases      ] GC(73) Weak Processing 0.587ms
[35.144s][debug][gc,age         ] GC(73) Desired survivor size 94371840 bytes, new threshold 15 (max threshold 15)
[35.144s][info ][gc,heap        ] GC(73) PSYoungGen: 1945197K(2000384K)->45981K(1995264K) Eden: 1898496K(1898496K)->0K(1898496K) From: 46701K(101888K)->45981K(96768K)
[35.144s][info ][gc,heap        ] GC(73) ParOldGen: 365019K(398336K)->366419K(398336K)
[35.144s][info ][gc,metaspace   ] GC(73) Metaspace: 77424K(78144K)->77424K(78144K) NonClass: 66704K(67072K)->66704K(67072K) Class: 10719K(11072K)->10719K(11072K)
[35.144s][info ][gc             ] GC(73) Pause Young (Allocation Failure) 2256M->402M(2337M) 17.747ms
[35.144s][info ][gc,cpu         ] GC(73) User=0.06s Sys=0.01s Real=0.02s
[35.144s][info ][safepoint      ] Safepoint "ParallelGCFailedAllocation", Time since last: 526893975 ns, Reaching safepoint: 233004 ns, At safepoint: 17861801 ns, Total: 18094805 ns
[35.678s][info ][gc,start       ] GC(74) Pause Young (Allocation Failure)
[35.698s][debug][gc,phases      ] GC(74) Scavenge 19.993ms
[35.698s][debug][gc,ref         ] GC(74) Skipped phase 1 of Reference Processing: no references
[35.698s][debug][gc,ref         ] GC(74) Skipped phase 3 of Reference Processing: no references
[35.698s][debug][gc,phases      ] GC(74) Reference Processing 0.029ms
[35.699s][debug][gc,phases      ] GC(74) Weak Processing 0.578ms
[35.699s][debug][gc,age         ] GC(74) Desired survivor size 93323264 bytes, new threshold 15 (max threshold 15)
[35.699s][info ][gc,heap        ] GC(74) PSYoungGen: 1944477K(1995264K)->27196K(2006016K) Eden: 1898496K(1898496K)->0K(1913856K) From: 45981K(96768K)->27196K(92160K)
[35.699s][info ][gc,heap        ] GC(74) ParOldGen: 366419K(398336K)->385844K(398336K)
[35.699s][info ][gc,metaspace   ] GC(74) Metaspace: 77448K(78144K)->77448K(78144K) NonClass: 66725K(67072K)->66725K(67072K) Class: 10722K(11072K)->10722K(11072K)
[35.699s][info ][gc             ] GC(74) Pause Young (Allocation Failure) 2256M->403M(2348M) 20.775ms
[35.699s][info ][gc,cpu         ] GC(74) User=0.09s Sys=0.00s Real=0.02s
[35.699s][info ][safepoint      ] Safepoint "ParallelGCFailedAllocation", Time since last: 532180464 ns, Reaching safepoint: 2218137 ns, At safepoint: 20900552 ns, Total: 23118689 ns
[36.298s][info ][gc,start       ] GC(75) Pause Young (Allocation Failure)
[36.313s][debug][gc,phases      ] GC(75) Scavenge 14.956ms
[36.313s][debug][gc,ref         ] GC(75) Skipped phase 1 of Reference Processing: no references
[36.313s][debug][gc,ref         ] GC(75) Skipped phase 3 of Reference Processing: no references
[36.313s][debug][gc,ref         ] GC(75) Skipped phase 4 of Reference Processing: no references
[36.313s][debug][gc,phases      ] GC(75) Reference Processing 0.023ms
[36.313s][debug][gc,phases      ] GC(75) Weak Processing 0.587ms
[36.313s][debug][gc,age         ] GC(75) Desired survivor size 92274688 bytes, new threshold 15 (max threshold 15)
[36.313s][info ][gc,heap        ] GC(75) PSYoungGen: 1941052K(2006016K)->26288K(2004992K) Eden: 1913856K(1913856K)->0K(1913856K) From: 27196K(92160K)->26288K(91136K)
[36.313s][info ][gc,heap        ] GC(75) ParOldGen: 385844K(398336K)->387480K(398336K)
[36.313s][info ][gc,metaspace   ] GC(75) Metaspace: 77474K(78208K)->77474K(78208K) NonClass: 66751K(67136K)->66751K(67136K) Class: 10722K(11072K)->10722K(11072K)
[36.313s][info ][gc             ] GC(75) Pause Young (Allocation Failure) 2272M->404M(2347M) 15.714ms
[36.313s][info ][gc,cpu         ] GC(75) User=0.06s Sys=0.00s Real=0.01s
[36.313s][debug][gc,phases      ] GC(76) Pre Compact 0.017ms
[36.313s][info ][gc,start       ] GC(76) Pause Full (Ergonomics)
[36.313s][info ][gc,phases,start] GC(76) Marking Phase
[36.439s][debug][gc,phases      ] GC(76) Par Mark 125.803ms
[36.439s][debug][gc,ref         ] GC(76) Skipped phase 1 of Reference Processing: no references
[36.439s][debug][gc,ref         ] GC(76) Skipped phase 3 of Reference Processing: no references
[36.439s][debug][gc,phases      ] GC(76) Reference Processing 0.112ms
[36.440s][debug][gc,phases      ] GC(76) Weak Processing 0.567ms
[36.440s][debug][gc,phases      ] GC(76) ClassLoaderData 0.067ms
[36.440s][debug][gc,phases      ] GC(76) Trigger cleanups 0.000ms
[36.454s][debug][gc,phases      ] GC(76) Class Unloading 13.702ms
[36.454s][info ][gc,phases      ] GC(76) Marking Phase 140.360ms
[36.454s][info ][gc,phases,start] GC(76) Summary Phase
[36.454s][info ][gc,phases      ] GC(76) Summary Phase 0.010ms
[36.454s][info ][gc,phases,start] GC(76) Adjust Roots
[36.478s][info ][gc,phases      ] GC(76) Adjust Roots 24.294ms
[36.478s][info ][gc,phases,start] GC(76) Compaction Phase
[36.719s][info ][gc,phases      ] GC(76) Compaction Phase 241.215ms
[36.719s][info ][gc,phases,start] GC(76) Post Compact
[36.721s][info ][gc,phases      ] GC(76) Post Compact 1.181ms
[36.721s][info ][gc,heap        ] GC(76) PSYoungGen: 26288K(2004992K)->3116K(2004992K) Eden: 0K(1913856K)->0K(1913856K) From: 26288K(91136K)->3116K(91136K)
[36.721s][info ][gc,heap        ] GC(76) ParOldGen: 387480K(398336K)->397960K(461312K)
[36.721s][info ][gc,metaspace   ] GC(76) Metaspace: 77474K(78208K)->77474K(78208K) NonClass: 66751K(67136K)->66751K(67136K) Class: 10722K(11072K)->10722K(11072K)
[36.721s][info ][gc             ] GC(76) Pause Full (Ergonomics) 404M->391M(2408M) 407.346ms
[36.721s][info ][gc,cpu         ] GC(76) User=1.47s Sys=0.01s Real=0.41s
[36.723s][info ][safepoint      ] Safepoint "ParallelGCFailedAllocation", Time since last: 594104107 ns, Reaching safepoint: 4378173 ns, At safepoint: 425541468 ns, Total: 429919641 ns
[37.265s][info ][gc,start       ] GC(77) Pause Young (Allocation Failure)
[37.311s][debug][gc,phases      ] GC(77) Scavenge 45.171ms
[37.311s][debug][gc,ref         ] GC(77) Skipped phase 1 of Reference Processing: no references
[37.311s][debug][gc,ref         ] GC(77) Skipped phase 3 of Reference Processing: no references
[37.311s][debug][gc,ref         ] GC(77) Skipped phase 4 of Reference Processing: no references
[37.311s][debug][gc,phases      ] GC(77) Reference Processing 0.026ms
[37.311s][debug][gc,phases      ] GC(77) Weak Processing 0.571ms
[37.311s][debug][gc,age         ] GC(77) Desired survivor size 94371840 bytes, new threshold 15 (max threshold 15)
[37.311s][info ][gc,heap        ] GC(77) PSYoungGen: 1916972K(2004992K)->3536K(2002944K) Eden: 1913856K(1913856K)->0K(1912832K) From: 3116K(91136K)->3536K(90112K)
[37.311s][info ][gc,heap        ] GC(77) ParOldGen: 397960K(461312K)->398888K(461312K)
[37.311s][info ][gc,metaspace   ] GC(77) Metaspace: 77501K(78208K)->77501K(78208K) NonClass: 66777K(67136K)->66777K(67136K) Class: 10724K(11072K)->10724K(11072K)
[37.311s][info ][gc             ] GC(77) Pause Young (Allocation Failure) 2260M->392M(2406M) 45.910ms
[37.311s][info ][gc,cpu         ] GC(77) User=0.18s Sys=0.00s Real=0.05s
[37.311s][info ][safepoint      ] Safepoint "ParallelGCFailedAllocation", Time since last: 541652323 ns, Reaching safepoint: 564910 ns, At safepoint: 46036875 ns, Total: 46601785 ns
[37.882s][info ][gc,start       ] GC(78) Pause Young (Allocation Failure)
[37.888s][debug][gc,phases      ] GC(78) Scavenge 5.639ms
[37.888s][debug][gc,ref         ] GC(78) Skipped phase 1 of Reference Processing: no references
[37.888s][debug][gc,ref         ] GC(78) Skipped phase 3 of Reference Processing: no references
[37.888s][debug][gc,ref         ] GC(78) Skipped phase 4 of Reference Processing: no references
[37.888s][debug][gc,phases      ] GC(78) Reference Processing 0.024ms
[37.888s][debug][gc,phases      ] GC(78) Weak Processing 0.542ms
[37.888s][debug][gc,age         ] GC(78) Desired survivor size 95420416 bytes, new threshold 15 (max threshold 15)
[37.888s][info ][gc,heap        ] GC(78) PSYoungGen: 1916368K(2002944K)->4208K(1917440K) Eden: 1912832K(1912832K)->0K(1912832K) From: 3536K(90112K)->4208K(4608K)
[37.888s][info ][gc,heap        ] GC(78) ParOldGen: 398888K(461312K)->399224K(461312K)
[37.888s][info ][gc,metaspace   ] GC(78) Metaspace: 77518K(78208K)->77518K(78208K) NonClass: 66794K(67136K)->66794K(67136K) Class: 10724K(11072K)->10724K(11072K)
[37.888s][info ][gc             ] GC(78) Pause Young (Allocation Failure) 2260M->393M(2323M) 6.351ms
[37.888s][info ][gc,cpu         ] GC(78) User=0.01s Sys=0.00s Real=0.00s
[37.888s][info ][safepoint      ] Safepoint "ParallelGCFailedAllocation", Time since last: 570257605 ns, Reaching safepoint: 237004 ns, At safepoint: 6470509 ns, Total: 6707513 ns
[38.428s][info ][gc,start       ] GC(79) Pause Young (Allocation Failure)
[38.435s][debug][gc,phases      ] GC(79) Scavenge 7.493ms
[38.435s][debug][gc,ref         ] GC(79) Skipped phase 1 of Reference Processing: no references
[38.435s][debug][gc,ref         ] GC(79) Skipped phase 3 of Reference Processing: no references
[38.435s][debug][gc,ref         ] GC(79) Skipped phase 4 of Reference Processing: no references
[38.435s][debug][gc,phases      ] GC(79) Reference Processing 0.023ms
[38.436s][debug][gc,phases      ] GC(79) Weak Processing 0.565ms
[38.436s][debug][gc,age         ] GC(79) Desired survivor size 94896128 bytes, new threshold 15 (max threshold 15)
[38.436s][info ][gc,heap        ] GC(79) PSYoungGen: 1917040K(1917440K)->6064K(2004480K) Eden: 1912832K(1912832K)->0K(1911296K) From: 4208K(4608K)->6064K(93184K)
[38.436s][info ][gc,heap        ] GC(79) ParOldGen: 399224K(461312K)->399360K(461312K)
[38.436s][info ][gc,metaspace   ] GC(79) Metaspace: 77537K(78208K)->77537K(78208K) NonClass: 66813K(67136K)->66813K(67136K) Class: 10724K(11072K)->10724K(11072K)
[38.436s][info ][gc             ] GC(79) Pause Young (Allocation Failure) 2261M->395M(2408M) 8.238ms
[38.436s][info ][gc,cpu         ] GC(79) User=0.03s Sys=0.00s Real=0.01s
[38.436s][info ][safepoint      ] Safepoint "ParallelGCFailedAllocation", Time since last: 539252382 ns, Reaching safepoint: 182204 ns, At safepoint: 8352240 ns, Total: 8534444 ns
[39.110s][info ][safepoint      ] Safepoint "ICBufferFull", Time since last: 673990052 ns, Reaching safepoint: 240304 ns, At safepoint: 10600 ns, Total: 250904 ns
[39.489s][info ][safepoint      ] Safepoint "ICBufferFull", Time since last: 378218371 ns, Reaching safepoint: 194503 ns, At safepoint: 4800 ns, Total: 199303 ns
[40.321s][info ][safepoint      ] Safepoint "ICBufferFull", Time since last: 832427320 ns, Reaching safepoint: 201304 ns, At safepoint: 11400 ns, Total: 212704 ns
[41.146s][info ][safepoint      ] Safepoint "ICBufferFull", Time since last: 824641489 ns, Reaching safepoint: 193704 ns, At safepoint: 9900 ns, Total: 203604 ns
[42.147s][info ][safepoint      ] Safepoint "Cleanup", Time since last: 1000106544 ns, Reaching safepoint: 222104 ns, At safepoint: 11900 ns, Total: 234004 ns
[43.147s][info ][safepoint      ] Safepoint "Cleanup", Time since last: 1000111244 ns, Reaching safepoint: 289705 ns, At safepoint: 12500 ns, Total: 302205 ns
[43.566s][info ][safepoint      ] Safepoint "ICBufferFull", Time since last: 418954357 ns, Reaching safepoint: 275104 ns, At safepoint: 23601 ns, Total: 298705 ns
[43.696s][info ][safepoint      ] Safepoint "ICBufferFull", Time since last: 129548482 ns, Reaching safepoint: 335105 ns, At safepoint: 13100 ns, Total: 348205 ns
[43.767s][info ][safepoint      ] Safepoint "ICBufferFull", Time since last: 71089398 ns, Reaching safepoint: 86001 ns, At safepoint: 16500 ns, Total: 102501 ns
[44.768s][info ][safepoint      ] Safepoint "Cleanup", Time since last: 1000125845 ns, Reaching safepoint: 193703 ns, At safepoint: 13500 ns, Total: 207203 ns
[45.768s][info ][safepoint      ] Safepoint "Cleanup", Time since last: 1000117444 ns, Reaching safepoint: 164503 ns, At safepoint: 12900 ns, Total: 177403 ns
[46.768s][info ][safepoint      ] Safepoint "Cleanup", Time since last: 1000121944 ns, Reaching safepoint: 205204 ns, At safepoint: 12300 ns, Total: 217504 ns
[47.769s][info ][safepoint      ] Safepoint "Cleanup", Time since last: 1000118844 ns, Reaching safepoint: 152003 ns, At safepoint: 15100 ns, Total: 167103 ns
[47.987s][info ][gc,start       ] GC(80) Pause Young (Allocation Failure)
[47.996s][debug][gc,phases      ] GC(80) Scavenge 9.507ms
[47.996s][debug][gc,ref         ] GC(80) Skipped phase 1 of Reference Processing: no references
[47.996s][debug][gc,ref         ] GC(80) Skipped phase 3 of Reference Processing: no references
[47.996s][debug][gc,phases      ] GC(80) Reference Processing 0.033ms
[47.997s][debug][gc,phases      ] GC(80) Weak Processing 0.567ms
[47.997s][debug][gc,age         ] GC(80) Desired survivor size 92798976 bytes, new threshold 15 (max threshold 15)
[47.997s][info ][gc,heap        ] GC(80) PSYoungGen: 1917360K(2004480K)->11008K(2003968K) Eden: 1911296K(1911296K)->0K(1911296K) From: 6064K(93184K)->11008K(92672K)
[47.997s][info ][gc,heap        ] GC(80) ParOldGen: 399360K(461312K)->399496K(461312K)
[47.997s][info ][gc,metaspace   ] GC(80) Metaspace: 78352K(79040K)->78352K(79040K) NonClass: 67569K(67904K)->67569K(67904K) Class: 10783K(11136K)->10783K(11136K)
[47.997s][info ][gc             ] GC(80) Pause Young (Allocation Failure) 2262M->400M(2407M) 10.252ms
[47.997s][info ][gc,cpu         ] GC(80) User=0.04s Sys=0.00s Real=0.01s
[47.997s][info ][safepoint      ] Safepoint "ParallelGCFailedAllocation", Time since last: 217701966 ns, Reaching safepoint: 166603 ns, At safepoint: 10345574 ns, Total: 10512177 ns
[48.997s][info ][safepoint      ] Safepoint "Cleanup", Time since last: 1000104044 ns, Reaching safepoint: 170703 ns, At safepoint: 12000 ns, Total: 182703 ns
[50.097s][info ][safepoint      ] Safepoint "Cleanup", Time since last: 1099910924 ns, Reaching safepoint: 218704 ns, At safepoint: 11500 ns, Total: 230204 ns
[51.098s][info ][safepoint      ] Safepoint "Cleanup", Time since last: 1000125344 ns, Reaching safepoint: 76901 ns, At safepoint: 14700 ns, Total: 91601 ns
[52.098s][info ][safepoint      ] Safepoint "Cleanup", Time since last: 1000134144 ns, Reaching safepoint: 182003 ns, At safepoint: 13200 ns, Total: 195203 ns
[53.098s][info ][safepoint      ] Safepoint "Cleanup", Time since last: 1000137144 ns, Reaching safepoint: 123302 ns, At safepoint: 13400 ns, Total: 136702 ns
[54.098s][info ][safepoint      ] Safepoint "Cleanup", Time since last: 1000116043 ns, Reaching safepoint: 87702 ns, At safepoint: 9400 ns, Total: 97102 ns
[55.099s][info ][safepoint      ] Safepoint "Cleanup", Time since last: 1000119343 ns, Reaching safepoint: 145502 ns, At safepoint: 19201 ns, Total: 164703 ns
[56.099s][info ][safepoint      ] Safepoint "Cleanup", Time since last: 1000127443 ns, Reaching safepoint: 267804 ns, At safepoint: 9000 ns, Total: 276804 ns
[57.099s][info ][safepoint      ] Safepoint "Cleanup", Time since last: 1000114743 ns, Reaching safepoint: 150402 ns, At safepoint: 11401 ns, Total: 161803 ns
[58.591s][info ][safepoint      ] Safepoint "Cleanup", Time since last: 1491111711 ns, Reaching safepoint: 236304 ns, At safepoint: 12100 ns, Total: 248404 ns
[59.591s][info ][safepoint      ] Safepoint "Cleanup", Time since last: 1000113942 ns, Reaching safepoint: 158403 ns, At safepoint: 9300 ns, Total: 167703 ns
[60.591s][info ][safepoint      ] Safepoint "Cleanup", Time since last: 1000116842 ns, Reaching safepoint: 131303 ns, At safepoint: 17900 ns, Total: 149203 ns
[61.591s][info ][safepoint      ] Safepoint "Cleanup", Time since last: 1000104642 ns, Reaching safepoint: 115002 ns, At safepoint: 15400 ns, Total: 130402 ns
[62.592s][info ][safepoint      ] Safepoint "Cleanup", Time since last: 1000110642 ns, Reaching safepoint: 174103 ns, At safepoint: 8800 ns, Total: 182903 ns
[63.592s][info ][safepoint      ] Safepoint "Cleanup", Time since last: 1000109442 ns, Reaching safepoint: 152103 ns, At safepoint: 11800 ns, Total: 163903 ns
[64.592s][info ][safepoint      ] Safepoint "Cleanup", Time since last: 1000107541 ns, Reaching safepoint: 150203 ns, At safepoint: 10300 ns, Total: 160503 ns
[65.593s][info ][safepoint      ] Safepoint "Cleanup", Time since last: 1000111442 ns, Reaching safepoint: 133502 ns, At safepoint: 8800 ns, Total: 142302 ns
[66.593s][info ][safepoint      ] Safepoint "Cleanup", Time since last: 1000106242 ns, Reaching safepoint: 166502 ns, At safepoint: 9001 ns, Total: 175503 ns
[67.593s][info ][safepoint      ] Safepoint "Cleanup", Time since last: 1000104041 ns, Reaching safepoint: 142402 ns, At safepoint: 11600 ns, Total: 154002 ns
[68.593s][info ][safepoint      ] Safepoint "Cleanup", Time since last: 1000102141 ns, Reaching safepoint: 122103 ns, At safepoint: 9200 ns, Total: 131303 ns
[68.792s][info ][gc,start       ] GC(81) Pause Young (Allocation Failure)
[68.800s][debug][gc,phases      ] GC(81) Scavenge 7.922ms
[68.800s][debug][gc,ref         ] GC(81) Skipped phase 1 of Reference Processing: no references
[68.800s][debug][gc,ref         ] GC(81) Skipped phase 3 of Reference Processing: no references
[68.800s][debug][gc,phases      ] GC(81) Reference Processing 0.029ms
[68.801s][debug][gc,phases      ] GC(81) Weak Processing 0.568ms
[68.801s][debug][gc,age         ] GC(81) Desired survivor size 90177536 bytes, new threshold 15 (max threshold 15)
[68.801s][info ][gc,heap        ] GC(81) PSYoungGen: 1922304K(2003968K)->11152K(2009088K) Eden: 1911296K(1911296K)->0K(1918464K) From: 11008K(92672K)->11152K(90624K)
[68.801s][info ][gc,heap        ] GC(81) ParOldGen: 399496K(461312K)->399632K(461312K)
[68.801s][info ][gc,metaspace   ] GC(81) Metaspace: 78705K(79424K)->78705K(79424K) NonClass: 67907K(68288K)->67907K(68288K) Class: 10798K(11136K)->10798K(11136K)
[68.801s][info ][gc             ] GC(81) Pause Young (Allocation Failure) 2267M->401M(2412M) 8.670ms
[68.801s][info ][gc,cpu         ] GC(81) User=0.03s Sys=0.00s Real=0.01s
[68.801s][info ][safepoint      ] Safepoint "ParallelGCFailedAllocation", Time since last: 198553643 ns, Reaching safepoint: 99302 ns, At safepoint: 8778548 ns, Total: 8877850 ns
[69.801s][info ][safepoint      ] Safepoint "Cleanup", Time since last: 1000085140 ns, Reaching safepoint: 66801 ns, At safepoint: 9201 ns, Total: 76002 ns
[70.801s][info ][safepoint      ] Safepoint "Cleanup", Time since last: 1000104941 ns, Reaching safepoint: 114901 ns, At safepoint: 6701 ns, Total: 121602 ns
[71.801s][info ][safepoint      ] Safepoint "Cleanup", Time since last: 1000108240 ns, Reaching safepoint: 92802 ns, At safepoint: 12700 ns, Total: 105502 ns
[72.801s][info ][safepoint      ] Safepoint "Cleanup", Time since last: 1000065840 ns, Reaching safepoint: 54001 ns, At safepoint: 9200 ns, Total: 63201 ns
[73.802s][info ][safepoint      ] Safepoint "Cleanup", Time since last: 1000110941 ns, Reaching safepoint: 64601 ns, At safepoint: 9100 ns, Total: 73701 ns
[74.802s][info ][safepoint      ] Safepoint "Cleanup", Time since last: 1000106441 ns, Reaching safepoint: 54400 ns, At safepoint: 3301 ns, Total: 57701 ns
[75.802s][info ][safepoint      ] Safepoint "Cleanup", Time since last: 1000115040 ns, Reaching safepoint: 60701 ns, At safepoint: 6300 ns, Total: 67001 ns
[76.802s][info ][safepoint      ] Safepoint "Cleanup", Time since last: 1000106640 ns, Reaching safepoint: 50001 ns, At safepoint: 3800 ns, Total: 53801 ns
[77.802s][info ][safepoint      ] Safepoint "Cleanup", Time since last: 1000115641 ns, Reaching safepoint: 71301 ns, At safepoint: 15400 ns, Total: 86701 ns
[78.803s][info ][safepoint      ] Safepoint "Cleanup", Time since last: 1000123840 ns, Reaching safepoint: 44101 ns, At safepoint: 3700 ns, Total: 47801 ns
[79.803s][info ][safepoint      ] Safepoint "Cleanup", Time since last: 1000150641 ns, Reaching safepoint: 59401 ns, At safepoint: 12600 ns, Total: 72001 ns
[80.988s][info ][safepoint      ] Safepoint "ICBufferFull", Time since last: 1185263957 ns, Reaching safepoint: 196104 ns, At safepoint: 16800 ns, Total: 212904 ns
[82.527s][info ][safepoint      ] Safepoint "Cleanup", Time since last: 1538131499 ns, Reaching safepoint: 177403 ns, At safepoint: 12400 ns, Total: 189803 ns
[83.527s][info ][safepoint      ] Safepoint "Cleanup", Time since last: 1000114139 ns, Reaching safepoint: 81002 ns, At safepoint: 8800 ns, Total: 89802 ns
[85.527s][info ][safepoint      ] Safepoint "Cleanup", Time since last: 2000180878 ns, Reaching safepoint: 48001 ns, At safepoint: 3700 ns, Total: 51701 ns
[86.527s][info ][safepoint      ] Safepoint "Cleanup", Time since last: 1000129539 ns, Reaching safepoint: 62201 ns, At safepoint: 6800 ns, Total: 69001 ns
[87.527s][info ][safepoint      ] Safepoint "Cleanup", Time since last: 1000133840 ns, Reaching safepoint: 85501 ns, At safepoint: 7400 ns, Total: 92901 ns
[88.528s][info ][safepoint      ] Safepoint "Cleanup", Time since last: 1000072439 ns, Reaching safepoint: 63601 ns, At safepoint: 3200 ns, Total: 66801 ns
[89.528s][info ][safepoint      ] Safepoint "Cleanup", Time since last: 1000104638 ns, Reaching safepoint: 55201 ns, At safepoint: 3400 ns, Total: 58601 ns
[89.544s][info ][gc,start       ] GC(82) Pause Young (Allocation Failure)
[89.553s][debug][gc,phases      ] GC(82) Scavenge 8.754ms
[89.553s][debug][gc,ref         ] GC(82) Skipped phase 1 of Reference Processing: no references
[89.553s][debug][gc,ref         ] GC(82) Skipped phase 3 of Reference Processing: no references
[89.553s][debug][gc,phases      ] GC(82) Reference Processing 0.033ms
[89.553s][debug][gc,phases      ] GC(82) Weak Processing 0.583ms
[89.553s][debug][gc,age         ] GC(82) Desired survivor size 87031808 bytes, new threshold 15 (max threshold 15)
[89.553s][info ][gc,heap        ] GC(82) PSYoungGen: 1929616K(2009088K)->11824K(2006528K) Eden: 1918464K(1918464K)->0K(1918464K) From: 11152K(90624K)->11824K(88064K)
[89.553s][info ][gc,heap        ] GC(82) ParOldGen: 399632K(461312K)->399688K(461312K)
[89.553s][info ][gc,metaspace   ] GC(82) Metaspace: 79109K(79872K)->79109K(79872K) NonClass: 68277K(68672K)->68277K(68672K) Class: 10831K(11200K)->10831K(11200K)
[89.554s][info ][gc             ] GC(82) Pause Young (Allocation Failure) 2274M->401M(2410M) 9.532ms
[89.554s][info ][gc,cpu         ] GC(82) User=0.04s Sys=0.00s Real=0.01s
[89.554s][info ][safepoint      ] Safepoint "ParallelGCFailedAllocation", Time since last: 16174273 ns, Reaching safepoint: 43101 ns, At safepoint: 9630962 ns, Total: 9674063 ns
[90.554s][info ][safepoint      ] Safepoint "Cleanup", Time since last: 1000094138 ns, Reaching safepoint: 67101 ns, At safepoint: 13200 ns, Total: 80301 ns
[91.554s][info ][safepoint      ] Safepoint "Cleanup", Time since last: 1000116839 ns, Reaching safepoint: 68401 ns, At safepoint: 6300 ns, Total: 74701 ns
[92.554s][info ][safepoint      ] Safepoint "Cleanup", Time since last: 1000114439 ns, Reaching safepoint: 65701 ns, At safepoint: 33401 ns, Total: 99102 ns
[93.554s][info ][safepoint      ] Safepoint "Cleanup", Time since last: 1000106638 ns, Reaching safepoint: 52901 ns, At safepoint: 4700 ns, Total: 57601 ns
[94.555s][info ][safepoint      ] Safepoint "Cleanup", Time since last: 1000111938 ns, Reaching safepoint: 76501 ns, At safepoint: 8701 ns, Total: 85202 ns
[95.555s][info ][safepoint      ] Safepoint "Cleanup", Time since last: 1000123938 ns, Reaching safepoint: 106102 ns, At safepoint: 9400 ns, Total: 115502 ns
[96.555s][info ][safepoint      ] Safepoint "Cleanup", Time since last: 1000104138 ns, Reaching safepoint: 82501 ns, At safepoint: 6400 ns, Total: 88901 ns
[97.555s][info ][safepoint      ] Safepoint "Cleanup", Time since last: 1000094938 ns, Reaching safepoint: 58301 ns, At safepoint: 8500 ns, Total: 66801 ns
[98.555s][info ][safepoint      ] Safepoint "Cleanup", Time since last: 1000108038 ns, Reaching safepoint: 49501 ns, At safepoint: 5200 ns, Total: 54701 ns
[99.555s][info ][safepoint      ] Safepoint "Cleanup", Time since last: 1000115738 ns, Reaching safepoint: 54500 ns, At safepoint: 6601 ns, Total: 61101 ns
[100.556s][info ][safepoint      ] Safepoint "Cleanup", Time since last: 1000113737 ns, Reaching safepoint: 58701 ns, At safepoint: 3400 ns, Total: 62101 ns
[101.556s][info ][safepoint      ] Safepoint "Cleanup", Time since last: 1000112638 ns, Reaching safepoint: 60901 ns, At safepoint: 9500 ns, Total: 70401 ns
[102.556s][info ][safepoint      ] Safepoint "Cleanup", Time since last: 1000112237 ns, Reaching safepoint: 61001 ns, At safepoint: 3300 ns, Total: 64301 ns
[103.556s][info ][safepoint      ] Safepoint "Cleanup", Time since last: 1000113338 ns, Reaching safepoint: 64601 ns, At safepoint: 4700 ns, Total: 69301 ns
[104.556s][info ][safepoint      ] Safepoint "Cleanup", Time since last: 1000109237 ns, Reaching safepoint: 56501 ns, At safepoint: 3400 ns, Total: 59901 ns
[105.557s][info ][safepoint      ] Safepoint "Cleanup", Time since last: 1000124537 ns, Reaching safepoint: 56701 ns, At safepoint: 8600 ns, Total: 65301 ns
[106.557s][info ][safepoint      ] Safepoint "Cleanup", Time since last: 1000122838 ns, Reaching safepoint: 83501 ns, At safepoint: 9900 ns, Total: 93401 ns
[107.557s][info ][safepoint      ] Safepoint "Cleanup", Time since last: 1000117637 ns, Reaching safepoint: 73001 ns, At safepoint: 9000 ns, Total: 82001 ns
[108.557s][info ][safepoint      ] Safepoint "Cleanup", Time since last: 1000105137 ns, Reaching safepoint: 67101 ns, At safepoint: 9700 ns, Total: 76801 ns
[109.557s][info ][safepoint      ] Safepoint "Cleanup", Time since last: 1000117437 ns, Reaching safepoint: 49401 ns, At safepoint: 4200 ns, Total: 53601 ns
[111.389s][info ][gc,start       ] GC(83) Pause Young (Allocation Failure)
[111.396s][debug][gc,phases      ] GC(83) Scavenge 7.186ms
[111.396s][debug][gc,ref         ] GC(83) Skipped phase 1 of Reference Processing: no references
[111.396s][debug][gc,ref         ] GC(83) Skipped phase 3 of Reference Processing: no references
[111.396s][debug][gc,phases      ] GC(83) Reference Processing 0.029ms
[111.397s][debug][gc,phases      ] GC(83) Weak Processing 0.599ms
[111.397s][debug][gc,age         ] GC(83) Desired survivor size 83886080 bytes, new threshold 15 (max threshold 15)
[111.397s][info ][gc,heap        ] GC(83) PSYoungGen: 1930288K(2006528K)->11936K(2015232K) Eden: 1918464K(1918464K)->0K(1930240K) From: 11824K(88064K)->11936K(84992K)
[111.397s][info ][gc,heap        ] GC(83) ParOldGen: 399688K(461312K)->399744K(461312K)
[111.397s][info ][gc,metaspace   ] GC(83) Metaspace: 79183K(79936K)->79183K(79936K) NonClass: 68349K(68736K)->68349K(68736K) Class: 10833K(11200K)->10833K(11200K)
[111.397s][info ][gc             ] GC(83) Pause Young (Allocation Failure) 2275M->402M(2418M) 7.975ms
[111.397s][info ][gc,cpu         ] GC(83) User=0.03s Sys=0.00s Real=0.01s
[111.397s][info ][safepoint      ] Safepoint "ParallelGCFailedAllocation", Time since last: 1831235628 ns, Reaching safepoint: 119802 ns, At safepoint: 8068236 ns, Total: 8188038 ns
[112.397s][info ][safepoint      ] Safepoint "Cleanup", Time since last: 1000062635 ns, Reaching safepoint: 137703 ns, At safepoint: 18800 ns, Total: 156503 ns
[113.721s][info ][safepoint      ] Safepoint "Cleanup", Time since last: 1323604582 ns, Reaching safepoint: 139002 ns, At safepoint: 12500 ns, Total: 151502 ns
[115.296s][info ][safepoint      ] Safepoint "Cleanup", Time since last: 1574729110 ns, Reaching safepoint: 166903 ns, At safepoint: 11600 ns, Total: 178503 ns
[116.296s][info ][safepoint      ] Safepoint "Cleanup", Time since last: 1000105235 ns, Reaching safepoint: 54501 ns, At safepoint: 3400 ns, Total: 57901 ns
[117.296s][info ][safepoint      ] Safepoint "Cleanup", Time since last: 1000111336 ns, Reaching safepoint: 121902 ns, At safepoint: 11800 ns, Total: 133702 ns
[118.296s][info ][safepoint      ] Safepoint "Cleanup", Time since last: 1000107936 ns, Reaching safepoint: 52301 ns, At safepoint: 14200 ns, Total: 66501 ns
[119.296s][info ][safepoint      ] Safepoint "Cleanup", Time since last: 1000112836 ns, Reaching safepoint: 66201 ns, At safepoint: 3900 ns, Total: 70101 ns
[120.297s][info ][safepoint      ] Safepoint "Cleanup", Time since last: 1000110735 ns, Reaching safepoint: 145503 ns, At safepoint: 10100 ns, Total: 155603 ns
[121.297s][info ][safepoint      ] Safepoint "Cleanup", Time since last: 1000111335 ns, Reaching safepoint: 122402 ns, At safepoint: 7301 ns, Total: 129703 ns
[122.297s][info ][safepoint      ] Safepoint "Cleanup", Time since last: 1000121535 ns, Reaching safepoint: 59701 ns, At safepoint: 8900 ns, Total: 68601 ns
[123.297s][info ][safepoint      ] Safepoint "Cleanup", Time since last: 1000117335 ns, Reaching safepoint: 102802 ns, At safepoint: 13300 ns, Total: 116102 ns
[124.297s][info ][safepoint      ] Safepoint "Cleanup", Time since last: 1000103635 ns, Reaching safepoint: 60201 ns, At safepoint: 10000 ns, Total: 70201 ns
[125.298s][info ][safepoint      ] Safepoint "Cleanup", Time since last: 1000107935 ns, Reaching safepoint: 79702 ns, At safepoint: 8600 ns, Total: 88302 ns
[126.298s][info ][safepoint      ] Safepoint "Cleanup", Time since last: 1000065434 ns, Reaching safepoint: 63301 ns, At safepoint: 9500 ns, Total: 72801 ns
[127.298s][info ][safepoint      ] Safepoint "Cleanup", Time since last: 1000104335 ns, Reaching safepoint: 53400 ns, At safepoint: 3801 ns, Total: 57201 ns
[128.298s][info ][safepoint      ] Safepoint "Cleanup", Time since last: 1000099034 ns, Reaching safepoint: 65301 ns, At safepoint: 9200 ns, Total: 74501 ns
[129.298s][info ][safepoint      ] Safepoint "Cleanup", Time since last: 1000126935 ns, Reaching safepoint: 55401 ns, At safepoint: 6100 ns, Total: 61501 ns
[130.299s][info ][safepoint      ] Safepoint "Cleanup", Time since last: 1000125735 ns, Reaching safepoint: 58901 ns, At safepoint: 8100 ns, Total: 67001 ns
[131.299s][info ][safepoint      ] Safepoint "Cleanup", Time since last: 1000113334 ns, Reaching safepoint: 60301 ns, At safepoint: 8500 ns, Total: 68801 ns
[132.299s][info ][safepoint      ] Safepoint "Cleanup", Time since last: 1000125035 ns, Reaching safepoint: 130602 ns, At safepoint: 18400 ns, Total: 149002 ns
[133.299s][info ][safepoint      ] Safepoint "Cleanup", Time since last: 1000129134 ns, Reaching safepoint: 138003 ns, At safepoint: 10600 ns, Total: 148603 ns
[133.787s][info ][gc,start       ] GC(84) Pause Young (Allocation Failure)
[133.795s][debug][gc,phases      ] GC(84) Scavenge 7.321ms
[133.795s][debug][gc,ref         ] GC(84) Skipped phase 1 of Reference Processing: no references
[133.795s][debug][gc,ref         ] GC(84) Skipped phase 3 of Reference Processing: no references
[133.795s][debug][gc,phases      ] GC(84) Reference Processing 0.038ms
[133.795s][debug][gc,phases      ] GC(84) Weak Processing 0.679ms
[133.795s][debug][gc,age         ] GC(84) Desired survivor size 80216064 bytes, new threshold 15 (max threshold 15)
[133.795s][info ][gc,heap        ] GC(84) PSYoungGen: 1942176K(2015232K)->12496K(2012160K) Eden: 1930240K(1930240K)->0K(1930240K) From: 11936K(84992K)->12496K(81920K)
[133.795s][info ][gc,heap        ] GC(84) ParOldGen: 399744K(461312K)->399840K(461312K)
[133.795s][info ][gc,metaspace   ] GC(84) Metaspace: 79313K(80000K)->79313K(80000K) NonClass: 68477K(68800K)->68477K(68800K) Class: 10835K(11200K)->10835K(11200K)
[133.795s][info ][gc             ] GC(84) Pause Young (Allocation Failure) 2287M->402M(2415M) 8.213ms
[133.795s][info ][gc,cpu         ] GC(84) User=0.03s Sys=0.00s Real=0.01s
[133.795s][info ][safepoint      ] Safepoint "ParallelGCFailedAllocation", Time since last: 487856412 ns, Reaching safepoint: 41100 ns, At safepoint: 8316640 ns, Total: 8357740 ns
[134.796s][info ][safepoint      ] Safepoint "Cleanup", Time since last: 1000091934 ns, Reaching safepoint: 58901 ns, At safepoint: 10700 ns, Total: 69601 ns
[135.796s][info ][safepoint      ] Safepoint "Cleanup", Time since last: 1000108534 ns, Reaching safepoint: 66201 ns, At safepoint: 6200 ns, Total: 72401 ns
[136.358s][info ][safepoint      ] Safepoint "ICBufferFull", Time since last: 561962759 ns, Reaching safepoint: 66301 ns, At safepoint: 16300 ns, Total: 82601 ns
[137.358s][info ][safepoint      ] Safepoint "Cleanup", Time since last: 1000116834 ns, Reaching safepoint: 81901 ns, At safepoint: 7101 ns, Total: 89002 ns
[138.358s][info ][safepoint      ] Safepoint "Cleanup", Time since last: 1000119233 ns, Reaching safepoint: 68301 ns, At safepoint: 6501 ns, Total: 74802 ns
[138.659s][info ][safepoint      ] Safepoint "ICBufferFull", Time since last: 301004766 ns, Reaching safepoint: 64901 ns, At safepoint: 8700 ns, Total: 73601 ns
[138.666s][info ][safepoint      ] Safepoint "ICBufferFull", Time since last: 6903316 ns, Reaching safepoint: 44601 ns, At safepoint: 3100 ns, Total: 47701 ns
[139.666s][info ][safepoint      ] Safepoint "Cleanup", Time since last: 1000109434 ns, Reaching safepoint: 76301 ns, At safepoint: 7500 ns, Total: 83801 ns
[140.667s][info ][safepoint      ] Safepoint "Cleanup", Time since last: 1000111433 ns, Reaching safepoint: 59001 ns, At safepoint: 13801 ns, Total: 72802 ns
[141.667s][info ][safepoint      ] Safepoint "Cleanup", Time since last: 1000114133 ns, Reaching safepoint: 56901 ns, At safepoint: 3400 ns, Total: 60301 ns
[142.667s][info ][safepoint      ] Safepoint "Cleanup", Time since last: 1000092633 ns, Reaching safepoint: 52500 ns, At safepoint: 3101 ns, Total: 55601 ns
[143.667s][info ][safepoint      ] Safepoint "Cleanup", Time since last: 1000112133 ns, Reaching safepoint: 71601 ns, At safepoint: 8600 ns, Total: 80201 ns
[144.667s][info ][safepoint      ] Safepoint "Cleanup", Time since last: 1000116333 ns, Reaching safepoint: 53501 ns, At safepoint: 8300 ns, Total: 61801 ns
[145.668s][info ][safepoint      ] Safepoint "Cleanup", Time since last: 1000112333 ns, Reaching safepoint: 64201 ns, At safepoint: 4200 ns, Total: 68401 ns
[146.668s][info ][safepoint      ] Safepoint "Cleanup", Time since last: 1000109133 ns, Reaching safepoint: 64601 ns, At safepoint: 11600 ns, Total: 76201 ns
[147.668s][info ][safepoint      ] Safepoint "Cleanup", Time since last: 1000115833 ns, Reaching safepoint: 65001 ns, At safepoint: 8800 ns, Total: 73801 ns
[148.668s][info ][safepoint      ] Safepoint "Cleanup", Time since last: 1000108132 ns, Reaching safepoint: 69501 ns, At safepoint: 11001 ns, Total: 80502 ns
[150.668s][info ][safepoint      ] Safepoint "Cleanup", Time since last: 2000197264 ns, Reaching safepoint: 66501 ns, At safepoint: 9200 ns, Total: 75701 ns
[151.669s][info ][safepoint      ] Safepoint "Cleanup", Time since last: 1000087832 ns, Reaching safepoint: 62701 ns, At safepoint: 9700 ns, Total: 72401 ns
[152.467s][info ][gc,start       ] GC(85) Pause Young (Allocation Failure)
[152.476s][debug][gc,phases      ] GC(85) Scavenge 9.242ms
[152.476s][debug][gc,ref         ] GC(85) Skipped phase 1 of Reference Processing: no references
[152.476s][debug][gc,ref         ] GC(85) Skipped phase 3 of Reference Processing: no references
[152.476s][debug][gc,phases      ] GC(85) Reference Processing 0.028ms
[152.477s][debug][gc,phases      ] GC(85) Weak Processing 0.548ms
[152.477s][debug][gc,age         ] GC(85) Desired survivor size 76546048 bytes, new threshold 15 (max threshold 15)
[152.477s][info ][gc,heap        ] GC(85) PSYoungGen: 1942736K(2012160K)->14672K(2022400K) Eden: 1930240K(1930240K)->0K(1944064K) From: 12496K(81920K)->14672K(78336K)
[152.477s][info ][gc,heap        ] GC(85) ParOldGen: 399840K(461312K)->399952K(461312K)
[152.477s][info ][gc,metaspace   ] GC(85) Metaspace: 79369K(80064K)->79369K(80064K) NonClass: 68531K(68864K)->68531K(68864K) Class: 10837K(11200K)->10837K(11200K)
[152.477s][info ][gc             ] GC(85) Pause Young (Allocation Failure) 2287M->404M(2425M) 9.968ms
[152.477s][info ][gc,cpu         ] GC(85) User=0.04s Sys=0.00s Real=0.01s
[152.477s][info ][safepoint      ] Safepoint "ParallelGCFailedAllocation", Time since last: 798145033 ns, Reaching safepoint: 69701 ns, At safepoint: 10058370 ns, Total: 10128071 ns
[153.477s][info ][safepoint      ] Safepoint "Cleanup", Time since last: 1000086931 ns, Reaching safepoint: 60201 ns, At safepoint: 6900 ns, Total: 67101 ns
[154.477s][info ][safepoint      ] Safepoint "Cleanup", Time since last: 1000080432 ns, Reaching safepoint: 57001 ns, At safepoint: 3900 ns, Total: 60901 ns
[154.811s][info ][safepoint      ] Safepoint "ICBufferFull", Time since last: 333331710 ns, Reaching safepoint: 64801 ns, At safepoint: 12900 ns, Total: 77701 ns
[154.814s][info ][safepoint      ] Safepoint "ICBufferFull", Time since last: 3737563 ns, Reaching safepoint: 175203 ns, At safepoint: 7400 ns, Total: 182603 ns
[154.817s][info ][safepoint      ] Safepoint "ICBufferFull", Time since last: 2772847 ns, Reaching safepoint: 71501 ns, At safepoint: 2900 ns, Total: 74401 ns
[154.822s][info ][safepoint      ] Safepoint "ICBufferFull", Time since last: 4549676 ns, Reaching safepoint: 47801 ns, At safepoint: 6000 ns, Total: 53801 ns
[155.822s][info ][safepoint      ] Safepoint "Cleanup", Time since last: 1000108932 ns, Reaching safepoint: 74101 ns, At safepoint: 10701 ns, Total: 84802 ns
[156.822s][info ][safepoint      ] Safepoint "Cleanup", Time since last: 1000118831 ns, Reaching safepoint: 59801 ns, At safepoint: 5700 ns, Total: 65501 ns
[157.822s][info ][safepoint      ] Safepoint "Cleanup", Time since last: 1000115232 ns, Reaching safepoint: 55001 ns, At safepoint: 5000 ns, Total: 60001 ns
[158.823s][info ][safepoint      ] Safepoint "Cleanup", Time since last: 1000110132 ns, Reaching safepoint: 65801 ns, At safepoint: 5200 ns, Total: 71001 ns
[159.823s][info ][safepoint      ] Safepoint "Cleanup", Time since last: 1000109531 ns, Reaching safepoint: 65701 ns, At safepoint: 8500 ns, Total: 74201 ns
[160.823s][info ][safepoint      ] Safepoint "Cleanup", Time since last: 1000105332 ns, Reaching safepoint: 51500 ns, At safepoint: 3101 ns, Total: 54601 ns
[161.823s][info ][safepoint      ] Safepoint "Cleanup", Time since last: 1000112331 ns, Reaching safepoint: 64001 ns, At safepoint: 10900 ns, Total: 74901 ns
[162.823s][info ][safepoint      ] Safepoint "Cleanup", Time since last: 1000117631 ns, Reaching safepoint: 72901 ns, At safepoint: 11101 ns, Total: 84002 ns
[163.824s][info ][safepoint      ] Safepoint "Cleanup", Time since last: 1000111431 ns, Reaching safepoint: 92001 ns, At safepoint: 7200 ns, Total: 99201 ns
[164.824s][info ][safepoint      ] Safepoint "Cleanup", Time since last: 1000099331 ns, Reaching safepoint: 58301 ns, At safepoint: 7000 ns, Total: 65301 ns
[165.824s][info ][safepoint      ] Safepoint "Cleanup", Time since last: 1000123631 ns, Reaching safepoint: 50801 ns, At safepoint: 6900 ns, Total: 57701 ns
[166.824s][info ][safepoint      ] Safepoint "Cleanup", Time since last: 1000104331 ns, Reaching safepoint: 53801 ns, At safepoint: 4300 ns, Total: 58101 ns
[167.824s][info ][safepoint      ] Safepoint "Cleanup", Time since last: 1000117130 ns, Reaching safepoint: 82002 ns, At safepoint: 23800 ns, Total: 105802 ns
[168.824s][info ][safepoint      ] Safepoint "Cleanup", Time since last: 1000111231 ns, Reaching safepoint: 59401 ns, At safepoint: 3800 ns, Total: 63201 ns
[170.825s][info ][safepoint      ] Safepoint "Cleanup", Time since last: 2000174560 ns, Reaching safepoint: 65001 ns, At safepoint: 8200 ns, Total: 73201 ns
[171.506s][info ][gc,start       ] GC(86) Pause Young (Allocation Failure)
[171.516s][debug][gc,phases      ] GC(86) Scavenge 9.086ms
[171.516s][debug][gc,ref         ] GC(86) Skipped phase 1 of Reference Processing: no references
[171.516s][debug][gc,ref         ] GC(86) Skipped phase 3 of Reference Processing: no references
[171.516s][debug][gc,phases      ] GC(86) Reference Processing 0.028ms
[171.516s][debug][gc,phases      ] GC(86) Weak Processing 0.575ms
[171.516s][debug][gc,age         ] GC(86) Desired survivor size 73400320 bytes, new threshold 15 (max threshold 15)
[171.516s][info ][gc,heap        ] GC(86) PSYoungGen: 1958736K(2022400K)->12912K(2018816K) Eden: 1944064K(1944064K)->0K(1944064K) From: 14672K(78336K)->12912K(74752K)
[171.516s][info ][gc,heap        ] GC(86) ParOldGen: 399952K(461312K)->400116K(461312K)
[171.516s][info ][gc,metaspace   ] GC(86) Metaspace: 79452K(80192K)->79452K(80192K) NonClass: 68614K(68992K)->68614K(68992K) Class: 10837K(11200K)->10837K(11200K)
[171.516s][info ][gc             ] GC(86) Pause Young (Allocation Failure) 2303M->403M(2422M) 9.829ms
[171.516s][info ][gc,cpu         ] GC(86) User=0.03s Sys=0.00s Real=0.01s
[171.516s][info ][safepoint      ] Safepoint "ParallelGCFailedAllocation", Time since last: 681655271 ns, Reaching safepoint: 57801 ns, At safepoint: 9933167 ns, Total: 9990968 ns
[172.517s][info ][safepoint      ] Safepoint "Cleanup", Time since last: 1000084330 ns, Reaching safepoint: 63101 ns, At safepoint: 24200 ns, Total: 87301 ns
[173.517s][info ][safepoint      ] Safepoint "Cleanup", Time since last: 1000111130 ns, Reaching safepoint: 60301 ns, At safepoint: 4400 ns, Total: 64701 ns
[174.517s][info ][safepoint      ] Safepoint "Cleanup", Time since last: 1000143131 ns, Reaching safepoint: 64101 ns, At safepoint: 18500 ns, Total: 82601 ns
[175.517s][info ][safepoint      ] Safepoint "Cleanup", Time since last: 1000119430 ns, Reaching safepoint: 52601 ns, At safepoint: 3600 ns, Total: 56201 ns
[176.011s][info ][safepoint      ] Safepoint "ICBufferFull", Time since last: 493698308 ns, Reaching safepoint: 43001 ns, At safepoint: 7300 ns, Total: 50301 ns
[177.011s][info ][safepoint      ] Safepoint "Cleanup", Time since last: 1000115130 ns, Reaching safepoint: 69101 ns, At safepoint: 11000 ns, Total: 80101 ns
[179.011s][info ][safepoint      ] Safepoint "Cleanup", Time since last: 2000196459 ns, Reaching safepoint: 61901 ns, At safepoint: 5300 ns, Total: 67201 ns
[180.011s][info ][safepoint      ] Safepoint "Cleanup", Time since last: 1000114529 ns, Reaching safepoint: 50401 ns, At safepoint: 10300 ns, Total: 60701 ns
[181.012s][info ][safepoint      ] Safepoint "Cleanup", Time since last: 1000114030 ns, Reaching safepoint: 65001 ns, At safepoint: 8600 ns, Total: 73601 ns
[182.894s][info ][safepoint      ] Safepoint "Cleanup", Time since last: 1882480977 ns, Reaching safepoint: 171903 ns, At safepoint: 12700 ns, Total: 184603 ns
[184.895s][info ][safepoint      ] Safepoint "Cleanup", Time since last: 2000234759 ns, Reaching safepoint: 125602 ns, At safepoint: 8600 ns, Total: 134202 ns
[185.895s][info ][safepoint      ] Safepoint "Cleanup", Time since last: 1000121929 ns, Reaching safepoint: 117202 ns, At safepoint: 5500 ns, Total: 122702 ns
[186.895s][info ][safepoint      ] Safepoint "Cleanup", Time since last: 1000138029 ns, Reaching safepoint: 117602 ns, At safepoint: 13000 ns, Total: 130602 ns
[187.895s][info ][safepoint      ] Safepoint "Cleanup", Time since last: 1000115329 ns, Reaching safepoint: 56601 ns, At safepoint: 7100 ns, Total: 63701 ns
[188.896s][info ][safepoint      ] Safepoint "Cleanup", Time since last: 1000104129 ns, Reaching safepoint: 120802 ns, At safepoint: 11000 ns, Total: 131802 ns
[189.896s][info ][safepoint      ] Safepoint "Cleanup", Time since last: 1000111728 ns, Reaching safepoint: 69802 ns, At safepoint: 7700 ns, Total: 77502 ns
[191.896s][info ][safepoint      ] Safepoint "Cleanup", Time since last: 2000146155 ns, Reaching safepoint: 69001 ns, At safepoint: 9500 ns, Total: 78501 ns
[192.052s][info ][gc,start       ] GC(87) Pause Young (Allocation Failure)
[192.061s][debug][gc,phases      ] GC(87) Scavenge 9.119ms
[192.061s][debug][gc,ref         ] GC(87) Skipped phase 1 of Reference Processing: no references
[192.061s][debug][gc,ref         ] GC(87) Skipped phase 3 of Reference Processing: no references
[192.061s][debug][gc,phases      ] GC(87) Reference Processing 0.036ms
[192.062s][debug][gc,phases      ] GC(87) Weak Processing 0.678ms
[192.062s][debug][gc,age         ] GC(87) Desired survivor size 69730304 bytes, new threshold 15 (max threshold 15)
[192.062s][info ][gc,heap        ] GC(87) PSYoungGen: 1956976K(2018816K)->13456K(2029056K) Eden: 1944064K(1944064K)->0K(1957376K) From: 12912K(74752K)->13456K(71680K)
[192.062s][info ][gc,heap        ] GC(87) ParOldGen: 400116K(461312K)->400292K(461312K)
[192.062s][info ][gc,metaspace   ] GC(87) Metaspace: 79525K(80192K)->79525K(80192K) NonClass: 68686K(68992K)->68686K(68992K) Class: 10839K(11200K)->10839K(11200K)
[192.062s][info ][gc             ] GC(87) Pause Young (Allocation Failure) 2301M->404M(2432M) 9.998ms
[192.062s][info ][gc,cpu         ] GC(87) User=0.04s Sys=0.00s Real=0.01s
[192.062s][info ][safepoint      ] Safepoint "ParallelGCFailedAllocation", Time since last: 155999425 ns, Reaching safepoint: 31001 ns, At safepoint: 10096470 ns, Total: 10127471 ns
[193.062s][info ][safepoint      ] Safepoint "Cleanup", Time since last: 1000069927 ns, Reaching safepoint: 62401 ns, At safepoint: 6200 ns, Total: 68601 ns
[194.063s][info ][safepoint      ] Safepoint "Cleanup", Time since last: 1000110328 ns, Reaching safepoint: 69402 ns, At safepoint: 7200 ns, Total: 76602 ns
[195.063s][info ][safepoint      ] Safepoint "Cleanup", Time since last: 1000123728 ns, Reaching safepoint: 61501 ns, At safepoint: 9600 ns, Total: 71101 ns
[196.063s][info ][safepoint      ] Safepoint "Cleanup", Time since last: 1000122928 ns, Reaching safepoint: 82302 ns, At safepoint: 8900 ns, Total: 91202 ns
[197.063s][info ][safepoint      ] Safepoint "Cleanup", Time since last: 1000077127 ns, Reaching safepoint: 76201 ns, At safepoint: 8101 ns, Total: 84302 ns
[198.063s][info ][safepoint      ] Safepoint "Cleanup", Time since last: 1000113427 ns, Reaching safepoint: 54801 ns, At safepoint: 6500 ns, Total: 61301 ns
[198.955s][info ][safepoint      ] Safepoint "ICBufferFull", Time since last: 891470000 ns, Reaching safepoint: 57801 ns, At safepoint: 7900 ns, Total: 65701 ns
[199.955s][info ][safepoint      ] Safepoint "Cleanup", Time since last: 1000129928 ns, Reaching safepoint: 56901 ns, At safepoint: 8200 ns, Total: 65101 ns
[201.955s][info ][safepoint      ] Safepoint "Cleanup", Time since last: 2000187954 ns, Reaching safepoint: 123303 ns, At safepoint: 6800 ns, Total: 130103 ns
[202.955s][info ][safepoint      ] Safepoint "Cleanup", Time since last: 1000116827 ns, Reaching safepoint: 58101 ns, At safepoint: 8300 ns, Total: 66401 ns
[205.956s][info ][safepoint      ] Safepoint "Cleanup", Time since last: 3000248080 ns, Reaching safepoint: 54601 ns, At safepoint: 15300 ns, Total: 69901 ns
[206.956s][info ][safepoint      ] Safepoint "Cleanup", Time since last: 1000116027 ns, Reaching safepoint: 54001 ns, At safepoint: 6600 ns, Total: 60601 ns
[207.956s][info ][safepoint      ] Safepoint "Cleanup", Time since last: 1000116027 ns, Reaching safepoint: 227704 ns, At safepoint: 10100 ns, Total: 237804 ns
[208.904s][info ][safepoint      ] Safepoint "ICBufferFull", Time since last: 947191137 ns, Reaching safepoint: 188603 ns, At safepoint: 9900 ns, Total: 198503 ns
[209.120s][info ][safepoint      ] Safepoint "ICBufferFull", Time since last: 216063935 ns, Reaching safepoint: 244304 ns, At safepoint: 10300 ns, Total: 254604 ns
[210.173s][info ][safepoint      ] Safepoint "Cleanup", Time since last: 1052539709 ns, Reaching safepoint: 323306 ns, At safepoint: 11500 ns, Total: 334806 ns
[210.426s][info ][gc,start       ] GC(88) Pause Young (Allocation Failure)
[210.442s][debug][gc,phases      ] GC(88) Scavenge 16.136ms
[210.442s][debug][gc,ref         ] GC(88) Skipped phase 1 of Reference Processing: no references
[210.442s][debug][gc,ref         ] GC(88) Skipped phase 3 of Reference Processing: no references
[210.442s][debug][gc,phases      ] GC(88) Reference Processing 0.069ms
[210.443s][debug][gc,phases      ] GC(88) Weak Processing 0.726ms
[210.443s][debug][gc,age         ] GC(88) Desired survivor size 74448896 bytes, new threshold 15 (max threshold 15)
[210.443s][info ][gc,heap        ] GC(88) PSYoungGen: 1970832K(2029056K)->46006K(2003456K) Eden: 1957376K(1957376K)->0K(1957376K) From: 13456K(71680K)->46006K(46080K)
[210.443s][info ][gc,heap        ] GC(88) ParOldGen: 400292K(461312K)->400432K(461312K)
[210.443s][info ][gc,metaspace   ] GC(88) Metaspace: 79861K(80576K)->79861K(80576K) NonClass: 68977K(69376K)->68977K(69376K) Class: 10884K(11200K)->10884K(11200K)
[210.443s][info ][gc             ] GC(88) Pause Young (Allocation Failure) 2315M->435M(2407M) 17.106ms
[210.443s][info ][gc,cpu         ] GC(88) User=0.07s Sys=0.00s Real=0.02s
[210.443s][info ][safepoint      ] Safepoint "ParallelGCFailedAllocation", Time since last: 253047057 ns, Reaching safepoint: 103902 ns, At safepoint: 17204789 ns, Total: 17308691 ns
[211.005s][info ][safepoint      ] Safepoint "ICBufferFull", Time since last: 561437847 ns, Reaching safepoint: 200103 ns, At safepoint: 18800 ns, Total: 218903 ns
[212.005s][info ][safepoint      ] Safepoint "Cleanup", Time since last: 1000079226 ns, Reaching safepoint: 258404 ns, At safepoint: 9101 ns, Total: 267505 ns
[213.005s][info ][safepoint      ] Safepoint "Cleanup", Time since last: 1000108426 ns, Reaching safepoint: 104002 ns, At safepoint: 6700 ns, Total: 110702 ns
[214.401s][info ][safepoint      ] Safepoint "Cleanup", Time since last: 1395491978 ns, Reaching safepoint: 137502 ns, At safepoint: 9301 ns, Total: 146803 ns
[215.401s][info ][safepoint      ] Safepoint "Cleanup", Time since last: 1000122226 ns, Reaching safepoint: 105602 ns, At safepoint: 9000 ns, Total: 114602 ns
[216.402s][info ][safepoint      ] Safepoint "Cleanup", Time since last: 1000101626 ns, Reaching safepoint: 67001 ns, At safepoint: 11100 ns, Total: 78101 ns
[217.402s][info ][safepoint      ] Safepoint "Cleanup", Time since last: 1000114426 ns, Reaching safepoint: 153703 ns, At safepoint: 19000 ns, Total: 172703 ns
[218.402s][info ][safepoint      ] Safepoint "Cleanup", Time since last: 1000108326 ns, Reaching safepoint: 105202 ns, At safepoint: 11500 ns, Total: 116702 ns
[219.402s][info ][safepoint      ] Safepoint "Cleanup", Time since last: 1000112026 ns, Reaching safepoint: 61201 ns, At safepoint: 8700 ns, Total: 69901 ns
[220.402s][info ][safepoint      ] Safepoint "Cleanup", Time since last: 1000104526 ns, Reaching safepoint: 62201 ns, At safepoint: 7500 ns, Total: 69701 ns
[221.403s][info ][safepoint      ] Safepoint "Cleanup", Time since last: 1000101925 ns, Reaching safepoint: 104502 ns, At safepoint: 12200 ns, Total: 116702 ns
[222.403s][info ][safepoint      ] Safepoint "Cleanup", Time since last: 1000117326 ns, Reaching safepoint: 79201 ns, At safepoint: 9900 ns, Total: 89101 ns
[223.403s][info ][safepoint      ] Safepoint "Cleanup", Time since last: 1000103726 ns, Reaching safepoint: 112902 ns, At safepoint: 9700 ns, Total: 122602 ns
[224.403s][info ][safepoint      ] Safepoint "Cleanup", Time since last: 1000106125 ns, Reaching safepoint: 86302 ns, At safepoint: 10400 ns, Total: 96702 ns
[225.403s][info ][safepoint      ] Safepoint "Cleanup", Time since last: 1000128825 ns, Reaching safepoint: 65001 ns, At safepoint: 6401 ns, Total: 71402 ns
[226.404s][info ][safepoint      ] Safepoint "Cleanup", Time since last: 1000109525 ns, Reaching safepoint: 62701 ns, At safepoint: 6700 ns, Total: 69401 ns
[227.404s][info ][safepoint      ] Safepoint "Cleanup", Time since last: 1000109625 ns, Reaching safepoint: 58001 ns, At safepoint: 9500 ns, Total: 67501 ns
[228.404s][info ][safepoint      ] Safepoint "Cleanup", Time since last: 1000118825 ns, Reaching safepoint: 66201 ns, At safepoint: 8401 ns, Total: 74602 ns
[233.404s][info ][safepoint      ] Safepoint "Cleanup", Time since last: 5000286319 ns, Reaching safepoint: 60401 ns, At safepoint: 4200 ns, Total: 64601 ns
[235.405s][info ][safepoint      ] Safepoint "Cleanup", Time since last: 2000173648 ns, Reaching safepoint: 53701 ns, At safepoint: 8700 ns, Total: 62401 ns
[236.405s][info ][safepoint      ] Safepoint "Cleanup", Time since last: 1000105725 ns, Reaching safepoint: 53900 ns, At safepoint: 9301 ns, Total: 63201 ns
[241.405s][info ][safepoint      ] Safepoint "Cleanup", Time since last: 5000345017 ns, Reaching safepoint: 58401 ns, At safepoint: 3500 ns, Total: 61901 ns
[242.405s][info ][safepoint      ] Safepoint "Cleanup", Time since last: 1000109923 ns, Reaching safepoint: 77202 ns, At safepoint: 8900 ns, Total: 86102 ns
[243.406s][info ][safepoint      ] Safepoint "Cleanup", Time since last: 1000113024 ns, Reaching safepoint: 58601 ns, At safepoint: 3900 ns, Total: 62501 ns
[247.406s][info ][safepoint      ] Safepoint "Cleanup", Time since last: 4000311892 ns, Reaching safepoint: 58801 ns, At safepoint: 9200 ns, Total: 68001 ns
[248.406s][info ][safepoint      ] Safepoint "Cleanup", Time since last: 1000122023 ns, Reaching safepoint: 69202 ns, At safepoint: 14700 ns, Total: 83902 ns
[252.090s][info ][gc,start       ] GC(89) Pause Young (Allocation Failure)
[252.104s][debug][gc,phases      ] GC(89) Scavenge 14.693ms
[252.104s][debug][gc,ref         ] GC(89) Skipped phase 1 of Reference Processing: no references
[252.104s][debug][gc,ref         ] GC(89) Skipped phase 3 of Reference Processing: no references
[252.104s][debug][gc,phases      ] GC(89) Reference Processing 0.058ms
[252.105s][debug][gc,phases      ] GC(89) Weak Processing 0.746ms
[252.105s][debug][gc,age         ] GC(89) Desired survivor size 72876032 bytes, new threshold 15 (max threshold 15)
[252.105s][info ][gc,heap        ] GC(89) PSYoungGen: 2003382K(2003456K)->33990K(2025984K) Eden: 1957376K(1957376K)->0K(1953280K) From: 46006K(46080K)->33990K(72704K)
[252.105s][info ][gc,heap        ] GC(89) ParOldGen: 400432K(461312K)->400540K(461312K)
[252.105s][info ][gc,metaspace   ] GC(89) Metaspace: 79986K(80704K)->79986K(80704K) NonClass: 69090K(69440K)->69090K(69440K) Class: 10896K(11264K)->10896K(11264K)
[252.105s][info ][gc             ] GC(89) Pause Young (Allocation Failure) 2347M->424M(2429M) 15.708ms
[252.105s][info ][gc,cpu         ] GC(89) User=0.06s Sys=0.00s Real=0.01s
[252.105s][info ][safepoint      ] Safepoint "ParallelGCFailedAllocation", Time since last: 3683356959 ns, Reaching safepoint: 47000 ns, At safepoint: 15827867 ns, Total: 15874867 ns
[253.123s][info ][safepoint      ] Safepoint "Cleanup", Time since last: 1017304212 ns, Reaching safepoint: 147402 ns, At safepoint: 8300 ns, Total: 155702 ns
[254.145s][info ][safepoint      ] Safepoint "Cleanup", Time since last: 1021790788 ns, Reaching safepoint: 123802 ns, At safepoint: 22100 ns, Total: 145902 ns
[261.145s][info ][safepoint      ] Safepoint "Cleanup", Time since last: 7000459453 ns, Reaching safepoint: 54601 ns, At safepoint: 4000 ns, Total: 58601 ns
[264.146s][info ][safepoint      ] Safepoint "Cleanup", Time since last: 3000231465 ns, Reaching safepoint: 60901 ns, At safepoint: 4000 ns, Total: 64901 ns
[268.146s][info ][safepoint      ] Safepoint "Cleanup", Time since last: 4000313685 ns, Reaching safepoint: 49701 ns, At safepoint: 13500 ns, Total: 63201 ns
[269.146s][info ][safepoint      ] Safepoint "Cleanup", Time since last: 1000109222 ns, Reaching safepoint: 86801 ns, At safepoint: 8700 ns, Total: 95501 ns
[270.146s][info ][safepoint      ] Safepoint "Cleanup", Time since last: 1000115822 ns, Reaching safepoint: 69301 ns, At safepoint: 7600 ns, Total: 76901 ns
[271.147s][info ][safepoint      ] Safepoint "Cleanup", Time since last: 1000116522 ns, Reaching safepoint: 54501 ns, At safepoint: 12500 ns, Total: 67001 ns
[274.147s][info ][safepoint      ] Safepoint "Cleanup", Time since last: 3000269363 ns, Reaching safepoint: 55801 ns, At safepoint: 4000 ns, Total: 59801 ns
[276.147s][info ][safepoint      ] Safepoint "Cleanup", Time since last: 2000172541 ns, Reaching safepoint: 50501 ns, At safepoint: 3900 ns, Total: 54401 ns
[277.147s][info ][safepoint      ] Safepoint "Cleanup", Time since last: 1000114521 ns, Reaching safepoint: 60101 ns, At safepoint: 32501 ns, Total: 92602 ns
[281.148s][info ][safepoint      ] Safepoint "Cleanup", Time since last: 4000281380 ns, Reaching safepoint: 51901 ns, At safepoint: 8501 ns, Total: 60402 ns
[282.148s][info ][safepoint      ] Safepoint "Cleanup", Time since last: 1000070519 ns, Reaching safepoint: 64402 ns, At safepoint: 8200 ns, Total: 72602 ns
[284.148s][info ][safepoint      ] Safepoint "Cleanup", Time since last: 2000171540 ns, Reaching safepoint: 57401 ns, At safepoint: 6500 ns, Total: 63901 ns
[287.148s][info ][safepoint      ] Safepoint "Cleanup", Time since last: 3000246659 ns, Reaching safepoint: 52601 ns, At safepoint: 3800 ns, Total: 56401 ns
[288.149s][info ][safepoint      ] Safepoint "Cleanup", Time since last: 1000118021 ns, Reaching safepoint: 61001 ns, At safepoint: 10900 ns, Total: 71901 ns
[291.149s][info ][safepoint      ] Safepoint "Cleanup", Time since last: 3000240658 ns, Reaching safepoint: 44101 ns, At safepoint: 8700 ns, Total: 52801 ns
[294.149s][info ][safepoint      ] Safepoint "Cleanup", Time since last: 3000240958 ns, Reaching safepoint: 129002 ns, At safepoint: 8500 ns, Total: 137502 ns
[298.150s][info ][safepoint      ] Safepoint "Cleanup", Time since last: 4000289076 ns, Reaching safepoint: 60001 ns, At safepoint: 5700 ns, Total: 65701 ns
[300.150s][info ][safepoint      ] Safepoint "Cleanup", Time since last: 2000172538 ns, Reaching safepoint: 56801 ns, At safepoint: 13800 ns, Total: 70601 ns
[302.150s][info ][safepoint      ] Safepoint "Cleanup", Time since last: 2000145537 ns, Reaching safepoint: 53101 ns, At safepoint: 9300 ns, Total: 62401 ns
[303.150s][info ][safepoint      ] Safepoint "Cleanup", Time since last: 1000116519 ns, Reaching safepoint: 52101 ns, At safepoint: 10700 ns, Total: 62801 ns
[305.150s][info ][safepoint      ] Safepoint "Cleanup", Time since last: 2000177937 ns, Reaching safepoint: 55101 ns, At safepoint: 9100 ns, Total: 64201 ns
[309.151s][info ][safepoint      ] Safepoint "Cleanup", Time since last: 4000279872 ns, Reaching safepoint: 61401 ns, At safepoint: 11201 ns, Total: 72602 ns
[310.151s][info ][safepoint      ] Safepoint "Cleanup", Time since last: 1000072917 ns, Reaching safepoint: 40701 ns, At safepoint: 3900 ns, Total: 44601 ns
[311.151s][info ][safepoint      ] Safepoint "Cleanup", Time since last: 1000117019 ns, Reaching safepoint: 54001 ns, At safepoint: 6600 ns, Total: 60601 ns
[312.151s][info ][safepoint      ] Safepoint "Cleanup", Time since last: 1000094918 ns, Reaching safepoint: 115502 ns, At safepoint: 6500 ns, Total: 122002 ns
[315.152s][info ][safepoint      ] Safepoint "Cleanup", Time since last: 3000217953 ns, Reaching safepoint: 49601 ns, At safepoint: 3300 ns, Total: 52901 ns
[316.152s][info ][safepoint      ] Safepoint "Cleanup", Time since last: 1000114518 ns, Reaching safepoint: 60101 ns, At safepoint: 3800 ns, Total: 63901 ns
[319.152s][info ][safepoint      ] Safepoint "Cleanup", Time since last: 3000231752 ns, Reaching safepoint: 55801 ns, At safepoint: 9700 ns, Total: 65501 ns
[323.152s][info ][safepoint      ] Safepoint "Cleanup", Time since last: 4000320369 ns, Reaching safepoint: 53900 ns, At safepoint: 4801 ns, Total: 58701 ns
[326.153s][info ][safepoint      ] Safepoint "Cleanup", Time since last: 3000213450 ns, Reaching safepoint: 131302 ns, At safepoint: 7500 ns, Total: 138802 ns
[328.153s][info ][safepoint      ] Safepoint "Cleanup", Time since last: 2000196434 ns, Reaching safepoint: 56101 ns, At safepoint: 8900 ns, Total: 65001 ns
[329.153s][info ][safepoint      ] Safepoint "Cleanup", Time since last: 1000144518 ns, Reaching safepoint: 69701 ns, At safepoint: 10700 ns, Total: 80401 ns
[330.153s][info ][safepoint      ] Safepoint "Cleanup", Time since last: 1000108517 ns, Reaching safepoint: 47201 ns, At safepoint: 3600 ns, Total: 50801 ns
[334.154s][info ][safepoint      ] Safepoint "Cleanup", Time since last: 4000305266 ns, Reaching safepoint: 58800 ns, At safepoint: 6601 ns, Total: 65401 ns
[335.154s][info ][safepoint      ] Safepoint "Cleanup", Time since last: 1000122817 ns, Reaching safepoint: 59901 ns, At safepoint: 4500 ns, Total: 64401 ns
[340.154s][info ][safepoint      ] Safepoint "Cleanup", Time since last: 5000392879 ns, Reaching safepoint: 68402 ns, At safepoint: 10200 ns, Total: 78602 ns
[341.155s][info ][safepoint      ] Safepoint "Cleanup", Time since last: 1000117816 ns, Reaching safepoint: 52301 ns, At safepoint: 5600 ns, Total: 57901 ns
[346.155s][info ][safepoint      ] Safepoint "Cleanup", Time since last: 5000333877 ns, Reaching safepoint: 126602 ns, At safepoint: 11600 ns, Total: 138202 ns
[348.155s][info ][safepoint      ] Safepoint "Cleanup", Time since last: 2000190031 ns, Reaching safepoint: 58401 ns, At safepoint: 15201 ns, Total: 73602 ns
[350.156s][info ][safepoint      ] Safepoint "Cleanup", Time since last: 2000166230 ns, Reaching safepoint: 60601 ns, At safepoint: 9000 ns, Total: 69601 ns
[353.156s][info ][safepoint      ] Safepoint "Cleanup", Time since last: 3000261246 ns, Reaching safepoint: 57601 ns, At safepoint: 5900 ns, Total: 63501 ns
[362.157s][info ][safepoint      ] Safepoint "Cleanup", Time since last: 9000651230 ns, Reaching safepoint: 54901 ns, At safepoint: 4100 ns, Total: 59001 ns
[363.157s][info ][safepoint      ] Safepoint "Cleanup", Time since last: 1000107815 ns, Reaching safepoint: 52201 ns, At safepoint: 6500 ns, Total: 58701 ns
[367.157s][info ][safepoint      ] Safepoint "Cleanup", Time since last: 4000308356 ns, Reaching safepoint: 57001 ns, At safepoint: 5500 ns, Total: 62501 ns
[372.158s][info ][safepoint      ] Safepoint "Cleanup", Time since last: 5000383269 ns, Reaching safepoint: 75201 ns, At safepoint: 12501 ns, Total: 87702 ns
[375.158s][info ][safepoint      ] Safepoint "Cleanup", Time since last: 3000195239 ns, Reaching safepoint: 52401 ns, At safepoint: 4400 ns, Total: 56801 ns
[376.158s][info ][safepoint      ] Safepoint "Cleanup", Time since last: 1000062014 ns, Reaching safepoint: 54400 ns, At safepoint: 4101 ns, Total: 58501 ns
[377.158s][info ][safepoint      ] Safepoint "Cleanup", Time since last: 1000121714 ns, Reaching safepoint: 54201 ns, At safepoint: 3900 ns, Total: 58101 ns
[385.159s][info ][safepoint      ] Safepoint "Cleanup", Time since last: 8000579303 ns, Reaching safepoint: 56601 ns, At safepoint: 12700 ns, Total: 69301 ns
[386.159s][info ][safepoint      ] Safepoint "Cleanup", Time since last: 1000124414 ns, Reaching safepoint: 62501 ns, At safepoint: 4200 ns, Total: 66701 ns
[388.159s][info ][safepoint      ] Safepoint "Cleanup", Time since last: 2000193326 ns, Reaching safepoint: 75701 ns, At safepoint: 13500 ns, Total: 89201 ns
[389.159s][info ][safepoint      ] Safepoint "Cleanup", Time since last: 1000127114 ns, Reaching safepoint: 37200 ns, At safepoint: 4201 ns, Total: 41401 ns
[391.160s][info ][safepoint      ] Safepoint "Cleanup", Time since last: 2000183125 ns, Reaching safepoint: 64401 ns, At safepoint: 10500 ns, Total: 74901 ns
[393.160s][info ][safepoint      ] Safepoint "Cleanup", Time since last: 2000178725 ns, Reaching safepoint: 49701 ns, At safepoint: 3200 ns, Total: 52901 ns
[395.160s][info ][safepoint      ] Safepoint "Cleanup", Time since last: 2000177525 ns, Reaching safepoint: 57201 ns, At safepoint: 6000 ns, Total: 63201 ns
[397.160s][info ][safepoint      ] Safepoint "Cleanup", Time since last: 2000169624 ns, Reaching safepoint: 67702 ns, At safepoint: 13300 ns, Total: 81002 ns
[398.161s][info ][safepoint      ] Safepoint "Cleanup", Time since last: 1000133213 ns, Reaching safepoint: 62301 ns, At safepoint: 3600 ns, Total: 65901 ns
[399.161s][info ][safepoint      ] Safepoint "Cleanup", Time since last: 1000115512 ns, Reaching safepoint: 60001 ns, At safepoint: 9301 ns, Total: 69302 ns
[401.161s][info ][safepoint      ] Safepoint "Cleanup", Time since last: 2000181124 ns, Reaching safepoint: 129202 ns, At safepoint: 14300 ns, Total: 143502 ns
[402.161s][info ][safepoint      ] Safepoint "Cleanup", Time since last: 1000120613 ns, Reaching safepoint: 62701 ns, At safepoint: 5900 ns, Total: 68601 ns
[403.162s][info ][safepoint      ] Safepoint "Cleanup", Time since last: 1000120712 ns, Reaching safepoint: 52801 ns, At safepoint: 4300 ns, Total: 57101 ns
[404.162s][info ][safepoint      ] Safepoint "Cleanup", Time since last: 1000104512 ns, Reaching safepoint: 53601 ns, At safepoint: 4900 ns, Total: 58501 ns
[413.162s][info ][safepoint      ] Safepoint "Cleanup", Time since last: 9000609201 ns, Reaching safepoint: 74701 ns, At safepoint: 7700 ns, Total: 82401 ns
[421.163s][info ][safepoint      ] Safepoint "Cleanup", Time since last: 8000544385 ns, Reaching safepoint: 58901 ns, At safepoint: 3500 ns, Total: 62401 ns
[432.386s][info ][safepoint      ] Safepoint "Cleanup", Time since last: 11222474838 ns, Reaching safepoint: 178303 ns, At safepoint: 9700 ns, Total: 188003 ns
[434.386s][info ][safepoint      ] Safepoint "Cleanup", Time since last: 2000174620 ns, Reaching safepoint: 61401 ns, At safepoint: 6301 ns, Total: 67702 ns
[441.386s][info ][safepoint      ] Safepoint "Cleanup", Time since last: 7000471666 ns, Reaching safepoint: 58501 ns, At safepoint: 10700 ns, Total: 69201 ns
[446.387s][info ][safepoint      ] Safepoint "Cleanup", Time since last: 5000391646 ns, Reaching safepoint: 54701 ns, At safepoint: 5600 ns, Total: 60301 ns
[449.387s][info ][safepoint      ] Safepoint "Cleanup", Time since last: 3000218027 ns, Reaching safepoint: 42201 ns, At safepoint: 3600 ns, Total: 45801 ns
[450.387s][info ][safepoint      ] Safepoint "Cleanup", Time since last: 1000101909 ns, Reaching safepoint: 45201 ns, At safepoint: 4300 ns, Total: 49501 ns
[451.387s][info ][safepoint      ] Safepoint "Cleanup", Time since last: 1000101409 ns, Reaching safepoint: 44401 ns, At safepoint: 6800 ns, Total: 51201 ns
[456.388s][info ][safepoint      ] Safepoint "Cleanup", Time since last: 5000361943 ns, Reaching safepoint: 58301 ns, At safepoint: 14900 ns, Total: 73201 ns
[457.388s][info ][safepoint      ] Safepoint "Cleanup", Time since last: 1000106609 ns, Reaching safepoint: 116302 ns, At safepoint: 9500 ns, Total: 125802 ns
[462.389s][info ][safepoint      ] Safepoint "Cleanup", Time since last: 5000341441 ns, Reaching safepoint: 53201 ns, At safepoint: 3800 ns, Total: 57001 ns
[464.389s][info ][safepoint      ] Safepoint "Cleanup", Time since last: 2000166217 ns, Reaching safepoint: 49601 ns, At safepoint: 6100 ns, Total: 55701 ns
[468.389s][info ][safepoint      ] Safepoint "Cleanup", Time since last: 4000297432 ns, Reaching safepoint: 51201 ns, At safepoint: 5200 ns, Total: 56401 ns
[481.390s][info ][safepoint      ] Safepoint "Cleanup", Time since last: 13000795694 ns, Reaching safepoint: 47001 ns, At safepoint: 8500 ns, Total: 55501 ns
[482.390s][info ][safepoint      ] Safepoint "Cleanup", Time since last: 1000111208 ns, Reaching safepoint: 34801 ns, At safepoint: 4000 ns, Total: 38801 ns
[483.390s][info ][safepoint      ] Safepoint "Cleanup", Time since last: 1000106807 ns, Reaching safepoint: 59501 ns, At safepoint: 3400 ns, Total: 62901 ns
[487.391s][info ][safepoint      ] Safepoint "Cleanup", Time since last: 4000243527 ns, Reaching safepoint: 59801 ns, At safepoint: 10800 ns, Total: 70601 ns
[488.391s][info ][safepoint      ] Safepoint "Cleanup", Time since last: 1000105208 ns, Reaching safepoint: 43600 ns, At safepoint: 4200 ns, Total: 47800 ns
[491.391s][info ][safepoint      ] Safepoint "Cleanup", Time since last: 3000269821 ns, Reaching safepoint: 56601 ns, At safepoint: 9101 ns, Total: 65702 ns
[496.391s][info ][safepoint      ] Safepoint "Cleanup", Time since last: 5000321331 ns, Reaching safepoint: 41301 ns, At safepoint: 3100 ns, Total: 44401 ns
[497.925s][info ][gc,start       ] GC(90) Pause Young (Allocation Failure)
[497.937s][debug][gc,phases      ] GC(90) Scavenge 11.697ms
[497.937s][debug][gc,ref         ] GC(90) Skipped phase 1 of Reference Processing: no references
[497.937s][debug][gc,ref         ] GC(90) Skipped phase 3 of Reference Processing: no references
[497.937s][debug][gc,phases      ] GC(90) Reference Processing 0.041ms
[497.937s][debug][gc,phases      ] GC(90) Weak Processing 0.624ms
[497.937s][debug][gc,age         ] GC(90) Desired survivor size 71827456 bytes, new threshold 15 (max threshold 15)
[497.937s][info ][gc,heap        ] GC(90) PSYoungGen: 1987270K(2025984K)->34038K(2024448K) Eden: 1953280K(1953280K)->0K(1953280K) From: 33990K(72704K)->34038K(71168K)
[497.937s][info ][gc,heap        ] GC(90) ParOldGen: 400540K(461312K)->400668K(461312K)
[497.937s][info ][gc,metaspace   ] GC(90) Metaspace: 80111K(80832K)->80111K(80832K) NonClass: 69204K(69568K)->69204K(69568K) Class: 10907K(11264K)->10907K(11264K)
[497.937s][info ][gc             ] GC(90) Pause Young (Allocation Failure) 2331M->424M(2427M) 12.504ms
[497.937s][info ][gc,cpu         ] GC(90) User=0.05s Sys=0.00s Real=0.02s
[497.938s][info ][safepoint      ] Safepoint "ParallelGCFailedAllocation", Time since last: 1533443870 ns, Reaching safepoint: 49100 ns, At safepoint: 12604112 ns, Total: 12653212 ns
[498.938s][info ][safepoint      ] Safepoint "Cleanup", Time since last: 1000081507 ns, Reaching safepoint: 52601 ns, At safepoint: 8000 ns, Total: 60601 ns
[502.938s][info ][safepoint      ] Safepoint "Cleanup", Time since last: 4000288724 ns, Reaching safepoint: 44301 ns, At safepoint: 3100 ns, Total: 47401 ns
[528.940s][info ][safepoint      ] Safepoint "Cleanup", Time since last: 26001618835 ns, Reaching safepoint: 49901 ns, At safepoint: 30800 ns, Total: 80701 ns
[530.940s][info ][safepoint      ] Safepoint "Cleanup", Time since last: 2000163510 ns, Reaching safepoint: 48301 ns, At safepoint: 6100 ns, Total: 54401 ns
[551.941s][info ][safepoint      ] Safepoint "Cleanup", Time since last: 21001336684 ns, Reaching safepoint: 44801 ns, At safepoint: 3900 ns, Total: 48701 ns
[554.942s][info ][safepoint      ] Safepoint "Cleanup", Time since last: 3000233411 ns, Reaching safepoint: 49001 ns, At safepoint: 5300 ns, Total: 54301 ns
[575.943s][info ][safepoint      ] Safepoint "Cleanup", Time since last: 21001373961 ns, Reaching safepoint: 43601 ns, At safepoint: 2700 ns, Total: 46301 ns
[585.944s][info ][safepoint      ] Safepoint "Cleanup", Time since last: 10000641622 ns, Reaching safepoint: 49601 ns, At safepoint: 31200 ns, Total: 80801 ns
[601.945s][info ][safepoint      ] Safepoint "Cleanup", Time since last: 16001060828 ns, Reaching safepoint: 47300 ns, At safepoint: 4201 ns, Total: 51501 ns
[625.947s][info ][safepoint      ] Safepoint "Cleanup", Time since last: 24001649922 ns, Reaching safepoint: 64701 ns, At safepoint: 10000 ns, Total: 74701 ns
[626.947s][info ][safepoint      ] Safepoint "Cleanup", Time since last: 1000111801 ns, Reaching safepoint: 52101 ns, At safepoint: 8500 ns, Total: 60601 ns
[627.947s][info ][safepoint      ] Safepoint "Cleanup", Time since last: 1000076200 ns, Reaching safepoint: 52101 ns, At safepoint: 3500 ns, Total: 55601 ns
[628.947s][info ][safepoint      ] Safepoint "Cleanup", Time since last: 1000116402 ns, Reaching safepoint: 224403 ns, At safepoint: 29301 ns, Total: 253704 ns
[629.080s][info ][safepoint      ] Safepoint "ICBufferFull", Time since last: 132552027 ns, Reaching safepoint: 183903 ns, At safepoint: 6800 ns, Total: 190703 ns
[630.080s][info ][safepoint      ] Safepoint "Cleanup", Time since last: 1000097301 ns, Reaching safepoint: 111001 ns, At safepoint: 9301 ns, Total: 120302 ns
[631.080s][info ][safepoint      ] Safepoint "Cleanup", Time since last: 1000132701 ns, Reaching safepoint: 65501 ns, At safepoint: 9500 ns, Total: 75001 ns
[632.081s][info ][safepoint      ] Safepoint "Cleanup", Time since last: 1000114201 ns, Reaching safepoint: 59501 ns, At safepoint: 6600 ns, Total: 66101 ns
[633.081s][info ][safepoint      ] Safepoint "Cleanup", Time since last: 1000088901 ns, Reaching safepoint: 65201 ns, At safepoint: 10400 ns, Total: 75601 ns
[634.081s][info ][safepoint      ] Safepoint "Cleanup", Time since last: 1000094701 ns, Reaching safepoint: 47900 ns, At safepoint: 8201 ns, Total: 56101 ns
[635.081s][info ][safepoint      ] Safepoint "Cleanup", Time since last: 1000118400 ns, Reaching safepoint: 60201 ns, At safepoint: 12601 ns, Total: 72802 ns
[640.836s][info ][gc,start       ] GC(91) Pause Young (Allocation Failure)
[640.843s][debug][gc,phases      ] GC(91) Scavenge 7.737ms
[640.844s][debug][gc,ref         ] GC(91) Skipped phase 1 of Reference Processing: no references
[640.844s][debug][gc,ref         ] GC(91) Skipped phase 3 of Reference Processing: no references
[640.844s][debug][gc,phases      ] GC(91) Reference Processing 0.037ms
[640.844s][debug][gc,phases      ] GC(91) Weak Processing 0.580ms
[640.844s][debug][gc,age         ] GC(91) Desired survivor size 69206016 bytes, new threshold 15 (max threshold 15)
[640.844s][info ][gc,heap        ] GC(91) PSYoungGen: 1987318K(2024448K)->15686K(2029568K) Eden: 1953280K(1953280K)->0K(1959424K) From: 34038K(71168K)->15686K(70144K)
[640.844s][info ][gc,heap        ] GC(91) ParOldGen: 400668K(461312K)->400856K(461312K)
[640.844s][info ][gc,metaspace   ] GC(91) Metaspace: 80159K(80832K)->80159K(80832K) NonClass: 69251K(69568K)->69251K(69568K) Class: 10908K(11264K)->10908K(11264K)
[640.844s][info ][gc             ] GC(91) Pause Young (Allocation Failure) 2332M->406M(2432M) 8.514ms
[640.844s][info ][gc,cpu         ] GC(91) User=0.03s Sys=0.00s Real=0.01s
[640.844s][info ][safepoint      ] Safepoint "ParallelGCFailedAllocation", Time since last: 5754479268 ns, Reaching safepoint: 53301 ns, At safepoint: 8610345 ns, Total: 8663646 ns
[641.844s][info ][safepoint      ] Safepoint "Cleanup", Time since last: 1000087200 ns, Reaching safepoint: 92001 ns, At safepoint: 16901 ns, Total: 108902 ns
[642.845s][info ][safepoint      ] Safepoint "Cleanup", Time since last: 1000126800 ns, Reaching safepoint: 57301 ns, At safepoint: 12900 ns, Total: 70201 ns
[643.845s][info ][safepoint      ] Safepoint "Cleanup", Time since last: 1000119501 ns, Reaching safepoint: 57701 ns, At safepoint: 6300 ns, Total: 64001 ns
[646.845s][info ][safepoint      ] Safepoint "Cleanup", Time since last: 3000224199 ns, Reaching safepoint: 59602 ns, At safepoint: 4100 ns, Total: 63702 ns
[842.859s][info ][safepoint      ] Safepoint "Cleanup", Time since last: 196013658982 ns, Reaching safepoint: 36600 ns, At safepoint: 8501 ns, Total: 45101 ns
[844.859s][info ][safepoint      ] Safepoint "Cleanup", Time since last: 2000177487 ns, Reaching safepoint: 58001 ns, At safepoint: 6300 ns, Total: 64301 ns
[859.860s][info ][safepoint      ] Safepoint "Cleanup", Time since last: 15001063898 ns, Reaching safepoint: 52201 ns, At safepoint: 6900 ns, Total: 59101 ns
[869.861s][info ][safepoint      ] Safepoint "Cleanup", Time since last: 10000684829 ns, Reaching safepoint: 54201 ns, At safepoint: 9600 ns, Total: 63801 ns
[925.865s][info ][safepoint      ] Safepoint "Cleanup", Time since last: 56003809155 ns, Reaching safepoint: 60301 ns, At safepoint: 3600 ns, Total: 63901 ns
[980.649s][info ][safepoint      ] Safepoint "Cleanup", Time since last: 54784256111 ns, Reaching safepoint: 133602 ns, At safepoint: 29001 ns, Total: 162603 ns
[980.907s][info ][gc,heap,exit   ] Heap
[980.907s][info ][gc,heap,exit   ]  PSYoungGen      total 2029568K, used 1157992K [0x0000000780000000, 0x0000000800000000, 0x0000000800000000)
[980.907s][info ][gc,heap,exit   ]   eden space 1959424K, 58% used [0x0000000780000000,0x00000007c5b886b0,0x00000007f7980000)
[980.907s][info ][gc,heap,exit   ]   from space 70144K, 22% used [0x00000007fbb80000,0x00000007fcad1a48,0x0000000800000000)
[980.907s][info ][gc,heap,exit   ]   to   space 67584K, 0% used [0x00000007f7980000,0x00000007f7980000,0x00000007fbb80000)
[980.907s][info ][gc,heap,exit   ]  ParOldGen       total 461312K, used 400856K [0x0000000740000000, 0x000000075c280000, 0x0000000780000000)
[980.907s][info ][gc,heap,exit   ]   object space 461312K, 86% used [0x0000000740000000,0x0000000758776270,0x000000075c280000)
[980.907s][info ][gc,heap,exit   ]  Metaspace       used 80209K, committed 80960K, reserved 1122304K
[980.907s][info ][gc,heap,exit   ]   class space    used 10912K, committed 11264K, reserved 1048576K
