[0.003s][info][gc] Using Parallel
[0.004s][info][gc,init] Version: 16.0.2+7 (release)
[0.004s][info][gc,init] CPUs: 8 total, 8 available
[0.004s][info][gc,init] Memory: 32117M
[0.004s][info][gc,init] Large Page Support: Disabled
[0.004s][info][gc,init] NUMA Support: Disabled
[0.004s][info][gc,init] Compressed Oops: Enabled (Zero based)
[0.004s][info][gc,init] Alignments: Space 512K, Generation 512K, Heap 2M
[0.004s][info][gc,init] Heap Min Capacity: 2054M
[0.004s][info][gc,init] Heap Initial Capacity: 2054M
[0.004s][info][gc,init] Heap Max Capacity: 3G
[0.004s][info][gc,init] Pre-touch: Disabled
[0.004s][info][gc,init] Parallel Workers: 4
[0.004s][info][gc,metaspace] CDS disabled.
[0.004s][info][gc,metaspace] Compressed class space mapped at: 0x0000000800000000-0x0000000840000000, reserved size: 1073741824
[0.004s][info][gc,metaspace] Narrow klass base: 0x0000000800000000, Narrow klass shift: 0, Narrow klass range: 0x40000000
[0.480s][info][safepoint   ] Safepoint "ICBufferFull", Time since last: 458741729 ns, Reaching safepoint: 160403 ns, At safepoint: 2800 ns, Total: 163203 ns
[0.793s][info][gc,start    ] GC(0) Pause Young (Metadata GC Threshold)
[0.799s][debug][gc,phases   ] GC(0) Scavenge 5.674ms
[0.799s][debug][gc,ref      ] GC(0) Skipped phase 1 of Reference Processing: no references
[0.799s][debug][gc,ref      ] GC(0) Skipped phase 3 of Reference Processing: no references
[0.799s][debug][gc,phases   ] GC(0) Reference Processing 0.089ms
[0.800s][debug][gc,phases   ] GC(0) Weak Processing 0.235ms
[0.800s][debug][gc,age      ] GC(0) Desired survivor size 536870912 bytes, new threshold 7 (max threshold 15)
[0.800s][info ][gc,heap     ] GC(0) PSYoungGen: 178013K(1572864K)->18116K(1572864K) Eden: 178013K(1048576K)->0K(1048576K) From: 0K(524288K)->18116K(524288K)
[0.800s][info ][gc,heap     ] GC(0) ParOldGen: 0K(6144K)->80K(6144K)
[0.800s][info ][gc,metaspace] GC(0) Metaspace: 20983K(21248K)->20983K(21248K) NonClass: 18618K(18752K)->18618K(18752K) Class: 2365K(2496K)->2365K(2496K)
[0.800s][info ][gc          ] GC(0) Pause Young (Metadata GC Threshold) 173M->17M(1542M) 6.419ms
[0.800s][info ][gc,cpu      ] GC(0) User=0.04s Sys=0.00s Real=0.00s
[0.800s][debug][gc,phases   ] GC(1) Pre Compact 0.010ms
[0.800s][info ][gc,start    ] GC(1) Pause Full (Metadata GC Threshold)
[0.800s][info ][gc,phases,start] GC(1) Marking Phase
[0.803s][debug][gc,phases      ] GC(1) Par Mark 2.998ms
[0.803s][debug][gc,ref         ] GC(1) Skipped phase 1 of Reference Processing: no references
[0.803s][debug][gc,ref         ] GC(1) Skipped phase 3 of Reference Processing: no references
[0.803s][debug][gc,phases      ] GC(1) Reference Processing 0.031ms
[0.803s][debug][gc,phases      ] GC(1) Weak Processing 0.114ms
[0.803s][debug][gc,phases      ] GC(1) ClassLoaderData 0.009ms
[0.803s][debug][gc,phases      ] GC(1) Trigger cleanups 0.000ms
[0.805s][debug][gc,phases      ] GC(1) Class Unloading 1.598ms
[0.805s][info ][gc,phases      ] GC(1) Marking Phase 4.819ms
[0.805s][info ][gc,phases,start] GC(1) Summary Phase
[0.805s][info ][gc,phases      ] GC(1) Summary Phase 0.005ms
[0.805s][info ][gc,phases,start] GC(1) Adjust Roots
[0.807s][info ][gc,phases      ] GC(1) Adjust Roots 2.884ms
[0.807s][info ][gc,phases,start] GC(1) Compaction Phase
[0.814s][info ][gc,phases      ] GC(1) Compaction Phase 6.088ms
[0.814s][info ][gc,phases,start] GC(1) Post Compact
[0.814s][info ][gc,phases      ] GC(1) Post Compact 0.414ms
[0.814s][info ][gc,heap        ] GC(1) PSYoungGen: 18116K(1572864K)->12392K(1572864K) Eden: 0K(1048576K)->0K(1048576K) From: 18116K(524288K)->12392K(524288K)
[0.814s][info ][gc,heap        ] GC(1) ParOldGen: 80K(6144K)->5684K(6144K)
[0.814s][info ][gc,metaspace   ] GC(1) Metaspace: 20983K(21248K)->20983K(21248K) NonClass: 18618K(18752K)->18618K(18752K) Class: 2365K(2496K)->2365K(2496K)
[0.814s][info ][gc             ] GC(1) Pause Full (Metadata GC Threshold) 17M->17M(1542M) 14.363ms
[0.814s][info ][gc,cpu         ] GC(1) User=0.05s Sys=0.00s Real=0.02s
[0.814s][info ][safepoint      ] Safepoint "CollectForMetadataAllocation", Time since last: 312621634 ns, Reaching safepoint: 120203 ns, At safepoint: 20893957 ns, Total: 21014160 ns
[0.996s][info ][safepoint      ] Safepoint "ICBufferFull", Time since last: 181731173 ns, Reaching safepoint: 82402 ns, At safepoint: 11900 ns, Total: 94302 ns
[1.010s][info ][safepoint      ] Safepoint "ICBufferFull", Time since last: 14022206 ns, Reaching safepoint: 68102 ns, At safepoint: 3000 ns, Total: 71102 ns
[1.020s][info ][safepoint      ] Safepoint "ICBufferFull", Time since last: 9817114 ns, Reaching safepoint: 63602 ns, At safepoint: 7300 ns, Total: 70902 ns
[1.033s][info ][safepoint      ] Safepoint "ICBufferFull", Time since last: 13361492 ns, Reaching safepoint: 116203 ns, At safepoint: 6000 ns, Total: 122203 ns
[1.038s][info ][safepoint      ] Safepoint "ICBufferFull", Time since last: 4472598 ns, Reaching safepoint: 44701 ns, At safepoint: 5900 ns, Total: 50601 ns
[1.042s][info ][safepoint      ] Safepoint "ICBufferFull", Time since last: 3752482 ns, Reaching safepoint: 77801 ns, At safepoint: 6701 ns, Total: 84502 ns
[1.047s][info ][safepoint      ] Safepoint "ICBufferFull", Time since last: 4669302 ns, Reaching safepoint: 64401 ns, At safepoint: 3500 ns, Total: 67901 ns
[1.050s][info ][safepoint      ] Safepoint "ICBufferFull", Time since last: 3839584 ns, Reaching safepoint: 46701 ns, At safepoint: 3000 ns, Total: 49701 ns
[1.055s][info ][safepoint      ] Safepoint "ICBufferFull", Time since last: 4945408 ns, Reaching safepoint: 47401 ns, At safepoint: 5300 ns, Total: 52701 ns
[1.062s][info ][safepoint      ] Safepoint "ICBufferFull", Time since last: 6298138 ns, Reaching safepoint: 41101 ns, At safepoint: 3600 ns, Total: 44701 ns
[1.064s][info ][safepoint      ] Safepoint "ICBufferFull", Time since last: 1905042 ns, Reaching safepoint: 37501 ns, At safepoint: 3500 ns, Total: 41001 ns
[1.065s][info ][safepoint      ] Safepoint "ICBufferFull", Time since last: 748416 ns, Reaching safepoint: 92102 ns, At safepoint: 5100 ns, Total: 97202 ns
[1.176s][info ][safepoint      ] Safepoint "ICBufferFull", Time since last: 110868424 ns, Reaching safepoint: 133103 ns, At safepoint: 7800 ns, Total: 140903 ns
[1.177s][info ][safepoint      ] Safepoint "ICBufferFull", Time since last: 1226327 ns, Reaching safepoint: 33700 ns, At safepoint: 7001 ns, Total: 40701 ns
[1.178s][info ][safepoint      ] Safepoint "ICBufferFull", Time since last: 1403830 ns, Reaching safepoint: 73402 ns, At safepoint: 9300 ns, Total: 82702 ns
[1.180s][info ][safepoint      ] Safepoint "ICBufferFull", Time since last: 1157325 ns, Reaching safepoint: 233306 ns, At safepoint: 11000 ns, Total: 244306 ns
[1.182s][info ][safepoint      ] Safepoint "ICBufferFull", Time since last: 1685337 ns, Reaching safepoint: 115302 ns, At safepoint: 8700 ns, Total: 124002 ns
[1.183s][info ][safepoint      ] Safepoint "ICBufferFull", Time since last: 1270628 ns, Reaching safepoint: 67602 ns, At safepoint: 14200 ns, Total: 81802 ns
[1.184s][info ][safepoint      ] Safepoint "ICBufferFull", Time since last: 1297728 ns, Reaching safepoint: 99302 ns, At safepoint: 9301 ns, Total: 108603 ns
[1.186s][info ][safepoint      ] Safepoint "ICBufferFull", Time since last: 1630235 ns, Reaching safepoint: 102302 ns, At safepoint: 5901 ns, Total: 108203 ns
[1.188s][info ][safepoint      ] Safepoint "ICBufferFull", Time since last: 1645936 ns, Reaching safepoint: 101902 ns, At safepoint: 9500 ns, Total: 111402 ns
[1.189s][info ][safepoint      ] Safepoint "ICBufferFull", Time since last: 1196426 ns, Reaching safepoint: 102002 ns, At safepoint: 6001 ns, Total: 108003 ns
[1.191s][info ][safepoint      ] Safepoint "ICBufferFull", Time since last: 1771538 ns, Reaching safepoint: 42701 ns, At safepoint: 7200 ns, Total: 49901 ns
[1.193s][info ][safepoint      ] Safepoint "ICBufferFull", Time since last: 1598735 ns, Reaching safepoint: 33601 ns, At safepoint: 2900 ns, Total: 36501 ns
[1.193s][info ][safepoint      ] Safepoint "ICBufferFull", Time since last: 619314 ns, Reaching safepoint: 19800 ns, At safepoint: 1800 ns, Total: 21600 ns
[1.196s][info ][safepoint      ] Safepoint "ICBufferFull", Time since last: 2866063 ns, Reaching safepoint: 127803 ns, At safepoint: 8000 ns, Total: 135803 ns
[1.199s][info ][safepoint      ] Safepoint "ICBufferFull", Time since last: 2443953 ns, Reaching safepoint: 125303 ns, At safepoint: 10800 ns, Total: 136103 ns
[1.202s][info ][safepoint      ] Safepoint "ICBufferFull", Time since last: 2643358 ns, Reaching safepoint: 133803 ns, At safepoint: 7200 ns, Total: 141003 ns
[1.202s][info ][safepoint      ] Safepoint "ICBufferFull", Time since last: 63201 ns, Reaching safepoint: 96403 ns, At safepoint: 8800 ns, Total: 105203 ns
[1.213s][info ][safepoint      ] Safepoint "ICBufferFull", Time since last: 11096242 ns, Reaching safepoint: 53201 ns, At safepoint: 3201 ns, Total: 56402 ns
[1.236s][info ][safepoint      ] Safepoint "ICBufferFull", Time since last: 22649995 ns, Reaching safepoint: 61101 ns, At safepoint: 3100 ns, Total: 64201 ns
[1.239s][info ][safepoint      ] Safepoint "ICBufferFull", Time since last: 3551178 ns, Reaching safepoint: 30300 ns, At safepoint: 2700 ns, Total: 33000 ns
[1.280s][info ][safepoint      ] Safepoint "ICBufferFull", Time since last: 40393283 ns, Reaching safepoint: 95603 ns, At safepoint: 11100 ns, Total: 106703 ns
[1.283s][info ][safepoint      ] Safepoint "ICBufferFull", Time since last: 3254471 ns, Reaching safepoint: 51401 ns, At safepoint: 3000 ns, Total: 54401 ns
[1.285s][info ][safepoint      ] Safepoint "ICBufferFull", Time since last: 2111846 ns, Reaching safepoint: 30801 ns, At safepoint: 2800 ns, Total: 33601 ns
[1.328s][info ][safepoint      ] Safepoint "ICBufferFull", Time since last: 43305347 ns, Reaching safepoint: 67401 ns, At safepoint: 9600 ns, Total: 77001 ns
[1.333s][info ][safepoint      ] Safepoint "ICBufferFull", Time since last: 4306995 ns, Reaching safepoint: 50601 ns, At safepoint: 5800 ns, Total: 56401 ns
[1.334s][info ][safepoint      ] Safepoint "ICBufferFull", Time since last: 1317929 ns, Reaching safepoint: 45101 ns, At safepoint: 2500 ns, Total: 47601 ns
[1.336s][info ][safepoint      ] Safepoint "ICBufferFull", Time since last: 1594035 ns, Reaching safepoint: 28900 ns, At safepoint: 1700 ns, Total: 30600 ns
[1.337s][info ][safepoint      ] Safepoint "ICBufferFull", Time since last: 1242927 ns, Reaching safepoint: 35101 ns, At safepoint: 3200 ns, Total: 38301 ns
[1.340s][info ][safepoint      ] Safepoint "ICBufferFull", Time since last: 2332051 ns, Reaching safepoint: 39001 ns, At safepoint: 6100 ns, Total: 45101 ns
[1.342s][info ][safepoint      ] Safepoint "ICBufferFull", Time since last: 2080946 ns, Reaching safepoint: 41001 ns, At safepoint: 3800 ns, Total: 44801 ns
[1.343s][info ][safepoint      ] Safepoint "ICBufferFull", Time since last: 860718 ns, Reaching safepoint: 19001 ns, At safepoint: 2100 ns, Total: 21101 ns
[1.343s][info ][safepoint      ] Safepoint "ICBufferFull", Time since last: 844318 ns, Reaching safepoint: 20101 ns, At safepoint: 1900 ns, Total: 22001 ns
[1.344s][info ][safepoint      ] Safepoint "ICBufferFull", Time since last: 493511 ns, Reaching safepoint: 20100 ns, At safepoint: 1900 ns, Total: 22000 ns
[1.346s][info ][safepoint      ] Safepoint "ICBufferFull", Time since last: 1949343 ns, Reaching safepoint: 20800 ns, At safepoint: 2400 ns, Total: 23200 ns
[1.347s][info ][safepoint      ] Safepoint "ICBufferFull", Time since last: 666915 ns, Reaching safepoint: 20600 ns, At safepoint: 1600 ns, Total: 22200 ns
[1.347s][info ][safepoint      ] Safepoint "ICBufferFull", Time since last: 824618 ns, Reaching safepoint: 37801 ns, At safepoint: 1800 ns, Total: 39601 ns
[1.348s][info ][safepoint      ] Safepoint "ICBufferFull", Time since last: 1049223 ns, Reaching safepoint: 27701 ns, At safepoint: 1700 ns, Total: 29401 ns
[1.350s][info ][safepoint      ] Safepoint "ICBufferFull", Time since last: 1840640 ns, Reaching safepoint: 25001 ns, At safepoint: 7100 ns, Total: 32101 ns
[1.352s][info ][safepoint      ] Safepoint "ICBufferFull", Time since last: 1650436 ns, Reaching safepoint: 62701 ns, At safepoint: 7100 ns, Total: 69801 ns
[1.353s][info ][safepoint      ] Safepoint "ICBufferFull", Time since last: 1086224 ns, Reaching safepoint: 16400 ns, At safepoint: 5301 ns, Total: 21701 ns
[1.354s][info ][safepoint      ] Safepoint "ICBufferFull", Time since last: 1219926 ns, Reaching safepoint: 22001 ns, At safepoint: 5800 ns, Total: 27801 ns
[1.356s][info ][safepoint      ] Safepoint "ICBufferFull", Time since last: 1870941 ns, Reaching safepoint: 26000 ns, At safepoint: 2500 ns, Total: 28500 ns
[1.359s][info ][safepoint      ] Safepoint "ICBufferFull", Time since last: 2424953 ns, Reaching safepoint: 29201 ns, At safepoint: 2900 ns, Total: 32101 ns
[1.365s][info ][safepoint      ] Safepoint "ICBufferFull", Time since last: 5992931 ns, Reaching safepoint: 131003 ns, At safepoint: 7200 ns, Total: 138203 ns
[1.369s][info ][safepoint      ] Safepoint "ICBufferFull", Time since last: 4015988 ns, Reaching safepoint: 24100 ns, At safepoint: 3000 ns, Total: 27100 ns
[1.372s][info ][safepoint      ] Safepoint "ICBufferFull", Time since last: 2537156 ns, Reaching safepoint: 32001 ns, At safepoint: 2000 ns, Total: 34001 ns
[1.373s][info ][safepoint      ] Safepoint "ICBufferFull", Time since last: 1603635 ns, Reaching safepoint: 94502 ns, At safepoint: 5300 ns, Total: 99802 ns
[1.375s][info ][safepoint      ] Safepoint "ICBufferFull", Time since last: 1875741 ns, Reaching safepoint: 28101 ns, At safepoint: 2400 ns, Total: 30501 ns
[1.376s][info ][safepoint      ] Safepoint "ICBufferFull", Time since last: 550312 ns, Reaching safepoint: 16700 ns, At safepoint: 2200 ns, Total: 18900 ns
[1.377s][info ][safepoint      ] Safepoint "ICBufferFull", Time since last: 1588235 ns, Reaching safepoint: 95102 ns, At safepoint: 4300 ns, Total: 99402 ns
[1.379s][info ][safepoint      ] Safepoint "ICBufferFull", Time since last: 1568234 ns, Reaching safepoint: 20101 ns, At safepoint: 3000 ns, Total: 23101 ns
[1.381s][info ][safepoint      ] Safepoint "ICBufferFull", Time since last: 1599135 ns, Reaching safepoint: 92802 ns, At safepoint: 10400 ns, Total: 103202 ns
[1.384s][info ][safepoint      ] Safepoint "ICBufferFull", Time since last: 2798661 ns, Reaching safepoint: 45201 ns, At safepoint: 7000 ns, Total: 52201 ns
[1.385s][info ][safepoint      ] Safepoint "ICBufferFull", Time since last: 1487333 ns, Reaching safepoint: 94202 ns, At safepoint: 11000 ns, Total: 105202 ns
[1.387s][info ][safepoint      ] Safepoint "ICBufferFull", Time since last: 1551334 ns, Reaching safepoint: 119503 ns, At safepoint: 6000 ns, Total: 125503 ns
[1.389s][info ][safepoint      ] Safepoint "ICBufferFull", Time since last: 1766238 ns, Reaching safepoint: 74402 ns, At safepoint: 8600 ns, Total: 83002 ns
[1.391s][info ][safepoint      ] Safepoint "ICBufferFull", Time since last: 2332151 ns, Reaching safepoint: 34201 ns, At safepoint: 5900 ns, Total: 40101 ns
[1.393s][info ][safepoint      ] Safepoint "ICBufferFull", Time since last: 2262849 ns, Reaching safepoint: 53602 ns, At safepoint: 3000 ns, Total: 56602 ns
[1.395s][info ][safepoint      ] Safepoint "ICBufferFull", Time since last: 1780639 ns, Reaching safepoint: 29300 ns, At safepoint: 3500 ns, Total: 32800 ns
[1.398s][info ][safepoint      ] Safepoint "ICBufferFull", Time since last: 2517555 ns, Reaching safepoint: 39201 ns, At safepoint: 2800 ns, Total: 42001 ns
[1.408s][info ][safepoint      ] Safepoint "ICBufferFull", Time since last: 9658911 ns, Reaching safepoint: 118903 ns, At safepoint: 5400 ns, Total: 124303 ns
[1.409s][info ][safepoint      ] Safepoint "ICBufferFull", Time since last: 1192826 ns, Reaching safepoint: 37101 ns, At safepoint: 3900 ns, Total: 41001 ns
[1.410s][info ][safepoint      ] Safepoint "ICBufferFull", Time since last: 1543734 ns, Reaching safepoint: 19500 ns, At safepoint: 1700 ns, Total: 21200 ns
[1.411s][info ][safepoint      ] Safepoint "ICBufferFull", Time since last: 500711 ns, Reaching safepoint: 14501 ns, At safepoint: 1200 ns, Total: 15701 ns
[1.413s][info ][safepoint      ] Safepoint "ICBufferFull", Time since last: 1886541 ns, Reaching safepoint: 32801 ns, At safepoint: 3300 ns, Total: 36101 ns
[1.417s][info ][safepoint      ] Safepoint "ICBufferFull", Time since last: 4330194 ns, Reaching safepoint: 26501 ns, At safepoint: 2700 ns, Total: 29201 ns
[1.420s][info ][safepoint      ] Safepoint "ICBufferFull", Time since last: 3008566 ns, Reaching safepoint: 24900 ns, At safepoint: 2800 ns, Total: 27700 ns
[1.425s][info ][safepoint      ] Safepoint "ICBufferFull", Time since last: 5240615 ns, Reaching safepoint: 51301 ns, At safepoint: 3200 ns, Total: 54501 ns
[1.427s][info ][safepoint      ] Safepoint "ICBufferFull", Time since last: 1463332 ns, Reaching safepoint: 22101 ns, At safepoint: 2300 ns, Total: 24401 ns
[1.427s][info ][safepoint      ] Safepoint "ICBufferFull", Time since last: 499411 ns, Reaching safepoint: 31500 ns, At safepoint: 1700 ns, Total: 33200 ns
[1.430s][info ][safepoint      ] Safepoint "ICBufferFull", Time since last: 2929264 ns, Reaching safepoint: 31201 ns, At safepoint: 3100 ns, Total: 34301 ns
[1.431s][info ][safepoint      ] Safepoint "ICBufferFull", Time since last: 951321 ns, Reaching safepoint: 30801 ns, At safepoint: 2700 ns, Total: 33501 ns
[1.434s][info ][safepoint      ] Safepoint "ICBufferFull", Time since last: 2899263 ns, Reaching safepoint: 25801 ns, At safepoint: 2900 ns, Total: 28701 ns
[1.435s][info ][safepoint      ] Safepoint "ICBufferFull", Time since last: 516911 ns, Reaching safepoint: 22200 ns, At safepoint: 2400 ns, Total: 24600 ns
[1.437s][info ][safepoint      ] Safepoint "ICBufferFull", Time since last: 1635536 ns, Reaching safepoint: 22201 ns, At safepoint: 1900 ns, Total: 24101 ns
[1.438s][info ][safepoint      ] Safepoint "ICBufferFull", Time since last: 1553434 ns, Reaching safepoint: 22100 ns, At safepoint: 2600 ns, Total: 24700 ns
[1.441s][info ][safepoint      ] Safepoint "ICBufferFull", Time since last: 2722560 ns, Reaching safepoint: 39401 ns, At safepoint: 10700 ns, Total: 50101 ns
[1.443s][info ][safepoint      ] Safepoint "ICBufferFull", Time since last: 1866641 ns, Reaching safepoint: 32000 ns, At safepoint: 3100 ns, Total: 35100 ns
[1.462s][info ][safepoint      ] Safepoint "ICBufferFull", Time since last: 18842512 ns, Reaching safepoint: 33701 ns, At safepoint: 3900 ns, Total: 37601 ns
[1.479s][info ][safepoint      ] Safepoint "ICBufferFull", Time since last: 17404381 ns, Reaching safepoint: 130803 ns, At safepoint: 7700 ns, Total: 138503 ns
[1.481s][info ][safepoint      ] Safepoint "ICBufferFull", Time since last: 1431431 ns, Reaching safepoint: 57401 ns, At safepoint: 8700 ns, Total: 66101 ns
[1.482s][info ][safepoint      ] Safepoint "ICBufferFull", Time since last: 809518 ns, Reaching safepoint: 28101 ns, At safepoint: 2900 ns, Total: 31001 ns
[1.482s][info ][safepoint      ] Safepoint "ICBufferFull", Time since last: 804617 ns, Reaching safepoint: 17701 ns, At safepoint: 2200 ns, Total: 19901 ns
[1.484s][info ][safepoint      ] Safepoint "ICBufferFull", Time since last: 1264728 ns, Reaching safepoint: 28900 ns, At safepoint: 2800 ns, Total: 31700 ns
[1.485s][info ][safepoint      ] Safepoint "ICBufferFull", Time since last: 1419731 ns, Reaching safepoint: 44001 ns, At safepoint: 2800 ns, Total: 46801 ns
[1.487s][info ][safepoint      ] Safepoint "ICBufferFull", Time since last: 2044445 ns, Reaching safepoint: 21500 ns, At safepoint: 2500 ns, Total: 24000 ns
[1.488s][info ][safepoint      ] Safepoint "ICBufferFull", Time since last: 998122 ns, Reaching safepoint: 19901 ns, At safepoint: 3200 ns, Total: 23101 ns
[1.489s][info ][safepoint      ] Safepoint "ICBufferFull", Time since last: 1061123 ns, Reaching safepoint: 22100 ns, At safepoint: 2501 ns, Total: 24601 ns
[1.492s][info ][safepoint      ] Safepoint "ICBufferFull", Time since last: 2419352 ns, Reaching safepoint: 27901 ns, At safepoint: 3000 ns, Total: 30901 ns
[1.493s][info ][safepoint      ] Safepoint "ICBufferFull", Time since last: 1422331 ns, Reaching safepoint: 27501 ns, At safepoint: 2900 ns, Total: 30401 ns
[1.495s][info ][safepoint      ] Safepoint "ICBufferFull", Time since last: 1251827 ns, Reaching safepoint: 25801 ns, At safepoint: 3000 ns, Total: 28801 ns
[1.496s][info ][safepoint      ] Safepoint "ICBufferFull", Time since last: 1701237 ns, Reaching safepoint: 30101 ns, At safepoint: 4300 ns, Total: 34401 ns
[1.500s][info ][safepoint      ] Safepoint "ICBufferFull", Time since last: 3506676 ns, Reaching safepoint: 26501 ns, At safepoint: 3900 ns, Total: 30401 ns
[1.500s][info ][safepoint      ] Safepoint "ICBufferFull", Time since last: 637514 ns, Reaching safepoint: 22801 ns, At safepoint: 2900 ns, Total: 25701 ns
[1.502s][info ][safepoint      ] Safepoint "ICBufferFull", Time since last: 1579834 ns, Reaching safepoint: 22701 ns, At safepoint: 2900 ns, Total: 25601 ns
[1.503s][info ][safepoint      ] Safepoint "ICBufferFull", Time since last: 1117124 ns, Reaching safepoint: 22101 ns, At safepoint: 3200 ns, Total: 25301 ns
[1.504s][info ][safepoint      ] Safepoint "ICBufferFull", Time since last: 1142825 ns, Reaching safepoint: 34900 ns, At safepoint: 2001 ns, Total: 36901 ns
[1.506s][info ][safepoint      ] Safepoint "ICBufferFull", Time since last: 1412630 ns, Reaching safepoint: 23101 ns, At safepoint: 2700 ns, Total: 25801 ns
[1.507s][info ][safepoint      ] Safepoint "ICBufferFull", Time since last: 1363630 ns, Reaching safepoint: 23300 ns, At safepoint: 2900 ns, Total: 26200 ns
[1.509s][info ][safepoint      ] Safepoint "ICBufferFull", Time since last: 1330629 ns, Reaching safepoint: 20801 ns, At safepoint: 2100 ns, Total: 22901 ns
[1.510s][info ][safepoint      ] Safepoint "ICBufferFull", Time since last: 1375130 ns, Reaching safepoint: 92802 ns, At safepoint: 6800 ns, Total: 99602 ns
[1.511s][info ][safepoint      ] Safepoint "ICBufferFull", Time since last: 1371830 ns, Reaching safepoint: 35401 ns, At safepoint: 2200 ns, Total: 37601 ns
[1.513s][info ][safepoint      ] Safepoint "ICBufferFull", Time since last: 1542434 ns, Reaching safepoint: 22200 ns, At safepoint: 2400 ns, Total: 24600 ns
[1.515s][info ][safepoint      ] Safepoint "ICBufferFull", Time since last: 2203448 ns, Reaching safepoint: 92402 ns, At safepoint: 8101 ns, Total: 100503 ns
[1.517s][info ][safepoint      ] Safepoint "ICBufferFull", Time since last: 1421031 ns, Reaching safepoint: 19400 ns, At safepoint: 6800 ns, Total: 26200 ns
[1.518s][info ][safepoint      ] Safepoint "ICBufferFull", Time since last: 1307129 ns, Reaching safepoint: 22700 ns, At safepoint: 2100 ns, Total: 24800 ns
[1.520s][info ][safepoint      ] Safepoint "ICBufferFull", Time since last: 1514333 ns, Reaching safepoint: 21001 ns, At safepoint: 9400 ns, Total: 30401 ns
[1.521s][info ][safepoint      ] Safepoint "ICBufferFull", Time since last: 1289728 ns, Reaching safepoint: 21201 ns, At safepoint: 2500 ns, Total: 23701 ns
[1.522s][info ][safepoint      ] Safepoint "ICBufferFull", Time since last: 1414531 ns, Reaching safepoint: 20500 ns, At safepoint: 2800 ns, Total: 23300 ns
[1.524s][info ][safepoint      ] Safepoint "ICBufferFull", Time since last: 1272528 ns, Reaching safepoint: 21401 ns, At safepoint: 2700 ns, Total: 24101 ns
[1.525s][info ][safepoint      ] Safepoint "ICBufferFull", Time since last: 1330829 ns, Reaching safepoint: 20500 ns, At safepoint: 2600 ns, Total: 23100 ns
[1.526s][info ][safepoint      ] Safepoint "ICBufferFull", Time since last: 1311629 ns, Reaching safepoint: 20100 ns, At safepoint: 2700 ns, Total: 22800 ns
[1.528s][info ][safepoint      ] Safepoint "ICBufferFull", Time since last: 1734438 ns, Reaching safepoint: 21201 ns, At safepoint: 2300 ns, Total: 23501 ns
[1.529s][info ][safepoint      ] Safepoint "ICBufferFull", Time since last: 496711 ns, Reaching safepoint: 17800 ns, At safepoint: 1600 ns, Total: 19400 ns
[1.532s][info ][safepoint      ] Safepoint "ICBufferFull", Time since last: 3210770 ns, Reaching safepoint: 29201 ns, At safepoint: 3700 ns, Total: 32901 ns
[1.534s][info ][safepoint      ] Safepoint "ICBufferFull", Time since last: 1637636 ns, Reaching safepoint: 23100 ns, At safepoint: 2600 ns, Total: 25700 ns
[1.534s][info ][safepoint      ] Safepoint "ICBufferFull", Time since last: 523212 ns, Reaching safepoint: 21400 ns, At safepoint: 2400 ns, Total: 23800 ns
[1.536s][info ][safepoint      ] Safepoint "ICBufferFull", Time since last: 1648136 ns, Reaching safepoint: 23301 ns, At safepoint: 3100 ns, Total: 26401 ns
[1.538s][info ][safepoint      ] Safepoint "ICBufferFull", Time since last: 1793839 ns, Reaching safepoint: 44201 ns, At safepoint: 5700 ns, Total: 49901 ns
[1.538s][info ][safepoint      ] Safepoint "ICBufferFull", Time since last: 503811 ns, Reaching safepoint: 90702 ns, At safepoint: 6300 ns, Total: 97002 ns
[1.540s][info ][safepoint      ] Safepoint "ICBufferFull", Time since last: 1994744 ns, Reaching safepoint: 49401 ns, At safepoint: 6000 ns, Total: 55401 ns
[1.542s][info ][safepoint      ] Safepoint "ICBufferFull", Time since last: 1550034 ns, Reaching safepoint: 44801 ns, At safepoint: 2200 ns, Total: 47001 ns
[1.543s][info ][safepoint      ] Safepoint "ICBufferFull", Time since last: 1169526 ns, Reaching safepoint: 23800 ns, At safepoint: 3100 ns, Total: 26900 ns
[1.544s][info ][safepoint      ] Safepoint "ICBufferFull", Time since last: 1084124 ns, Reaching safepoint: 19400 ns, At safepoint: 2300 ns, Total: 21700 ns
[1.545s][info ][safepoint      ] Safepoint "ICBufferFull", Time since last: 909820 ns, Reaching safepoint: 19401 ns, At safepoint: 2700 ns, Total: 22101 ns
[1.546s][info ][safepoint      ] Safepoint "ICBufferFull", Time since last: 1058823 ns, Reaching safepoint: 19000 ns, At safepoint: 2700 ns, Total: 21700 ns
[1.547s][info ][safepoint      ] Safepoint "ICBufferFull", Time since last: 1269328 ns, Reaching safepoint: 21101 ns, At safepoint: 2900 ns, Total: 24001 ns
[1.548s][info ][safepoint      ] Safepoint "ICBufferFull", Time since last: 870819 ns, Reaching safepoint: 18900 ns, At safepoint: 2500 ns, Total: 21400 ns
[1.550s][info ][safepoint      ] Safepoint "ICBufferFull", Time since last: 1228227 ns, Reaching safepoint: 90302 ns, At safepoint: 6200 ns, Total: 96502 ns
[1.550s][info ][safepoint      ] Safepoint "ICBufferFull", Time since last: 735016 ns, Reaching safepoint: 19201 ns, At safepoint: 2400 ns, Total: 21601 ns
[1.551s][info ][safepoint      ] Safepoint "ICBufferFull", Time since last: 734516 ns, Reaching safepoint: 20000 ns, At safepoint: 2800 ns, Total: 22800 ns
[1.552s][info ][safepoint      ] Safepoint "ICBufferFull", Time since last: 687415 ns, Reaching safepoint: 19501 ns, At safepoint: 6100 ns, Total: 25601 ns
[1.553s][info ][safepoint      ] Safepoint "ICBufferFull", Time since last: 733816 ns, Reaching safepoint: 20700 ns, At safepoint: 2900 ns, Total: 23600 ns
[1.553s][info ][safepoint      ] Safepoint "ICBufferFull", Time since last: 719316 ns, Reaching safepoint: 19701 ns, At safepoint: 2500 ns, Total: 22201 ns
[1.554s][info ][safepoint      ] Safepoint "ICBufferFull", Time since last: 524111 ns, Reaching safepoint: 45001 ns, At safepoint: 2800 ns, Total: 47801 ns
[1.556s][info ][safepoint      ] Safepoint "ICBufferFull", Time since last: 1752939 ns, Reaching safepoint: 39800 ns, At safepoint: 3300 ns, Total: 43100 ns
[1.557s][info ][safepoint      ] Safepoint "ICBufferFull", Time since last: 677615 ns, Reaching safepoint: 37801 ns, At safepoint: 3100 ns, Total: 40901 ns
[1.557s][info ][safepoint      ] Safepoint "ICBufferFull", Time since last: 670815 ns, Reaching safepoint: 24100 ns, At safepoint: 2200 ns, Total: 26300 ns
[1.558s][info ][safepoint      ] Safepoint "ICBufferFull", Time since last: 657815 ns, Reaching safepoint: 26600 ns, At safepoint: 2400 ns, Total: 29000 ns
[1.559s][info ][safepoint      ] Safepoint "ICBufferFull", Time since last: 718316 ns, Reaching safepoint: 21301 ns, At safepoint: 1700 ns, Total: 23001 ns
[1.559s][info ][safepoint      ] Safepoint "ICBufferFull", Time since last: 623713 ns, Reaching safepoint: 19301 ns, At safepoint: 1700 ns, Total: 21001 ns
[1.560s][info ][safepoint      ] Safepoint "ICBufferFull", Time since last: 624713 ns, Reaching safepoint: 30701 ns, At safepoint: 1600 ns, Total: 32301 ns
[1.561s][info ][safepoint      ] Safepoint "ICBufferFull", Time since last: 619414 ns, Reaching safepoint: 33500 ns, At safepoint: 1800 ns, Total: 35300 ns
[1.561s][info ][safepoint      ] Safepoint "ICBufferFull", Time since last: 619714 ns, Reaching safepoint: 21200 ns, At safepoint: 2000 ns, Total: 23200 ns
[1.562s][info ][safepoint      ] Safepoint "ICBufferFull", Time since last: 670815 ns, Reaching safepoint: 23201 ns, At safepoint: 3600 ns, Total: 26801 ns
[1.563s][info ][safepoint      ] Safepoint "ICBufferFull", Time since last: 886919 ns, Reaching safepoint: 28001 ns, At safepoint: 5200 ns, Total: 33201 ns
[1.564s][info ][safepoint      ] Safepoint "ICBufferFull", Time since last: 1092724 ns, Reaching safepoint: 24200 ns, At safepoint: 2000 ns, Total: 26200 ns
[1.565s][info ][safepoint      ] Safepoint "ICBufferFull", Time since last: 887820 ns, Reaching safepoint: 22900 ns, At safepoint: 2000 ns, Total: 24900 ns
[1.566s][info ][safepoint      ] Safepoint "ICBufferFull", Time since last: 1027323 ns, Reaching safepoint: 21300 ns, At safepoint: 2200 ns, Total: 23500 ns
[1.570s][info ][safepoint      ] Safepoint "ICBufferFull", Time since last: 4431897 ns, Reaching safepoint: 25001 ns, At safepoint: 2400 ns, Total: 27401 ns
[1.574s][info ][safepoint      ] Safepoint "ICBufferFull", Time since last: 3881085 ns, Reaching safepoint: 31800 ns, At safepoint: 2200 ns, Total: 34000 ns
[1.579s][info ][safepoint      ] Safepoint "ICBufferFull", Time since last: 4284794 ns, Reaching safepoint: 29601 ns, At safepoint: 2500 ns, Total: 32101 ns
[1.584s][info ][safepoint      ] Safepoint "ICBufferFull", Time since last: 5589522 ns, Reaching safepoint: 47001 ns, At safepoint: 3300 ns, Total: 50301 ns
[1.592s][info ][safepoint      ] Safepoint "ICBufferFull", Time since last: 7761170 ns, Reaching safepoint: 58501 ns, At safepoint: 3700 ns, Total: 62201 ns
[1.594s][info ][safepoint      ] Safepoint "ICBufferFull", Time since last: 1816740 ns, Reaching safepoint: 46001 ns, At safepoint: 2500 ns, Total: 48501 ns
[1.596s][info ][safepoint      ] Safepoint "ICBufferFull", Time since last: 1724237 ns, Reaching safepoint: 22401 ns, At safepoint: 1900 ns, Total: 24301 ns
[1.597s][info ][safepoint      ] Safepoint "ICBufferFull", Time since last: 1469432 ns, Reaching safepoint: 21901 ns, At safepoint: 1700 ns, Total: 23601 ns
[1.599s][info ][safepoint      ] Safepoint "ICBufferFull", Time since last: 1420731 ns, Reaching safepoint: 23200 ns, At safepoint: 2200 ns, Total: 25400 ns
[1.600s][info ][safepoint      ] Safepoint "ICBufferFull", Time since last: 1543334 ns, Reaching safepoint: 27901 ns, At safepoint: 2100 ns, Total: 30001 ns
[1.601s][info ][safepoint      ] Safepoint "ICBufferFull", Time since last: 839918 ns, Reaching safepoint: 20100 ns, At safepoint: 2101 ns, Total: 22201 ns
[1.605s][info ][safepoint      ] Safepoint "ICBufferFull", Time since last: 3966686 ns, Reaching safepoint: 48601 ns, At safepoint: 4300 ns, Total: 52901 ns
[1.608s][info ][safepoint      ] Safepoint "ICBufferFull", Time since last: 2693059 ns, Reaching safepoint: 57702 ns, At safepoint: 4000 ns, Total: 61702 ns
[1.609s][info ][safepoint      ] Safepoint "ICBufferFull", Time since last: 649014 ns, Reaching safepoint: 23600 ns, At safepoint: 2200 ns, Total: 25800 ns
[1.611s][info ][safepoint      ] Safepoint "ICBufferFull", Time since last: 2293751 ns, Reaching safepoint: 32500 ns, At safepoint: 2300 ns, Total: 34800 ns
[1.612s][info ][safepoint      ] Safepoint "ICBufferFull", Time since last: 691115 ns, Reaching safepoint: 19901 ns, At safepoint: 2300 ns, Total: 22201 ns
[1.612s][info ][safepoint      ] Safepoint "ICBufferFull", Time since last: 606413 ns, Reaching safepoint: 19601 ns, At safepoint: 2500 ns, Total: 22101 ns
[1.613s][info ][safepoint      ] Safepoint "ICBufferFull", Time since last: 689615 ns, Reaching safepoint: 20300 ns, At safepoint: 2700 ns, Total: 23000 ns
[1.614s][info ][safepoint      ] Safepoint "ICBufferFull", Time since last: 658615 ns, Reaching safepoint: 18600 ns, At safepoint: 2600 ns, Total: 21200 ns
[1.614s][info ][safepoint      ] Safepoint "ICBufferFull", Time since last: 609813 ns, Reaching safepoint: 18601 ns, At safepoint: 2600 ns, Total: 21201 ns
[1.615s][info ][safepoint      ] Safepoint "ICBufferFull", Time since last: 669114 ns, Reaching safepoint: 20901 ns, At safepoint: 5400 ns, Total: 26301 ns
[1.616s][info ][safepoint      ] Safepoint "ICBufferFull", Time since last: 703215 ns, Reaching safepoint: 20901 ns, At safepoint: 2600 ns, Total: 23501 ns
[1.616s][info ][safepoint      ] Safepoint "ICBufferFull", Time since last: 655814 ns, Reaching safepoint: 20401 ns, At safepoint: 1600 ns, Total: 22001 ns
[1.617s][info ][safepoint      ] Safepoint "ICBufferFull", Time since last: 754916 ns, Reaching safepoint: 17201 ns, At safepoint: 1700 ns, Total: 18901 ns
[1.618s][info ][safepoint      ] Safepoint "ICBufferFull", Time since last: 657514 ns, Reaching safepoint: 17700 ns, At safepoint: 1600 ns, Total: 19300 ns
[1.618s][info ][safepoint      ] Safepoint "ICBufferFull", Time since last: 670715 ns, Reaching safepoint: 17601 ns, At safepoint: 5400 ns, Total: 23001 ns
[1.775s][info ][safepoint      ] Safepoint "ICBufferFull", Time since last: 156634724 ns, Reaching safepoint: 154703 ns, At safepoint: 5601 ns, Total: 160304 ns
[2.121s][info ][gc,start       ] GC(2) Pause Young (Metadata GC Threshold)
[2.151s][debug][gc,phases      ] GC(2) Scavenge 30.111ms
[2.151s][debug][gc,ref         ] GC(2) Skipped phase 1 of Reference Processing: no references
[2.151s][debug][gc,ref         ] GC(2) Skipped phase 3 of Reference Processing: no references
[2.151s][debug][gc,phases      ] GC(2) Reference Processing 0.158ms
[2.152s][debug][gc,phases      ] GC(2) Weak Processing 0.584ms
[2.152s][debug][gc,age         ] GC(2) Desired survivor size 536870912 bytes, new threshold 7 (max threshold 15)
[2.152s][info ][gc,heap        ] GC(2) PSYoungGen: 446456K(1572864K)->49169K(1572864K) Eden: 434064K(1048576K)->0K(1048576K) From: 12392K(524288K)->49169K(524288K)
[2.152s][info ][gc,heap        ] GC(2) ParOldGen: 5684K(6144K)->5692K(6144K)
[2.152s][info ][gc,metaspace   ] GC(2) Metaspace: 35149K(35456K)->35149K(35456K) NonClass: 30772K(30912K)->30772K(30912K) Class: 4377K(4544K)->4377K(4544K)
[2.152s][info ][gc             ] GC(2) Pause Young (Metadata GC Threshold) 441M->53M(1542M) 30.991ms
[2.152s][info ][gc,cpu         ] GC(2) User=0.16s Sys=0.00s Real=0.04s
[2.152s][debug][gc,phases      ] GC(3) Pre Compact 0.009ms
[2.152s][info ][gc,start       ] GC(3) Pause Full (Metadata GC Threshold)
[2.152s][info ][gc,phases,start] GC(3) Marking Phase
[2.169s][debug][gc,phases      ] GC(3) Par Mark 16.652ms
[2.169s][debug][gc,ref         ] GC(3) Skipped phase 1 of Reference Processing: no references
[2.169s][debug][gc,ref         ] GC(3) Skipped phase 3 of Reference Processing: no references
[2.169s][debug][gc,phases      ] GC(3) Reference Processing 0.077ms
[2.169s][debug][gc,phases      ] GC(3) Weak Processing 0.222ms
[2.169s][debug][gc,phases      ] GC(3) ClassLoaderData 0.027ms
[2.169s][debug][gc,phases      ] GC(3) Trigger cleanups 0.000ms
[2.172s][debug][gc,phases      ] GC(3) Class Unloading 3.085ms
[2.172s][info ][gc,phases      ] GC(3) Marking Phase 20.134ms
[2.172s][info ][gc,phases,start] GC(3) Summary Phase
[2.172s][info ][gc,phases      ] GC(3) Summary Phase 0.005ms
[2.172s][info ][gc,phases,start] GC(3) Adjust Roots
[2.180s][info ][gc,phases      ] GC(3) Adjust Roots 7.533ms
[2.180s][info ][gc,phases,start] GC(3) Compaction Phase
[2.414s][info ][gc,phases      ] GC(3) Compaction Phase 234.195ms
[2.414s][info ][gc,phases,start] GC(3) Post Compact
[2.414s][info ][gc,phases      ] GC(3) Post Compact 0.483ms
[2.414s][info ][gc,heap        ] GC(3) PSYoungGen: 49169K(1572864K)->48502K(1572864K) Eden: 0K(1048576K)->0K(1048576K) From: 49169K(524288K)->48502K(524288K)
[2.414s][info ][gc,heap        ] GC(3) ParOldGen: 5692K(6144K)->6098K(6144K)
[2.414s][info ][gc,metaspace   ] GC(3) Metaspace: 35149K(35456K)->35149K(35456K) NonClass: 30772K(30912K)->30772K(30912K) Class: 4377K(4544K)->4377K(4544K)
[2.414s][info ][gc             ] GC(3) Pause Full (Metadata GC Threshold) 53M->53M(1542M) 262.463ms
[2.415s][info ][gc,cpu         ] GC(3) User=0.55s Sys=0.00s Real=0.26s
[2.415s][info ][safepoint      ] Safepoint "CollectForMetadataAllocation", Time since last: 345559954 ns, Reaching safepoint: 144403 ns, At safepoint: 293587419 ns, Total: 293731822 ns
[2.639s][info ][safepoint      ] Safepoint "ICBufferFull", Time since last: 221845750 ns, Reaching safepoint: 2254649 ns, At safepoint: 15801 ns, Total: 2270450 ns
[2.811s][info ][safepoint      ] Safepoint "ICBufferFull", Time since last: 169888114 ns, Reaching safepoint: 2242249 ns, At safepoint: 18101 ns, Total: 2260350 ns
[2.818s][info ][safepoint      ] Safepoint "ICBufferFull", Time since last: 7481963 ns, Reaching safepoint: 105702 ns, At safepoint: 19101 ns, Total: 124803 ns
[2.819s][info ][safepoint      ] Safepoint "ICBufferFull", Time since last: 68001 ns, Reaching safepoint: 93802 ns, At safepoint: 17701 ns, Total: 111503 ns
[2.882s][info ][safepoint      ] Safepoint "ICBufferFull", Time since last: 63130680 ns, Reaching safepoint: 224105 ns, At safepoint: 24800 ns, Total: 248905 ns
[3.087s][info ][safepoint      ] Safepoint "ICBufferFull", Time since last: 204578573 ns, Reaching safepoint: 241605 ns, At safepoint: 23301 ns, Total: 264906 ns
[3.199s][info ][safepoint      ] Safepoint "ICBufferFull", Time since last: 112429058 ns, Reaching safepoint: 197704 ns, At safepoint: 29501 ns, Total: 227205 ns
[3.454s][info ][safepoint      ] Safepoint "ICBufferFull", Time since last: 254620067 ns, Reaching safepoint: 246305 ns, At safepoint: 22801 ns, Total: 269106 ns
[3.457s][info ][safepoint      ] Safepoint "ICBufferFull", Time since last: 2352351 ns, Reaching safepoint: 463610 ns, At safepoint: 26101 ns, Total: 489711 ns
[3.460s][info ][safepoint      ] Safepoint "ICBufferFull", Time since last: 2637158 ns, Reaching safepoint: 186704 ns, At safepoint: 26800 ns, Total: 213504 ns
[3.553s][info ][safepoint      ] Safepoint "ICBufferFull", Time since last: 92502023 ns, Reaching safepoint: 212204 ns, At safepoint: 22801 ns, Total: 235005 ns
[3.555s][info ][safepoint      ] Safepoint "ICBufferFull", Time since last: 1851740 ns, Reaching safepoint: 122703 ns, At safepoint: 27301 ns, Total: 150004 ns
[3.561s][info ][safepoint      ] Safepoint "ICBufferFull", Time since last: 6129434 ns, Reaching safepoint: 137103 ns, At safepoint: 26800 ns, Total: 163903 ns
[3.566s][info ][safepoint      ] Safepoint "ICBufferFull", Time since last: 4688003 ns, Reaching safepoint: 129103 ns, At safepoint: 28600 ns, Total: 157703 ns
[3.568s][info ][safepoint      ] Safepoint "ICBufferFull", Time since last: 1684937 ns, Reaching safepoint: 109302 ns, At safepoint: 24201 ns, Total: 133503 ns
[3.570s][info ][safepoint      ] Safepoint "ICBufferFull", Time since last: 1721738 ns, Reaching safepoint: 117402 ns, At safepoint: 24401 ns, Total: 141803 ns
[3.572s][info ][safepoint      ] Safepoint "ICBufferFull", Time since last: 2520155 ns, Reaching safepoint: 182904 ns, At safepoint: 29900 ns, Total: 212804 ns
[3.575s][info ][safepoint      ] Safepoint "ICBufferFull", Time since last: 2210549 ns, Reaching safepoint: 130603 ns, At safepoint: 28500 ns, Total: 159103 ns
[3.577s][info ][safepoint      ] Safepoint "ICBufferFull", Time since last: 1903142 ns, Reaching safepoint: 113202 ns, At safepoint: 17401 ns, Total: 130603 ns
[3.583s][info ][safepoint      ] Safepoint "ICBufferFull", Time since last: 1612035 ns, Reaching safepoint: 4275493 ns, At safepoint: 28701 ns, Total: 4304194 ns
[3.585s][info ][safepoint      ] Safepoint "ICBufferFull", Time since last: 2456454 ns, Reaching safepoint: 114302 ns, At safepoint: 27401 ns, Total: 141703 ns
[3.614s][info ][safepoint      ] Safepoint "ICBufferFull", Time since last: 28268118 ns, Reaching safepoint: 260906 ns, At safepoint: 31700 ns, Total: 292606 ns
[3.618s][info ][safepoint      ] Safepoint "ICBufferFull", Time since last: 3830284 ns, Reaching safepoint: 102402 ns, At safepoint: 28401 ns, Total: 130803 ns
[3.620s][info ][safepoint      ] Safepoint "ICBufferFull", Time since last: 2281150 ns, Reaching safepoint: 113302 ns, At safepoint: 33201 ns, Total: 146503 ns
[3.623s][info ][safepoint      ] Safepoint "ICBufferFull", Time since last: 2865663 ns, Reaching safepoint: 308306 ns, At safepoint: 24101 ns, Total: 332407 ns
[3.625s][info ][safepoint      ] Safepoint "ICBufferFull", Time since last: 1681137 ns, Reaching safepoint: 107802 ns, At safepoint: 21001 ns, Total: 128803 ns
[3.627s][info ][safepoint      ] Safepoint "ICBufferFull", Time since last: 1557834 ns, Reaching safepoint: 286006 ns, At safepoint: 16400 ns, Total: 302406 ns
[3.628s][info ][safepoint      ] Safepoint "ICBufferFull", Time since last: 1140525 ns, Reaching safepoint: 99002 ns, At safepoint: 16901 ns, Total: 115903 ns
[3.649s][info ][safepoint      ] Safepoint "ICBufferFull", Time since last: 20104239 ns, Reaching safepoint: 130703 ns, At safepoint: 28901 ns, Total: 159604 ns
[3.650s][info ][safepoint      ] Safepoint "ICBufferFull", Time since last: 1740738 ns, Reaching safepoint: 108002 ns, At safepoint: 28001 ns, Total: 136003 ns
[3.662s][info ][safepoint      ] Safepoint "ICBufferFull", Time since last: 11272646 ns, Reaching safepoint: 122003 ns, At safepoint: 21000 ns, Total: 143003 ns
[3.675s][info ][safepoint      ] Safepoint "ICBufferFull", Time since last: 12619676 ns, Reaching safepoint: 121403 ns, At safepoint: 20900 ns, Total: 142303 ns
[3.676s][info ][safepoint      ] Safepoint "ICBufferFull", Time since last: 1561035 ns, Reaching safepoint: 180303 ns, At safepoint: 25201 ns, Total: 205504 ns
[3.683s][info ][safepoint      ] Safepoint "ICBufferFull", Time since last: 3035366 ns, Reaching safepoint: 3210371 ns, At safepoint: 26300 ns, Total: 3236671 ns
[3.695s][info ][safepoint      ] Safepoint "ICBufferFull", Time since last: 9428806 ns, Reaching safepoint: 3224571 ns, At safepoint: 37901 ns, Total: 3262472 ns
[3.697s][info ][safepoint      ] Safepoint "ICBufferFull", Time since last: 1642936 ns, Reaching safepoint: 123202 ns, At safepoint: 22301 ns, Total: 145503 ns
[3.707s][info ][safepoint      ] Safepoint "ICBufferFull", Time since last: 6791148 ns, Reaching safepoint: 3211770 ns, At safepoint: 41701 ns, Total: 3253471 ns
[3.713s][info ][safepoint      ] Safepoint "ICBufferFull", Time since last: 5484620 ns, Reaching safepoint: 127003 ns, At safepoint: 27801 ns, Total: 154804 ns
[3.724s][info ][safepoint      ] Safepoint "ICBufferFull", Time since last: 11360848 ns, Reaching safepoint: 166004 ns, At safepoint: 17500 ns, Total: 183504 ns
[3.738s][info ][safepoint      ] Safepoint "ICBufferFull", Time since last: 13812002 ns, Reaching safepoint: 157503 ns, At safepoint: 24101 ns, Total: 181604 ns
[3.742s][info ][safepoint      ] Safepoint "ICBufferFull", Time since last: 3172569 ns, Reaching safepoint: 114703 ns, At safepoint: 19600 ns, Total: 134303 ns
[3.749s][info ][safepoint      ] Safepoint "ICBufferFull", Time since last: 7265959 ns, Reaching safepoint: 129303 ns, At safepoint: 29701 ns, Total: 159004 ns
[3.751s][info ][safepoint      ] Safepoint "ICBufferFull", Time since last: 1319429 ns, Reaching safepoint: 96202 ns, At safepoint: 22700 ns, Total: 118902 ns
[3.752s][info ][safepoint      ] Safepoint "ICBufferFull", Time since last: 1354930 ns, Reaching safepoint: 94402 ns, At safepoint: 22200 ns, Total: 116602 ns
[3.863s][debug][gc,phases      ] GC(4) Pre Compact 0.025ms
[3.863s][info ][gc,start       ] GC(4) Pause Full (Ergonomics)
[3.863s][info ][gc,phases,start] GC(4) Marking Phase
[3.967s][debug][gc,phases      ] GC(4) Par Mark 104.686ms
[3.967s][debug][gc,ref         ] GC(4) Skipped phase 1 of Reference Processing: no references
[3.968s][debug][gc,ref         ] GC(4) Skipped phase 3 of Reference Processing: no references
[3.968s][debug][gc,phases      ] GC(4) Reference Processing 0.690ms
[3.969s][debug][gc,phases      ] GC(4) Weak Processing 0.469ms
[3.969s][debug][gc,phases      ] GC(4) ClassLoaderData 0.175ms
[3.969s][debug][gc,phases      ] GC(4) Trigger cleanups 0.001ms
[3.978s][debug][gc,phases      ] GC(4) Class Unloading 9.380ms
[3.978s][info ][gc,phases      ] GC(4) Marking Phase 115.378ms
[3.978s][info ][gc,phases,start] GC(4) Summary Phase
[3.978s][info ][gc,phases      ] GC(4) Summary Phase 0.026ms
[3.978s][info ][gc,phases,start] GC(4) Adjust Roots
[3.994s][info ][gc,phases      ] GC(4) Adjust Roots 15.877ms
[3.994s][info ][gc,phases,start] GC(4) Compaction Phase
[4.221s][info ][gc,phases      ] GC(4) Compaction Phase 227.018ms
[4.221s][info ][gc,phases,start] GC(4) Post Compact
[4.224s][info ][gc,phases      ] GC(4) Post Compact 3.164ms
[4.224s][info ][gc,heap        ] GC(4) PSYoungGen: 1097078K(1572864K)->153148K(1572864K) Eden: 1048576K(1048576K)->153148K(1048576K) From: 48502K(524288K)->0K(524288K)
[4.224s][info ][gc,heap        ] GC(4) ParOldGen: 6098K(6144K)->6129K(18944K)
[4.224s][info ][gc,metaspace   ] GC(4) Metaspace: 48919K(49408K)->48892K(49408K) NonClass: 41834K(42112K)->41815K(42112K) Class: 7085K(7296K)->7076K(7296K)
[4.224s][info ][gc             ] GC(4) Pause Full (Ergonomics) 1077M->155M(1554M) 361.714ms
[4.224s][info ][gc,cpu         ] GC(4) User=1.26s Sys=0.02s Real=0.36s
[4.224s][info ][safepoint      ] Safepoint "ParallelGCFailedAllocation", Time since last: 107172644 ns, Reaching safepoint: 3297372 ns, At safepoint: 361890812 ns, Total: 365188184 ns
[4.264s][info ][safepoint      ] Safepoint "ICBufferFull", Time since last: 39655967 ns, Reaching safepoint: 267006 ns, At safepoint: 29701 ns, Total: 296707 ns
[4.267s][info ][safepoint      ] Safepoint "ICBufferFull", Time since last: 1949842 ns, Reaching safepoint: 197805 ns, At safepoint: 29500 ns, Total: 227305 ns
[4.267s][info ][safepoint      ] Safepoint "ICBufferFull", Time since last: 320007 ns, Reaching safepoint: 68202 ns, At safepoint: 31500 ns, Total: 99702 ns
[4.276s][info ][safepoint      ] Safepoint "ICBufferFull", Time since last: 9207302 ns, Reaching safepoint: 138703 ns, At safepoint: 29500 ns, Total: 168203 ns
[4.287s][info ][safepoint      ] Safepoint "ICBufferFull", Time since last: 7065255 ns, Reaching safepoint: 3206670 ns, At safepoint: 39401 ns, Total: 3246071 ns
[4.305s][info ][safepoint      ] Safepoint "ICBufferFull", Time since last: 18250999 ns, Reaching safepoint: 144603 ns, At safepoint: 20001 ns, Total: 164604 ns
[4.314s][info ][safepoint      ] Safepoint "ICBufferFull", Time since last: 9232501 ns, Reaching safepoint: 81802 ns, At safepoint: 25101 ns, Total: 106903 ns
[4.366s][info ][safepoint      ] Safepoint "ICBufferFull", Time since last: 51742731 ns, Reaching safepoint: 152403 ns, At safepoint: 30601 ns, Total: 183004 ns
[4.376s][info ][safepoint      ] Safepoint "ICBufferFull", Time since last: 9539209 ns, Reaching safepoint: 139403 ns, At safepoint: 31700 ns, Total: 171103 ns
[4.398s][info ][safepoint      ] Safepoint "ICBufferFull", Time since last: 21432569 ns, Reaching safepoint: 960221 ns, At safepoint: 23601 ns, Total: 983822 ns
[4.417s][info ][gc,start       ] GC(5) Pause Young (Allocation Failure)
[4.514s][debug][gc,phases      ] GC(5) Scavenge 97.006ms
[4.514s][debug][gc,ref         ] GC(5) Skipped phase 1 of Reference Processing: no references
[4.514s][debug][gc,ref         ] GC(5) Skipped phase 3 of Reference Processing: no references
[4.514s][debug][gc,phases      ] GC(5) Reference Processing 0.295ms
[4.516s][debug][gc,phases      ] GC(5) Weak Processing 1.353ms
[4.516s][debug][gc,age         ] GC(5) Desired survivor size 536870912 bytes, new threshold 7 (max threshold 15)
[4.516s][info ][gc,heap        ] GC(5) PSYoungGen: 1048576K(1572864K)->158423K(1572864K) Eden: 1048576K(1048576K)->0K(1048576K) From: 0K(524288K)->158423K(524288K)
[4.516s][info ][gc,heap        ] GC(5) ParOldGen: 6129K(18944K)->6137K(18944K)
[4.516s][info ][gc,metaspace   ] GC(5) Metaspace: 48983K(49472K)->48983K(49472K) NonClass: 41893K(42176K)->41893K(42176K) Class: 7090K(7296K)->7090K(7296K)
[4.516s][info ][gc             ] GC(5) Pause Young (Allocation Failure) 1029M->160M(1554M) 98.801ms
[4.516s][info ][gc,cpu         ] GC(5) User=0.32s Sys=0.07s Real=0.10s
[4.516s][info ][safepoint      ] Safepoint "ParallelGCFailedAllocation", Time since last: 18445103 ns, Reaching safepoint: 113502 ns, At safepoint: 98907663 ns, Total: 99021165 ns
[4.546s][info ][safepoint      ] Safepoint "ICBufferFull", Time since last: 29867953 ns, Reaching safepoint: 205004 ns, At safepoint: 26601 ns, Total: 231605 ns
[4.557s][info ][safepoint      ] Safepoint "ICBufferFull", Time since last: 10635433 ns, Reaching safepoint: 138303 ns, At safepoint: 28600 ns, Total: 166903 ns
[4.565s][info ][safepoint      ] Safepoint "ICBufferFull", Time since last: 8308782 ns, Reaching safepoint: 104302 ns, At safepoint: 34201 ns, Total: 138503 ns
[4.570s][info ][safepoint      ] Safepoint "ICBufferFull", Time since last: 4217492 ns, Reaching safepoint: 120203 ns, At safepoint: 33501 ns, Total: 153704 ns
[4.575s][info ][safepoint      ] Safepoint "ICBufferFull", Time since last: 3412574 ns, Reaching safepoint: 2153347 ns, At safepoint: 28801 ns, Total: 2182148 ns
[4.583s][info ][safepoint      ] Safepoint "ICBufferFull", Time since last: 5684424 ns, Reaching safepoint: 2181648 ns, At safepoint: 28600 ns, Total: 2210248 ns
[4.601s][info ][safepoint      ] Safepoint "ICBufferFull", Time since last: 17941693 ns, Reaching safepoint: 134303 ns, At safepoint: 23700 ns, Total: 158003 ns
[4.616s][info ][safepoint      ] Safepoint "ICBufferFull", Time since last: 14552318 ns, Reaching safepoint: 119503 ns, At safepoint: 22101 ns, Total: 141604 ns
[4.616s][info ][safepoint      ] Safepoint "ICBufferFull", Time since last: 59701 ns, Reaching safepoint: 88102 ns, At safepoint: 15200 ns, Total: 103302 ns
[4.616s][info ][safepoint      ] Safepoint "ICBufferFull", Time since last: 46001 ns, Reaching safepoint: 89402 ns, At safepoint: 16500 ns, Total: 105902 ns
[4.616s][info ][safepoint      ] Safepoint "ICBufferFull", Time since last: 39401 ns, Reaching safepoint: 93402 ns, At safepoint: 17901 ns, Total: 111303 ns
[4.617s][info ][safepoint      ] Safepoint "ICBufferFull", Time since last: 151403 ns, Reaching safepoint: 100502 ns, At safepoint: 21201 ns, Total: 121703 ns
[4.622s][info ][safepoint      ] Safepoint "ICBufferFull", Time since last: 5630423 ns, Reaching safepoint: 124302 ns, At safepoint: 25301 ns, Total: 149603 ns
[4.647s][info ][safepoint      ] Safepoint "ICBufferFull", Time since last: 16899370 ns, Reaching safepoint: 7463863 ns, At safepoint: 32600 ns, Total: 7496463 ns
[4.653s][info ][safepoint      ] Safepoint "ICBufferFull", Time since last: 6342439 ns, Reaching safepoint: 132103 ns, At safepoint: 22501 ns, Total: 154604 ns
[4.657s][info ][safepoint      ] Safepoint "ICBufferFull", Time since last: 3728081 ns, Reaching safepoint: 124803 ns, At safepoint: 21600 ns, Total: 146403 ns
[4.675s][info ][safepoint      ] Safepoint "ICBufferFull", Time since last: 17697187 ns, Reaching safepoint: 116703 ns, At safepoint: 51301 ns, Total: 168004 ns
[4.680s][info ][safepoint      ] Safepoint "ICBufferFull", Time since last: 4783404 ns, Reaching safepoint: 115703 ns, At safepoint: 22900 ns, Total: 138603 ns
[4.686s][info ][safepoint      ] Safepoint "ICBufferFull", Time since last: 5437119 ns, Reaching safepoint: 113503 ns, At safepoint: 22200 ns, Total: 135703 ns
[4.707s][info ][safepoint      ] Safepoint "ICBufferFull", Time since last: 18115196 ns, Reaching safepoint: 3199470 ns, At safepoint: 36301 ns, Total: 3235771 ns
[4.712s][info ][safepoint      ] Safepoint "ICBufferFull", Time since last: 4823906 ns, Reaching safepoint: 124802 ns, At safepoint: 33501 ns, Total: 158303 ns
[4.718s][info ][safepoint      ] Safepoint "ICBufferFull", Time since last: 6406340 ns, Reaching safepoint: 124503 ns, At safepoint: 46001 ns, Total: 170504 ns
[4.767s][info ][gc,start       ] GC(6) Pause Young (Allocation Failure)
[4.845s][debug][gc,phases      ] GC(6) Scavenge 78.575ms
[4.845s][debug][gc,ref         ] GC(6) Skipped phase 1 of Reference Processing: no references
[4.845s][debug][gc,ref         ] GC(6) Skipped phase 3 of Reference Processing: no references
[4.845s][debug][gc,phases      ] GC(6) Reference Processing 0.248ms
[4.847s][debug][gc,phases      ] GC(6) Weak Processing 1.345ms
[4.847s][debug][gc,age         ] GC(6) Desired survivor size 536870912 bytes, new threshold 7 (max threshold 15)
[4.847s][info ][gc,heap        ] GC(6) PSYoungGen: 1206999K(1572864K)->159480K(1572864K) Eden: 1048576K(1048576K)->0K(1048576K) From: 158423K(524288K)->159480K(524288K)
[4.847s][info ][gc,heap        ] GC(6) ParOldGen: 6137K(18944K)->6145K(18944K)
[4.847s][info ][gc,metaspace   ] GC(6) Metaspace: 49117K(49600K)->49117K(49600K) NonClass: 42017K(42304K)->42017K(42304K) Class: 7099K(7296K)->7099K(7296K)
[4.847s][info ][gc             ] GC(6) Pause Young (Allocation Failure) 1184M->161M(1554M) 80.332ms
[4.847s][info ][gc,cpu         ] GC(6) User=0.22s Sys=0.10s Real=0.08s
[4.847s][info ][safepoint      ] Safepoint "ParallelGCFailedAllocation", Time since last: 47932148 ns, Reaching safepoint: 105202 ns, At safepoint: 80432159 ns, Total: 80537361 ns
[4.852s][info ][safepoint      ] Safepoint "ICBufferFull", Time since last: 5121312 ns, Reaching safepoint: 126603 ns, At safepoint: 26100 ns, Total: 152703 ns
[4.880s][info ][safepoint      ] Safepoint "ICBufferFull", Time since last: 26098871 ns, Reaching safepoint: 2151347 ns, At safepoint: 29901 ns, Total: 2181248 ns
[4.891s][info ][safepoint      ] Safepoint "ICBufferFull", Time since last: 7838571 ns, Reaching safepoint: 2170748 ns, At safepoint: 27900 ns, Total: 2198648 ns
[4.903s][info ][safepoint      ] Safepoint "ICBufferFull", Time since last: 12148066 ns, Reaching safepoint: 140303 ns, At safepoint: 26500 ns, Total: 166803 ns
[4.911s][info ][safepoint      ] Safepoint "ICBufferFull", Time since last: 5850428 ns, Reaching safepoint: 2171848 ns, At safepoint: 29800 ns, Total: 2201648 ns
[4.918s][info ][safepoint      ] Safepoint "ICBufferFull", Time since last: 7369562 ns, Reaching safepoint: 116202 ns, At safepoint: 27701 ns, Total: 143903 ns
[4.966s][info ][safepoint      ] Safepoint "ICBufferFull", Time since last: 47565140 ns, Reaching safepoint: 151003 ns, At safepoint: 24401 ns, Total: 175404 ns
[4.973s][info ][safepoint      ] Safepoint "ICBufferFull", Time since last: 6984252 ns, Reaching safepoint: 114403 ns, At safepoint: 27500 ns, Total: 141903 ns
[4.990s][info ][safepoint      ] Safepoint "ICBufferFull", Time since last: 14996728 ns, Reaching safepoint: 2161748 ns, At safepoint: 26600 ns, Total: 2188348 ns
[5.013s][info ][safepoint      ] Safepoint "ICBufferFull", Time since last: 21427569 ns, Reaching safepoint: 838218 ns, At safepoint: 31501 ns, Total: 869719 ns
[5.024s][info ][safepoint      ] Safepoint "ICBufferFull", Time since last: 10833037 ns, Reaching safepoint: 105102 ns, At safepoint: 28701 ns, Total: 133803 ns
[5.027s][info ][safepoint      ] Safepoint "ICBufferFull", Time since last: 2878762 ns, Reaching safepoint: 96403 ns, At safepoint: 22400 ns, Total: 118803 ns
[5.071s][info ][safepoint      ] Safepoint "ICBufferFull", Time since last: 44603775 ns, Reaching safepoint: 135903 ns, At safepoint: 30201 ns, Total: 166104 ns
[5.084s][info ][safepoint      ] Safepoint "ICBufferFull", Time since last: 12574375 ns, Reaching safepoint: 119603 ns, At safepoint: 30800 ns, Total: 150403 ns
[5.117s][info ][safepoint      ] Safepoint "ICBufferFull", Time since last: 32126603 ns, Reaching safepoint: 149003 ns, At safepoint: 28201 ns, Total: 177204 ns
[5.126s][info ][safepoint      ] Safepoint "ICBufferFull", Time since last: 9007796 ns, Reaching safepoint: 75402 ns, At safepoint: 26901 ns, Total: 102303 ns
[5.130s][info ][safepoint      ] Safepoint "ICBufferFull", Time since last: 3675280 ns, Reaching safepoint: 1051923 ns, At safepoint: 30901 ns, Total: 1082824 ns
[5.134s][info ][safepoint      ] Safepoint "ICBufferFull", Time since last: 3771282 ns, Reaching safepoint: 114103 ns, At safepoint: 39801 ns, Total: 153904 ns
[5.136s][info ][safepoint      ] Safepoint "ICBufferFull", Time since last: 2005143 ns, Reaching safepoint: 123203 ns, At safepoint: 29201 ns, Total: 152404 ns
[5.143s][info ][safepoint      ] Safepoint "ICBufferFull", Time since last: 6796748 ns, Reaching safepoint: 112303 ns, At safepoint: 22900 ns, Total: 135203 ns
[5.203s][info ][gc,start       ] GC(7) Pause Young (Allocation Failure)
[5.271s][debug][gc,phases      ] GC(7) Scavenge 68.143ms
[5.271s][debug][gc,ref         ] GC(7) Skipped phase 1 of Reference Processing: no references
[5.271s][debug][gc,ref         ] GC(7) Skipped phase 3 of Reference Processing: no references
[5.271s][debug][gc,phases      ] GC(7) Reference Processing 0.311ms
[5.272s][debug][gc,phases      ] GC(7) Weak Processing 1.396ms
[5.272s][debug][gc,age         ] GC(7) Desired survivor size 241696768 bytes, new threshold 8 (max threshold 15)
[5.273s][info ][gc,heap        ] GC(7) PSYoungGen: 1208056K(1572864K)->158535K(1861120K) Eden: 1048576K(1048576K)->0K(1336832K) From: 159480K(524288K)->158535K(524288K)
[5.273s][info ][gc,heap        ] GC(7) ParOldGen: 6145K(18944K)->6153K(18944K)
[5.273s][info ][gc,metaspace   ] GC(7) Metaspace: 49545K(49984K)->49545K(49984K) NonClass: 42375K(42624K)->42375K(42624K) Class: 7169K(7360K)->7169K(7360K)
[5.273s][info ][gc             ] GC(7) Pause Young (Allocation Failure) 1185M->160M(1836M) 70.006ms
[5.273s][info ][gc,cpu         ] GC(7) User=0.27s Sys=0.00s Real=0.07s
[5.273s][info ][safepoint      ] Safepoint "ParallelGCFailedAllocation", Time since last: 58152172 ns, Reaching safepoint: 931020 ns, At safepoint: 70109233 ns, Total: 71040253 ns
[5.695s][info ][gc,start       ] GC(8) Pause Young (Allocation Failure)
[5.785s][debug][gc,phases      ] GC(8) Scavenge 89.992ms
[5.785s][debug][gc,ref         ] GC(8) Skipped phase 1 of Reference Processing: no references
[5.785s][debug][gc,ref         ] GC(8) Skipped phase 3 of Reference Processing: no references
[5.785s][debug][gc,phases      ] GC(8) Reference Processing 0.322ms
[5.786s][debug][gc,phases      ] GC(8) Weak Processing 1.424ms
[5.786s][debug][gc,age         ] GC(8) Desired survivor size 255852544 bytes, new threshold 9 (max threshold 15)
[5.786s][info ][gc,heap        ] GC(8) PSYoungGen: 1495367K(1861120K)->169478K(1572864K) Eden: 1336832K(1336832K)->0K(1336832K) From: 158535K(524288K)->169478K(236032K)
[5.786s][info ][gc,heap        ] GC(8) ParOldGen: 6153K(18944K)->6161K(18944K)
[5.786s][info ][gc,metaspace   ] GC(8) Metaspace: 52739K(53248K)->52739K(53248K) NonClass: 44991K(45248K)->44991K(45248K) Class: 7748K(8000K)->7748K(8000K)
[5.786s][info ][gc             ] GC(8) Pause Young (Allocation Failure) 1466M->171M(1554M) 91.884ms
[5.786s][info ][gc,cpu         ] GC(8) User=0.30s Sys=0.06s Real=0.09s
[5.786s][info ][safepoint      ] Safepoint "ParallelGCFailedAllocation", Time since last: 420909504 ns, Reaching safepoint: 975521 ns, At safepoint: 92003212 ns, Total: 92978733 ns
[6.095s][info ][safepoint      ] Safepoint "ParallelGCFailedAllocation", Time since last: 308162238 ns, Reaching safepoint: 244106 ns, At safepoint: 40701 ns, Total: 284807 ns
[6.098s][info ][gc,start       ] GC(9) Pause Young (GCLocker Initiated GC)
[6.187s][debug][gc,phases      ] GC(9) Scavenge 88.917ms
[6.187s][debug][gc,ref         ] GC(9) Skipped phase 1 of Reference Processing: no references
[6.187s][debug][gc,ref         ] GC(9) Skipped phase 3 of Reference Processing: no references
[6.188s][debug][gc,phases      ] GC(9) Reference Processing 0.307ms
[6.189s][debug][gc,phases      ] GC(9) Weak Processing 1.579ms
[6.189s][debug][gc,age         ] GC(9) Desired survivor size 264765440 bytes, new threshold 10 (max threshold 15)
[6.189s][info ][gc,heap        ] GC(9) PSYoungGen: 1506310K(1572864K)->172394K(1829888K) Eden: 1336832K(1336832K)->0K(1580032K) From: 169478K(236032K)->172394K(249856K)
[6.189s][info ][gc,heap        ] GC(9) ParOldGen: 6251K(18944K)->6259K(18944K)
[6.189s][info ][gc,metaspace   ] GC(9) Metaspace: 53454K(53952K)->53454K(53952K) NonClass: 45611K(45888K)->45611K(45888K) Class: 7842K(8064K)->7842K(8064K)
[6.189s][info ][gc             ] GC(9) Pause Young (GCLocker Initiated GC) 1477M->174M(1805M) 90.957ms
[6.189s][info ][gc,cpu         ] GC(9) User=0.31s Sys=0.07s Real=0.09s
[6.189s][info ][safepoint      ] Safepoint "ParallelGCSystemGC", Time since last: 3102067 ns, Reaching safepoint: 111003 ns, At safepoint: 91070391 ns, Total: 91181394 ns
[6.543s][info ][gc,start       ] GC(10) Pause Young (Allocation Failure)
[6.613s][debug][gc,phases      ] GC(10) Scavenge 70.115ms
[6.613s][debug][gc,ref         ] GC(10) Skipped phase 1 of Reference Processing: no references
[6.613s][debug][gc,ref         ] GC(10) Skipped phase 3 of Reference Processing: no references
[6.613s][debug][gc,phases      ] GC(10) Reference Processing 0.279ms
[6.615s][debug][gc,phases      ] GC(10) Weak Processing 1.497ms
[6.615s][debug][gc,age         ] GC(10) Desired survivor size 271056896 bytes, new threshold 11 (max threshold 15)
[6.615s][info ][gc,heap        ] GC(10) PSYoungGen: 1752426K(1829888K)->175578K(1755648K) Eden: 1580032K(1580032K)->0K(1580032K) From: 172394K(249856K)->175578K(175616K)
[6.615s][info ][gc,heap        ] GC(10) ParOldGen: 6260K(18944K)->6268K(18944K)
[6.615s][info ][gc,metaspace   ] GC(10) Metaspace: 53672K(54144K)->53672K(54144K) NonClass: 45829K(46080K)->45829K(46080K) Class: 7842K(8064K)->7842K(8064K)
[6.615s][info ][gc             ] GC(10) Pause Young (Allocation Failure) 1717M->177M(1733M) 72.044ms
[6.615s][info ][gc,cpu         ] GC(10) User=0.26s Sys=0.02s Real=0.07s
[6.615s][info ][safepoint      ] Safepoint "ParallelGCFailedAllocation", Time since last: 353379027 ns, Reaching safepoint: 308907 ns, At safepoint: 72183779 ns, Total: 72492686 ns
[6.995s][info ][gc,start       ] GC(11) Pause Young (Allocation Failure)
[7.072s][debug][gc,phases      ] GC(11) Scavenge 77.400ms
[7.073s][debug][gc,ref         ] GC(11) Skipped phase 1 of Reference Processing: no references
[7.073s][debug][gc,ref         ] GC(11) Skipped phase 3 of Reference Processing: no references
[7.073s][debug][gc,phases      ] GC(11) Reference Processing 0.288ms
[7.074s][debug][gc,phases      ] GC(11) Weak Processing 1.362ms
[7.074s][debug][gc,age         ] GC(11) Desired survivor size 277348352 bytes, new threshold 12 (max threshold 15)
[7.074s][info ][gc,heap        ] GC(11) PSYoungGen: 1755610K(1755648K)->183926K(1820160K) Eden: 1580032K(1580032K)->0K(1555456K) From: 175578K(175616K)->183926K(264704K)
[7.074s][info ][gc,heap        ] GC(11) ParOldGen: 6268K(18944K)->6276K(18944K)
[7.074s][info ][gc,metaspace   ] GC(11) Metaspace: 53678K(54208K)->53678K(54208K) NonClass: 45835K(46144K)->45835K(46144K) Class: 7842K(8064K)->7842K(8064K)
[7.074s][info ][gc             ] GC(11) Pause Young (Allocation Failure) 1720M->185M(1796M) 79.186ms
[7.074s][info ][gc,cpu         ] GC(11) User=0.31s Sys=0.00s Real=0.08s
[7.074s][info ][safepoint      ] Safepoint "ParallelGCFailedAllocation", Time since last: 379757404 ns, Reaching safepoint: 130403 ns, At safepoint: 79310534 ns, Total: 79440937 ns
[7.444s][info ][gc,start       ] GC(12) Pause Young (Allocation Failure)
[7.514s][debug][gc,phases      ] GC(12) Scavenge 69.934ms
[7.514s][debug][gc,ref         ] GC(12) Skipped phase 1 of Reference Processing: no references
[7.514s][debug][gc,ref         ] GC(12) Skipped phase 3 of Reference Processing: no references
[7.514s][debug][gc,phases      ] GC(12) Reference Processing 0.534ms
[7.516s][debug][gc,phases      ] GC(12) Weak Processing 1.960ms
[7.516s][debug][gc,age         ] GC(12) Desired survivor size 279969792 bytes, new threshold 13 (max threshold 15)
[7.516s][info ][gc,heap        ] GC(12) PSYoungGen: 1739382K(1820160K)->179570K(1735168K) Eden: 1555456K(1555456K)->0K(1555456K) From: 183926K(264704K)->179570K(179712K)
[7.516s][info ][gc,heap        ] GC(12) ParOldGen: 6276K(18944K)->6284K(18944K)
[7.516s][info ][gc,metaspace   ] GC(12) Metaspace: 55082K(55616K)->55082K(55616K) NonClass: 47040K(47360K)->47040K(47360K) Class: 8041K(8256K)->8041K(8256K)
[7.516s][info ][gc             ] GC(12) Pause Young (Allocation Failure) 1704M->181M(1713M) 72.596ms
[7.516s][info ][gc,cpu         ] GC(12) User=0.28s Sys=0.00s Real=0.07s
[7.516s][info ][safepoint      ] Safepoint "ParallelGCFailedAllocation", Time since last: 368137750 ns, Reaching safepoint: 1119025 ns, At safepoint: 72733690 ns, Total: 73852715 ns
[7.899s][info ][gc,start       ] GC(13) Pause Young (Allocation Failure)
[7.980s][debug][gc,phases      ] GC(13) Scavenge 80.886ms
[7.980s][debug][gc,ref         ] GC(13) Skipped phase 1 of Reference Processing: no references
[7.980s][debug][gc,ref         ] GC(13) Skipped phase 3 of Reference Processing: no references
[7.980s][debug][gc,phases      ] GC(13) Reference Processing 0.321ms
[7.982s][debug][gc,phases      ] GC(13) Weak Processing 1.421ms
[7.982s][debug][gc,age         ] GC(13) Desired survivor size 279445504 bytes, new threshold 14 (max threshold 15)
[7.982s][info ][gc,heap        ] GC(13) PSYoungGen: 1735026K(1735168K)->176922K(1824256K) Eden: 1555456K(1555456K)->0K(1550848K) From: 179570K(179712K)->176922K(273408K)
[7.982s][info ][gc,heap        ] GC(13) ParOldGen: 6284K(18944K)->6292K(18944K)
[7.982s][info ][gc,metaspace   ] GC(13) Metaspace: 55562K(56064K)->55562K(56064K) NonClass: 47471K(47744K)->47471K(47744K) Class: 8091K(8320K)->8091K(8320K)
[7.982s][info ][gc             ] GC(13) Pause Young (Allocation Failure) 1700M->178M(1800M) 82.788ms
[7.982s][info ][gc,cpu         ] GC(13) User=0.40s Sys=0.00s Real=0.08s
[7.982s][info ][safepoint      ] Safepoint "ParallelGCFailedAllocation", Time since last: 382670269 ns, Reaching safepoint: 192604 ns, At safepoint: 82894013 ns, Total: 83086617 ns
[8.354s][info ][gc,start       ] GC(14) Pause Young (Allocation Failure)
[8.421s][debug][gc,phases      ] GC(14) Scavenge 67.308ms
[8.421s][debug][gc,ref         ] GC(14) Skipped phase 1 of Reference Processing: no references
[8.421s][debug][gc,ref         ] GC(14) Skipped phase 3 of Reference Processing: no references
[8.421s][debug][gc,phases      ] GC(14) Reference Processing 0.299ms
[8.423s][debug][gc,phases      ] GC(14) Weak Processing 1.296ms
[8.423s][debug][gc,age         ] GC(14) Desired survivor size 278921216 bytes, new threshold 15 (max threshold 15)
[8.423s][info ][gc,heap        ] GC(14) PSYoungGen: 1727770K(1824256K)->178010K(1823744K) Eden: 1550848K(1550848K)->0K(1550848K) From: 176922K(273408K)->178010K(272896K)
[8.423s][info ][gc,heap        ] GC(14) ParOldGen: 6292K(18944K)->6300K(18944K)
[8.423s][info ][gc,metaspace   ] GC(14) Metaspace: 55939K(56448K)->55939K(56448K) NonClass: 47811K(48064K)->47811K(48064K) Class: 8128K(8384K)->8128K(8384K)
[8.423s][info ][gc             ] GC(14) Pause Young (Allocation Failure) 1693M->179M(1799M) 69.056ms
[8.423s][info ][gc,cpu         ] GC(14) User=0.32s Sys=0.00s Real=0.07s
[8.423s][info ][safepoint      ] Safepoint "ParallelGCFailedAllocation", Time since last: 370663606 ns, Reaching safepoint: 1017122 ns, At safepoint: 69165813 ns, Total: 70182935 ns
[8.707s][info ][gc,start       ] GC(15) Pause Young (Allocation Failure)
[8.772s][debug][gc,phases      ] GC(15) Scavenge 64.995ms
[8.772s][debug][gc,ref         ] GC(15) Skipped phase 1 of Reference Processing: no references
[8.772s][debug][gc,ref         ] GC(15) Skipped phase 3 of Reference Processing: no references
[8.772s][debug][gc,phases      ] GC(15) Reference Processing 0.292ms
[8.774s][debug][gc,phases      ] GC(15) Weak Processing 1.283ms
[8.774s][debug][gc,age         ] GC(15) Desired survivor size 277872640 bytes, new threshold 15 (max threshold 15)
[8.774s][info ][gc,heap        ] GC(15) PSYoungGen: 1728858K(1823744K)->179178K(1825792K) Eden: 1550848K(1550848K)->0K(1553408K) From: 178010K(272896K)->179178K(272384K)
[8.774s][info ][gc,heap        ] GC(15) ParOldGen: 6300K(18944K)->6308K(18944K)
[8.774s][info ][gc,metaspace   ] GC(15) Metaspace: 55952K(56448K)->55952K(56448K) NonClass: 47823K(48064K)->47823K(48064K) Class: 8129K(8384K)->8129K(8384K)
[8.774s][info ][gc             ] GC(15) Pause Young (Allocation Failure) 1694M->181M(1801M) 66.714ms
[8.774s][info ][gc,cpu         ] GC(15) User=0.26s Sys=0.00s Real=0.07s
[8.774s][info ][safepoint      ] Safepoint "ParallelGCFailedAllocation", Time since last: 283679904 ns, Reaching safepoint: 251505 ns, At safepoint: 66828662 ns, Total: 67080167 ns
[9.040s][info ][safepoint      ] Safepoint "ICBufferFull", Time since last: 266445927 ns, Reaching safepoint: 283006 ns, At safepoint: 15900 ns, Total: 298906 ns
[9.127s][info ][gc,start       ] GC(16) Pause Young (Allocation Failure)
[9.198s][debug][gc,phases      ] GC(16) Scavenge 71.060ms
[9.198s][debug][gc,ref         ] GC(16) Skipped phase 1 of Reference Processing: no references
[9.198s][debug][gc,ref         ] GC(16) Skipped phase 3 of Reference Processing: no references
[9.198s][debug][gc,phases      ] GC(16) Reference Processing 0.326ms
[9.200s][debug][gc,phases      ] GC(16) Weak Processing 1.422ms
[9.200s][debug][gc,age         ] GC(16) Desired survivor size 276824064 bytes, new threshold 15 (max threshold 15)
[9.200s][info ][gc,heap        ] GC(16) PSYoungGen: 1732586K(1825792K)->180330K(1824768K) Eden: 1553408K(1553408K)->0K(1553408K) From: 179178K(272384K)->180330K(271360K)
[9.200s][info ][gc,heap        ] GC(16) ParOldGen: 6308K(18944K)->6316K(18944K)
[9.200s][info ][gc,metaspace   ] GC(16) Metaspace: 55965K(56512K)->55965K(56512K) NonClass: 47835K(48128K)->47835K(48128K) Class: 8130K(8384K)->8130K(8384K)
[9.200s][info ][gc             ] GC(16) Pause Young (Allocation Failure) 1698M->182M(1800M) 72.963ms
[9.200s][info ][gc,cpu         ] GC(16) User=0.28s Sys=0.00s Real=0.07s
[9.200s][info ][safepoint      ] Safepoint "ParallelGCFailedAllocation", Time since last: 86316588 ns, Reaching safepoint: 153803 ns, At safepoint: 73075798 ns, Total: 73229601 ns
[9.463s][info ][safepoint      ] Safepoint "ICBufferFull", Time since last: 262266836 ns, Reaching safepoint: 431409 ns, At safepoint: 24701 ns, Total: 456110 ns
[9.568s][info ][gc,start       ] GC(17) Pause Young (Allocation Failure)
[9.644s][debug][gc,phases      ] GC(17) Scavenge 75.509ms
[9.644s][debug][gc,ref         ] GC(17) Skipped phase 1 of Reference Processing: no references
[9.644s][debug][gc,ref         ] GC(17) Skipped phase 3 of Reference Processing: no references
[9.644s][debug][gc,phases      ] GC(17) Reference Processing 0.306ms
[9.646s][debug][gc,phases      ] GC(17) Weak Processing 1.507ms
[9.646s][debug][gc,age         ] GC(17) Desired survivor size 275775488 bytes, new threshold 15 (max threshold 15)
[9.646s][info ][gc,heap        ] GC(17) PSYoungGen: 1733738K(1824768K)->183242K(1827840K) Eden: 1553408K(1553408K)->0K(1557504K) From: 180330K(271360K)->183242K(270336K)
[9.646s][info ][gc,heap        ] GC(17) ParOldGen: 6316K(18944K)->6324K(18944K)
[9.646s][info ][gc,metaspace   ] GC(17) Metaspace: 55978K(56512K)->55978K(56512K) NonClass: 47846K(48128K)->47846K(48128K) Class: 8131K(8384K)->8131K(8384K)
[9.646s][info ][gc             ] GC(17) Pause Young (Allocation Failure) 1699M->185M(1803M) 77.474ms
[9.646s][info ][gc,cpu         ] GC(17) User=0.30s Sys=0.01s Real=0.08s
[9.646s][info ][safepoint      ] Safepoint "ParallelGCFailedAllocation", Time since last: 105395605 ns, Reaching safepoint: 161704 ns, At safepoint: 77589097 ns, Total: 77750801 ns
[9.927s][info ][gc,start       ] GC(18) Pause Young (Allocation Failure)
[10.004s][debug][gc,phases      ] GC(18) Scavenge 76.907ms
[10.004s][debug][gc,ref         ] GC(18) Skipped phase 1 of Reference Processing: no references
[10.004s][debug][gc,ref         ] GC(18) Skipped phase 3 of Reference Processing: no references
[10.004s][debug][gc,phases      ] GC(18) Reference Processing 0.289ms
[10.006s][debug][gc,phases      ] GC(18) Weak Processing 1.957ms
[10.006s][debug][gc,age         ] GC(18) Desired survivor size 270008320 bytes, new threshold 15 (max threshold 15)
[10.006s][info ][gc,heap        ] GC(18) PSYoungGen: 1740746K(1827840K)->173090K(1826816K) Eden: 1557504K(1557504K)->0K(1557504K) From: 183242K(270336K)->173090K(269312K)
[10.006s][info ][gc,heap        ] GC(18) ParOldGen: 6324K(18944K)->18522K(18944K)
[10.006s][info ][gc,metaspace   ] GC(18) Metaspace: 55999K(56512K)->55999K(56512K) NonClass: 47866K(48128K)->47866K(48128K) Class: 8133K(8384K)->8133K(8384K)
[10.006s][info ][gc             ] GC(18) Pause Young (Allocation Failure) 1706M->187M(1802M) 79.332ms
[10.006s][info ][gc,cpu         ] GC(18) User=0.31s Sys=0.00s Real=0.08s
[10.006s][debug][gc,phases      ] GC(19) Pre Compact 0.015ms
[10.006s][info ][gc,start       ] GC(19) Pause Full (Ergonomics)
[10.006s][info ][gc,phases,start] GC(19) Marking Phase
[10.086s][debug][gc,phases      ] GC(19) Par Mark 80.271ms
[10.086s][debug][gc,ref         ] GC(19) Skipped phase 1 of Reference Processing: no references
[10.086s][debug][gc,ref         ] GC(19) Skipped phase 3 of Reference Processing: no references
[10.087s][debug][gc,phases      ] GC(19) Reference Processing 0.147ms
[10.087s][debug][gc,phases      ] GC(19) Weak Processing 0.472ms
[10.087s][debug][gc,phases      ] GC(19) ClassLoaderData 0.050ms
[10.087s][debug][gc,phases      ] GC(19) Trigger cleanups 0.000ms
[10.094s][debug][gc,phases      ] GC(19) Class Unloading 6.525ms
[10.094s][info ][gc,phases      ] GC(19) Marking Phase 87.591ms
[10.094s][info ][gc,phases,start] GC(19) Summary Phase
[10.094s][info ][gc,phases      ] GC(19) Summary Phase 0.009ms
[10.094s][info ][gc,phases,start] GC(19) Adjust Roots
[10.112s][info ][gc,phases      ] GC(19) Adjust Roots 18.867ms
[10.113s][info ][gc,phases,start] GC(19) Compaction Phase
[10.799s][info ][gc,phases      ] GC(19) Compaction Phase 686.835ms
[10.799s][info ][gc,phases,start] GC(19) Post Compact
[10.800s][info ][gc,phases      ] GC(19) Post Compact 1.029ms
[10.801s][info ][gc,heap        ] GC(19) PSYoungGen: 173090K(1826816K)->172244K(1826816K) Eden: 0K(1557504K)->0K(1557504K) From: 173090K(269312K)->172244K(269312K)
[10.801s][info ][gc,heap        ] GC(19) ParOldGen: 18522K(18944K)->18824K(41984K)
[10.801s][info ][gc,metaspace   ] GC(19) Metaspace: 55999K(56512K)->55999K(56512K) NonClass: 47866K(48128K)->47866K(48128K) Class: 8133K(8384K)->8133K(8384K)
[10.801s][info ][gc             ] GC(19) Pause Full (Ergonomics) 187M->186M(1825M) 794.565ms
[10.801s][info ][gc,cpu         ] GC(19) User=2.00s Sys=0.02s Real=0.79s
[10.803s][info ][safepoint      ] Safepoint "ParallelGCFailedAllocation", Time since last: 280558836 ns, Reaching safepoint: 171003 ns, At safepoint: 876018560 ns, Total: 876189563 ns
[11.096s][info ][gc,start       ] GC(20) Pause Young (Allocation Failure)
[11.184s][debug][gc,phases      ] GC(20) Scavenge 88.341ms
[11.184s][debug][gc,ref         ] GC(20) Skipped phase 1 of Reference Processing: no references
[11.185s][debug][gc,ref         ] GC(20) Skipped phase 3 of Reference Processing: no references
[11.185s][debug][gc,phases      ] GC(20) Reference Processing 0.450ms
[11.186s][debug][gc,phases      ] GC(20) Weak Processing 1.795ms
[11.186s][debug][gc,age         ] GC(20) Desired survivor size 262668288 bytes, new threshold 15 (max threshold 15)
[11.186s][info ][gc,heap        ] GC(20) PSYoungGen: 1729748K(1826816K)->139173K(1840640K) Eden: 1557504K(1557504K)->0K(1576960K) From: 172244K(269312K)->139173K(263680K)
[11.186s][info ][gc,heap        ] GC(20) ParOldGen: 18824K(41984K)->53994K(54272K)
[11.186s][info ][gc,metaspace   ] GC(20) Metaspace: 56121K(56576K)->56121K(56576K) NonClass: 47961K(48192K)->47961K(48192K) Class: 8159K(8384K)->8159K(8384K)
[11.186s][info ][gc             ] GC(20) Pause Young (Allocation Failure) 1707M->188M(1850M) 90.764ms
[11.186s][info ][gc,cpu         ] GC(20) User=0.33s Sys=0.02s Real=0.09s
[11.187s][debug][gc,phases      ] GC(21) Pre Compact 0.015ms
[11.187s][info ][gc,start       ] GC(21) Pause Full (Ergonomics)
[11.187s][info ][gc,phases,start] GC(21) Marking Phase
[11.278s][debug][gc,phases      ] GC(21) Par Mark 91.024ms
[11.278s][debug][gc,ref         ] GC(21) Skipped phase 1 of Reference Processing: no references
[11.278s][debug][gc,ref         ] GC(21) Skipped phase 3 of Reference Processing: no references
[11.278s][debug][gc,phases      ] GC(21) Reference Processing 0.181ms
[11.278s][debug][gc,phases      ] GC(21) Weak Processing 0.483ms
[11.278s][debug][gc,phases      ] GC(21) ClassLoaderData 0.053ms
[11.278s][debug][gc,phases      ] GC(21) Trigger cleanups 0.000ms
[11.285s][debug][gc,phases      ] GC(21) Class Unloading 6.305ms
[11.285s][info ][gc,phases      ] GC(21) Marking Phase 98.147ms
[11.285s][info ][gc,phases,start] GC(21) Summary Phase
[11.285s][info ][gc,phases      ] GC(21) Summary Phase 0.009ms
[11.285s][info ][gc,phases,start] GC(21) Adjust Roots
[11.301s][info ][gc,phases      ] GC(21) Adjust Roots 16.681ms
[11.301s][info ][gc,phases,start] GC(21) Compaction Phase
[12.015s][info ][gc,phases      ] GC(21) Compaction Phase 713.713ms
[12.015s][info ][gc,phases,start] GC(21) Post Compact
[12.016s][info ][gc,phases      ] GC(21) Post Compact 0.664ms
[12.016s][info ][gc,heap        ] GC(21) PSYoungGen: 139173K(1840640K)->138920K(1840640K) Eden: 0K(1576960K)->0K(1576960K) From: 139173K(263680K)->138920K(263680K)
[12.016s][info ][gc,heap        ] GC(21) ParOldGen: 53994K(54272K)->53804K(96768K)
[12.016s][info ][gc,metaspace   ] GC(21) Metaspace: 56121K(56576K)->56121K(56576K) NonClass: 47961K(48192K)->47961K(48192K) Class: 8159K(8384K)->8159K(8384K)
[12.016s][info ][gc             ] GC(21) Pause Full (Ergonomics) 188M->188M(1892M) 829.478ms
[12.016s][info ][gc,cpu         ] GC(21) User=1.93s Sys=0.02s Real=0.83s
[12.017s][info ][safepoint      ] Safepoint "ParallelGCFailedAllocation", Time since last: 292943807 ns, Reaching safepoint: 156403 ns, At safepoint: 921659259 ns, Total: 921815662 ns
[12.460s][info ][gc,start       ] GC(22) Pause Young (Allocation Failure)
[12.562s][debug][gc,phases      ] GC(22) Scavenge 102.325ms
[12.562s][debug][gc,ref         ] GC(22) Skipped phase 1 of Reference Processing: no references
[12.562s][debug][gc,ref         ] GC(22) Skipped phase 3 of Reference Processing: no references
[12.562s][debug][gc,phases      ] GC(22) Reference Processing 0.157ms
[12.563s][debug][gc,phases      ] GC(22) Weak Processing 1.038ms
[12.563s][debug][gc,age         ] GC(22) Desired survivor size 274202624 bytes, new threshold 15 (max threshold 15)
[12.563s][info ][gc,heap        ] GC(22) PSYoungGen: 1715880K(1840640K)->32834K(1610240K) Eden: 1576960K(1576960K)->0K(1576960K) From: 138920K(263680K)->32834K(33280K)
[12.563s][info ][gc,heap        ] GC(22) ParOldGen: 53804K(96768K)->161274K(161280K)
[12.563s][info ][gc,metaspace   ] GC(22) Metaspace: 57789K(58368K)->57789K(58368K) NonClass: 49381K(49664K)->49381K(49664K) Class: 8408K(8704K)->8408K(8704K)
[12.563s][info ][gc             ] GC(22) Pause Young (Allocation Failure) 1728M->189M(1730M) 103.673ms
[12.563s][info ][gc,cpu         ] GC(22) User=0.39s Sys=0.08s Real=0.11s
[12.564s][debug][gc,phases      ] GC(23) Pre Compact 0.015ms
[12.564s][info ][gc,start       ] GC(23) Pause Full (Ergonomics)
[12.564s][info ][gc,phases,start] GC(23) Marking Phase
[12.644s][debug][gc,phases      ] GC(23) Par Mark 80.143ms
[12.644s][debug][gc,ref         ] GC(23) Skipped phase 1 of Reference Processing: no references
[12.644s][debug][gc,ref         ] GC(23) Skipped phase 3 of Reference Processing: no references
[12.644s][debug][gc,phases      ] GC(23) Reference Processing 0.275ms
[12.645s][debug][gc,phases      ] GC(23) Weak Processing 0.463ms
[12.645s][debug][gc,phases      ] GC(23) ClassLoaderData 0.051ms
[12.645s][debug][gc,phases      ] GC(23) Trigger cleanups 0.000ms
[12.651s][debug][gc,phases      ] GC(23) Class Unloading 6.926ms
[12.651s][info ][gc,phases      ] GC(23) Marking Phase 87.974ms
[12.652s][info ][gc,phases,start] GC(23) Summary Phase
[12.652s][info ][gc,phases      ] GC(23) Summary Phase 0.008ms
[12.652s][info ][gc,phases,start] GC(23) Adjust Roots
[12.664s][info ][gc,phases      ] GC(23) Adjust Roots 12.029ms
[12.664s][info ][gc,phases,start] GC(23) Compaction Phase
[12.876s][info ][gc,phases      ] GC(23) Compaction Phase 211.997ms
[12.876s][info ][gc,phases,start] GC(23) Post Compact
[12.876s][info ][gc,phases      ] GC(23) Post Compact 0.593ms
[12.876s][info ][gc,heap        ] GC(23) PSYoungGen: 32834K(1610240K)->32697K(1610240K) Eden: 0K(1576960K)->0K(1576960K) From: 32834K(33280K)->32697K(33280K)
[12.876s][info ][gc,heap        ] GC(23) ParOldGen: 161274K(161280K)->160806K(252416K)
[12.876s][info ][gc,metaspace   ] GC(23) Metaspace: 57789K(58368K)->57789K(58368K) NonClass: 49381K(49664K)->49381K(49664K) Class: 8408K(8704K)->8408K(8704K)
[12.876s][info ][gc             ] GC(23) Pause Full (Ergonomics) 189M->188M(1819M) 312.873ms
[12.876s][info ][gc,cpu         ] GC(23) User=1.12s Sys=0.00s Real=0.31s
[12.878s][info ][safepoint      ] Safepoint "ParallelGCFailedAllocation", Time since last: 440978645 ns, Reaching safepoint: 1447932 ns, At safepoint: 418489654 ns, Total: 419937586 ns
[13.172s][info ][gc,start       ] GC(24) Pause Young (Allocation Failure)
[13.207s][debug][gc,phases      ] GC(24) Scavenge 34.758ms
[13.207s][debug][gc,ref         ] GC(24) Skipped phase 1 of Reference Processing: no references
[13.207s][debug][gc,ref         ] GC(24) Skipped phase 3 of Reference Processing: no references
[13.207s][debug][gc,phases      ] GC(24) Reference Processing 0.135ms
[13.208s][debug][gc,phases      ] GC(24) Weak Processing 0.695ms
[13.208s][debug][gc,age         ] GC(24) Desired survivor size 281018368 bytes, new threshold 15 (max threshold 15)
[13.208s][info ][gc,heap        ] GC(24) PSYoungGen: 1609657K(1610240K)->33151K(1816064K) Eden: 1576960K(1576960K)->0K(1548288K) From: 32697K(33280K)->33151K(267776K)
[13.208s][info ][gc,heap        ] GC(24) ParOldGen: 160806K(252416K)->161830K(252416K)
[13.208s][info ][gc,metaspace   ] GC(24) Metaspace: 60661K(61184K)->60661K(61184K) NonClass: 51902K(52160K)->51902K(52160K) Class: 8759K(9024K)->8759K(9024K)
[13.208s][info ][gc             ] GC(24) Pause Young (Allocation Failure) 1728M->190M(2020M) 35.733ms
[13.208s][info ][gc,cpu         ] GC(24) User=0.12s Sys=0.00s Real=0.03s
[13.208s][info ][safepoint      ] Safepoint "ParallelGCFailedAllocation", Time since last: 293343817 ns, Reaching safepoint: 223005 ns, At safepoint: 35848084 ns, Total: 36071089 ns
[13.570s][info ][gc,start       ] GC(25) Pause Young (Allocation Failure)
[13.601s][debug][gc,phases      ] GC(25) Scavenge 30.826ms
[13.601s][debug][gc,ref         ] GC(25) Skipped phase 1 of Reference Processing: no references
[13.601s][debug][gc,ref         ] GC(25) Skipped phase 3 of Reference Processing: no references
[13.601s][debug][gc,phases      ] GC(25) Reference Processing 0.115ms
[13.601s][debug][gc,phases      ] GC(25) Weak Processing 0.667ms
[13.601s][debug][gc,age         ] GC(25) Desired survivor size 281018368 bytes, new threshold 15 (max threshold 15)
[13.602s][info ][gc,heap        ] GC(25) PSYoungGen: 1581439K(1816064K)->51839K(1822720K) Eden: 1548288K(1548288K)->0K(1548288K) From: 33151K(267776K)->51839K(274432K)
[13.602s][info ][gc,heap        ] GC(25) ParOldGen: 161830K(252416K)->164198K(252416K)
[13.602s][info ][gc,metaspace   ] GC(25) Metaspace: 61655K(62208K)->61655K(62208K) NonClass: 52765K(53056K)->52765K(53056K) Class: 8889K(9152K)->8889K(9152K)
[13.602s][info ][gc             ] GC(25) Pause Young (Allocation Failure) 1702M->210M(2026M) 31.750ms
[13.602s][info ][gc,cpu         ] GC(25) User=0.14s Sys=0.00s Real=0.03s
[13.602s][info ][safepoint      ] Safepoint "ParallelGCFailedAllocation", Time since last: 361956017 ns, Reaching safepoint: 150803 ns, At safepoint: 31861197 ns, Total: 32012000 ns
[13.919s][info ][gc,start       ] GC(26) Pause Young (Allocation Failure)
[13.967s][debug][gc,phases      ] GC(26) Scavenge 47.855ms
[13.967s][debug][gc,ref         ] GC(26) Skipped phase 1 of Reference Processing: no references
[13.967s][debug][gc,ref         ] GC(26) Skipped phase 3 of Reference Processing: no references
[13.967s][debug][gc,ref         ] GC(26) Skipped phase 4 of Reference Processing: no references
[13.967s][debug][gc,phases      ] GC(26) Reference Processing 0.108ms
[13.968s][debug][gc,phases      ] GC(26) Weak Processing 0.625ms
[13.968s][debug][gc,age         ] GC(26) Desired survivor size 273154048 bytes, new threshold 15 (max threshold 15)
[13.968s][info ][gc,heap        ] GC(26) PSYoungGen: 1600127K(1822720K)->80624K(1830400K) Eden: 1548288K(1548288K)->0K(1555968K) From: 51839K(274432K)->80624K(274432K)
[13.968s][info ][gc,heap        ] GC(26) ParOldGen: 164198K(252416K)->175124K(252416K)
[13.968s][info ][gc,metaspace   ] GC(26) Metaspace: 61744K(62272K)->61744K(62272K) NonClass: 52854K(53120K)->52854K(53120K) Class: 8889K(9152K)->8889K(9152K)
[13.968s][info ][gc             ] GC(26) Pause Young (Allocation Failure) 1722M->249M(2034M) 48.723ms
[13.968s][info ][gc,cpu         ] GC(26) User=0.18s Sys=0.02s Real=0.05s
[13.968s][info ][safepoint      ] Safepoint "ParallelGCFailedAllocation", Time since last: 317303141 ns, Reaching safepoint: 144003 ns, At safepoint: 48841469 ns, Total: 48985472 ns
[14.248s][info ][gc,start       ] GC(27) Pause Young (Allocation Failure)
[14.290s][debug][gc,phases      ] GC(27) Scavenge 41.268ms
[14.290s][debug][gc,ref         ] GC(27) Skipped phase 1 of Reference Processing: no references
[14.290s][debug][gc,ref         ] GC(27) Skipped phase 3 of Reference Processing: no references
[14.290s][debug][gc,phases      ] GC(27) Reference Processing 0.192ms
[14.291s][debug][gc,phases      ] GC(27) Weak Processing 0.716ms
[14.291s][debug][gc,age         ] GC(27) Desired survivor size 265289728 bytes, new threshold 15 (max threshold 15)
[14.291s][info ][gc,heap        ] GC(27) PSYoungGen: 1636592K(1830400K)->80304K(1822720K) Eden: 1555968K(1555968K)->0K(1555968K) From: 80624K(274432K)->80304K(266752K)
[14.291s][info ][gc,heap        ] GC(27) ParOldGen: 175124K(252416K)->177112K(252416K)
[14.291s][info ][gc,metaspace   ] GC(27) Metaspace: 62348K(62912K)->62348K(62912K) NonClass: 53377K(53696K)->53377K(53696K) Class: 8971K(9216K)->8971K(9216K)
[14.291s][info ][gc             ] GC(27) Pause Young (Allocation Failure) 1769M->251M(2026M) 42.326ms
[14.291s][info ][gc,cpu         ] GC(27) User=0.16s Sys=0.00s Real=0.05s
[14.291s][info ][safepoint      ] Safepoint "ParallelGCFailedAllocation", Time since last: 280214929 ns, Reaching safepoint: 168504 ns, At safepoint: 42440529 ns, Total: 42609033 ns
[14.679s][info ][gc,start       ] GC(28) Pause Young (Allocation Failure)
[14.727s][debug][gc,phases      ] GC(28) Scavenge 47.966ms
[14.727s][debug][gc,ref         ] GC(28) Skipped phase 1 of Reference Processing: no references
[14.727s][debug][gc,ref         ] GC(28) Skipped phase 3 of Reference Processing: no references
[14.727s][debug][gc,phases      ] GC(28) Reference Processing 0.100ms
[14.728s][debug][gc,phases      ] GC(28) Weak Processing 0.542ms
[14.728s][debug][gc,age         ] GC(28) Desired survivor size 256376832 bytes, new threshold 15 (max threshold 15)
[14.728s][info ][gc,heap        ] GC(28) PSYoungGen: 1636272K(1822720K)->86112K(1846784K) Eden: 1555968K(1555968K)->0K(1587712K) From: 80304K(266752K)->86112K(259072K)
[14.728s][info ][gc,heap        ] GC(28) ParOldGen: 177112K(252416K)->177836K(252416K)
[14.728s][info ][gc,metaspace   ] GC(28) Metaspace: 62647K(63232K)->62647K(63232K) NonClass: 53645K(53952K)->53645K(53952K) Class: 9002K(9280K)->9002K(9280K)
[14.728s][info ][gc             ] GC(28) Pause Young (Allocation Failure) 1770M->257M(2050M) 48.737ms
[14.728s][info ][gc,cpu         ] GC(28) User=0.18s Sys=0.00s Real=0.05s
[14.728s][info ][safepoint      ] Safepoint "ParallelGCFailedAllocation", Time since last: 385802739 ns, Reaching safepoint: 2240949 ns, At safepoint: 48857869 ns, Total: 51098818 ns
[14.880s][info ][safepoint      ] Safepoint "ICBufferFull", Time since last: 152107327 ns, Reaching safepoint: 230505 ns, At safepoint: 25101 ns, Total: 255606 ns
[14.881s][info ][safepoint      ] Safepoint "ICBufferFull", Time since last: 723716 ns, Reaching safepoint: 114302 ns, At safepoint: 20201 ns, Total: 134503 ns
[14.882s][info ][safepoint      ] Safepoint "ICBufferFull", Time since last: 659614 ns, Reaching safepoint: 89902 ns, At safepoint: 20801 ns, Total: 110703 ns
[14.882s][info ][safepoint      ] Safepoint "ICBufferFull", Time since last: 652114 ns, Reaching safepoint: 91902 ns, At safepoint: 21300 ns, Total: 113202 ns
[15.162s][info ][gc,start       ] GC(29) Pause Young (Allocation Failure)
[15.209s][debug][gc,phases      ] GC(29) Scavenge 46.713ms
[15.209s][debug][gc,ref         ] GC(29) Skipped phase 1 of Reference Processing: no references
[15.209s][debug][gc,ref         ] GC(29) Skipped phase 3 of Reference Processing: no references
[15.209s][debug][gc,phases      ] GC(29) Reference Processing 0.133ms
[15.210s][debug][gc,phases      ] GC(29) Weak Processing 0.696ms
[15.210s][debug][gc,age         ] GC(29) Desired survivor size 244842496 bytes, new threshold 15 (max threshold 15)
[15.210s][info ][gc,heap        ] GC(29) PSYoungGen: 1673824K(1846784K)->97920K(1838080K) Eden: 1587712K(1587712K)->0K(1587712K) From: 86112K(259072K)->97920K(250368K)
[15.210s][info ][gc,heap        ] GC(29) ParOldGen: 177836K(252416K)->179597K(252416K)
[15.210s][info ][gc,metaspace   ] GC(29) Metaspace: 63055K(63680K)->63055K(63680K) NonClass: 54017K(54336K)->54017K(54336K) Class: 9037K(9344K)->9037K(9344K)
[15.210s][info ][gc             ] GC(29) Pause Young (Allocation Failure) 1808M->271M(2041M) 47.709ms
[15.210s][info ][gc,cpu         ] GC(29) User=0.19s Sys=0.00s Real=0.04s
[15.210s][info ][safepoint      ] Safepoint "ParallelGCFailedAllocation", Time since last: 279913424 ns, Reaching safepoint: 164903 ns, At safepoint: 47837447 ns, Total: 48002350 ns
[15.592s][info ][gc,start       ] GC(30) Pause Young (Allocation Failure)
[15.640s][debug][gc,phases      ] GC(30) Scavenge 48.612ms
[15.640s][debug][gc,ref         ] GC(30) Skipped phase 1 of Reference Processing: no references
[15.640s][debug][gc,ref         ] GC(30) Skipped phase 3 of Reference Processing: no references
[15.640s][debug][gc,phases      ] GC(30) Reference Processing 0.109ms
[15.641s][debug][gc,phases      ] GC(30) Weak Processing 0.575ms
[15.641s][debug][gc,age         ] GC(30) Desired survivor size 232259584 bytes, new threshold 15 (max threshold 15)
[15.641s][info ][gc,heap        ] GC(30) PSYoungGen: 1685632K(1838080K)->111456K(1870336K) Eden: 1587712K(1587712K)->0K(1631232K) From: 97920K(250368K)->111456K(239104K)
[15.641s][info ][gc,heap        ] GC(30) ParOldGen: 179597K(252416K)->181117K(252416K)
[15.641s][info ][gc,metaspace   ] GC(30) Metaspace: 63192K(63744K)->63192K(63744K) NonClass: 54154K(54400K)->54154K(54400K) Class: 9037K(9344K)->9037K(9344K)
[15.641s][info ][gc             ] GC(30) Pause Young (Allocation Failure) 1821M->285M(2073M) 49.434ms
[15.641s][info ][gc,cpu         ] GC(30) User=0.19s Sys=0.00s Real=0.04s
[15.641s][info ][safepoint      ] Safepoint "ParallelGCFailedAllocation", Time since last: 381100737 ns, Reaching safepoint: 212804 ns, At safepoint: 49550084 ns, Total: 49762888 ns
[15.993s][info ][safepoint      ] Safepoint "ParallelGCFailedAllocation", Time since last: 351155583 ns, Reaching safepoint: 300906 ns, At safepoint: 32801 ns, Total: 333707 ns
[16.002s][info ][gc,start       ] GC(31) Pause Young (GCLocker Initiated GC)
[16.052s][debug][gc,phases      ] GC(31) Scavenge 49.155ms
[16.052s][debug][gc,ref         ] GC(31) Skipped phase 1 of Reference Processing: no references
[16.052s][debug][gc,ref         ] GC(31) Skipped phase 3 of Reference Processing: no references
[16.052s][debug][gc,phases      ] GC(31) Reference Processing 0.113ms
[16.052s][debug][gc,phases      ] GC(31) Weak Processing 0.548ms
[16.052s][debug][gc,age         ] GC(31) Desired survivor size 223870976 bytes, new threshold 15 (max threshold 15)
[16.052s][info ][gc,heap        ] GC(31) PSYoungGen: 1742688K(1870336K)->121632K(1858048K) Eden: 1631232K(1631232K)->0K(1631232K) From: 111456K(239104K)->121632K(226816K)
[16.052s][info ][gc,heap        ] GC(31) ParOldGen: 181117K(252416K)->182693K(252416K)
[16.052s][info ][gc,metaspace   ] GC(31) Metaspace: 63365K(64000K)->63365K(64000K) NonClass: 54307K(54656K)->54307K(54656K) Class: 9058K(9344K)->9058K(9344K)
[16.052s][info ][gc             ] GC(31) Pause Young (GCLocker Initiated GC) 1878M->297M(2061M) 49.954ms
[16.052s][info ][gc,cpu         ] GC(31) User=0.19s Sys=0.00s Real=0.05s
[16.052s][info ][safepoint      ] Safepoint "ParallelGCSystemGC", Time since last: 9676812 ns, Reaching safepoint: 104802 ns, At safepoint: 50048795 ns, Total: 50153597 ns
[16.396s][info ][gc,start       ] GC(32) Pause Young (Allocation Failure)
[16.446s][debug][gc,phases      ] GC(32) Scavenge 49.717ms
[16.446s][debug][gc,ref         ] GC(32) Skipped phase 1 of Reference Processing: no references
[16.446s][debug][gc,ref         ] GC(32) Skipped phase 3 of Reference Processing: no references
[16.446s][debug][gc,phases      ] GC(32) Reference Processing 0.103ms
[16.447s][debug][gc,phases      ] GC(32) Weak Processing 0.577ms
[16.447s][debug][gc,age         ] GC(32) Desired survivor size 220200960 bytes, new threshold 15 (max threshold 15)
[16.447s][info ][gc,heap        ] GC(32) PSYoungGen: 1752864K(1858048K)->131168K(1882112K) Eden: 1631232K(1631232K)->0K(1663488K) From: 121632K(226816K)->131168K(218624K)
[16.447s][info ][gc,heap        ] GC(32) ParOldGen: 182694K(252416K)->183734K(252416K)
[16.447s][info ][gc,metaspace   ] GC(32) Metaspace: 63403K(64000K)->63403K(64000K) NonClass: 54344K(54656K)->54344K(54656K) Class: 9058K(9344K)->9058K(9344K)
[16.447s][info ][gc             ] GC(32) Pause Young (Allocation Failure) 1890M->307M(2084M) 50.556ms
[16.447s][info ][gc,cpu         ] GC(32) User=0.20s Sys=0.00s Real=0.05s
[16.447s][info ][safepoint      ] Safepoint "ParallelGCFailedAllocation", Time since last: 343300010 ns, Reaching safepoint: 199805 ns, At safepoint: 50674508 ns, Total: 50874313 ns
[16.801s][info ][gc,start       ] GC(33) Pause Young (Allocation Failure)
[16.855s][debug][gc,phases      ] GC(33) Scavenge 53.882ms
[16.855s][debug][gc,ref         ] GC(33) Skipped phase 1 of Reference Processing: no references
[16.855s][debug][gc,ref         ] GC(33) Skipped phase 3 of Reference Processing: no references
[16.855s][debug][gc,phases      ] GC(33) Reference Processing 0.118ms
[16.855s][debug][gc,phases      ] GC(33) Weak Processing 0.636ms
[16.855s][debug][gc,age         ] GC(33) Desired survivor size 219152384 bytes, new threshold 15 (max threshold 15)
[16.855s][info ][gc,heap        ] GC(33) PSYoungGen: 1794656K(1882112K)->139488K(1878528K) Eden: 1663488K(1663488K)->0K(1663488K) From: 131168K(218624K)->139488K(215040K)
[16.855s][info ][gc,heap        ] GC(33) ParOldGen: 183734K(252416K)->184934K(252416K)
[16.855s][info ][gc,metaspace   ] GC(33) Metaspace: 63409K(64000K)->63409K(64000K) NonClass: 54351K(54656K)->54351K(54656K) Class: 9058K(9344K)->9058K(9344K)
[16.855s][info ][gc             ] GC(33) Pause Young (Allocation Failure) 1932M->316M(2081M) 54.785ms
[16.855s][info ][gc,cpu         ] GC(33) User=0.17s Sys=0.04s Real=0.06s
[16.855s][info ][safepoint      ] Safepoint "ParallelGCFailedAllocation", Time since last: 353760740 ns, Reaching safepoint: 165303 ns, At safepoint: 54906001 ns, Total: 55071304 ns
[17.193s][info ][gc,start       ] GC(34) Pause Young (Allocation Failure)
[17.244s][debug][gc,phases      ] GC(34) Scavenge 51.061ms
[17.244s][debug][gc,ref         ] GC(34) Skipped phase 1 of Reference Processing: no references
[17.244s][debug][gc,ref         ] GC(34) Skipped phase 3 of Reference Processing: no references
[17.245s][debug][gc,phases      ] GC(34) Reference Processing 0.116ms
[17.245s][debug][gc,phases      ] GC(34) Weak Processing 0.543ms
[17.245s][debug][gc,age         ] GC(34) Desired survivor size 220200960 bytes, new threshold 15 (max threshold 15)
[17.245s][info ][gc,heap        ] GC(34) PSYoungGen: 1802976K(1878528K)->145440K(1881088K) Eden: 1663488K(1663488K)->0K(1667072K) From: 139488K(215040K)->145440K(214016K)
[17.245s][info ][gc,heap        ] GC(34) ParOldGen: 184934K(252416K)->186150K(252416K)
[17.245s][info ][gc,metaspace   ] GC(34) Metaspace: 63427K(64064K)->63427K(64064K) NonClass: 54369K(54720K)->54369K(54720K) Class: 9058K(9344K)->9058K(9344K)
[17.245s][info ][gc             ] GC(34) Pause Young (Allocation Failure) 1941M->323M(2083M) 51.880ms
[17.245s][info ][gc,cpu         ] GC(34) User=0.18s Sys=0.02s Real=0.05s
[17.245s][info ][safepoint      ] Safepoint "ParallelGCFailedAllocation", Time since last: 336818769 ns, Reaching safepoint: 888520 ns, At safepoint: 52008238 ns, Total: 52896758 ns
[17.613s][info ][gc,start       ] GC(35) Pause Young (Allocation Failure)
[17.663s][debug][gc,phases      ] GC(35) Scavenge 49.305ms
[17.663s][debug][gc,ref         ] GC(35) Skipped phase 1 of Reference Processing: no references
[17.663s][debug][gc,ref         ] GC(35) Skipped phase 3 of Reference Processing: no references
[17.663s][debug][gc,phases      ] GC(35) Reference Processing 0.095ms
[17.663s][debug][gc,phases      ] GC(35) Weak Processing 0.538ms
[17.663s][debug][gc,age         ] GC(35) Desired survivor size 221249536 bytes, new threshold 15 (max threshold 15)
[17.663s][info ][gc,heap        ] GC(35) PSYoungGen: 1812512K(1881088K)->148224K(1815552K) Eden: 1667072K(1667072K)->0K(1667072K) From: 145440K(214016K)->148224K(148480K)
[17.663s][info ][gc,heap        ] GC(35) ParOldGen: 186150K(252416K)->189102K(252416K)
[17.663s][info ][gc,metaspace   ] GC(35) Metaspace: 63439K(64064K)->63439K(64064K) NonClass: 54381K(54720K)->54381K(54720K) Class: 9058K(9344K)->9058K(9344K)
[17.663s][info ][gc             ] GC(35) Pause Young (Allocation Failure) 1951M->329M(2019M) 50.082ms
[17.663s][info ][gc,cpu         ] GC(35) User=0.18s Sys=0.01s Real=0.05s
[17.663s][info ][safepoint      ] Safepoint "ParallelGCFailedAllocation", Time since last: 367916149 ns, Reaching safepoint: 159403 ns, At safepoint: 50207999 ns, Total: 50367402 ns
[17.957s][info ][gc,start       ] GC(36) Pause Young (Allocation Failure)
[18.000s][debug][gc,phases      ] GC(36) Scavenge 43.122ms
[18.000s][debug][gc,ref         ] GC(36) Skipped phase 1 of Reference Processing: no references
[18.000s][debug][gc,ref         ] GC(36) Skipped phase 3 of Reference Processing: no references
[18.000s][debug][gc,phases      ] GC(36) Reference Processing 0.109ms
[18.001s][debug][gc,phases      ] GC(36) Weak Processing 0.532ms
[18.001s][debug][gc,age         ] GC(36) Desired survivor size 224395264 bytes, new threshold 15 (max threshold 15)
[18.001s][info ][gc,heap        ] GC(36) PSYoungGen: 1815296K(1815552K)->156592K(1874944K) Eden: 1667072K(1667072K)->0K(1658880K) From: 148224K(148480K)->156592K(216064K)
[18.001s][info ][gc,heap        ] GC(36) ParOldGen: 189102K(252416K)->191134K(252416K)
[18.001s][info ][gc,metaspace   ] GC(36) Metaspace: 63449K(64064K)->63449K(64064K) NonClass: 54390K(54720K)->54390K(54720K) Class: 9058K(9344K)->9058K(9344K)
[18.001s][info ][gc             ] GC(36) Pause Young (Allocation Failure) 1957M->339M(2077M) 43.898ms
[18.001s][info ][gc,cpu         ] GC(36) User=0.17s Sys=0.00s Real=0.04s
[18.001s][info ][safepoint      ] Safepoint "ParallelGCFailedAllocation", Time since last: 293224415 ns, Reaching safepoint: 135803 ns, At safepoint: 44020663 ns, Total: 44156466 ns
[18.189s][info ][safepoint      ] Safepoint "ICBufferFull", Time since last: 187352300 ns, Reaching safepoint: 1121824 ns, At safepoint: 29101 ns, Total: 1150925 ns
[18.201s][info ][safepoint      ] Safepoint "ICBufferFull", Time since last: 11185844 ns, Reaching safepoint: 132603 ns, At safepoint: 25201 ns, Total: 157804 ns
[18.202s][info ][safepoint      ] Safepoint "ICBufferFull", Time since last: 799417 ns, Reaching safepoint: 294507 ns, At safepoint: 18800 ns, Total: 313307 ns
[18.205s][info ][safepoint      ] Safepoint "ICBufferFull", Time since last: 2669659 ns, Reaching safepoint: 104002 ns, At safepoint: 24000 ns, Total: 128002 ns
[18.208s][info ][safepoint      ] Safepoint "ICBufferFull", Time since last: 2759861 ns, Reaching safepoint: 126403 ns, At safepoint: 33000 ns, Total: 159403 ns
[18.210s][info ][safepoint      ] Safepoint "ICBufferFull", Time since last: 2771261 ns, Reaching safepoint: 108402 ns, At safepoint: 34601 ns, Total: 143003 ns
[18.373s][info ][gc,start       ] GC(37) Pause Young (Allocation Failure)
[18.416s][debug][gc,phases      ] GC(37) Scavenge 43.427ms
[18.416s][debug][gc,ref         ] GC(37) Skipped phase 1 of Reference Processing: no references
[18.416s][debug][gc,ref         ] GC(37) Skipped phase 3 of Reference Processing: no references
[18.416s][debug][gc,phases      ] GC(37) Reference Processing 0.077ms
[18.417s][debug][gc,phases      ] GC(37) Weak Processing 0.537ms
[18.417s][debug][gc,age         ] GC(37) Desired survivor size 228589568 bytes, new threshold 15 (max threshold 15)
[18.417s][info ][gc,heap        ] GC(37) PSYoungGen: 1815472K(1874944K)->163249K(1822208K) Eden: 1658880K(1658880K)->0K(1658880K) From: 156592K(216064K)->163249K(163328K)
[18.417s][info ][gc,heap        ] GC(37) ParOldGen: 191134K(252416K)->192862K(252416K)
[18.417s][info ][gc,metaspace   ] GC(37) Metaspace: 63486K(64064K)->63486K(64064K) NonClass: 54423K(54720K)->54423K(54720K) Class: 9062K(9344K)->9062K(9344K)
[18.417s][info ][gc             ] GC(37) Pause Young (Allocation Failure) 1959M->347M(2026M) 44.164ms
[18.417s][info ][gc,cpu         ] GC(37) User=0.17s Sys=0.00s Real=0.04s
[18.417s][info ][safepoint      ] Safepoint "ParallelGCFailedAllocation", Time since last: 162029245 ns, Reaching safepoint: 230105 ns, At safepoint: 44283969 ns, Total: 44514074 ns
[18.818s][info ][gc,start       ] GC(38) Pause Young (Allocation Failure)
[18.867s][debug][gc,phases      ] GC(38) Scavenge 48.689ms
[18.867s][debug][gc,ref         ] GC(38) Skipped phase 1 of Reference Processing: no references
[18.867s][debug][gc,ref         ] GC(38) Skipped phase 3 of Reference Processing: no references
[18.867s][debug][gc,phases      ] GC(38) Reference Processing 0.067ms
[18.867s][debug][gc,phases      ] GC(38) Weak Processing 0.575ms
[18.868s][debug][gc,age         ] GC(38) Desired survivor size 233832448 bytes, new threshold 15 (max threshold 15)
[18.868s][info ][gc,heap        ] GC(38) PSYoungGen: 1822129K(1822208K)->168928K(1863680K) Eden: 1658880K(1658880K)->0K(1640448K) From: 163249K(163328K)->168928K(223232K)
[18.868s][info ][gc,heap        ] GC(38) ParOldGen: 192862K(252416K)->193730K(252416K)
[18.868s][info ][gc,metaspace   ] GC(38) Metaspace: 63502K(64064K)->63502K(64064K) NonClass: 54439K(54720K)->54439K(54720K) Class: 9062K(9344K)->9062K(9344K)
[18.868s][info ][gc             ] GC(38) Pause Young (Allocation Failure) 1967M->354M(2066M) 49.482ms
[18.868s][info ][gc,cpu         ] GC(38) User=0.24s Sys=0.01s Real=0.05s
[18.868s][info ][safepoint      ] Safepoint "ParallelGCFailedAllocation", Time since last: 400837270 ns, Reaching safepoint: 179804 ns, At safepoint: 49611086 ns, Total: 49790890 ns
[19.238s][info ][gc,start       ] GC(39) Pause Young (Allocation Failure)
[19.280s][debug][gc,phases      ] GC(39) Scavenge 41.432ms
[19.280s][debug][gc,ref         ] GC(39) Skipped phase 1 of Reference Processing: no references
[19.280s][debug][gc,ref         ] GC(39) Skipped phase 3 of Reference Processing: no references
[19.280s][debug][gc,phases      ] GC(39) Reference Processing 0.066ms
[19.281s][debug][gc,phases      ] GC(39) Weak Processing 0.559ms
[19.281s][debug][gc,age         ] GC(39) Desired survivor size 240123904 bytes, new threshold 15 (max threshold 15)
[19.281s][info ][gc,heap        ] GC(39) PSYoungGen: 1809376K(1863680K)->175168K(1816064K) Eden: 1640448K(1640448K)->0K(1640448K) From: 168928K(223232K)->175168K(175616K)
[19.281s][info ][gc,heap        ] GC(39) ParOldGen: 193730K(252416K)->195079K(252416K)
[19.281s][info ][gc,metaspace   ] GC(39) Metaspace: 63509K(64128K)->63509K(64128K) NonClass: 54446K(54784K)->54446K(54784K) Class: 9062K(9344K)->9062K(9344K)
[19.281s][info ][gc             ] GC(39) Pause Young (Allocation Failure) 1956M->361M(2020M) 42.215ms
[19.281s][info ][gc,cpu         ] GC(39) User=0.17s Sys=0.00s Real=0.04s
[19.281s][info ][safepoint      ] Safepoint "ParallelGCFailedAllocation", Time since last: 370536607 ns, Reaching safepoint: 152803 ns, At safepoint: 42338127 ns, Total: 42490930 ns
[19.648s][info ][gc,start       ] GC(40) Pause Young (Allocation Failure)
[19.692s][debug][gc,phases      ] GC(40) Scavenge 43.273ms
[19.692s][debug][gc,ref         ] GC(40) Skipped phase 1 of Reference Processing: no references
[19.692s][debug][gc,ref         ] GC(40) Skipped phase 3 of Reference Processing: no references
[19.692s][debug][gc,phases      ] GC(40) Reference Processing 0.077ms
[19.692s][debug][gc,phases      ] GC(40) Weak Processing 0.625ms
[19.692s][debug][gc,age         ] GC(40) Desired survivor size 246415360 bytes, new threshold 15 (max threshold 15)
[19.692s][info ][gc,heap        ] GC(40) PSYoungGen: 1815616K(1816064K)->180208K(1850368K) Eden: 1640448K(1640448K)->0K(1615872K) From: 175168K(175616K)->180208K(234496K)
[19.692s][info ][gc,heap        ] GC(40) ParOldGen: 195079K(252416K)->198294K(252416K)
[19.692s][info ][gc,metaspace   ] GC(40) Metaspace: 63528K(64128K)->63528K(64128K) NonClass: 54464K(54784K)->54464K(54784K) Class: 9064K(9344K)->9064K(9344K)
[19.692s][info ][gc             ] GC(40) Pause Young (Allocation Failure) 1963M->369M(2053M) 44.151ms
[19.692s][info ][gc,cpu         ] GC(40) User=0.17s Sys=0.00s Real=0.05s
[19.693s][info ][safepoint      ] Safepoint "ParallelGCFailedAllocation", Time since last: 367435639 ns, Reaching safepoint: 167804 ns, At safepoint: 44275169 ns, Total: 44442973 ns
[19.974s][info ][gc,start       ] GC(41) Pause Young (Allocation Failure)
[20.018s][debug][gc,phases      ] GC(41) Scavenge 43.968ms
[20.018s][debug][gc,ref         ] GC(41) Skipped phase 1 of Reference Processing: no references
[20.018s][debug][gc,ref         ] GC(41) Skipped phase 3 of Reference Processing: no references
[20.018s][debug][gc,phases      ] GC(41) Reference Processing 0.043ms
[20.019s][debug][gc,phases      ] GC(41) Weak Processing 0.527ms
[20.019s][debug][gc,age         ] GC(41) Desired survivor size 246939648 bytes, new threshold 15 (max threshold 15)
[20.019s][info ][gc,heap        ] GC(41) PSYoungGen: 1796080K(1850368K)->170048K(1786368K) Eden: 1615872K(1615872K)->0K(1615872K) From: 180208K(234496K)->170048K(170496K)
[20.019s][info ][gc,heap        ] GC(41) ParOldGen: 198294K(252416K)->210874K(252416K)
[20.019s][info ][gc,metaspace   ] GC(41) Metaspace: 63534K(64128K)->63534K(64128K) NonClass: 54469K(54784K)->54469K(54784K) Class: 9064K(9344K)->9064K(9344K)
[20.019s][info ][gc             ] GC(41) Pause Young (Allocation Failure) 1947M->371M(1991M) 44.698ms
[20.019s][info ][gc,cpu         ] GC(41) User=0.16s Sys=0.01s Real=0.04s
[20.019s][info ][safepoint      ] Safepoint "ParallelGCFailedAllocation", Time since last: 281169152 ns, Reaching safepoint: 215205 ns, At safepoint: 44836881 ns, Total: 45052086 ns
[20.313s][info ][gc,start       ] GC(42) Pause Young (Allocation Failure)
[20.373s][debug][gc,phases      ] GC(42) Scavenge 59.699ms
[20.373s][debug][gc,ref         ] GC(42) Skipped phase 1 of Reference Processing: no references
[20.373s][debug][gc,ref         ] GC(42) Skipped phase 3 of Reference Processing: no references
[20.373s][debug][gc,phases      ] GC(42) Reference Processing 0.051ms
[20.373s][debug][gc,phases      ] GC(42) Weak Processing 0.518ms
[20.373s][debug][gc,age         ] GC(42) Desired survivor size 255852544 bytes, new threshold 15 (max threshold 15)
[20.373s][info ][gc,heap        ] GC(42) PSYoungGen: 1785920K(1786368K)->195552K(1838592K) Eden: 1615872K(1615872K)->0K(1597440K) From: 170048K(170496K)->195552K(241152K)
[20.373s][info ][gc,heap        ] GC(42) ParOldGen: 210874K(252416K)->212531K(252416K)
[20.373s][info ][gc,metaspace   ] GC(42) Metaspace: 63545K(64128K)->63545K(64128K) NonClass: 54481K(54784K)->54481K(54784K) Class: 9064K(9344K)->9064K(9344K)
[20.373s][info ][gc             ] GC(42) Pause Young (Allocation Failure) 1949M->398M(2042M) 60.415ms
[20.373s][info ][gc,cpu         ] GC(42) User=0.30s Sys=0.00s Real=0.06s
[20.373s][info ][safepoint      ] Safepoint "ParallelGCFailedAllocation", Time since last: 293832629 ns, Reaching safepoint: 130403 ns, At safepoint: 60541125 ns, Total: 60671528 ns
[20.683s][info ][gc,start       ] GC(43) Pause Young (Allocation Failure)
[20.766s][debug][gc,phases      ] GC(43) Scavenge 83.083ms
[20.766s][debug][gc,ref         ] GC(43) Skipped phase 1 of Reference Processing: no references
[20.766s][debug][gc,ref         ] GC(43) Skipped phase 3 of Reference Processing: no references
[20.766s][debug][gc,phases      ] GC(43) Reference Processing 0.028ms
[20.766s][debug][gc,phases      ] GC(43) Weak Processing 0.499ms
[20.766s][debug][gc,age         ] GC(43) Desired survivor size 276824064 bytes, new threshold 15 (max threshold 15)
[20.766s][info ][gc,heap        ] GC(43) PSYoungGen: 1792992K(1838592K)->232512K(1830400K) Eden: 1597440K(1597440K)->0K(1597440K) From: 195552K(241152K)->232512K(232960K)
[20.766s][info ][gc,heap        ] GC(43) ParOldGen: 212531K(252416K)->219372K(252416K)
[20.766s][info ][gc,metaspace   ] GC(43) Metaspace: 63554K(64128K)->63554K(64128K) NonClass: 54489K(54784K)->54489K(54784K) Class: 9065K(9344K)->9065K(9344K)
[20.766s][info ][gc             ] GC(43) Pause Young (Allocation Failure) 1958M->441M(2034M) 83.754ms
[20.766s][info ][gc,cpu         ] GC(43) User=0.41s Sys=0.00s Real=0.08s
[20.766s][info ][safepoint      ] Safepoint "ParallelGCFailedAllocation", Time since last: 307132120 ns, Reaching safepoint: 2134747 ns, At safepoint: 83879235 ns, Total: 86013982 ns
[21.072s][info ][safepoint      ] Safepoint "ICBufferFull", Time since last: 305192979 ns, Reaching safepoint: 214404 ns, At safepoint: 28101 ns, Total: 242505 ns
[21.094s][info ][safepoint      ] Safepoint "ICBufferFull", Time since last: 22205186 ns, Reaching safepoint: 152803 ns, At safepoint: 25001 ns, Total: 177804 ns
[21.115s][info ][safepoint      ] Safepoint "ICBufferFull", Time since last: 20228842 ns, Reaching safepoint: 148004 ns, At safepoint: 22100 ns, Total: 170104 ns
[21.173s][info ][safepoint      ] Safepoint "ICBufferFull", Time since last: 58353577 ns, Reaching safepoint: 127303 ns, At safepoint: 25700 ns, Total: 153003 ns
[21.211s][info ][safepoint      ] Safepoint "ICBufferFull", Time since last: 37845028 ns, Reaching safepoint: 154604 ns, At safepoint: 42701 ns, Total: 197305 ns
[21.246s][info ][gc,start       ] GC(44) Pause Young (Allocation Failure)
[21.340s][debug][gc,phases      ] GC(44) Scavenge 93.587ms
[21.340s][debug][gc,ref         ] GC(44) Skipped phase 1 of Reference Processing: no references
[21.340s][debug][gc,ref         ] GC(44) Skipped phase 3 of Reference Processing: no references
[21.340s][debug][gc,phases      ] GC(44) Reference Processing 0.070ms
[21.341s][debug][gc,phases      ] GC(44) Weak Processing 0.564ms
[21.341s][debug][gc,age         ] GC(44) Desired survivor size 297795584 bytes, new threshold 15 (max threshold 15)
[21.341s][info ][gc,heap        ] GC(44) PSYoungGen: 1829952K(1830400K)->242912K(1782272K) Eden: 1597440K(1597440K)->0K(1515520K) From: 232512K(232960K)->242912K(266752K)
[21.341s][info ][gc,heap        ] GC(44) ParOldGen: 219372K(252416K)->227910K(252416K)
[21.341s][info ][gc,metaspace   ] GC(44) Metaspace: 65328K(65856K)->65328K(65856K) NonClass: 56033K(56320K)->56033K(56320K) Class: 9294K(9536K)->9294K(9536K)
[21.341s][info ][gc             ] GC(44) Pause Young (Allocation Failure) 2001M->459M(1987M) 94.392ms
[21.341s][info ][gc,cpu         ] GC(44) User=0.45s Sys=0.02s Real=0.09s
[21.341s][info ][safepoint      ] Safepoint "ParallelGCFailedAllocation", Time since last: 34854562 ns, Reaching safepoint: 368708 ns, At safepoint: 94509969 ns, Total: 94878677 ns
[21.445s][info ][safepoint      ] Safepoint "ICBufferFull", Time since last: 103489464 ns, Reaching safepoint: 139103 ns, At safepoint: 23701 ns, Total: 162804 ns
[21.499s][info ][safepoint      ] Safepoint "ICBufferFull", Time since last: 50544806 ns, Reaching safepoint: 4298494 ns, At safepoint: 36801 ns, Total: 4335295 ns
[21.567s][info ][safepoint      ] Safepoint "ICBufferFull", Time since last: 67109268 ns, Reaching safepoint: 156704 ns, At safepoint: 35300 ns, Total: 192004 ns
[21.647s][info ][gc,start       ] GC(45) Pause Young (Allocation Failure)
[21.739s][debug][gc,phases      ] GC(45) Scavenge 91.338ms
[21.739s][debug][gc,ref         ] GC(45) Skipped phase 1 of Reference Processing: no references
[21.739s][debug][gc,ref         ] GC(45) Skipped phase 3 of Reference Processing: no references
[21.739s][debug][gc,phases      ] GC(45) Reference Processing 0.058ms
[21.739s][debug][gc,phases      ] GC(45) Weak Processing 0.537ms
[21.739s][debug][gc,age         ] GC(45) Desired survivor size 305659904 bytes, new threshold 15 (max threshold 15)
[21.739s][info ][gc,heap        ] GC(45) PSYoungGen: 1758432K(1782272K)->220608K(1736192K) Eden: 1515520K(1515520K)->0K(1515520K) From: 242912K(266752K)->220608K(220672K)
[21.739s][info ][gc,heap        ] GC(45) ParOldGen: 227910K(252416K)->237060K(252416K)
[21.739s][info ][gc,metaspace   ] GC(45) Metaspace: 65460K(66048K)->65460K(66048K) NonClass: 56153K(56448K)->56153K(56448K) Class: 9306K(9600K)->9306K(9600K)
[21.739s][info ][gc             ] GC(45) Pause Young (Allocation Failure) 1939M->446M(1942M) 92.079ms
[21.739s][info ][gc,cpu         ] GC(45) User=0.35s Sys=0.01s Real=0.09s
[21.739s][debug][gc,phases      ] GC(46) Pre Compact 0.015ms
[21.739s][info ][gc,start       ] GC(46) Pause Full (Ergonomics)
[21.739s][info ][gc,phases,start] GC(46) Marking Phase
[21.860s][debug][gc,phases      ] GC(46) Par Mark 120.678ms
[21.860s][debug][gc,ref         ] GC(46) Skipped phase 1 of Reference Processing: no references
[21.860s][debug][gc,ref         ] GC(46) Skipped phase 3 of Reference Processing: no references
[21.860s][debug][gc,phases      ] GC(46) Reference Processing 0.402ms
[21.861s][debug][gc,phases      ] GC(46) Weak Processing 0.511ms
[21.861s][debug][gc,phases      ] GC(46) ClassLoaderData 0.056ms
[21.861s][debug][gc,phases      ] GC(46) Trigger cleanups 0.000ms
[21.869s][debug][gc,phases      ] GC(46) Class Unloading 7.545ms
[21.869s][info ][gc,phases      ] GC(46) Marking Phase 129.267ms
[21.869s][info ][gc,phases,start] GC(46) Summary Phase
[21.869s][info ][gc,phases      ] GC(46) Summary Phase 0.012ms
[21.869s][info ][gc,phases,start] GC(46) Adjust Roots
[21.882s][info ][gc,phases      ] GC(46) Adjust Roots 12.933ms
[21.882s][info ][gc,phases,start] GC(46) Compaction Phase
[22.053s][info ][gc,phases      ] GC(46) Compaction Phase 171.824ms
[22.053s][info ][gc,phases,start] GC(46) Post Compact
[22.055s][info ][gc,phases      ] GC(46) Post Compact 1.402ms
[22.055s][info ][gc,heap        ] GC(46) PSYoungGen: 220608K(1736192K)->99583K(1736192K) Eden: 0K(1515520K)->0K(1515520K) From: 220608K(220672K)->99583K(220672K)
[22.055s][info ][gc,heap        ] GC(46) ParOldGen: 237060K(252416K)->252147K(320512K)
[22.055s][info ][gc,metaspace   ] GC(46) Metaspace: 65460K(66048K)->65460K(66048K) NonClass: 56153K(56448K)->56153K(56448K) Class: 9306K(9600K)->9306K(9600K)
[22.055s][info ][gc             ] GC(46) Pause Full (Ergonomics) 446M->343M(2008M) 315.731ms
[22.055s][info ][gc,cpu         ] GC(46) User=1.17s Sys=0.00s Real=0.32s
[22.075s][info ][safepoint      ] Safepoint "ParallelGCFailedAllocation", Time since last: 74992341 ns, Reaching safepoint: 5336617 ns, At safepoint: 428231971 ns, Total: 433568588 ns
[22.143s][info ][safepoint      ] Safepoint "ICBufferFull", Time since last: 65412932 ns, Reaching safepoint: 2206548 ns, At safepoint: 27100 ns, Total: 2233648 ns
[22.283s][info ][safepoint      ] Safepoint "ICBufferFull", Time since last: 140124567 ns, Reaching safepoint: 179404 ns, At safepoint: 25200 ns, Total: 204604 ns
[22.362s][info ][gc,start       ] GC(47) Pause Young (Allocation Failure)
[22.415s][debug][gc,phases      ] GC(47) Scavenge 52.069ms
[22.415s][debug][gc,ref         ] GC(47) Skipped phase 1 of Reference Processing: no references
[22.415s][debug][gc,ref         ] GC(47) Skipped phase 3 of Reference Processing: no references
[22.415s][debug][gc,phases      ] GC(47) Reference Processing 0.053ms
[22.415s][debug][gc,phases      ] GC(47) Weak Processing 0.512ms
[22.415s][debug][gc,age         ] GC(47) Desired survivor size 305135616 bytes, new threshold 15 (max threshold 15)
[22.415s][info ][gc,heap        ] GC(47) PSYoungGen: 1615103K(1736192K)->99216K(1799168K) Eden: 1515520K(1515520K)->0K(1500672K) From: 99583K(220672K)->99216K(298496K)
[22.415s][info ][gc,heap        ] GC(47) ParOldGen: 252147K(320512K)->256352K(320512K)
[22.415s][info ][gc,metaspace   ] GC(47) Metaspace: 66151K(66752K)->66151K(66752K) NonClass: 56729K(57088K)->56729K(57088K) Class: 9422K(9664K)->9422K(9664K)
[22.415s][info ][gc             ] GC(47) Pause Young (Allocation Failure) 1823M->347M(2070M) 52.776ms
[22.415s][info ][gc,cpu         ] GC(47) User=0.20s Sys=0.00s Real=0.05s
[22.415s][info ][safepoint      ] Safepoint "ParallelGCFailedAllocation", Time since last: 78864926 ns, Reaching safepoint: 240005 ns, At safepoint: 52890158 ns, Total: 53130163 ns
[22.694s][info ][safepoint      ] Safepoint "ICBufferFull", Time since last: 278759800 ns, Reaching safepoint: 293206 ns, At safepoint: 33201 ns, Total: 326407 ns
[22.743s][info ][gc,start       ] GC(48) Pause Young (Allocation Failure)
[22.765s][debug][gc,phases      ] GC(48) Scavenge 22.356ms
[22.765s][debug][gc,ref         ] GC(48) Skipped phase 1 of Reference Processing: no references
[22.765s][debug][gc,ref         ] GC(48) Skipped phase 3 of Reference Processing: no references
[22.765s][debug][gc,phases      ] GC(48) Reference Processing 0.067ms
[22.766s][debug][gc,phases      ] GC(48) Weak Processing 0.527ms
[22.766s][debug][gc,age         ] GC(48) Desired survivor size 304087040 bytes, new threshold 15 (max threshold 15)
[22.766s][info ][gc,heap        ] GC(48) PSYoungGen: 1599888K(1799168K)->93584K(1798656K) Eden: 1500672K(1500672K)->0K(1500672K) From: 99216K(298496K)->93584K(297984K)
[22.766s][info ][gc,heap        ] GC(48) ParOldGen: 256352K(320512K)->262789K(320512K)
[22.766s][info ][gc,metaspace   ] GC(48) Metaspace: 66655K(67200K)->66655K(67200K) NonClass: 57180K(57472K)->57180K(57472K) Class: 9474K(9728K)->9474K(9728K)
[22.766s][info ][gc             ] GC(48) Pause Young (Allocation Failure) 1812M->348M(2069M) 23.108ms
[22.766s][info ][gc,cpu         ] GC(48) User=0.10s Sys=0.00s Real=0.02s
[22.766s][info ][safepoint      ] Safepoint "ParallelGCFailedAllocation", Time since last: 45021785 ns, Reaching safepoint: 3374474 ns, At safepoint: 23230309 ns, Total: 26604783 ns
[23.025s][info ][safepoint      ] Safepoint "ICBufferFull", Time since last: 258313853 ns, Reaching safepoint: 396608 ns, At safepoint: 23101 ns, Total: 419709 ns
[23.141s][info ][safepoint      ] Safepoint "ICBufferFull", Time since last: 116244744 ns, Reaching safepoint: 148103 ns, At safepoint: 24600 ns, Total: 172703 ns
[23.143s][info ][gc,start       ] GC(49) Pause Young (Allocation Failure)
[23.169s][debug][gc,phases      ] GC(49) Scavenge 25.750ms
[23.169s][debug][gc,ref         ] GC(49) Skipped phase 1 of Reference Processing: no references
[23.169s][debug][gc,ref         ] GC(49) Skipped phase 3 of Reference Processing: no references
[23.169s][debug][gc,phases      ] GC(49) Reference Processing 0.065ms
[23.169s][debug][gc,phases      ] GC(49) Weak Processing 0.516ms
[23.169s][debug][gc,age         ] GC(49) Desired survivor size 302514176 bytes, new threshold 15 (max threshold 15)
[23.169s][info ][gc,heap        ] GC(49) PSYoungGen: 1594256K(1798656K)->85264K(1801728K) Eden: 1500672K(1500672K)->0K(1504768K) From: 93584K(297984K)->85264K(296960K)
[23.169s][info ][gc,heap        ] GC(49) ParOldGen: 262789K(320512K)->272268K(320512K)
[23.169s][info ][gc,metaspace   ] GC(49) Metaspace: 66982K(67648K)->66982K(67648K) NonClass: 57485K(57856K)->57485K(57856K) Class: 9497K(9792K)->9497K(9792K)
[23.169s][info ][gc             ] GC(49) Pause Young (Allocation Failure) 1813M->349M(2072M) 26.465ms
[23.169s][info ][gc,cpu         ] GC(49) User=0.11s Sys=0.01s Real=0.02s
[23.169s][info ][safepoint      ] Safepoint "ParallelGCFailedAllocation", Time since last: 1638036 ns, Reaching safepoint: 116203 ns, At safepoint: 26565281 ns, Total: 26681484 ns
[23.363s][info ][safepoint      ] Safepoint "ICBufferFull", Time since last: 192852521 ns, Reaching safepoint: 283806 ns, At safepoint: 43001 ns, Total: 326807 ns
[23.511s][info ][gc,start       ] GC(50) Pause Young (Allocation Failure)
[23.535s][debug][gc,phases      ] GC(50) Scavenge 23.613ms
[23.535s][debug][gc,ref         ] GC(50) Skipped phase 1 of Reference Processing: no references
[23.535s][debug][gc,ref         ] GC(50) Skipped phase 3 of Reference Processing: no references
[23.535s][debug][gc,phases      ] GC(50) Reference Processing 0.057ms
[23.535s][debug][gc,phases      ] GC(50) Weak Processing 0.559ms
[23.535s][debug][gc,age         ] GC(50) Desired survivor size 300417024 bytes, new threshold 15 (max threshold 15)
[23.536s][info ][gc,heap        ] GC(50) PSYoungGen: 1590032K(1801728K)->75296K(1800192K) Eden: 1504768K(1504768K)->0K(1504768K) From: 85264K(296960K)->75296K(295424K)
[23.536s][info ][gc,heap        ] GC(50) ParOldGen: 272268K(320512K)->282902K(320512K)
[23.536s][info ][gc,metaspace   ] GC(50) Metaspace: 67183K(67840K)->67183K(67840K) NonClass: 57669K(58048K)->57669K(58048K) Class: 9514K(9792K)->9514K(9792K)
[23.536s][info ][gc             ] GC(50) Pause Young (Allocation Failure) 1818M->349M(2071M) 24.396ms
[23.536s][info ][gc,cpu         ] GC(50) User=0.08s Sys=0.01s Real=0.02s
[23.536s][info ][safepoint      ] Safepoint "ParallelGCFailedAllocation", Time since last: 146288401 ns, Reaching safepoint: 2169248 ns, At safepoint: 24523336 ns, Total: 26692584 ns
[23.833s][info ][safepoint      ] Safepoint "ICBufferFull", Time since last: 297199505 ns, Reaching safepoint: 248405 ns, At safepoint: 24801 ns, Total: 273206 ns
[23.879s][info ][gc,start       ] GC(51) Pause Young (Allocation Failure)
[23.899s][debug][gc,phases      ] GC(51) Scavenge 19.745ms
[23.899s][debug][gc,ref         ] GC(51) Skipped phase 1 of Reference Processing: no references
[23.899s][debug][gc,ref         ] GC(51) Skipped phase 3 of Reference Processing: no references
[23.899s][debug][gc,phases      ] GC(51) Reference Processing 0.053ms
[23.900s][debug][gc,phases      ] GC(51) Weak Processing 0.556ms
[23.900s][debug][gc,age         ] GC(51) Desired survivor size 297795584 bytes, new threshold 15 (max threshold 15)
[23.900s][info ][gc,heap        ] GC(51) PSYoungGen: 1580064K(1800192K)->72336K(1806336K) Eden: 1504768K(1504768K)->0K(1512960K) From: 75296K(295424K)->72336K(293376K)
[23.900s][info ][gc,heap        ] GC(51) ParOldGen: 282902K(320512K)->286867K(320512K)
[23.900s][info ][gc,metaspace   ] GC(51) Metaspace: 67321K(67968K)->67321K(67968K) NonClass: 57799K(58176K)->57799K(58176K) Class: 9521K(9792K)->9521K(9792K)
[23.900s][info ][gc             ] GC(51) Pause Young (Allocation Failure) 1819M->350M(2077M) 20.502ms
[23.900s][info ][gc,cpu         ] GC(51) User=0.06s Sys=0.01s Real=0.02s
[23.900s][info ][safepoint      ] Safepoint "ParallelGCFailedAllocation", Time since last: 45856103 ns, Reaching safepoint: 131903 ns, At safepoint: 20614851 ns, Total: 20746754 ns
[24.075s][info ][safepoint      ] Safepoint "ICBufferFull", Time since last: 175316037 ns, Reaching safepoint: 199904 ns, At safepoint: 24801 ns, Total: 224705 ns
[24.238s][info ][safepoint      ] Safepoint "ICBufferFull", Time since last: 161942144 ns, Reaching safepoint: 300807 ns, At safepoint: 27100 ns, Total: 327907 ns
[24.241s][info ][gc,start       ] GC(52) Pause Young (Allocation Failure)
[24.262s][debug][gc,phases      ] GC(52) Scavenge 20.322ms
[24.262s][debug][gc,ref         ] GC(52) Skipped phase 1 of Reference Processing: no references
[24.262s][debug][gc,ref         ] GC(52) Skipped phase 3 of Reference Processing: no references
[24.262s][debug][gc,phases      ] GC(52) Reference Processing 0.055ms
[24.262s][debug][gc,phases      ] GC(52) Weak Processing 0.562ms
[24.262s][debug][gc,age         ] GC(52) Desired survivor size 293076992 bytes, new threshold 15 (max threshold 15)
[24.262s][info ][gc,heap        ] GC(52) PSYoungGen: 1585296K(1806336K)->69712K(1803776K) Eden: 1512960K(1512960K)->0K(1512960K) From: 72336K(293376K)->69712K(290816K)
[24.262s][info ][gc,heap        ] GC(52) ParOldGen: 286867K(320512K)->290208K(320512K)
[24.262s][info ][gc,metaspace   ] GC(52) Metaspace: 67484K(68096K)->67484K(68096K) NonClass: 57954K(58304K)->57954K(58304K) Class: 9529K(9792K)->9529K(9792K)
[24.262s][info ][gc             ] GC(52) Pause Young (Allocation Failure) 1828M->351M(2074M) 21.087ms
[24.262s][info ][gc,cpu         ] GC(52) User=0.11s Sys=0.00s Real=0.03s
[24.262s][info ][safepoint      ] Safepoint "ParallelGCFailedAllocation", Time since last: 3041067 ns, Reaching safepoint: 672514 ns, At safepoint: 21195064 ns, Total: 21867578 ns
[24.351s][info ][safepoint      ] Safepoint "ICBufferFull", Time since last: 88454636 ns, Reaching safepoint: 208305 ns, At safepoint: 22800 ns, Total: 231105 ns
[24.467s][info ][safepoint      ] Safepoint "ICBufferFull", Time since last: 115343124 ns, Reaching safepoint: 203105 ns, At safepoint: 23700 ns, Total: 226805 ns
[24.578s][info ][safepoint      ] Safepoint "ICBufferFull", Time since last: 110791625 ns, Reaching safepoint: 217605 ns, At safepoint: 27801 ns, Total: 245406 ns
[24.594s][info ][gc,start       ] GC(53) Pause Young (Allocation Failure)
[24.614s][debug][gc,phases      ] GC(53) Scavenge 19.979ms
[24.614s][debug][gc,ref         ] GC(53) Skipped phase 1 of Reference Processing: no references
[24.614s][debug][gc,ref         ] GC(53) Skipped phase 3 of Reference Processing: no references
[24.615s][debug][gc,ref         ] GC(53) Skipped phase 4 of Reference Processing: no references
[24.615s][debug][gc,phases      ] GC(53) Reference Processing 0.053ms
[24.615s][debug][gc,phases      ] GC(53) Weak Processing 0.680ms
[24.615s][debug][gc,age         ] GC(53) Desired survivor size 288882688 bytes, new threshold 15 (max threshold 15)
[24.615s][info ][gc,heap        ] GC(53) PSYoungGen: 1582672K(1803776K)->61520K(1815040K) Eden: 1512960K(1512960K)->0K(1528832K) From: 69712K(290816K)->61520K(286208K)
[24.615s][info ][gc,heap        ] GC(53) ParOldGen: 290208K(320512K)->299378K(320512K)
[24.615s][info ][gc,metaspace   ] GC(53) Metaspace: 67554K(68160K)->67554K(68160K) NonClass: 58025K(58368K)->58025K(58368K) Class: 9529K(9792K)->9529K(9792K)
[24.615s][info ][gc             ] GC(53) Pause Young (Allocation Failure) 1828M->352M(2085M) 20.867ms
[24.615s][info ][gc,cpu         ] GC(53) User=0.08s Sys=0.00s Real=0.02s
[24.615s][info ][safepoint      ] Safepoint "ParallelGCFailedAllocation", Time since last: 15689743 ns, Reaching safepoint: 963421 ns, At safepoint: 20985659 ns, Total: 21949080 ns
[24.821s][info ][safepoint      ] Safepoint "ICBufferFull", Time since last: 205861306 ns, Reaching safepoint: 232005 ns, At safepoint: 27500 ns, Total: 259505 ns
[24.844s][info ][safepoint      ] Safepoint "ICBufferFull", Time since last: 22653896 ns, Reaching safepoint: 279106 ns, At safepoint: 28301 ns, Total: 307407 ns
[24.955s][info ][gc,start       ] GC(54) Pause Young (Allocation Failure)
[24.973s][debug][gc,phases      ] GC(54) Scavenge 18.041ms
[24.973s][debug][gc,ref         ] GC(54) Skipped phase 1 of Reference Processing: no references
[24.973s][debug][gc,ref         ] GC(54) Skipped phase 3 of Reference Processing: no references
[24.973s][debug][gc,ref         ] GC(54) Skipped phase 4 of Reference Processing: no references
[24.973s][debug][gc,phases      ] GC(54) Reference Processing 0.061ms
[24.974s][debug][gc,phases      ] GC(54) Weak Processing 0.562ms
[24.974s][debug][gc,age         ] GC(54) Desired survivor size 284164096 bytes, new threshold 15 (max threshold 15)
[24.974s][info ][gc,heap        ] GC(54) PSYoungGen: 1590352K(1815040K)->55984K(1810944K) Eden: 1528832K(1528832K)->0K(1528832K) From: 61520K(286208K)->55984K(282112K)
[24.974s][info ][gc,heap        ] GC(54) ParOldGen: 299378K(320512K)->307019K(320512K)
[24.974s][info ][gc,metaspace   ] GC(54) Metaspace: 67580K(68160K)->67580K(68160K) NonClass: 58051K(58368K)->58051K(58368K) Class: 9529K(9792K)->9529K(9792K)
[24.974s][info ][gc             ] GC(54) Pause Young (Allocation Failure) 1845M->354M(2081M) 18.823ms
[24.974s][info ][gc,cpu         ] GC(54) User=0.08s Sys=0.01s Real=0.02s
[24.974s][debug][gc,phases      ] GC(55) Pre Compact 0.011ms
[24.974s][info ][gc,start       ] GC(55) Pause Full (Ergonomics)
[24.974s][info ][gc,phases,start] GC(55) Marking Phase
[25.089s][debug][gc,phases      ] GC(55) Par Mark 114.995ms
[25.089s][debug][gc,ref         ] GC(55) Skipped phase 1 of Reference Processing: no references
[25.090s][debug][gc,ref         ] GC(55) Skipped phase 3 of Reference Processing: no references
[25.090s][debug][gc,phases      ] GC(55) Reference Processing 0.424ms
[25.090s][debug][gc,phases      ] GC(55) Weak Processing 0.536ms
[25.090s][debug][gc,phases      ] GC(55) ClassLoaderData 0.064ms
[25.090s][debug][gc,phases      ] GC(55) Trigger cleanups 0.000ms
[25.100s][debug][gc,phases      ] GC(55) Class Unloading 9.536ms
[25.100s][info ][gc,phases      ] GC(55) Marking Phase 125.680ms
[25.100s][info ][gc,phases,start] GC(55) Summary Phase
[25.100s][info ][gc,phases      ] GC(55) Summary Phase 0.022ms
[25.100s][info ][gc,phases,start] GC(55) Adjust Roots
[25.111s][info ][gc,phases      ] GC(55) Adjust Roots 10.642ms
[25.111s][info ][gc,phases,start] GC(55) Compaction Phase
[25.240s][info ][gc,phases      ] GC(55) Compaction Phase 129.059ms
[25.240s][info ][gc,phases,start] GC(55) Post Compact
[25.241s][info ][gc,phases      ] GC(55) Post Compact 1.216ms
[25.241s][info ][gc,heap        ] GC(55) PSYoungGen: 55984K(1810944K)->37748K(1810944K) Eden: 0K(1528832K)->0K(1528832K) From: 55984K(282112K)->37748K(282112K)
[25.241s][info ][gc,heap        ] GC(55) ParOldGen: 307019K(320512K)->320067K(399872K)
[25.241s][info ][gc,metaspace   ] GC(55) Metaspace: 67580K(68160K)->67580K(68160K) NonClass: 58051K(58368K)->58051K(58368K) Class: 9529K(9792K)->9529K(9792K)
[25.241s][info ][gc             ] GC(55) Pause Full (Ergonomics) 354M->349M(2159M) 266.947ms
[25.241s][info ][gc,cpu         ] GC(55) User=1.01s Sys=0.02s Real=0.26s
[25.266s][info ][safepoint      ] Safepoint "ParallelGCFailedAllocation", Time since last: 106423429 ns, Reaching safepoint: 4380196 ns, At safepoint: 311035907 ns, Total: 315416103 ns
[25.453s][info ][safepoint      ] Safepoint "ICBufferFull", Time since last: 186591184 ns, Reaching safepoint: 338307 ns, At safepoint: 23701 ns, Total: 362008 ns
[25.548s][info ][gc,start       ] GC(56) Pause Young (Allocation Failure)
[25.587s][debug][gc,phases      ] GC(56) Scavenge 38.547ms
[25.587s][debug][gc,ref         ] GC(56) Skipped phase 1 of Reference Processing: no references
[25.587s][debug][gc,ref         ] GC(56) Skipped phase 3 of Reference Processing: no references
[25.587s][debug][gc,phases      ] GC(56) Reference Processing 0.031ms
[25.587s][debug][gc,phases      ] GC(56) Weak Processing 0.483ms
[25.587s][debug][gc,age         ] GC(56) Desired survivor size 283115520 bytes, new threshold 15 (max threshold 15)
[25.587s][info ][gc,heap        ] GC(56) PSYoungGen: 1566580K(1810944K)->28336K(1820672K) Eden: 1528832K(1528832K)->0K(1543168K) From: 37748K(282112K)->28336K(277504K)
[25.587s][info ][gc,heap        ] GC(56) ParOldGen: 320067K(399872K)->330913K(399872K)
[25.587s][info ][gc,metaspace   ] GC(56) Metaspace: 67663K(68352K)->67663K(68352K) NonClass: 58129K(58496K)->58129K(58496K) Class: 9534K(9856K)->9534K(9856K)
[25.587s][info ][gc             ] GC(56) Pause Young (Allocation Failure) 1842M->350M(2168M) 39.199ms
[25.587s][info ][gc,cpu         ] GC(56) User=0.16s Sys=0.00s Real=0.04s
[25.588s][info ][safepoint      ] Safepoint "ParallelGCFailedAllocation", Time since last: 94829076 ns, Reaching safepoint: 188204 ns, At safepoint: 39317360 ns, Total: 39505564 ns
[25.721s][info ][safepoint      ] Safepoint "ICBufferFull", Time since last: 132807107 ns, Reaching safepoint: 155103 ns, At safepoint: 27601 ns, Total: 182704 ns
[25.835s][info ][safepoint      ] Safepoint "ICBufferFull", Time since last: 114670210 ns, Reaching safepoint: 182004 ns, At safepoint: 24500 ns, Total: 206504 ns
[25.961s][info ][safepoint      ] Safepoint "ICBufferFull", Time since last: 125535548 ns, Reaching safepoint: 173304 ns, At safepoint: 20100 ns, Total: 193404 ns
[25.998s][info ][gc,start       ] GC(57) Pause Young (Allocation Failure)
[26.012s][debug][gc,phases      ] GC(57) Scavenge 13.704ms
[26.012s][debug][gc,ref         ] GC(57) Skipped phase 1 of Reference Processing: no references
[26.012s][debug][gc,ref         ] GC(57) Skipped phase 3 of Reference Processing: no references
[26.012s][debug][gc,phases      ] GC(57) Reference Processing 0.040ms
[26.013s][debug][gc,phases      ] GC(57) Weak Processing 0.672ms
[26.013s][debug][gc,age         ] GC(57) Desired survivor size 280494080 bytes, new threshold 15 (max threshold 15)
[26.013s][info ][gc,heap        ] GC(57) PSYoungGen: 1571504K(1820672K)->22512K(1819648K) Eden: 1543168K(1543168K)->0K(1543168K) From: 28336K(277504K)->22512K(276480K)
[26.013s][info ][gc,heap        ] GC(57) ParOldGen: 330913K(399872K)->337507K(399872K)
[26.013s][info ][gc,metaspace   ] GC(57) Metaspace: 67740K(68416K)->67740K(68416K) NonClass: 58203K(58560K)->58203K(58560K) Class: 9537K(9856K)->9537K(9856K)
[26.013s][info ][gc             ] GC(57) Pause Young (Allocation Failure) 1857M->351M(2167M) 14.588ms
[26.013s][info ][gc,cpu         ] GC(57) User=0.05s Sys=0.00s Real=0.02s
[26.013s][info ][safepoint      ] Safepoint "ParallelGCFailedAllocation", Time since last: 27628905 ns, Reaching safepoint: 9671311 ns, At safepoint: 14723923 ns, Total: 24395234 ns
[26.130s][info ][safepoint      ] Safepoint "ICBufferFull", Time since last: 116606852 ns, Reaching safepoint: 249605 ns, At safepoint: 27701 ns, Total: 277306 ns
[26.333s][info ][gc,start       ] GC(58) Pause Young (Allocation Failure)
[26.342s][debug][gc,phases      ] GC(58) Scavenge 9.173ms
[26.342s][debug][gc,ref         ] GC(58) Skipped phase 1 of Reference Processing: no references
[26.342s][debug][gc,ref         ] GC(58) Skipped phase 3 of Reference Processing: no references
[26.342s][debug][gc,ref         ] GC(58) Skipped phase 4 of Reference Processing: no references
[26.342s][debug][gc,phases      ] GC(58) Reference Processing 0.057ms
[26.343s][debug][gc,phases      ] GC(58) Weak Processing 0.705ms
[26.343s][debug][gc,age         ] GC(58) Desired survivor size 276299776 bytes, new threshold 15 (max threshold 15)
[26.343s][info ][gc,heap        ] GC(58) PSYoungGen: 1565680K(1819648K)->19664K(1827328K) Eden: 1543168K(1543168K)->0K(1553408K) From: 22512K(276480K)->19664K(273920K)
[26.343s][info ][gc,heap        ] GC(58) ParOldGen: 337507K(399872K)->340803K(399872K)
[26.343s][info ][gc,metaspace   ] GC(58) Metaspace: 67820K(68480K)->67820K(68480K) NonClass: 58283K(58624K)->58283K(58624K) Class: 9537K(9856K)->9537K(9856K)
[26.343s][info ][gc             ] GC(58) Pause Young (Allocation Failure) 1858M->352M(2175M) 10.102ms
[26.343s][info ][gc,cpu         ] GC(58) User=0.03s Sys=0.00s Real=0.01s
[26.343s][info ][safepoint      ] Safepoint "ParallelGCFailedAllocation", Time since last: 202286727 ns, Reaching safepoint: 156704 ns, At safepoint: 10231524 ns, Total: 10388228 ns
[26.456s][info ][safepoint      ] Safepoint "ICBufferFull", Time since last: 113374281 ns, Reaching safepoint: 193904 ns, At safepoint: 31901 ns, Total: 225805 ns
[26.583s][info ][safepoint      ] Safepoint "ICBufferFull", Time since last: 123656407 ns, Reaching safepoint: 3243071 ns, At safepoint: 29700 ns, Total: 3272771 ns
[26.706s][info ][gc,start       ] GC(59) Pause Young (Allocation Failure)
[26.716s][debug][gc,phases      ] GC(59) Scavenge 9.218ms
[26.716s][debug][gc,ref         ] GC(59) Skipped phase 1 of Reference Processing: no references
[26.716s][debug][gc,ref         ] GC(59) Skipped phase 3 of Reference Processing: no references
[26.716s][debug][gc,ref         ] GC(59) Skipped phase 4 of Reference Processing: no references
[26.716s][debug][gc,phases      ] GC(59) Reference Processing 0.033ms
[26.716s][debug][gc,phases      ] GC(59) Weak Processing 0.523ms
[26.716s][debug][gc,age         ] GC(59) Desired survivor size 271056896 bytes, new threshold 15 (max threshold 15)
[26.716s][info ][gc,heap        ] GC(59) PSYoungGen: 1573072K(1827328K)->15136K(1823232K) Eden: 1553408K(1553408K)->0K(1553408K) From: 19664K(273920K)->15136K(269824K)
[26.716s][info ][gc,heap        ] GC(59) ParOldGen: 340803K(399872K)->345893K(399872K)
[26.716s][info ][gc,metaspace   ] GC(59) Metaspace: 67892K(68544K)->67892K(68544K) NonClass: 58354K(58688K)->58354K(58688K) Class: 9537K(9856K)->9537K(9856K)
[26.716s][info ][gc             ] GC(59) Pause Young (Allocation Failure) 1869M->352M(2171M) 9.908ms
[26.716s][info ][gc,cpu         ] GC(59) User=0.03s Sys=0.00s Real=0.01s
[26.716s][info ][safepoint      ] Safepoint "ParallelGCFailedAllocation", Time since last: 123017493 ns, Reaching safepoint: 167404 ns, At safepoint: 10013719 ns, Total: 10181123 ns
[27.068s][info ][gc,start       ] GC(60) Pause Young (Allocation Failure)
[27.076s][debug][gc,phases      ] GC(60) Scavenge 8.322ms
[27.076s][debug][gc,ref         ] GC(60) Skipped phase 1 of Reference Processing: no references
[27.076s][debug][gc,ref         ] GC(60) Skipped phase 3 of Reference Processing: no references
[27.076s][debug][gc,phases      ] GC(60) Reference Processing 0.054ms
[27.077s][debug][gc,phases      ] GC(60) Weak Processing 0.555ms
[27.077s][debug][gc,age         ] GC(60) Desired survivor size 265289728 bytes, new threshold 15 (max threshold 15)
[27.077s][info ][gc,heap        ] GC(60) PSYoungGen: 1568544K(1823232K)->10144K(1838080K) Eden: 1553408K(1553408K)->0K(1573376K) From: 15136K(269824K)->10144K(264704K)
[27.077s][info ][gc,heap        ] GC(60) ParOldGen: 345893K(399872K)->352262K(399872K)
[27.077s][info ][gc,metaspace   ] GC(60) Metaspace: 69794K(70464K)->69794K(70464K) NonClass: 59929K(60288K)->59929K(60288K) Class: 9865K(10176K)->9865K(10176K)
[27.077s][info ][gc             ] GC(60) Pause Young (Allocation Failure) 1869M->353M(2185M) 9.074ms
[27.077s][info ][gc,cpu         ] GC(60) User=0.03s Sys=0.00s Real=0.01s
[27.077s][info ][safepoint      ] Safepoint "ParallelGCFailedAllocation", Time since last: 350451271 ns, Reaching safepoint: 882619 ns, At safepoint: 9209001 ns, Total: 10091620 ns
[27.550s][info ][gc,start       ] GC(61) Pause Young (Allocation Failure)
[27.558s][debug][gc,phases      ] GC(61) Scavenge 8.142ms
[27.558s][debug][gc,ref         ] GC(61) Skipped phase 1 of Reference Processing: no references
[27.558s][debug][gc,ref         ] GC(61) Skipped phase 3 of Reference Processing: no references
[27.558s][debug][gc,phases      ] GC(61) Reference Processing 0.042ms
[27.559s][debug][gc,phases      ] GC(61) Weak Processing 0.628ms
[27.559s][debug][gc,age         ] GC(61) Desired survivor size 258473984 bytes, new threshold 15 (max threshold 15)
[27.559s][info ][gc,heap        ] GC(61) PSYoungGen: 1583520K(1838080K)->7510K(1832448K) Eden: 1573376K(1573376K)->0K(1573376K) From: 10144K(264704K)->7510K(259072K)
[27.559s][info ][gc,heap        ] GC(61) ParOldGen: 352262K(399872K)->357415K(399872K)
[27.559s][info ][gc,metaspace   ] GC(61) Metaspace: 73448K(74112K)->73448K(74112K) NonClass: 63144K(63488K)->63144K(63488K) Class: 10303K(10624K)->10303K(10624K)
[27.559s][info ][gc             ] GC(61) Pause Young (Allocation Failure) 1890M->356M(2180M) 8.951ms
[27.559s][info ][gc,cpu         ] GC(61) User=0.03s Sys=0.00s Real=0.01s
[27.559s][info ][safepoint      ] Safepoint "ParallelGCFailedAllocation", Time since last: 472232737 ns, Reaching safepoint: 340507 ns, At safepoint: 9059498 ns, Total: 9400005 ns
[27.884s][info ][gc,start       ] GC(62) Pause Young (Allocation Failure)
[27.890s][debug][gc,phases      ] GC(62) Scavenge 5.888ms
[27.890s][debug][gc,ref         ] GC(62) Skipped phase 1 of Reference Processing: no references
[27.890s][debug][gc,ref         ] GC(62) Skipped phase 3 of Reference Processing: no references
[27.890s][debug][gc,phases      ] GC(62) Reference Processing 0.044ms
[27.891s][debug][gc,phases      ] GC(62) Weak Processing 0.725ms
[27.891s][debug][gc,age         ] GC(62) Desired survivor size 250085376 bytes, new threshold 15 (max threshold 15)
[27.891s][info ][gc,heap        ] GC(62) PSYoungGen: 1580886K(1832448K)->8262K(1852928K) Eden: 1573376K(1573376K)->0K(1600512K) From: 7510K(259072K)->8262K(252416K)
[27.891s][info ][gc,heap        ] GC(62) ParOldGen: 357415K(399872K)->357479K(399872K)
[27.891s][info ][gc,metaspace   ] GC(62) Metaspace: 75001K(75584K)->75001K(75584K) NonClass: 64505K(64832K)->64505K(64832K) Class: 10496K(10752K)->10496K(10752K)
[27.891s][info ][gc             ] GC(62) Pause Young (Allocation Failure) 1892M->357M(2200M) 6.807ms
[27.891s][info ][gc,cpu         ] GC(62) User=0.03s Sys=0.00s Real=0.01s
[27.891s][info ][safepoint      ] Safepoint "ParallelGCFailedAllocation", Time since last: 325191719 ns, Reaching safepoint: 287206 ns, At safepoint: 6925251 ns, Total: 7212457 ns
[28.245s][info ][gc,start       ] GC(63) Pause Young (Allocation Failure)
[28.252s][debug][gc,phases      ] GC(63) Scavenge 7.032ms
[28.252s][debug][gc,ref         ] GC(63) Skipped phase 1 of Reference Processing: no references
[28.252s][debug][gc,ref         ] GC(63) Skipped phase 3 of Reference Processing: no references
[28.252s][debug][gc,phases      ] GC(63) Reference Processing 0.040ms
[28.253s][debug][gc,phases      ] GC(63) Weak Processing 0.605ms
[28.253s][debug][gc,age         ] GC(63) Desired survivor size 241172480 bytes, new threshold 15 (max threshold 15)
[28.253s][info ][gc,heap        ] GC(63) PSYoungGen: 1608774K(1852928K)->9481K(1844736K) Eden: 1600512K(1600512K)->0K(1600512K) From: 8262K(252416K)->9481K(244224K)
[28.253s][info ][gc,heap        ] GC(63) ParOldGen: 357479K(399872K)->357607K(399872K)
[28.253s][info ][gc,metaspace   ] GC(63) Metaspace: 75333K(75968K)->75333K(75968K) NonClass: 64796K(65152K)->64796K(65152K) Class: 10536K(10816K)->10536K(10816K)
[28.253s][info ][gc             ] GC(63) Pause Young (Allocation Failure) 1920M->358M(2192M) 7.822ms
[28.253s][info ][gc,cpu         ] GC(63) User=0.03s Sys=0.00s Real=0.01s
[28.253s][info ][safepoint      ] Safepoint "ParallelGCFailedAllocation", Time since last: 353773844 ns, Reaching safepoint: 218605 ns, At safepoint: 7967574 ns, Total: 8186179 ns
[28.601s][info ][gc,start       ] GC(64) Pause Young (Allocation Failure)
[28.609s][debug][gc,phases      ] GC(64) Scavenge 7.992ms
[28.609s][debug][gc,ref         ] GC(64) Skipped phase 1 of Reference Processing: no references
[28.609s][debug][gc,ref         ] GC(64) Skipped phase 3 of Reference Processing: no references
[28.609s][debug][gc,phases      ] GC(64) Reference Processing 0.052ms
[28.609s][debug][gc,phases      ] GC(64) Weak Processing 0.606ms
[28.609s][debug][gc,age         ] GC(64) Desired survivor size 231211008 bytes, new threshold 15 (max threshold 15)
[28.609s][info ][gc,heap        ] GC(64) PSYoungGen: 1609993K(1844736K)->10671K(1871360K) Eden: 1600512K(1600512K)->0K(1635840K) From: 9481K(244224K)->10671K(235520K)
[28.609s][info ][gc,heap        ] GC(64) ParOldGen: 357607K(399872K)->357803K(399872K)
[28.609s][info ][gc,metaspace   ] GC(64) Metaspace: 75599K(76160K)->75599K(76160K) NonClass: 65045K(65344K)->65045K(65344K) Class: 10554K(10816K)->10554K(10816K)
[28.609s][info ][gc             ] GC(64) Pause Young (Allocation Failure) 1921M->359M(2218M) 8.787ms
[28.609s][info ][gc,cpu         ] GC(64) User=0.03s Sys=0.00s Real=0.01s
[28.609s][info ][safepoint      ] Safepoint "ParallelGCFailedAllocation", Time since last: 347304103 ns, Reaching safepoint: 176604 ns, At safepoint: 8904694 ns, Total: 9081298 ns
[28.744s][info ][safepoint      ] Safepoint "ICBufferFull", Time since last: 133931932 ns, Reaching safepoint: 320207 ns, At safepoint: 30001 ns, Total: 350208 ns
[28.939s][info ][safepoint      ] Safepoint "ICBufferFull", Time since last: 194666061 ns, Reaching safepoint: 209205 ns, At safepoint: 22000 ns, Total: 231205 ns
[29.091s][info ][safepoint      ] Safepoint "ParallelGCFailedAllocation", Time since last: 150971405 ns, Reaching safepoint: 998522 ns, At safepoint: 39001 ns, Total: 1037523 ns
[29.093s][info ][gc,start       ] GC(65) Pause Young (Allocation Failure)
[29.103s][debug][gc,phases      ] GC(65) Scavenge 10.187ms
[29.103s][debug][gc,ref         ] GC(65) Skipped phase 1 of Reference Processing: no references
[29.103s][debug][gc,ref         ] GC(65) Skipped phase 3 of Reference Processing: no references
[29.103s][debug][gc,phases      ] GC(65) Reference Processing 0.068ms
[29.104s][debug][gc,phases      ] GC(65) Weak Processing 0.636ms
[29.104s][debug][gc,age         ] GC(65) Desired survivor size 218628096 bytes, new threshold 15 (max threshold 15)
[29.104s][info ][gc,heap        ] GC(65) PSYoungGen: 1646511K(1871360K)->21934K(1861632K) Eden: 1635840K(1635840K)->0K(1635840K) From: 10671K(235520K)->21934K(225792K)
[29.104s][info ][gc,heap        ] GC(65) ParOldGen: 357804K(399872K)->358024K(399872K)
[29.104s][info ][gc,metaspace   ] GC(65) Metaspace: 76607K(77312K)->76607K(77312K) NonClass: 65922K(66304K)->65922K(66304K) Class: 10684K(11008K)->10684K(11008K)
[29.104s][info ][gc             ] GC(65) Pause Young (Allocation Failure) 1957M->371M(2208M) 11.025ms
[29.104s][info ][gc,cpu         ] GC(65) User=0.04s Sys=0.00s Real=0.01s
[29.104s][info ][safepoint      ] Safepoint "ParallelGCFailedAllocation", Time since last: 1881641 ns, Reaching safepoint: 265206 ns, At safepoint: 11142144 ns, Total: 11407350 ns
[29.403s][info ][safepoint      ] Safepoint "ICBufferFull", Time since last: 298850141 ns, Reaching safepoint: 341508 ns, At safepoint: 26901 ns, Total: 368409 ns
[29.525s][info ][gc,start       ] GC(66) Pause Young (Allocation Failure)
[29.535s][debug][gc,phases      ] GC(66) Scavenge 10.557ms
[29.535s][debug][gc,ref         ] GC(66) Skipped phase 1 of Reference Processing: no references
[29.535s][debug][gc,ref         ] GC(66) Skipped phase 3 of Reference Processing: no references
[29.535s][debug][gc,phases      ] GC(66) Reference Processing 0.078ms
[29.536s][debug][gc,phases      ] GC(66) Weak Processing 0.665ms
[29.536s][debug][gc,age         ] GC(66) Desired survivor size 208142336 bytes, new threshold 15 (max threshold 15)
[29.536s][info ][gc,heap        ] GC(66) PSYoungGen: 1657774K(1861632K)->15068K(1893888K) Eden: 1635840K(1635840K)->0K(1680384K) From: 21934K(225792K)->15068K(213504K)
[29.536s][info ][gc,heap        ] GC(66) ParOldGen: 358024K(399872K)->358112K(399872K)
[29.536s][info ][gc,metaspace   ] GC(66) Metaspace: 76823K(77504K)->76823K(77504K) NonClass: 66128K(66496K)->66128K(66496K) Class: 10694K(11008K)->10694K(11008K)
[29.536s][info ][gc             ] GC(66) Pause Young (Allocation Failure) 1968M->364M(2240M) 11.468ms
[29.536s][info ][gc,cpu         ] GC(66) User=0.05s Sys=0.00s Real=0.01s
[29.536s][info ][safepoint      ] Safepoint "ParallelGCFailedAllocation", Time since last: 121434858 ns, Reaching safepoint: 146203 ns, At safepoint: 11576453 ns, Total: 11722656 ns
[30.024s][info ][gc,start       ] GC(67) Pause Young (Allocation Failure)
[30.036s][debug][gc,phases      ] GC(67) Scavenge 11.984ms
[30.036s][debug][gc,ref         ] GC(67) Skipped phase 1 of Reference Processing: no references
[30.036s][debug][gc,ref         ] GC(67) Skipped phase 3 of Reference Processing: no references
[30.036s][debug][gc,phases      ] GC(67) Reference Processing 0.065ms
[30.037s][debug][gc,phases      ] GC(67) Weak Processing 0.630ms
[30.037s][debug][gc,age         ] GC(67) Desired survivor size 197132288 bytes, new threshold 15 (max threshold 15)
[30.037s][info ][gc,heap        ] GC(67) PSYoungGen: 1695452K(1893888K)->16869K(1883648K) Eden: 1680384K(1680384K)->0K(1680384K) From: 15068K(213504K)->16869K(203264K)
[30.037s][info ][gc,heap        ] GC(67) ParOldGen: 358112K(399872K)->358457K(399872K)
[30.037s][info ][gc,metaspace   ] GC(67) Metaspace: 76905K(77568K)->76905K(77568K) NonClass: 66210K(66560K)->66210K(66560K) Class: 10694K(11008K)->10694K(11008K)
[30.037s][info ][gc             ] GC(67) Pause Young (Allocation Failure) 2005M->366M(2230M) 12.820ms
[30.037s][info ][gc,cpu         ] GC(67) User=0.05s Sys=0.00s Real=0.01s
[30.037s][info ][safepoint      ] Safepoint "ParallelGCFailedAllocation", Time since last: 487443271 ns, Reaching safepoint: 154703 ns, At safepoint: 12926983 ns, Total: 13081686 ns
[30.489s][info ][gc,start       ] GC(68) Pause Young (Allocation Failure)
[30.507s][debug][gc,phases      ] GC(68) Scavenge 18.292ms
[30.507s][debug][gc,ref         ] GC(68) Skipped phase 1 of Reference Processing: no references
[30.507s][debug][gc,ref         ] GC(68) Skipped phase 3 of Reference Processing: no references
[30.507s][debug][gc,phases      ] GC(68) Reference Processing 0.066ms
[30.508s][debug][gc,phases      ] GC(68) Weak Processing 0.649ms
[30.508s][debug][gc,age         ] GC(68) Desired survivor size 185073664 bytes, new threshold 15 (max threshold 15)
[30.508s][info ][gc,heap        ] GC(68) PSYoungGen: 1697253K(1883648K)->25251K(1916416K) Eden: 1680384K(1680384K)->0K(1723904K) From: 16869K(203264K)->25251K(192512K)
[30.508s][info ][gc,heap        ] GC(68) ParOldGen: 358457K(399872K)->358701K(399872K)
[30.508s][info ][gc,metaspace   ] GC(68) Metaspace: 76923K(77568K)->76923K(77568K) NonClass: 66229K(66560K)->66229K(66560K) Class: 10694K(11008K)->10694K(11008K)
[30.508s][info ][gc             ] GC(68) Pause Young (Allocation Failure) 2007M->374M(2262M) 19.148ms
[30.508s][info ][gc,cpu         ] GC(68) User=0.07s Sys=0.00s Real=0.02s
[30.508s][info ][safepoint      ] Safepoint "ParallelGCFailedAllocation", Time since last: 452016296 ns, Reaching safepoint: 194604 ns, At safepoint: 19434025 ns, Total: 19628629 ns
[30.885s][info ][safepoint      ] Safepoint "ICBufferFull", Time since last: 376685347 ns, Reaching safepoint: 331307 ns, At safepoint: 29901 ns, Total: 361208 ns
[30.931s][info ][gc,start       ] GC(69) Pause Young (Allocation Failure)
[30.950s][debug][gc,phases      ] GC(69) Scavenge 18.225ms
[30.950s][debug][gc,ref         ] GC(69) Skipped phase 1 of Reference Processing: no references
[30.950s][debug][gc,ref         ] GC(69) Skipped phase 3 of Reference Processing: no references
[30.950s][debug][gc,phases      ] GC(69) Reference Processing 0.096ms
[30.951s][debug][gc,phases      ] GC(69) Weak Processing 0.833ms
[30.951s][debug][gc,age         ] GC(69) Desired survivor size 170917888 bytes, new threshold 15 (max threshold 15)
[30.951s][info ][gc,heap        ] GC(69) PSYoungGen: 1749155K(1916416K)->41324K(1904640K) Eden: 1723904K(1723904K)->0K(1723904K) From: 25251K(192512K)->41324K(180736K)
[30.951s][info ][gc,heap        ] GC(69) ParOldGen: 358701K(399872K)->359005K(399872K)
[30.951s][info ][gc,metaspace   ] GC(69) Metaspace: 77011K(77632K)->77011K(77632K) NonClass: 66314K(66624K)->66314K(66624K) Class: 10696K(11008K)->10696K(11008K)
[30.951s][info ][gc             ] GC(69) Pause Young (Allocation Failure) 2058M->390M(2250M) 19.341ms
[30.951s][info ][gc,cpu         ] GC(69) User=0.07s Sys=0.00s Real=0.02s
[30.951s][info ][safepoint      ] Safepoint "ParallelGCFailedAllocation", Time since last: 45634799 ns, Reaching safepoint: 225805 ns, At safepoint: 19470226 ns, Total: 19696031 ns
[31.329s][info ][gc,start       ] GC(70) Pause Young (Allocation Failure)
[31.346s][debug][gc,phases      ] GC(70) Scavenge 16.331ms
[31.346s][debug][gc,ref         ] GC(70) Skipped phase 1 of Reference Processing: no references
[31.346s][debug][gc,ref         ] GC(70) Skipped phase 3 of Reference Processing: no references
[31.346s][debug][gc,phases      ] GC(70) Reference Processing 0.069ms
[31.346s][debug][gc,phases      ] GC(70) Weak Processing 0.686ms
[31.346s][debug][gc,age         ] GC(70) Desired survivor size 158334976 bytes, new threshold 15 (max threshold 15)
[31.346s][info ][gc,heap        ] GC(70) PSYoungGen: 1765228K(1904640K)->41427K(1942528K) Eden: 1723904K(1723904K)->0K(1775616K) From: 41324K(180736K)->41427K(166912K)
[31.346s][info ][gc,heap        ] GC(70) ParOldGen: 359005K(399872K)->359277K(399872K)
[31.346s][info ][gc,metaspace   ] GC(70) Metaspace: 77023K(77696K)->77023K(77696K) NonClass: 66325K(66688K)->66325K(66688K) Class: 10697K(11008K)->10697K(11008K)
[31.346s][info ][gc             ] GC(70) Pause Young (Allocation Failure) 2074M->391M(2287M) 17.233ms
[31.346s][info ][gc,cpu         ] GC(70) User=0.07s Sys=0.00s Real=0.02s
[31.346s][info ][safepoint      ] Safepoint "ParallelGCFailedAllocation", Time since last: 378129478 ns, Reaching safepoint: 185304 ns, At safepoint: 17349280 ns, Total: 17534584 ns
[31.809s][info ][gc,start       ] GC(71) Pause Young (Allocation Failure)
[31.828s][debug][gc,phases      ] GC(71) Scavenge 18.893ms
[31.828s][debug][gc,ref         ] GC(71) Skipped phase 1 of Reference Processing: no references
[31.828s][debug][gc,ref         ] GC(71) Skipped phase 3 of Reference Processing: no references
[31.828s][debug][gc,phases      ] GC(71) Reference Processing 0.097ms
[31.829s][debug][gc,phases      ] GC(71) Weak Processing 0.693ms
[31.829s][debug][gc,age         ] GC(71) Desired survivor size 146800640 bytes, new threshold 15 (max threshold 15)
[31.829s][info ][gc,heap        ] GC(71) PSYoungGen: 1817043K(1942528K)->41436K(1930240K) Eden: 1775616K(1775616K)->0K(1775616K) From: 41427K(166912K)->41436K(154624K)
[31.829s][info ][gc,heap        ] GC(71) ParOldGen: 359277K(399872K)->359589K(399872K)
[31.829s][info ][gc,metaspace   ] GC(71) Metaspace: 77108K(77760K)->77108K(77760K) NonClass: 66407K(66752K)->66407K(66752K) Class: 10700K(11008K)->10700K(11008K)
[31.829s][info ][gc             ] GC(71) Pause Young (Allocation Failure) 2125M->391M(2275M) 19.821ms
[31.829s][info ][gc,cpu         ] GC(71) User=0.06s Sys=0.01s Real=0.02s
[31.829s][info ][safepoint      ] Safepoint "ParallelGCFailedAllocation", Time since last: 462065816 ns, Reaching safepoint: 255505 ns, At safepoint: 19939237 ns, Total: 20194742 ns
[32.285s][info ][gc,start       ] GC(72) Pause Young (Allocation Failure)
[32.303s][debug][gc,phases      ] GC(72) Scavenge 18.029ms
[32.304s][debug][gc,ref         ] GC(72) Skipped phase 1 of Reference Processing: no references
[32.304s][debug][gc,ref         ] GC(72) Skipped phase 3 of Reference Processing: no references
[32.304s][debug][gc,phases      ] GC(72) Reference Processing 0.066ms
[32.304s][debug][gc,phases      ] GC(72) Weak Processing 0.667ms
[32.304s][debug][gc,age         ] GC(72) Desired survivor size 136314880 bytes, new threshold 15 (max threshold 15)
[32.304s][info ][gc,heap        ] GC(72) PSYoungGen: 1817052K(1930240K)->41237K(1964032K) Eden: 1775616K(1775616K)->0K(1820672K) From: 41436K(154624K)->41237K(143360K)
[32.304s][info ][gc,heap        ] GC(72) ParOldGen: 359589K(399872K)->360122K(399872K)
[32.304s][info ][gc,metaspace   ] GC(72) Metaspace: 77161K(77824K)->77161K(77824K) NonClass: 66454K(66752K)->66454K(66752K) Class: 10707K(11072K)->10707K(11072K)
[32.304s][info ][gc             ] GC(72) Pause Young (Allocation Failure) 2125M->391M(2308M) 18.921ms
[32.304s][info ][gc,cpu         ] GC(72) User=0.08s Sys=0.01s Real=0.02s
[32.304s][info ][safepoint      ] Safepoint "ParallelGCFailedAllocation", Time since last: 456363791 ns, Reaching safepoint: 278606 ns, At safepoint: 19041317 ns, Total: 19319923 ns
[32.712s][info ][gc,start       ] GC(73) Pause Young (Allocation Failure)
[32.729s][debug][gc,phases      ] GC(73) Scavenge 17.267ms
[32.729s][debug][gc,ref         ] GC(73) Skipped phase 1 of Reference Processing: no references
[32.729s][debug][gc,ref         ] GC(73) Skipped phase 3 of Reference Processing: no references
[32.729s][debug][gc,phases      ] GC(73) Reference Processing 0.065ms
[32.730s][debug][gc,phases      ] GC(73) Weak Processing 0.642ms
[32.730s][debug][gc,age         ] GC(73) Desired survivor size 126877696 bytes, new threshold 15 (max threshold 15)
[32.730s][info ][gc,heap        ] GC(73) PSYoungGen: 1861909K(1964032K)->41363K(1953792K) Eden: 1820672K(1820672K)->0K(1820672K) From: 41237K(143360K)->41363K(133120K)
[32.730s][info ][gc,heap        ] GC(73) ParOldGen: 360122K(399872K)->360450K(399872K)
[32.730s][info ][gc,metaspace   ] GC(73) Metaspace: 77166K(77824K)->77166K(77824K) NonClass: 66459K(66752K)->66459K(66752K) Class: 10707K(11072K)->10707K(11072K)
[32.730s][info ][gc             ] GC(73) Pause Young (Allocation Failure) 2169M->392M(2298M) 18.121ms
[32.730s][info ][gc,cpu         ] GC(73) User=0.07s Sys=0.00s Real=0.01s
[32.730s][info ][safepoint      ] Safepoint "ParallelGCFailedAllocation", Time since last: 407117813 ns, Reaching safepoint: 209705 ns, At safepoint: 18230999 ns, Total: 18440704 ns
[33.035s][info ][safepoint      ] Safepoint "ICBufferFull", Time since last: 304337763 ns, Reaching safepoint: 293506 ns, At safepoint: 29401 ns, Total: 322907 ns
[33.191s][info ][gc,start       ] GC(74) Pause Young (Allocation Failure)
[33.209s][debug][gc,phases      ] GC(74) Scavenge 17.432ms
[33.209s][debug][gc,ref         ] GC(74) Skipped phase 1 of Reference Processing: no references
[33.209s][debug][gc,ref         ] GC(74) Skipped phase 3 of Reference Processing: no references
[33.209s][debug][gc,phases      ] GC(74) Reference Processing 0.067ms
[33.209s][debug][gc,phases      ] GC(74) Weak Processing 0.706ms
[33.209s][debug][gc,age         ] GC(74) Desired survivor size 118489088 bytes, new threshold 15 (max threshold 15)
[33.209s][info ][gc,heap        ] GC(74) PSYoungGen: 1862035K(1953792K)->41502K(1981440K) Eden: 1820672K(1820672K)->0K(1857536K) From: 41363K(133120K)->41502K(123904K)
[33.209s][info ][gc,heap        ] GC(74) ParOldGen: 360450K(399872K)->360802K(399872K)
[33.209s][info ][gc,metaspace   ] GC(74) Metaspace: 77192K(77888K)->77192K(77888K) NonClass: 66484K(66816K)->66484K(66816K) Class: 10707K(11072K)->10707K(11072K)
[33.209s][info ][gc             ] GC(74) Pause Young (Allocation Failure) 2170M->392M(2325M) 18.378ms
[33.209s][info ][gc,cpu         ] GC(74) User=0.08s Sys=0.00s Real=0.01s
[33.210s][info ][safepoint      ] Safepoint "ParallelGCFailedAllocation", Time since last: 156232921 ns, Reaching safepoint: 191504 ns, At safepoint: 18495705 ns, Total: 18687209 ns
[33.691s][info ][gc,start       ] GC(75) Pause Young (Allocation Failure)
[33.709s][debug][gc,phases      ] GC(75) Scavenge 17.365ms
[33.709s][debug][gc,ref         ] GC(75) Skipped phase 1 of Reference Processing: no references
[33.709s][debug][gc,ref         ] GC(75) Skipped phase 3 of Reference Processing: no references
[33.709s][debug][gc,phases      ] GC(75) Reference Processing 0.081ms
[33.710s][debug][gc,phases      ] GC(75) Weak Processing 0.816ms
[33.710s][debug][gc,age         ] GC(75) Desired survivor size 111149056 bytes, new threshold 15 (max threshold 15)
[33.710s][info ][gc,heap        ] GC(75) PSYoungGen: 1899038K(1981440K)->40869K(1973248K) Eden: 1857536K(1857536K)->0K(1857536K) From: 41502K(123904K)->40869K(115712K)
[33.710s][info ][gc,heap        ] GC(75) ParOldGen: 360802K(399872K)->361922K(399872K)
[33.710s][info ][gc,metaspace   ] GC(75) Metaspace: 77263K(77952K)->77263K(77952K) NonClass: 66553K(66880K)->66553K(66880K) Class: 10709K(11072K)->10709K(11072K)
[33.710s][info ][gc             ] GC(75) Pause Young (Allocation Failure) 2206M->393M(2317M) 18.424ms
[33.710s][info ][gc,cpu         ] GC(75) User=0.06s Sys=0.00s Real=0.01s
[33.710s][info ][safepoint      ] Safepoint "ParallelGCFailedAllocation", Time since last: 481461541 ns, Reaching safepoint: 238105 ns, At safepoint: 18547606 ns, Total: 18785711 ns
[34.210s][info ][gc,start       ] GC(76) Pause Young (Allocation Failure)
[34.226s][debug][gc,phases      ] GC(76) Scavenge 16.614ms
[34.226s][debug][gc,ref         ] GC(76) Skipped phase 1 of Reference Processing: no references
[34.227s][debug][gc,ref         ] GC(76) Skipped phase 3 of Reference Processing: no references
[34.227s][debug][gc,phases      ] GC(76) Reference Processing 0.059ms
[34.227s][debug][gc,phases      ] GC(76) Weak Processing 0.717ms
[34.227s][debug][gc,age         ] GC(76) Desired survivor size 104857600 bytes, new threshold 15 (max threshold 15)
[34.227s][info ][gc,heap        ] GC(76) PSYoungGen: 1898405K(1973248K)->38945K(1994752K) Eden: 1857536K(1857536K)->0K(1886208K) From: 40869K(115712K)->38945K(108544K)
[34.227s][info ][gc,heap        ] GC(76) ParOldGen: 361922K(399872K)->364328K(399872K)
[34.227s][info ][gc,metaspace   ] GC(76) Metaspace: 77277K(77952K)->77277K(77952K) NonClass: 66566K(66880K)->66566K(66880K) Class: 10710K(11072K)->10710K(11072K)
[34.227s][info ][gc             ] GC(76) Pause Young (Allocation Failure) 2207M->393M(2338M) 17.542ms
[34.227s][info ][gc,cpu         ] GC(76) User=0.07s Sys=0.00s Real=0.02s
[34.227s][info ][safepoint      ] Safepoint "ParallelGCFailedAllocation", Time since last: 499637940 ns, Reaching safepoint: 289606 ns, At safepoint: 17670987 ns, Total: 17960593 ns
[34.720s][info ][gc,start       ] GC(77) Pause Young (Allocation Failure)
[34.737s][debug][gc,phases      ] GC(77) Scavenge 16.711ms
[34.737s][debug][gc,ref         ] GC(77) Skipped phase 1 of Reference Processing: no references
[34.737s][debug][gc,ref         ] GC(77) Skipped phase 3 of Reference Processing: no references
[34.737s][debug][gc,phases      ] GC(77) Reference Processing 0.071ms
[34.737s][debug][gc,phases      ] GC(77) Weak Processing 0.590ms
[34.737s][debug][gc,age         ] GC(77) Desired survivor size 99090432 bytes, new threshold 15 (max threshold 15)
[34.737s][info ][gc,heap        ] GC(77) PSYoungGen: 1925153K(1994752K)->38647K(1988608K) Eden: 1886208K(1886208K)->0K(1886208K) From: 38945K(108544K)->38647K(102400K)
[34.737s][info ][gc,heap        ] GC(77) ParOldGen: 364328K(399872K)->365162K(399872K)
[34.737s][info ][gc,metaspace   ] GC(77) Metaspace: 77288K(77952K)->77288K(77952K) NonClass: 66577K(66880K)->66577K(66880K) Class: 10710K(11072K)->10710K(11072K)
[34.737s][info ][gc             ] GC(77) Pause Young (Allocation Failure) 2235M->394M(2332M) 17.531ms
[34.737s][info ][gc,cpu         ] GC(77) User=0.08s Sys=0.00s Real=0.02s
[34.738s][info ][safepoint      ] Safepoint "ParallelGCFailedAllocation", Time since last: 492332180 ns, Reaching safepoint: 189204 ns, At safepoint: 17662087 ns, Total: 17851291 ns
[35.238s][info ][gc,start       ] GC(78) Pause Young (Allocation Failure)
[35.255s][debug][gc,phases      ] GC(78) Scavenge 16.370ms
[35.255s][debug][gc,ref         ] GC(78) Skipped phase 1 of Reference Processing: no references
[35.255s][debug][gc,ref         ] GC(78) Skipped phase 3 of Reference Processing: no references
[35.255s][debug][gc,ref         ] GC(78) Skipped phase 4 of Reference Processing: no references
[35.255s][debug][gc,phases      ] GC(78) Reference Processing 0.067ms
[35.256s][debug][gc,phases      ] GC(78) Weak Processing 0.589ms
[35.256s][debug][gc,age         ] GC(78) Desired survivor size 93847552 bytes, new threshold 15 (max threshold 15)
[35.256s][info ][gc,heap        ] GC(78) PSYoungGen: 1924855K(1988608K)->37918K(2005504K) Eden: 1886208K(1886208K)->0K(1908736K) From: 38647K(102400K)->37918K(96768K)
[35.256s][info ][gc,heap        ] GC(78) ParOldGen: 365162K(399872K)->366310K(399872K)
[35.256s][info ][gc,metaspace   ] GC(78) Metaspace: 77310K(78016K)->77310K(78016K) NonClass: 66599K(66944K)->66599K(66944K) Class: 10710K(11072K)->10710K(11072K)
[35.256s][info ][gc             ] GC(78) Pause Young (Allocation Failure) 2236M->394M(2349M) 17.174ms
[35.256s][info ][gc,cpu         ] GC(78) User=0.05s Sys=0.01s Real=0.02s
[35.256s][info ][safepoint      ] Safepoint "ParallelGCFailedAllocation", Time since last: 500336955 ns, Reaching safepoint: 540712 ns, At safepoint: 17305479 ns, Total: 17846191 ns
[35.698s][info ][gc,start       ] GC(79) Pause Young (Allocation Failure)
[35.716s][debug][gc,phases      ] GC(79) Scavenge 18.165ms
[35.716s][debug][gc,ref         ] GC(79) Skipped phase 1 of Reference Processing: no references
[35.716s][debug][gc,ref         ] GC(79) Skipped phase 3 of Reference Processing: no references
[35.716s][debug][gc,ref         ] GC(79) Skipped phase 4 of Reference Processing: no references
[35.716s][debug][gc,phases      ] GC(79) Reference Processing 0.043ms
[35.717s][debug][gc,phases      ] GC(79) Weak Processing 0.545ms
[35.717s][debug][gc,age         ] GC(79) Desired survivor size 89128960 bytes, new threshold 15 (max threshold 15)
[35.717s][info ][gc,heap        ] GC(79) PSYoungGen: 1946654K(2005504K)->36894K(2000384K) Eden: 1908736K(1908736K)->0K(1908736K) From: 37918K(96768K)->36894K(91648K)
[35.717s][info ][gc,heap        ] GC(79) ParOldGen: 366310K(399872K)->367854K(399872K)
[35.717s][info ][gc,metaspace   ] GC(79) Metaspace: 77332K(78016K)->77332K(78016K) NonClass: 66622K(66944K)->66622K(66944K) Class: 10710K(11072K)->10710K(11072K)
[35.717s][info ][gc             ] GC(79) Pause Young (Allocation Failure) 2258M->395M(2344M) 18.903ms
[35.717s][info ][gc,cpu         ] GC(79) User=0.06s Sys=0.00s Real=0.02s
[35.717s][info ][safepoint      ] Safepoint "ParallelGCFailedAllocation", Time since last: 441672771 ns, Reaching safepoint: 240305 ns, At safepoint: 19008817 ns, Total: 19249122 ns
[36.172s][info ][gc,start       ] GC(80) Pause Young (Allocation Failure)
[36.191s][debug][gc,phases      ] GC(80) Scavenge 18.893ms
[36.191s][debug][gc,ref         ] GC(80) Skipped phase 1 of Reference Processing: no references
[36.191s][debug][gc,ref         ] GC(80) Skipped phase 3 of Reference Processing: no references
[36.191s][debug][gc,ref         ] GC(80) Skipped phase 4 of Reference Processing: no references
[36.191s][debug][gc,phases      ] GC(80) Reference Processing 0.029ms
[36.192s][debug][gc,phases      ] GC(80) Weak Processing 0.663ms
[36.192s][debug][gc,age         ] GC(80) Desired survivor size 85458944 bytes, new threshold 15 (max threshold 15)
[36.192s][info ][gc,heap        ] GC(80) PSYoungGen: 1945630K(2000384K)->35431K(2013696K) Eden: 1908736K(1908736K)->0K(1926656K) From: 36894K(91648K)->35431K(87040K)
[36.192s][info ][gc,heap        ] GC(80) ParOldGen: 367854K(399872K)->369830K(399872K)
[36.192s][info ][gc,metaspace   ] GC(80) Metaspace: 77346K(78016K)->77346K(78016K) NonClass: 66635K(66944K)->66635K(66944K) Class: 10710K(11072K)->10710K(11072K)
[36.192s][info ][gc             ] GC(80) Pause Young (Allocation Failure) 2259M->395M(2357M) 19.754ms
[36.192s][info ][gc,cpu         ] GC(80) User=0.06s Sys=0.00s Real=0.02s
[36.192s][info ][safepoint      ] Safepoint "ParallelGCFailedAllocation", Time since last: 455318270 ns, Reaching safepoint: 146803 ns, At safepoint: 19887636 ns, Total: 20034439 ns
[36.724s][info ][gc,start       ] GC(81) Pause Young (Allocation Failure)
[36.740s][debug][gc,phases      ] GC(81) Scavenge 15.212ms
[36.740s][debug][gc,ref         ] GC(81) Skipped phase 1 of Reference Processing: no references
[36.740s][debug][gc,ref         ] GC(81) Skipped phase 3 of Reference Processing: no references
[36.740s][debug][gc,ref         ] GC(81) Skipped phase 4 of Reference Processing: no references
[36.740s][debug][gc,phases      ] GC(81) Reference Processing 0.045ms
[36.740s][debug][gc,phases      ] GC(81) Weak Processing 0.573ms
[36.740s][debug][gc,age         ] GC(81) Desired survivor size 81788928 bytes, new threshold 15 (max threshold 15)
[36.740s][info ][gc,heap        ] GC(81) PSYoungGen: 1962087K(2013696K)->33712K(2010112K) Eden: 1926656K(1926656K)->0K(1926656K) From: 35431K(87040K)->33712K(83456K)
[36.740s][info ][gc,heap        ] GC(81) ParOldGen: 369830K(399872K)->372061K(399872K)
[36.740s][info ][gc,metaspace   ] GC(81) Metaspace: 77381K(78080K)->77381K(78080K) NonClass: 66669K(67008K)->66669K(67008K) Class: 10712K(11072K)->10712K(11072K)
[36.740s][info ][gc             ] GC(81) Pause Young (Allocation Failure) 2277M->396M(2353M) 16.003ms
[36.740s][info ][gc,cpu         ] GC(81) User=0.07s Sys=0.00s Real=0.01s
[36.740s][info ][safepoint      ] Safepoint "ParallelGCFailedAllocation", Time since last: 532057750 ns, Reaching safepoint: 181204 ns, At safepoint: 16120453 ns, Total: 16301657 ns
[37.224s][info ][gc,start       ] GC(82) Pause Young (Allocation Failure)
[37.238s][debug][gc,phases      ] GC(82) Scavenge 14.607ms
[37.238s][debug][gc,ref         ] GC(82) Skipped phase 1 of Reference Processing: no references
[37.238s][debug][gc,ref         ] GC(82) Skipped phase 3 of Reference Processing: no references
[37.238s][debug][gc,ref         ] GC(82) Skipped phase 4 of Reference Processing: no references
[37.238s][debug][gc,phases      ] GC(82) Reference Processing 0.042ms
[37.239s][debug][gc,phases      ] GC(82) Weak Processing 0.557ms
[37.239s][debug][gc,age         ] GC(82) Desired survivor size 79167488 bytes, new threshold 15 (max threshold 15)
[37.239s][info ][gc,heap        ] GC(82) PSYoungGen: 1960368K(2010112K)->32160K(2019840K) Eden: 1926656K(1926656K)->0K(1939968K) From: 33712K(83456K)->32160K(79872K)
[37.239s][info ][gc,heap        ] GC(82) ParOldGen: 372061K(399872K)->374141K(399872K)
[37.239s][info ][gc,metaspace   ] GC(82) Metaspace: 77383K(78080K)->77383K(78080K) NonClass: 66671K(67008K)->66671K(67008K) Class: 10712K(11072K)->10712K(11072K)
[37.239s][info ][gc             ] GC(82) Pause Young (Allocation Failure) 2277M->396M(2363M) 15.351ms
[37.239s][info ][gc,cpu         ] GC(82) User=0.05s Sys=0.01s Real=0.01s
[37.239s][info ][safepoint      ] Safepoint "ParallelGCFailedAllocation", Time since last: 478726283 ns, Reaching safepoint: 4374996 ns, At safepoint: 15482639 ns, Total: 19857635 ns
[37.684s][info ][gc,start       ] GC(83) Pause Young (Allocation Failure)
[37.700s][debug][gc,phases      ] GC(83) Scavenge 16.621ms
[37.700s][debug][gc,ref         ] GC(83) Skipped phase 1 of Reference Processing: no references
[37.700s][debug][gc,ref         ] GC(83) Skipped phase 3 of Reference Processing: no references
[37.700s][debug][gc,ref         ] GC(83) Skipped phase 4 of Reference Processing: no references
[37.700s][debug][gc,phases      ] GC(83) Reference Processing 0.036ms
[37.701s][debug][gc,phases      ] GC(83) Weak Processing 0.731ms
[37.701s][debug][gc,age         ] GC(83) Desired survivor size 77594624 bytes, new threshold 15 (max threshold 15)
[37.701s][info ][gc,heap        ] GC(83) PSYoungGen: 1972128K(2019840K)->23952K(2017280K) Eden: 1939968K(1939968K)->0K(1939968K) From: 32160K(79872K)->23952K(77312K)
[37.701s][info ][gc,heap        ] GC(83) ParOldGen: 374141K(399872K)->382853K(399872K)
[37.701s][info ][gc,metaspace   ] GC(83) Metaspace: 77396K(78080K)->77396K(78080K) NonClass: 66684K(67008K)->66684K(67008K) Class: 10712K(11072K)->10712K(11072K)
[37.701s][info ][gc             ] GC(83) Pause Young (Allocation Failure) 2291M->397M(2360M) 17.562ms
[37.701s][info ][gc,cpu         ] GC(83) User=0.06s Sys=0.01s Real=0.01s
[37.701s][info ][safepoint      ] Safepoint "ParallelGCFailedAllocation", Time since last: 444001723 ns, Reaching safepoint: 668615 ns, At safepoint: 17690887 ns, Total: 18359502 ns
[38.179s][info ][gc,start       ] GC(84) Pause Young (Allocation Failure)
[38.187s][debug][gc,phases      ] GC(84) Scavenge 7.246ms
[38.187s][debug][gc,ref         ] GC(84) Skipped phase 1 of Reference Processing: no references
[38.187s][debug][gc,ref         ] GC(84) Skipped phase 3 of Reference Processing: no references
[38.187s][debug][gc,ref         ] GC(84) Skipped phase 4 of Reference Processing: no references
[38.187s][debug][gc,phases      ] GC(84) Reference Processing 0.027ms
[38.187s][debug][gc,phases      ] GC(84) Weak Processing 0.562ms
[38.187s][debug][gc,age         ] GC(84) Desired survivor size 78643200 bytes, new threshold 15 (max threshold 15)
[38.187s][info ][gc,heap        ] GC(84) PSYoungGen: 1963920K(2017280K)->7600K(2019328K) Eden: 1939968K(1939968K)->0K(1943552K) From: 23952K(77312K)->7600K(75776K)
[38.187s][info ][gc,heap        ] GC(84) ParOldGen: 382853K(399872K)->399833K(399872K)
[38.187s][info ][gc,metaspace   ] GC(84) Metaspace: 77428K(78144K)->77428K(78144K) NonClass: 66714K(67072K)->66714K(67072K) Class: 10714K(11072K)->10714K(11072K)
[38.187s][info ][gc             ] GC(84) Pause Young (Allocation Failure) 2291M->397M(2362M) 7.983ms
[38.187s][info ][gc,cpu         ] GC(84) User=0.03s Sys=0.00s Real=0.01s
[38.187s][debug][gc,phases      ] GC(85) Pre Compact 0.011ms
[38.187s][info ][gc,start       ] GC(85) Pause Full (Ergonomics)
[38.187s][info ][gc,phases,start] GC(85) Marking Phase
[38.313s][debug][gc,phases      ] GC(85) Par Mark 125.306ms
[38.313s][debug][gc,ref         ] GC(85) Skipped phase 1 of Reference Processing: no references
[38.313s][debug][gc,phases      ] GC(85) Reference Processing 0.528ms
[38.314s][debug][gc,phases      ] GC(85) Weak Processing 0.552ms
[38.314s][debug][gc,phases      ] GC(85) ClassLoaderData 0.066ms
[38.314s][debug][gc,phases      ] GC(85) Trigger cleanups 0.000ms
[38.326s][debug][gc,phases      ] GC(85) Class Unloading 11.741ms
[38.326s][info ][gc,phases      ] GC(85) Marking Phase 138.293ms
[38.326s][info ][gc,phases,start] GC(85) Summary Phase
[38.326s][info ][gc,phases      ] GC(85) Summary Phase 0.010ms
[38.326s][info ][gc,phases,start] GC(85) Adjust Roots
[38.347s][info ][gc,phases      ] GC(85) Adjust Roots 21.718ms
[38.347s][info ][gc,phases,start] GC(85) Compaction Phase
[38.582s][info ][gc,phases      ] GC(85) Compaction Phase 234.140ms
[38.582s][info ][gc,phases,start] GC(85) Post Compact
[38.583s][info ][gc,phases      ] GC(85) Post Compact 1.167ms
[38.583s][info ][gc,heap        ] GC(85) PSYoungGen: 7600K(2019328K)->339K(2019328K) Eden: 0K(1943552K)->0K(1943552K) From: 7600K(75776K)->339K(75776K)
[38.583s][info ][gc,heap        ] GC(85) ParOldGen: 399833K(399872K)->399837K(491520K)
[38.583s][info ][gc,metaspace   ] GC(85) Metaspace: 77428K(78144K)->77428K(78144K) NonClass: 66714K(67072K)->66714K(67072K) Class: 10714K(11072K)->10714K(11072K)
[38.583s][info ][gc             ] GC(85) Pause Full (Ergonomics) 397M->390M(2452M) 395.626ms
[38.583s][info ][gc,cpu         ] GC(85) User=1.44s Sys=0.00s Real=0.40s
[38.584s][info ][safepoint      ] Safepoint "ParallelGCFailedAllocation", Time since last: 477758963 ns, Reaching safepoint: 178704 ns, At safepoint: 404467357 ns, Total: 404646061 ns
[39.020s][info ][gc,start       ] GC(86) Pause Young (Allocation Failure)
[39.065s][debug][gc,phases      ] GC(86) Scavenge 45.156ms
[39.065s][debug][gc,ref         ] GC(86) Skipped phase 1 of Reference Processing: no references
[39.065s][debug][gc,ref         ] GC(86) Skipped phase 3 of Reference Processing: no references
[39.065s][debug][gc,ref         ] GC(86) Skipped phase 4 of Reference Processing: no references
[39.065s][debug][gc,phases      ] GC(86) Reference Processing 0.024ms
[39.066s][debug][gc,phases      ] GC(86) Weak Processing 0.509ms
[39.066s][debug][gc,age         ] GC(86) Desired survivor size 80216064 bytes, new threshold 15 (max threshold 15)
[39.066s][info ][gc,heap        ] GC(86) PSYoungGen: 1943891K(2019328K)->1344K(1945088K) Eden: 1943552K(1943552K)->0K(1943552K) From: 339K(75776K)->1344K(1536K)
[39.066s][info ][gc,heap        ] GC(86) ParOldGen: 399837K(491520K)->399861K(491520K)
[39.066s][info ][gc,metaspace   ] GC(86) Metaspace: 77428K(78144K)->77428K(78144K) NonClass: 66714K(67072K)->66714K(67072K) Class: 10714K(11072K)->10714K(11072K)
[39.066s][info ][gc             ] GC(86) Pause Young (Allocation Failure) 2288M->391M(2379M) 45.843ms
[39.066s][info ][gc,cpu         ] GC(86) User=0.17s Sys=0.00s Real=0.05s
[39.066s][info ][safepoint      ] Safepoint "ParallelGCFailedAllocation", Time since last: 435916847 ns, Reaching safepoint: 151203 ns, At safepoint: 45962106 ns, Total: 46113309 ns
[39.542s][info ][gc,start       ] GC(87) Pause Young (Allocation Failure)
[39.547s][debug][gc,phases      ] GC(87) Scavenge 5.076ms
[39.547s][debug][gc,ref         ] GC(87) Skipped phase 1 of Reference Processing: no references
[39.547s][debug][gc,ref         ] GC(87) Skipped phase 3 of Reference Processing: no references
[39.547s][debug][gc,ref         ] GC(87) Skipped phase 4 of Reference Processing: no references
[39.547s][debug][gc,phases      ] GC(87) Reference Processing 0.031ms
[39.548s][debug][gc,phases      ] GC(87) Weak Processing 0.684ms
[39.548s][debug][gc,age         ] GC(87) Desired survivor size 80216064 bytes, new threshold 15 (max threshold 15)
[39.548s][info ][gc,heap        ] GC(87) PSYoungGen: 1944896K(1945088K)->2432K(2018816K) Eden: 1943552K(1943552K)->0K(1940480K) From: 1344K(1536K)->2432K(78336K)
[39.548s][info ][gc,heap        ] GC(87) ParOldGen: 399861K(491520K)->399909K(491520K)
[39.548s][info ][gc,metaspace   ] GC(87) Metaspace: 77431K(78144K)->77431K(78144K) NonClass: 66717K(67072K)->66717K(67072K) Class: 10714K(11072K)->10714K(11072K)
[39.548s][info ][gc             ] GC(87) Pause Young (Allocation Failure) 2289M->392M(2451M) 5.959ms
[39.548s][info ][gc,cpu         ] GC(87) User=0.02s Sys=0.00s Real=0.01s
[39.548s][info ][safepoint      ] Safepoint "ParallelGCFailedAllocation", Time since last: 475964724 ns, Reaching safepoint: 150403 ns, At safepoint: 6093234 ns, Total: 6243637 ns
[40.499s][info ][safepoint      ] Safepoint "ICBufferFull", Time since last: 951071929 ns, Reaching safepoint: 236005 ns, At safepoint: 10001 ns, Total: 246006 ns
[41.315s][info ][safepoint      ] Safepoint "ICBufferFull", Time since last: 815897969 ns, Reaching safepoint: 146704 ns, At safepoint: 9800 ns, Total: 156504 ns
[42.316s][info ][safepoint      ] Safepoint "Cleanup", Time since last: 1000110705 ns, Reaching safepoint: 102602 ns, At safepoint: 9800 ns, Total: 112402 ns
[42.855s][info ][gc,start       ] GC(88) Pause Young (Allocation Failure)
[42.861s][debug][gc,phases      ] GC(88) Scavenge 6.001ms
[42.861s][debug][gc,ref         ] GC(88) Skipped phase 1 of Reference Processing: no references
[42.861s][debug][gc,ref         ] GC(88) Skipped phase 3 of Reference Processing: no references
[42.861s][debug][gc,phases      ] GC(88) Reference Processing 0.023ms
[42.861s][debug][gc,phases      ] GC(88) Weak Processing 0.514ms
[42.861s][debug][gc,age         ] GC(88) Desired survivor size 79167488 bytes, new threshold 15 (max threshold 15)
[42.861s][info ][gc,heap        ] GC(88) PSYoungGen: 1942912K(2018816K)->4432K(2018816K) Eden: 1940480K(1940480K)->0K(1940480K) From: 2432K(78336K)->4432K(78336K)
[42.861s][info ][gc,heap        ] GC(88) ParOldGen: 399909K(491520K)->399941K(491520K)
[42.861s][info ][gc,metaspace   ] GC(88) Metaspace: 77680K(78400K)->77680K(78400K) NonClass: 66962K(67328K)->66962K(67328K) Class: 10717K(11072K)->10717K(11072K)
[42.861s][info ][gc             ] GC(88) Pause Young (Allocation Failure) 2287M->394M(2451M) 6.673ms
[42.861s][info ][gc,cpu         ] GC(88) User=0.02s Sys=0.00s Real=0.00s
[42.861s][info ][safepoint      ] Safepoint "ParallelGCFailedAllocation", Time since last: 538959806 ns, Reaching safepoint: 71501 ns, At safepoint: 6764348 ns, Total: 6835849 ns
[43.862s][info ][safepoint      ] Safepoint "Cleanup", Time since last: 1000093407 ns, Reaching safepoint: 101002 ns, At safepoint: 11500 ns, Total: 112502 ns
[45.351s][info ][safepoint      ] Safepoint "Cleanup", Time since last: 1489174821 ns, Reaching safepoint: 255106 ns, At safepoint: 9700 ns, Total: 264806 ns
[46.351s][info ][safepoint      ] Safepoint "Cleanup", Time since last: 1000120409 ns, Reaching safepoint: 114503 ns, At safepoint: 14200 ns, Total: 128703 ns
[47.352s][info ][safepoint      ] Safepoint "Cleanup", Time since last: 1000105210 ns, Reaching safepoint: 189204 ns, At safepoint: 10700 ns, Total: 199904 ns
[48.352s][info ][safepoint      ] Safepoint "Cleanup", Time since last: 1000088411 ns, Reaching safepoint: 156703 ns, At safepoint: 9500 ns, Total: 166203 ns
[49.352s][info ][safepoint      ] Safepoint "Cleanup", Time since last: 1000111412 ns, Reaching safepoint: 139903 ns, At safepoint: 10901 ns, Total: 150804 ns
[50.352s][info ][safepoint      ] Safepoint "Cleanup", Time since last: 1000109913 ns, Reaching safepoint: 141903 ns, At safepoint: 8500 ns, Total: 150403 ns
[51.353s][info ][safepoint      ] Safepoint "Cleanup", Time since last: 1000054913 ns, Reaching safepoint: 145303 ns, At safepoint: 8800 ns, Total: 154103 ns
[52.353s][info ][safepoint      ] Safepoint "Cleanup", Time since last: 1000110515 ns, Reaching safepoint: 130703 ns, At safepoint: 9000 ns, Total: 139703 ns
[53.353s][info ][safepoint      ] Safepoint "Cleanup", Time since last: 1000105816 ns, Reaching safepoint: 134802 ns, At safepoint: 9001 ns, Total: 143803 ns
[54.353s][info ][safepoint      ] Safepoint "Cleanup", Time since last: 1000109816 ns, Reaching safepoint: 137003 ns, At safepoint: 9701 ns, Total: 146704 ns
[55.354s][info ][safepoint      ] Safepoint "Cleanup", Time since last: 1000119718 ns, Reaching safepoint: 162203 ns, At safepoint: 11400 ns, Total: 173603 ns
[56.354s][info ][safepoint      ] Safepoint "Cleanup", Time since last: 1000125119 ns, Reaching safepoint: 134403 ns, At safepoint: 6900 ns, Total: 141303 ns
[57.763s][info ][safepoint      ] Safepoint "Cleanup", Time since last: 1409505493 ns, Reaching safepoint: 100302 ns, At safepoint: 21001 ns, Total: 121303 ns
[59.705s][info ][safepoint      ] Safepoint "Cleanup", Time since last: 1941078546 ns, Reaching safepoint: 174304 ns, At safepoint: 10100 ns, Total: 184404 ns
[60.705s][info ][safepoint      ] Safepoint "Cleanup", Time since last: 1000108923 ns, Reaching safepoint: 197804 ns, At safepoint: 23601 ns, Total: 221405 ns
[61.103s][info ][gc,start       ] GC(89) Pause Young (Allocation Failure)
[61.109s][debug][gc,phases      ] GC(89) Scavenge 5.844ms
[61.109s][debug][gc,ref         ] GC(89) Skipped phase 1 of Reference Processing: no references
[61.109s][debug][gc,ref         ] GC(89) Skipped phase 3 of Reference Processing: no references
[61.109s][debug][gc,phases      ] GC(89) Reference Processing 0.022ms
[61.110s][debug][gc,phases      ] GC(89) Weak Processing 0.520ms
[61.110s][debug][gc,age         ] GC(89) Desired survivor size 77594624 bytes, new threshold 15 (max threshold 15)
[61.110s][info ][gc,heap        ] GC(89) PSYoungGen: 1944912K(2018816K)->5504K(2021376K) Eden: 1940480K(1940480K)->0K(1944064K) From: 4432K(78336K)->5504K(77312K)
[61.110s][info ][gc,heap        ] GC(89) ParOldGen: 399941K(491520K)->400013K(491520K)
[61.110s][info ][gc,metaspace   ] GC(89) Metaspace: 77873K(78592K)->77873K(78592K) NonClass: 67151K(67520K)->67151K(67520K) Class: 10721K(11072K)->10721K(11072K)
[61.110s][info ][gc             ] GC(89) Pause Young (Allocation Failure) 2289M->396M(2454M) 6.520ms
[61.110s][info ][gc,cpu         ] GC(89) User=0.02s Sys=0.00s Real=0.00s
[61.110s][info ][safepoint      ] Safepoint "ParallelGCFailedAllocation", Time since last: 398105627 ns, Reaching safepoint: 53701 ns, At safepoint: 6606445 ns, Total: 6660146 ns
[62.110s][info ][safepoint      ] Safepoint "Cleanup", Time since last: 1000080923 ns, Reaching safepoint: 56302 ns, At safepoint: 5500 ns, Total: 61802 ns
[63.110s][info ][safepoint      ] Safepoint "Cleanup", Time since last: 1000078224 ns, Reaching safepoint: 57201 ns, At safepoint: 8700 ns, Total: 65901 ns
[64.110s][info ][safepoint      ] Safepoint "Cleanup", Time since last: 1000113126 ns, Reaching safepoint: 66202 ns, At safepoint: 11600 ns, Total: 77802 ns
[64.189s][info ][safepoint      ] Safepoint "ICBufferFull", Time since last: 78203715 ns, Reaching safepoint: 113502 ns, At safepoint: 6000 ns, Total: 119502 ns
[64.216s][info ][safepoint      ] Safepoint "ICBufferFull", Time since last: 26826088 ns, Reaching safepoint: 54602 ns, At safepoint: 9300 ns, Total: 63902 ns
[65.214s][info ][safepoint      ] Safepoint "ICBufferFull", Time since last: 998687096 ns, Reaching safepoint: 149303 ns, At safepoint: 14200 ns, Total: 163503 ns
[66.215s][info ][safepoint      ] Safepoint "Cleanup", Time since last: 1000108428 ns, Reaching safepoint: 105002 ns, At safepoint: 9301 ns, Total: 114303 ns
[67.215s][info ][safepoint      ] Safepoint "Cleanup", Time since last: 1000107928 ns, Reaching safepoint: 131703 ns, At safepoint: 9401 ns, Total: 141104 ns
[68.778s][info ][safepoint      ] Safepoint "Cleanup", Time since last: 1562888670 ns, Reaching safepoint: 211405 ns, At safepoint: 11200 ns, Total: 222605 ns
[69.778s][info ][safepoint      ] Safepoint "Cleanup", Time since last: 1000101231 ns, Reaching safepoint: 96602 ns, At safepoint: 16000 ns, Total: 112602 ns
[70.778s][info ][safepoint      ] Safepoint "Cleanup", Time since last: 1000107033 ns, Reaching safepoint: 99202 ns, At safepoint: 9300 ns, Total: 108502 ns
[71.779s][info ][safepoint      ] Safepoint "Cleanup", Time since last: 1000094433 ns, Reaching safepoint: 51801 ns, At safepoint: 7100 ns, Total: 58901 ns
[72.779s][info ][safepoint      ] Safepoint "Cleanup", Time since last: 1000104234 ns, Reaching safepoint: 136003 ns, At safepoint: 10400 ns, Total: 146403 ns
[73.779s][info ][safepoint      ] Safepoint "Cleanup", Time since last: 1000103835 ns, Reaching safepoint: 123003 ns, At safepoint: 8900 ns, Total: 131903 ns
[74.779s][info ][safepoint      ] Safepoint "Cleanup", Time since last: 1000105236 ns, Reaching safepoint: 87001 ns, At safepoint: 4101 ns, Total: 91102 ns
[75.808s][info ][safepoint      ] Safepoint "Cleanup", Time since last: 1028167052 ns, Reaching safepoint: 202704 ns, At safepoint: 15701 ns, Total: 218405 ns
[76.808s][info ][safepoint      ] Safepoint "Cleanup", Time since last: 1000111637 ns, Reaching safepoint: 129703 ns, At safepoint: 10300 ns, Total: 140003 ns
[77.808s][info ][safepoint      ] Safepoint "Cleanup", Time since last: 1000105339 ns, Reaching safepoint: 69701 ns, At safepoint: 7501 ns, Total: 77202 ns
[78.356s][info ][gc,start       ] GC(90) Pause Young (Allocation Failure)
[78.362s][debug][gc,phases      ] GC(90) Scavenge 5.566ms
[78.362s][debug][gc,ref         ] GC(90) Skipped phase 1 of Reference Processing: no references
[78.362s][debug][gc,ref         ] GC(90) Skipped phase 3 of Reference Processing: no references
[78.362s][debug][gc,phases      ] GC(90) Reference Processing 0.034ms
[78.362s][debug][gc,phases      ] GC(90) Weak Processing 0.555ms
[78.362s][debug][gc,age         ] GC(90) Desired survivor size 74973184 bytes, new threshold 15 (max threshold 15)
[78.362s][info ][gc,heap        ] GC(90) PSYoungGen: 1949568K(2021376K)->8112K(2019840K) Eden: 1944064K(1944064K)->0K(1944064K) From: 5504K(77312K)->8112K(75776K)
[78.362s][info ][gc,heap        ] GC(90) ParOldGen: 400013K(491520K)->400085K(491520K)
[78.362s][info ][gc,metaspace   ] GC(90) Metaspace: 78234K(78912K)->78234K(78912K) NonClass: 67474K(67840K)->67474K(67840K) Class: 10760K(11072K)->10760K(11072K)
[78.362s][info ][gc             ] GC(90) Pause Young (Allocation Failure) 2294M->398M(2452M) 6.282ms
[78.362s][info ][gc,cpu         ] GC(90) User=0.02s Sys=0.00s Real=0.01s
[78.362s][info ][safepoint      ] Safepoint "ParallelGCFailedAllocation", Time since last: 547877318 ns, Reaching safepoint: 60102 ns, At safepoint: 6371339 ns, Total: 6431441 ns
[79.363s][info ][safepoint      ] Safepoint "Cleanup", Time since last: 1000079440 ns, Reaching safepoint: 101702 ns, At safepoint: 5700 ns, Total: 107402 ns
[80.363s][info ][safepoint      ] Safepoint "Cleanup", Time since last: 1000075540 ns, Reaching safepoint: 93002 ns, At safepoint: 9100 ns, Total: 102102 ns
[81.363s][info ][safepoint      ] Safepoint "Cleanup", Time since last: 1000109442 ns, Reaching safepoint: 62902 ns, At safepoint: 10600 ns, Total: 73502 ns
[82.175s][info ][safepoint      ] Safepoint "ICBufferFull", Time since last: 812037316 ns, Reaching safepoint: 158004 ns, At safepoint: 11000 ns, Total: 169004 ns
[83.362s][info ][safepoint      ] Safepoint "ICBufferFull", Time since last: 1186566635 ns, Reaching safepoint: 194204 ns, At safepoint: 30600 ns, Total: 224804 ns
[84.362s][info ][safepoint      ] Safepoint "Cleanup", Time since last: 1000105145 ns, Reaching safepoint: 54101 ns, At safepoint: 11000 ns, Total: 65101 ns
[85.362s][info ][safepoint      ] Safepoint "Cleanup", Time since last: 1000109346 ns, Reaching safepoint: 82802 ns, At safepoint: 5400 ns, Total: 88202 ns
[86.372s][info ][safepoint      ] Safepoint "Cleanup", Time since last: 1000097846 ns, Reaching safepoint: 9578110 ns, At safepoint: 12700 ns, Total: 9590810 ns
[87.372s][info ][safepoint      ] Safepoint "Cleanup", Time since last: 1000101147 ns, Reaching safepoint: 65402 ns, At safepoint: 4500 ns, Total: 69902 ns
[88.372s][info ][safepoint      ] Safepoint "Cleanup", Time since last: 1000102548 ns, Reaching safepoint: 67601 ns, At safepoint: 10601 ns, Total: 78202 ns
[89.373s][info ][safepoint      ] Safepoint "Cleanup", Time since last: 1000127349 ns, Reaching safepoint: 118503 ns, At safepoint: 9500 ns, Total: 128003 ns
[90.373s][info ][safepoint      ] Safepoint "Cleanup", Time since last: 1000131450 ns, Reaching safepoint: 48601 ns, At safepoint: 3600 ns, Total: 52201 ns
[91.373s][info ][safepoint      ] Safepoint "Cleanup", Time since last: 1000102251 ns, Reaching safepoint: 55701 ns, At safepoint: 6300 ns, Total: 62001 ns
[93.373s][info ][safepoint      ] Safepoint "Cleanup", Time since last: 2000183704 ns, Reaching safepoint: 71201 ns, At safepoint: 8501 ns, Total: 79702 ns
[94.373s][info ][safepoint      ] Safepoint "Cleanup", Time since last: 1000110753 ns, Reaching safepoint: 59301 ns, At safepoint: 12001 ns, Total: 71302 ns
[95.211s][info ][gc,start       ] GC(91) Pause Young (Allocation Failure)
[95.218s][debug][gc,phases      ] GC(91) Scavenge 6.991ms
[95.218s][debug][gc,ref         ] GC(91) Skipped phase 1 of Reference Processing: no references
[95.218s][debug][gc,ref         ] GC(91) Skipped phase 3 of Reference Processing: no references
[95.218s][debug][gc,phases      ] GC(91) Reference Processing 0.055ms
[95.219s][debug][gc,phases      ] GC(91) Weak Processing 0.546ms
[95.219s][debug][gc,age         ] GC(91) Desired survivor size 71827456 bytes, new threshold 15 (max threshold 15)
[95.219s][info ][gc,heap        ] GC(91) PSYoungGen: 1952176K(2019840K)->9280K(2027008K) Eden: 1944064K(1944064K)->0K(1953792K) From: 8112K(75776K)->9280K(73216K)
[95.219s][info ][gc,heap        ] GC(91) ParOldGen: 400085K(491520K)->400117K(491520K)
[95.219s][info ][gc,metaspace   ] GC(91) Metaspace: 78684K(79360K)->78684K(79360K) NonClass: 67892K(68224K)->67892K(68224K) Class: 10792K(11136K)->10792K(11136K)
[95.219s][info ][gc             ] GC(91) Pause Young (Allocation Failure) 2297M->399M(2459M) 7.755ms
[95.219s][info ][gc,cpu         ] GC(91) User=0.03s Sys=0.00s Real=0.00s
[95.219s][info ][safepoint      ] Safepoint "ParallelGCFailedAllocation", Time since last: 837579186 ns, Reaching safepoint: 141003 ns, At safepoint: 7847572 ns, Total: 7988575 ns
[96.219s][info ][safepoint      ] Safepoint "Cleanup", Time since last: 1000087255 ns, Reaching safepoint: 56301 ns, At safepoint: 8000 ns, Total: 64301 ns
[97.219s][info ][safepoint      ] Safepoint "Cleanup", Time since last: 1000101956 ns, Reaching safepoint: 50201 ns, At safepoint: 6301 ns, Total: 56502 ns
[98.219s][info ][safepoint      ] Safepoint "Cleanup", Time since last: 1000112056 ns, Reaching safepoint: 59102 ns, At safepoint: 6600 ns, Total: 65702 ns
[99.220s][info ][safepoint      ] Safepoint "Cleanup", Time since last: 1000110258 ns, Reaching safepoint: 87201 ns, At safepoint: 7401 ns, Total: 94602 ns
[100.220s][info ][safepoint      ] Safepoint "Cleanup", Time since last: 1000096358 ns, Reaching safepoint: 52401 ns, At safepoint: 3800 ns, Total: 56201 ns
[101.220s][info ][safepoint      ] Safepoint "Cleanup", Time since last: 1000120960 ns, Reaching safepoint: 57501 ns, At safepoint: 6400 ns, Total: 63901 ns
[102.220s][info ][safepoint      ] Safepoint "Cleanup", Time since last: 1000100360 ns, Reaching safepoint: 65602 ns, At safepoint: 7400 ns, Total: 73002 ns
[103.220s][info ][safepoint      ] Safepoint "Cleanup", Time since last: 1000109661 ns, Reaching safepoint: 70202 ns, At safepoint: 12800 ns, Total: 83002 ns
[104.220s][info ][safepoint      ] Safepoint "Cleanup", Time since last: 1000104862 ns, Reaching safepoint: 54301 ns, At safepoint: 4300 ns, Total: 58601 ns
[105.221s][info ][safepoint      ] Safepoint "Cleanup", Time since last: 1000104263 ns, Reaching safepoint: 65802 ns, At safepoint: 8500 ns, Total: 74302 ns
[106.221s][info ][safepoint      ] Safepoint "Cleanup", Time since last: 1000106563 ns, Reaching safepoint: 64502 ns, At safepoint: 11500 ns, Total: 76002 ns
[107.221s][info ][safepoint      ] Safepoint "Cleanup", Time since last: 1000106065 ns, Reaching safepoint: 66901 ns, At safepoint: 6500 ns, Total: 73401 ns
[108.221s][info ][safepoint      ] Safepoint "Cleanup", Time since last: 1000106866 ns, Reaching safepoint: 68601 ns, At safepoint: 15401 ns, Total: 84002 ns
[109.221s][info ][safepoint      ] Safepoint "Cleanup", Time since last: 1000102166 ns, Reaching safepoint: 54101 ns, At safepoint: 9200 ns, Total: 63301 ns
[110.222s][info ][safepoint      ] Safepoint "Cleanup", Time since last: 1000096267 ns, Reaching safepoint: 49801 ns, At safepoint: 8500 ns, Total: 58301 ns
[111.222s][info ][safepoint      ] Safepoint "Cleanup", Time since last: 1000101668 ns, Reaching safepoint: 59102 ns, At safepoint: 5400 ns, Total: 64502 ns
[112.222s][info ][safepoint      ] Safepoint "Cleanup", Time since last: 1000111169 ns, Reaching safepoint: 66701 ns, At safepoint: 17101 ns, Total: 83802 ns
[112.343s][info ][gc,start       ] GC(92) Pause Young (Allocation Failure)
[112.355s][debug][gc,phases      ] GC(92) Scavenge 12.079ms
[112.355s][debug][gc,ref         ] GC(92) Skipped phase 1 of Reference Processing: no references
[112.355s][debug][gc,ref         ] GC(92) Skipped phase 3 of Reference Processing: no references
[112.355s][debug][gc,phases      ] GC(92) Reference Processing 0.040ms
[112.356s][debug][gc,phases      ] GC(92) Weak Processing 0.567ms
[112.356s][debug][gc,age         ] GC(92) Desired survivor size 69730304 bytes, new threshold 15 (max threshold 15)
[112.356s][info ][gc,heap        ] GC(92) PSYoungGen: 1963072K(2027008K)->27920K(2023936K) Eden: 1953792K(1953792K)->0K(1953792K) From: 9280K(73216K)->27920K(70144K)
[112.356s][info ][gc,heap        ] GC(92) ParOldGen: 400117K(491520K)->400149K(491520K)
[112.356s][info ][gc,metaspace   ] GC(92) Metaspace: 78807K(79552K)->78807K(79552K) NonClass: 67998K(68416K)->67998K(68416K) Class: 10808K(11136K)->10808K(11136K)
[112.356s][info ][gc             ] GC(92) Pause Young (Allocation Failure) 2307M->418M(2456M) 12.848ms
[112.356s][info ][gc,cpu         ] GC(92) User=0.05s Sys=0.00s Real=0.01s
[112.356s][info ][safepoint      ] Safepoint "ParallelGCFailedAllocation", Time since last: 121130260 ns, Reaching safepoint: 117403 ns, At safepoint: 12957185 ns, Total: 13074588 ns
[112.823s][info ][safepoint      ] Safepoint "ICBufferFull", Time since last: 466430746 ns, Reaching safepoint: 171904 ns, At safepoint: 12900 ns, Total: 184804 ns
[112.831s][info ][safepoint      ] Safepoint "ICBufferFull", Time since last: 8137779 ns, Reaching safepoint: 55801 ns, At safepoint: 5400 ns, Total: 61201 ns
[113.193s][info ][safepoint      ] Safepoint "ICBufferFull", Time since last: 361756147 ns, Reaching safepoint: 271906 ns, At safepoint: 12400 ns, Total: 284306 ns
[114.193s][info ][safepoint      ] Safepoint "Cleanup", Time since last: 1000110271 ns, Reaching safepoint: 300406 ns, At safepoint: 8701 ns, Total: 309107 ns
[115.194s][info ][safepoint      ] Safepoint "Cleanup", Time since last: 1000111071 ns, Reaching safepoint: 190904 ns, At safepoint: 13201 ns, Total: 204105 ns
[116.194s][info ][safepoint      ] Safepoint "Cleanup", Time since last: 1000144273 ns, Reaching safepoint: 90002 ns, At safepoint: 13500 ns, Total: 103502 ns
[117.194s][info ][safepoint      ] Safepoint "Cleanup", Time since last: 1000110673 ns, Reaching safepoint: 157104 ns, At safepoint: 9800 ns, Total: 166904 ns
[118.195s][info ][safepoint      ] Safepoint "Cleanup", Time since last: 1000124774 ns, Reaching safepoint: 155203 ns, At safepoint: 13601 ns, Total: 168804 ns
[119.195s][info ][safepoint      ] Safepoint "Cleanup", Time since last: 1000145875 ns, Reaching safepoint: 184104 ns, At safepoint: 10101 ns, Total: 194205 ns
[120.195s][info ][safepoint      ] Safepoint "Cleanup", Time since last: 1000108375 ns, Reaching safepoint: 155204 ns, At safepoint: 11300 ns, Total: 166504 ns
[121.195s][info ][safepoint      ] Safepoint "Cleanup", Time since last: 1000114177 ns, Reaching safepoint: 140803 ns, At safepoint: 12600 ns, Total: 153403 ns
[122.600s][info ][safepoint      ] Safepoint "Cleanup", Time since last: 1404807071 ns, Reaching safepoint: 178304 ns, At safepoint: 12200 ns, Total: 190504 ns
[123.601s][info ][safepoint      ] Safepoint "Cleanup", Time since last: 1000105878 ns, Reaching safepoint: 131503 ns, At safepoint: 12300 ns, Total: 143803 ns
[124.601s][info ][safepoint      ] Safepoint "Cleanup", Time since last: 1000102280 ns, Reaching safepoint: 132003 ns, At safepoint: 10000 ns, Total: 142003 ns
[125.601s][info ][safepoint      ] Safepoint "Cleanup", Time since last: 1000104280 ns, Reaching safepoint: 137203 ns, At safepoint: 9100 ns, Total: 146303 ns
[126.601s][info ][safepoint      ] Safepoint "Cleanup", Time since last: 1000068080 ns, Reaching safepoint: 92902 ns, At safepoint: 11500 ns, Total: 104402 ns
[126.697s][info ][gc,start       ] GC(93) Pause Young (Allocation Failure)
[126.714s][debug][gc,phases      ] GC(93) Scavenge 16.841ms
[126.714s][debug][gc,ref         ] GC(93) Skipped phase 1 of Reference Processing: no references
[126.714s][debug][gc,ref         ] GC(93) Skipped phase 3 of Reference Processing: no references
[126.714s][debug][gc,phases      ] GC(93) Reference Processing 0.044ms
[126.715s][debug][gc,phases      ] GC(93) Weak Processing 0.635ms
[126.715s][debug][gc,age         ] GC(93) Desired survivor size 77070336 bytes, new threshold 15 (max threshold 15)
[126.715s][info ][gc,heap        ] GC(93) PSYoungGen: 1981712K(2023936K)->54560K(2014720K) Eden: 1953792K(1953792K)->0K(1946624K) From: 27920K(70144K)->54560K(68096K)
[126.715s][info ][gc,heap        ] GC(93) ParOldGen: 400149K(491520K)->400173K(491520K)
[126.715s][info ][gc,metaspace   ] GC(93) Metaspace: 79239K(79936K)->79239K(79936K) NonClass: 68379K(68736K)->68379K(68736K) Class: 10860K(11200K)->10860K(11200K)
[126.715s][info ][gc             ] GC(93) Pause Young (Allocation Failure) 2326M->444M(2447M) 17.667ms
[126.715s][info ][gc,cpu         ] GC(93) User=0.07s Sys=0.00s Real=0.02s
[126.715s][info ][safepoint      ] Safepoint "ParallelGCFailedAllocation", Time since last: 95747205 ns, Reaching safepoint: 102602 ns, At safepoint: 17753990 ns, Total: 17856592 ns
[127.715s][info ][safepoint      ] Safepoint "Cleanup", Time since last: 1000085582 ns, Reaching safepoint: 56601 ns, At safepoint: 8300 ns, Total: 64901 ns
[128.715s][info ][safepoint      ] Safepoint "Cleanup", Time since last: 1000089883 ns, Reaching safepoint: 47001 ns, At safepoint: 5400 ns, Total: 52401 ns
[129.715s][info ][safepoint      ] Safepoint "Cleanup", Time since last: 1000109383 ns, Reaching safepoint: 55601 ns, At safepoint: 7801 ns, Total: 63402 ns
[130.716s][info ][safepoint      ] Safepoint "Cleanup", Time since last: 1000122984 ns, Reaching safepoint: 52701 ns, At safepoint: 6101 ns, Total: 58802 ns
[131.716s][info ][safepoint      ] Safepoint "Cleanup", Time since last: 1000106085 ns, Reaching safepoint: 135103 ns, At safepoint: 12400 ns, Total: 147503 ns
[132.716s][info ][safepoint      ] Safepoint "Cleanup", Time since last: 1000107186 ns, Reaching safepoint: 66901 ns, At safepoint: 6801 ns, Total: 73702 ns
[133.716s][info ][safepoint      ] Safepoint "Cleanup", Time since last: 1000112787 ns, Reaching safepoint: 51501 ns, At safepoint: 17100 ns, Total: 68601 ns
[134.716s][info ][safepoint      ] Safepoint "Cleanup", Time since last: 1000104188 ns, Reaching safepoint: 54901 ns, At safepoint: 7400 ns, Total: 62301 ns
[135.717s][info ][safepoint      ] Safepoint "Cleanup", Time since last: 1000122789 ns, Reaching safepoint: 60601 ns, At safepoint: 6900 ns, Total: 67501 ns
[137.717s][info ][safepoint      ] Safepoint "Cleanup", Time since last: 2000174779 ns, Reaching safepoint: 60901 ns, At safepoint: 8400 ns, Total: 69301 ns
[138.717s][info ][safepoint      ] Safepoint "Cleanup", Time since last: 1000101091 ns, Reaching safepoint: 62201 ns, At safepoint: 9301 ns, Total: 71502 ns
[139.717s][info ][safepoint      ] Safepoint "Cleanup", Time since last: 1000107891 ns, Reaching safepoint: 116203 ns, At safepoint: 10900 ns, Total: 127103 ns
[140.717s][info ][safepoint      ] Safepoint "Cleanup", Time since last: 1000111193 ns, Reaching safepoint: 76901 ns, At safepoint: 11101 ns, Total: 88002 ns
[141.145s][info ][gc,start       ] GC(94) Pause Young (Allocation Failure)
[141.153s][debug][gc,phases      ] GC(94) Scavenge 8.011ms
[141.153s][debug][gc,ref         ] GC(94) Skipped phase 1 of Reference Processing: no references
[141.153s][debug][gc,ref         ] GC(94) Skipped phase 3 of Reference Processing: no references
[141.153s][debug][gc,phases      ] GC(94) Reference Processing 0.032ms
[141.154s][debug][gc,phases      ] GC(94) Weak Processing 0.578ms
[141.154s][debug][gc,age         ] GC(94) Desired survivor size 73924608 bytes, new threshold 15 (max threshold 15)
[141.154s][info ][gc,heap        ] GC(94) PSYoungGen: 2001184K(2014720K)->14896K(2021888K) Eden: 1946624K(1946624K)->0K(1946624K) From: 54560K(68096K)->14896K(75264K)
[141.154s][info ][gc,heap        ] GC(94) ParOldGen: 400173K(491520K)->400189K(491520K)
[141.154s][info ][gc,metaspace   ] GC(94) Metaspace: 79382K(80064K)->79382K(80064K) NonClass: 68519K(68864K)->68519K(68864K) Class: 10863K(11200K)->10863K(11200K)
[141.154s][info ][gc             ] GC(94) Pause Young (Allocation Failure) 2345M->405M(2454M) 8.773ms
[141.154s][info ][gc,cpu         ] GC(94) User=0.03s Sys=0.00s Real=0.01s
[141.154s][info ][safepoint      ] Safepoint "ParallelGCFailedAllocation", Time since last: 427376198 ns, Reaching safepoint: 64001 ns, At safepoint: 8857395 ns, Total: 8921396 ns
[142.154s][info ][safepoint      ] Safepoint "Cleanup", Time since last: 1000085893 ns, Reaching safepoint: 123203 ns, At safepoint: 11400 ns, Total: 134603 ns
[143.154s][info ][safepoint      ] Safepoint "Cleanup", Time since last: 1000120295 ns, Reaching safepoint: 137403 ns, At safepoint: 9200 ns, Total: 146603 ns
[144.154s][info ][safepoint      ] Safepoint "Cleanup", Time since last: 1000127696 ns, Reaching safepoint: 143903 ns, At safepoint: 14100 ns, Total: 158003 ns
[145.155s][info ][safepoint      ] Safepoint "Cleanup", Time since last: 1000115096 ns, Reaching safepoint: 130403 ns, At safepoint: 6801 ns, Total: 137204 ns
[146.155s][info ][safepoint      ] Safepoint "Cleanup", Time since last: 1000107296 ns, Reaching safepoint: 128003 ns, At safepoint: 11300 ns, Total: 139303 ns
[147.155s][info ][safepoint      ] Safepoint "Cleanup", Time since last: 1000114098 ns, Reaching safepoint: 134503 ns, At safepoint: 13100 ns, Total: 147603 ns
[148.155s][info ][safepoint      ] Safepoint "Cleanup", Time since last: 1000112599 ns, Reaching safepoint: 137803 ns, At safepoint: 15400 ns, Total: 153203 ns
[150.156s][info ][safepoint      ] Safepoint "Cleanup", Time since last: 2000192099 ns, Reaching safepoint: 50101 ns, At safepoint: 4200 ns, Total: 54301 ns
[151.156s][info ][safepoint      ] Safepoint "Cleanup", Time since last: 1000107801 ns, Reaching safepoint: 126803 ns, At safepoint: 9800 ns, Total: 136603 ns
[152.156s][info ][safepoint      ] Safepoint "Cleanup", Time since last: 1000120502 ns, Reaching safepoint: 63501 ns, At safepoint: 4601 ns, Total: 68102 ns
[153.156s][info ][safepoint      ] Safepoint "Cleanup", Time since last: 1000123002 ns, Reaching safepoint: 61102 ns, At safepoint: 8400 ns, Total: 69502 ns
[154.157s][info ][safepoint      ] Safepoint "Cleanup", Time since last: 1000146604 ns, Reaching safepoint: 134803 ns, At safepoint: 9300 ns, Total: 144103 ns
[155.157s][info ][safepoint      ] Safepoint "Cleanup", Time since last: 1000115004 ns, Reaching safepoint: 141603 ns, At safepoint: 9100 ns, Total: 150703 ns
[156.157s][info ][safepoint      ] Safepoint "Cleanup", Time since last: 1000132106 ns, Reaching safepoint: 145403 ns, At safepoint: 8900 ns, Total: 154303 ns
[156.210s][info ][gc,start       ] GC(95) Pause Young (Allocation Failure)
[156.218s][debug][gc,phases      ] GC(95) Scavenge 7.604ms
[156.218s][debug][gc,ref         ] GC(95) Skipped phase 1 of Reference Processing: no references
[156.218s][debug][gc,ref         ] GC(95) Skipped phase 3 of Reference Processing: no references
[156.218s][debug][gc,phases      ] GC(95) Reference Processing 0.029ms
[156.219s][debug][gc,phases      ] GC(95) Weak Processing 0.526ms
[156.219s][debug][gc,age         ] GC(95) Desired survivor size 70254592 bytes, new threshold 15 (max threshold 15)
[156.219s][info ][gc,heap        ] GC(95) PSYoungGen: 1961520K(2021888K)->16192K(2028544K) Eden: 1946624K(1946624K)->0K(1956352K) From: 14896K(75264K)->16192K(72192K)
[156.219s][info ][gc,heap        ] GC(95) ParOldGen: 400189K(491520K)->400229K(491520K)
[156.219s][info ][gc,metaspace   ] GC(95) Metaspace: 79501K(80192K)->79501K(80192K) NonClass: 68634K(68992K)->68634K(68992K) Class: 10866K(11200K)->10866K(11200K)
[156.219s][info ][gc             ] GC(95) Pause Young (Allocation Failure) 2306M->406M(2461M) 8.291ms
[156.219s][info ][gc,cpu         ] GC(95) User=0.03s Sys=0.00s Real=0.00s
[156.219s][info ][safepoint      ] Safepoint "ParallelGCFailedAllocation", Time since last: 52892964 ns, Reaching safepoint: 225105 ns, At safepoint: 8372284 ns, Total: 8597389 ns
[157.219s][info ][safepoint      ] Safepoint "Cleanup", Time since last: 1000081605 ns, Reaching safepoint: 75602 ns, At safepoint: 6700 ns, Total: 82302 ns
[158.669s][info ][safepoint      ] Safepoint "Cleanup", Time since last: 1450300213 ns, Reaching safepoint: 234305 ns, At safepoint: 27700 ns, Total: 262005 ns
[159.959s][info ][safepoint      ] Safepoint "Cleanup", Time since last: 1289927185 ns, Reaching safepoint: 128703 ns, At safepoint: 6600 ns, Total: 135303 ns
[160.960s][info ][safepoint      ] Safepoint "Cleanup", Time since last: 1000105009 ns, Reaching safepoint: 62901 ns, At safepoint: 11901 ns, Total: 74802 ns
[161.960s][info ][safepoint      ] Safepoint "Cleanup", Time since last: 1000106709 ns, Reaching safepoint: 57201 ns, At safepoint: 6600 ns, Total: 63801 ns
[162.960s][info ][safepoint      ] Safepoint "Cleanup", Time since last: 1000103510 ns, Reaching safepoint: 73902 ns, At safepoint: 9000 ns, Total: 82902 ns
[163.960s][info ][safepoint      ] Safepoint "Cleanup", Time since last: 1000106211 ns, Reaching safepoint: 58501 ns, At safepoint: 7200 ns, Total: 65701 ns
[164.960s][info ][safepoint      ] Safepoint "Cleanup", Time since last: 1000114112 ns, Reaching safepoint: 136703 ns, At safepoint: 12800 ns, Total: 149503 ns
[165.961s][info ][safepoint      ] Safepoint "Cleanup", Time since last: 1000093012 ns, Reaching safepoint: 83202 ns, At safepoint: 5700 ns, Total: 88902 ns
[166.961s][info ][safepoint      ] Safepoint "Cleanup", Time since last: 1000108813 ns, Reaching safepoint: 59202 ns, At safepoint: 6300 ns, Total: 65502 ns
[167.961s][info ][safepoint      ] Safepoint "Cleanup", Time since last: 1000106714 ns, Reaching safepoint: 125902 ns, At safepoint: 10801 ns, Total: 136703 ns
[168.310s][info ][gc,start       ] GC(96) Pause Young (Allocation Failure)
[168.323s][debug][gc,phases      ] GC(96) Scavenge 13.144ms
[168.323s][debug][gc,ref         ] GC(96) Skipped phase 1 of Reference Processing: no references
[168.323s][debug][gc,ref         ] GC(96) Skipped phase 3 of Reference Processing: no references
[168.323s][debug][gc,phases      ] GC(96) Reference Processing 0.035ms
[168.324s][debug][gc,phases      ] GC(96) Weak Processing 0.558ms
[168.324s][debug][gc,age         ] GC(96) Desired survivor size 70254592 bytes, new threshold 15 (max threshold 15)
[168.324s][info ][gc,heap        ] GC(96) PSYoungGen: 1972544K(2028544K)->35712K(2024960K) Eden: 1956352K(1956352K)->0K(1956352K) From: 16192K(72192K)->35712K(68608K)
[168.324s][info ][gc,heap        ] GC(96) ParOldGen: 400229K(491520K)->400245K(491520K)
[168.324s][info ][gc,metaspace   ] GC(96) Metaspace: 79677K(80384K)->79677K(80384K) NonClass: 68797K(69184K)->68797K(69184K) Class: 10880K(11200K)->10880K(11200K)
[168.324s][info ][gc             ] GC(96) Pause Young (Allocation Failure) 2317M->425M(2457M) 13.895ms
[168.324s][info ][gc,cpu         ] GC(96) User=0.06s Sys=0.00s Real=0.02s
[168.324s][info ][safepoint      ] Safepoint "ParallelGCFailedAllocation", Time since last: 348906480 ns, Reaching safepoint: 44901 ns, At safepoint: 13974807 ns, Total: 14019708 ns
[169.324s][info ][safepoint      ] Safepoint "Cleanup", Time since last: 1000088215 ns, Reaching safepoint: 52101 ns, At safepoint: 8300 ns, Total: 60401 ns
[170.324s][info ][safepoint      ] Safepoint "Cleanup", Time since last: 1000056815 ns, Reaching safepoint: 54801 ns, At safepoint: 7200 ns, Total: 62001 ns
[171.324s][info ][safepoint      ] Safepoint "Cleanup", Time since last: 1000102916 ns, Reaching safepoint: 58202 ns, At safepoint: 7100 ns, Total: 65302 ns
[173.325s][info ][safepoint      ] Safepoint "Cleanup", Time since last: 2000174934 ns, Reaching safepoint: 49201 ns, At safepoint: 3600 ns, Total: 52801 ns
[174.325s][info ][safepoint      ] Safepoint "Cleanup", Time since last: 1000114419 ns, Reaching safepoint: 58001 ns, At safepoint: 8600 ns, Total: 66601 ns
[175.325s][info ][safepoint      ] Safepoint "Cleanup", Time since last: 1000066519 ns, Reaching safepoint: 58301 ns, At safepoint: 8600 ns, Total: 66901 ns
[176.325s][info ][safepoint      ] Safepoint "Cleanup", Time since last: 1000107121 ns, Reaching safepoint: 63701 ns, At safepoint: 7500 ns, Total: 71201 ns
[177.325s][info ][safepoint      ] Safepoint "Cleanup", Time since last: 1000094821 ns, Reaching safepoint: 109602 ns, At safepoint: 7200 ns, Total: 116802 ns
[178.326s][info ][safepoint      ] Safepoint "Cleanup", Time since last: 1000102922 ns, Reaching safepoint: 53501 ns, At safepoint: 8200 ns, Total: 61701 ns
[179.326s][info ][safepoint      ] Safepoint "Cleanup", Time since last: 1000108523 ns, Reaching safepoint: 61601 ns, At safepoint: 3900 ns, Total: 65501 ns
[180.326s][info ][safepoint      ] Safepoint "Cleanup", Time since last: 1000114724 ns, Reaching safepoint: 58101 ns, At safepoint: 8400 ns, Total: 66501 ns
[181.326s][info ][safepoint      ] Safepoint "Cleanup", Time since last: 1000101524 ns, Reaching safepoint: 55001 ns, At safepoint: 8800 ns, Total: 63801 ns
[182.326s][info ][safepoint      ] Safepoint "Cleanup", Time since last: 1000103525 ns, Reaching safepoint: 56901 ns, At safepoint: 19701 ns, Total: 76602 ns
[183.326s][info ][safepoint      ] Safepoint "Cleanup", Time since last: 1000117725 ns, Reaching safepoint: 79002 ns, At safepoint: 8800 ns, Total: 87802 ns
[184.327s][info ][safepoint      ] Safepoint "Cleanup", Time since last: 1000104426 ns, Reaching safepoint: 55302 ns, At safepoint: 7100 ns, Total: 62402 ns
[184.652s][info ][gc,start       ] GC(97) Pause Young (Allocation Failure)
[184.662s][debug][gc,phases      ] GC(97) Scavenge 9.624ms
[184.662s][debug][gc,ref         ] GC(97) Skipped phase 1 of Reference Processing: no references
[184.662s][debug][gc,ref         ] GC(97) Skipped phase 3 of Reference Processing: no references
[184.662s][debug][gc,phases      ] GC(97) Reference Processing 0.031ms
[184.662s][debug][gc,phases      ] GC(97) Weak Processing 0.660ms
[184.662s][debug][gc,age         ] GC(97) Desired survivor size 68157440 bytes, new threshold 15 (max threshold 15)
[184.662s][info ][gc,heap        ] GC(97) PSYoungGen: 1992064K(2024960K)->29856K(2030592K) Eden: 1956352K(1956352K)->0K(1961984K) From: 35712K(68608K)->29856K(68608K)
[184.662s][info ][gc,heap        ] GC(97) ParOldGen: 400245K(491520K)->400269K(491520K)
[184.662s][info ][gc,metaspace   ] GC(97) Metaspace: 79721K(80384K)->79721K(80384K) NonClass: 68840K(69184K)->68840K(69184K) Class: 10880K(11200K)->10880K(11200K)
[184.662s][info ][gc             ] GC(97) Pause Young (Allocation Failure) 2336M->420M(2463M) 10.468ms
[184.662s][info ][gc,cpu         ] GC(97) User=0.04s Sys=0.00s Real=0.01s
[184.662s][info ][safepoint      ] Safepoint "ParallelGCFailedAllocation", Time since last: 325281864 ns, Reaching safepoint: 29500 ns, At safepoint: 10547233 ns, Total: 10576733 ns
[187.663s][info ][safepoint      ] Safepoint "Cleanup", Time since last: 3000165680 ns, Reaching safepoint: 43801 ns, At safepoint: 3100 ns, Total: 46901 ns
[188.663s][info ][safepoint      ] Safepoint "Cleanup", Time since last: 1000105929 ns, Reaching safepoint: 63702 ns, At safepoint: 8400 ns, Total: 72102 ns
[189.663s][info ][safepoint      ] Safepoint "Cleanup", Time since last: 1000118130 ns, Reaching safepoint: 48401 ns, At safepoint: 2900 ns, Total: 51301 ns
[190.663s][info ][safepoint      ] Safepoint "Cleanup", Time since last: 1000110031 ns, Reaching safepoint: 49701 ns, At safepoint: 4500 ns, Total: 54201 ns
[191.663s][info ][safepoint      ] Safepoint "Cleanup", Time since last: 1000108732 ns, Reaching safepoint: 56201 ns, At safepoint: 8600 ns, Total: 64801 ns
[192.664s][info ][safepoint      ] Safepoint "Cleanup", Time since last: 1000109033 ns, Reaching safepoint: 54701 ns, At safepoint: 7400 ns, Total: 62101 ns
[193.664s][info ][safepoint      ] Safepoint "Cleanup", Time since last: 1000119833 ns, Reaching safepoint: 50202 ns, At safepoint: 6900 ns, Total: 57102 ns
[194.664s][info ][safepoint      ] Safepoint "Cleanup", Time since last: 1000105133 ns, Reaching safepoint: 47901 ns, At safepoint: 8001 ns, Total: 55902 ns
[195.664s][info ][safepoint      ] Safepoint "Cleanup", Time since last: 1000104434 ns, Reaching safepoint: 56501 ns, At safepoint: 5200 ns, Total: 61701 ns
[196.664s][info ][safepoint      ] Safepoint "Cleanup", Time since last: 1000113536 ns, Reaching safepoint: 55401 ns, At safepoint: 8100 ns, Total: 63501 ns
[200.665s][info ][safepoint      ] Safepoint "Cleanup", Time since last: 4000308545 ns, Reaching safepoint: 54201 ns, At safepoint: 5501 ns, Total: 59702 ns
[201.665s][info ][safepoint      ] Safepoint "Cleanup", Time since last: 1000113839 ns, Reaching safepoint: 68401 ns, At safepoint: 7400 ns, Total: 75801 ns
[201.884s][info ][gc,start       ] GC(98) Pause Young (Allocation Failure)
[201.895s][debug][gc,phases      ] GC(98) Scavenge 10.470ms
[201.895s][debug][gc,ref         ] GC(98) Skipped phase 1 of Reference Processing: no references
[201.895s][debug][gc,ref         ] GC(98) Skipped phase 3 of Reference Processing: no references
[201.895s][debug][gc,phases      ] GC(98) Reference Processing 0.033ms
[201.896s][debug][gc,phases      ] GC(98) Weak Processing 0.534ms
[201.896s][debug][gc,age         ] GC(98) Desired survivor size 65536000 bytes, new threshold 15 (max threshold 15)
[201.896s][info ][gc,heap        ] GC(98) PSYoungGen: 1991840K(2030592K)->29920K(2028544K) Eden: 1961984K(1961984K)->0K(1961984K) From: 29856K(68608K)->29920K(66560K)
[201.896s][info ][gc,heap        ] GC(98) ParOldGen: 400269K(491520K)->400293K(491520K)
[201.896s][info ][gc,metaspace   ] GC(98) Metaspace: 79796K(80448K)->79796K(80448K) NonClass: 68913K(69248K)->68913K(69248K) Class: 10883K(11200K)->10883K(11200K)
[201.896s][info ][gc             ] GC(98) Pause Young (Allocation Failure) 2336M->420M(2461M) 11.173ms
[201.896s][info ][gc,cpu         ] GC(98) User=0.04s Sys=0.01s Real=0.01s
[201.896s][info ][safepoint      ] Safepoint "ParallelGCFailedAllocation", Time since last: 219591439 ns, Reaching safepoint: 33701 ns, At safepoint: 11264848 ns, Total: 11298549 ns
[202.896s][info ][safepoint      ] Safepoint "Cleanup", Time since last: 1000096740 ns, Reaching safepoint: 132203 ns, At safepoint: 8800 ns, Total: 141003 ns
[203.896s][info ][safepoint      ] Safepoint "Cleanup", Time since last: 1000117640 ns, Reaching safepoint: 120603 ns, At safepoint: 6700 ns, Total: 127303 ns
[204.896s][info ][safepoint      ] Safepoint "Cleanup", Time since last: 1000128442 ns, Reaching safepoint: 122702 ns, At safepoint: 6301 ns, Total: 129003 ns
[206.897s][info ][safepoint      ] Safepoint "Cleanup", Time since last: 2000179883 ns, Reaching safepoint: 126303 ns, At safepoint: 6300 ns, Total: 132603 ns
[207.897s][info ][safepoint      ] Safepoint "Cleanup", Time since last: 1000116943 ns, Reaching safepoint: 130903 ns, At safepoint: 8501 ns, Total: 139404 ns
[208.897s][info ][safepoint      ] Safepoint "Cleanup", Time since last: 1000126044 ns, Reaching safepoint: 138203 ns, At safepoint: 12100 ns, Total: 150303 ns
[209.897s][info ][safepoint      ] Safepoint "Cleanup", Time since last: 1000108345 ns, Reaching safepoint: 126403 ns, At safepoint: 8700 ns, Total: 135103 ns
[210.898s][info ][safepoint      ] Safepoint "Cleanup", Time since last: 1000109345 ns, Reaching safepoint: 129703 ns, At safepoint: 11600 ns, Total: 141303 ns
[212.898s][info ][safepoint      ] Safepoint "Cleanup", Time since last: 2000171592 ns, Reaching safepoint: 131003 ns, At safepoint: 13400 ns, Total: 144403 ns
[214.558s][info ][safepoint      ] Safepoint "Cleanup", Time since last: 1659271479 ns, Reaching safepoint: 301307 ns, At safepoint: 10100 ns, Total: 311407 ns
[215.558s][info ][safepoint      ] Safepoint "Cleanup", Time since last: 1000113849 ns, Reaching safepoint: 55101 ns, At safepoint: 5300 ns, Total: 60401 ns
[216.558s][info ][safepoint      ] Safepoint "Cleanup", Time since last: 1000112650 ns, Reaching safepoint: 63701 ns, At safepoint: 12200 ns, Total: 75901 ns
[217.558s][info ][safepoint      ] Safepoint "Cleanup", Time since last: 1000115150 ns, Reaching safepoint: 52402 ns, At safepoint: 5400 ns, Total: 57802 ns
[218.558s][info ][safepoint      ] Safepoint "Cleanup", Time since last: 1000091950 ns, Reaching safepoint: 57101 ns, At safepoint: 8800 ns, Total: 65901 ns
[218.754s][info ][gc,start       ] GC(99) Pause Young (Allocation Failure)
[218.765s][debug][gc,phases      ] GC(99) Scavenge 10.351ms
[218.765s][debug][gc,ref         ] GC(99) Skipped phase 1 of Reference Processing: no references
[218.765s][debug][gc,ref         ] GC(99) Skipped phase 3 of Reference Processing: no references
[218.765s][debug][gc,phases      ] GC(99) Reference Processing 0.036ms
[218.765s][debug][gc,phases      ] GC(99) Weak Processing 0.604ms
[218.765s][debug][gc,age         ] GC(99) Desired survivor size 63438848 bytes, new threshold 15 (max threshold 15)
[218.766s][info ][gc,heap        ] GC(99) PSYoungGen: 1991904K(2028544K)->29920K(2035200K) Eden: 1961984K(1961984K)->0K(1971200K) From: 29920K(66560K)->29920K(64000K)
[218.766s][info ][gc,heap        ] GC(99) ParOldGen: 400293K(491520K)->400309K(491520K)
[218.766s][info ][gc,metaspace   ] GC(99) Metaspace: 79825K(80512K)->79825K(80512K) NonClass: 68942K(69312K)->68942K(69312K) Class: 10883K(11200K)->10883K(11200K)
[218.766s][info ][gc             ] GC(99) Pause Young (Allocation Failure) 2336M->420M(2467M) 11.145ms
[218.766s][info ][gc,cpu         ] GC(99) User=0.04s Sys=0.00s Real=0.01s
[218.766s][info ][safepoint      ] Safepoint "ParallelGCFailedAllocation", Time since last: 196006722 ns, Reaching safepoint: 28801 ns, At safepoint: 11238248 ns, Total: 11267049 ns
[220.766s][info ][safepoint      ] Safepoint "Cleanup", Time since last: 2000143302 ns, Reaching safepoint: 48701 ns, At safepoint: 5600 ns, Total: 54301 ns
[221.766s][info ][safepoint      ] Safepoint "Cleanup", Time since last: 1000115953 ns, Reaching safepoint: 67301 ns, At safepoint: 10201 ns, Total: 77502 ns
[223.766s][info ][safepoint      ] Safepoint "Cleanup", Time since last: 2000167306 ns, Reaching safepoint: 47601 ns, At safepoint: 2900 ns, Total: 50501 ns
[224.766s][info ][safepoint      ] Safepoint "Cleanup", Time since last: 1000067455 ns, Reaching safepoint: 58501 ns, At safepoint: 11900 ns, Total: 70401 ns
[225.767s][info ][safepoint      ] Safepoint "Cleanup", Time since last: 1000118656 ns, Reaching safepoint: 47201 ns, At safepoint: 3700 ns, Total: 50901 ns
[226.767s][info ][safepoint      ] Safepoint "Cleanup", Time since last: 1000097256 ns, Reaching safepoint: 48301 ns, At safepoint: 4000 ns, Total: 52301 ns
[227.767s][info ][safepoint      ] Safepoint "Cleanup", Time since last: 1000086457 ns, Reaching safepoint: 55401 ns, At safepoint: 6400 ns, Total: 61801 ns
[228.767s][info ][safepoint      ] Safepoint "Cleanup", Time since last: 1000101158 ns, Reaching safepoint: 51901 ns, At safepoint: 8200 ns, Total: 60101 ns
[229.767s][info ][safepoint      ] Safepoint "Cleanup", Time since last: 1000121359 ns, Reaching safepoint: 46801 ns, At safepoint: 3400 ns, Total: 50201 ns
[234.768s][info ][safepoint      ] Safepoint "Cleanup", Time since last: 5000363298 ns, Reaching safepoint: 55101 ns, At safepoint: 11800 ns, Total: 66901 ns
[235.768s][info ][safepoint      ] Safepoint "Cleanup", Time since last: 1000106162 ns, Reaching safepoint: 49902 ns, At safepoint: 10700 ns, Total: 60602 ns
[236.438s][info ][gc,start       ] GC(100) Pause Young (Allocation Failure)
[236.448s][debug][gc,phases      ] GC(100) Scavenge 10.246ms
[236.448s][debug][gc,ref         ] GC(100) Skipped phase 1 of Reference Processing: no references
[236.448s][debug][gc,ref         ] GC(100) Skipped phase 3 of Reference Processing: no references
[236.448s][debug][gc,phases      ] GC(100) Reference Processing 0.032ms
[236.449s][debug][gc,phases      ] GC(100) Weak Processing 0.583ms
[236.449s][debug][gc,age         ] GC(100) Desired survivor size 61341696 bytes, new threshold 15 (max threshold 15)
[236.449s][info ][gc,heap        ] GC(100) PSYoungGen: 2001120K(2035200K)->30096K(2033152K) Eden: 1971200K(1971200K)->0K(1971200K) From: 29920K(64000K)->30096K(61952K)
[236.449s][info ][gc,heap        ] GC(100) ParOldGen: 400309K(491520K)->400341K(491520K)
[236.449s][info ][gc,metaspace   ] GC(100) Metaspace: 79841K(80512K)->79841K(80512K) NonClass: 68958K(69312K)->68958K(69312K) Class: 10883K(11200K)->10883K(11200K)
[236.449s][info ][gc             ] GC(100) Pause Young (Allocation Failure) 2345M->420M(2465M) 10.996ms
[236.449s][info ][gc,cpu         ] GC(100) User=0.05s Sys=0.00s Real=0.01s
[236.449s][info ][safepoint      ] Safepoint "ParallelGCFailedAllocation", Time since last: 670256886 ns, Reaching safepoint: 49201 ns, At safepoint: 11087845 ns, Total: 11137046 ns
[237.449s][info ][safepoint      ] Safepoint "Cleanup", Time since last: 1000094563 ns, Reaching safepoint: 136603 ns, At safepoint: 9800 ns, Total: 146403 ns
[238.450s][info ][safepoint      ] Safepoint "Cleanup", Time since last: 1000108464 ns, Reaching safepoint: 141103 ns, At safepoint: 11201 ns, Total: 152304 ns
[239.450s][info ][safepoint      ] Safepoint "Cleanup", Time since last: 1000110364 ns, Reaching safepoint: 127303 ns, At safepoint: 9100 ns, Total: 136403 ns
[241.450s][info ][safepoint      ] Safepoint "Cleanup", Time since last: 2000138530 ns, Reaching safepoint: 120103 ns, At safepoint: 9200 ns, Total: 129303 ns
[243.450s][info ][safepoint      ] Safepoint "Cleanup", Time since last: 2000185034 ns, Reaching safepoint: 125203 ns, At safepoint: 12000 ns, Total: 137203 ns
[244.451s][info ][safepoint      ] Safepoint "Cleanup", Time since last: 1000110068 ns, Reaching safepoint: 122703 ns, At safepoint: 6500 ns, Total: 129203 ns
[245.451s][info ][safepoint      ] Safepoint "Cleanup", Time since last: 1000105069 ns, Reaching safepoint: 111402 ns, At safepoint: 13400 ns, Total: 124802 ns
[247.451s][info ][safepoint      ] Safepoint "Cleanup", Time since last: 2000193240 ns, Reaching safepoint: 131802 ns, At safepoint: 8601 ns, Total: 140403 ns
[251.452s][info ][safepoint      ] Safepoint "Cleanup", Time since last: 4000291983 ns, Reaching safepoint: 129503 ns, At safepoint: 10801 ns, Total: 140304 ns
[253.452s][info ][safepoint      ] Safepoint "Cleanup", Time since last: 2000176246 ns, Reaching safepoint: 114503 ns, At safepoint: 10600 ns, Total: 125103 ns
[254.452s][info ][safepoint      ] Safepoint "Cleanup", Time since last: 1000067374 ns, Reaching safepoint: 121202 ns, At safepoint: 7600 ns, Total: 128802 ns
[255.593s][info ][gc,start       ] GC(101) Pause Young (Allocation Failure)
[255.603s][debug][gc,phases      ] GC(101) Scavenge 10.105ms
[255.603s][debug][gc,ref         ] GC(101) Skipped phase 1 of Reference Processing: no references
[255.603s][debug][gc,ref         ] GC(101) Skipped phase 3 of Reference Processing: no references
[255.603s][debug][gc,phases      ] GC(101) Reference Processing 0.033ms
[255.604s][debug][gc,phases      ] GC(101) Weak Processing 0.574ms
[255.604s][debug][gc,age         ] GC(101) Desired survivor size 59244544 bytes, new threshold 15 (max threshold 15)
[255.604s][info ][gc,heap        ] GC(101) PSYoungGen: 2001296K(2033152K)->29425K(2039296K) Eden: 1971200K(1971200K)->0K(1979392K) From: 30096K(61952K)->29425K(59904K)
[255.604s][info ][gc,heap        ] GC(101) ParOldGen: 400341K(491520K)->401037K(491520K)
[255.604s][info ][gc,metaspace   ] GC(101) Metaspace: 79862K(80576K)->79862K(80576K) NonClass: 68978K(69376K)->68978K(69376K) Class: 10883K(11200K)->10883K(11200K)
[255.604s][info ][gc             ] GC(101) Pause Young (Allocation Failure) 2345M->420M(2471M) 10.878ms
[255.604s][info ][gc,cpu         ] GC(101) User=0.04s Sys=0.00s Real=0.01s
[255.604s][info ][safepoint      ] Safepoint "ParallelGCFailedAllocation", Time since last: 1140575876 ns, Reaching safepoint: 110303 ns, At safepoint: 10969242 ns, Total: 11079545 ns
[256.604s][info ][safepoint      ] Safepoint "Cleanup", Time since last: 1000091676 ns, Reaching safepoint: 54901 ns, At safepoint: 5800 ns, Total: 60701 ns
[258.604s][info ][safepoint      ] Safepoint "Cleanup", Time since last: 2000180953 ns, Reaching safepoint: 52901 ns, At safepoint: 4700 ns, Total: 57601 ns
[260.604s][info ][safepoint      ] Safepoint "Cleanup", Time since last: 2000183656 ns, Reaching safepoint: 52401 ns, At safepoint: 7001 ns, Total: 59402 ns
[261.605s][info ][safepoint      ] Safepoint "Cleanup", Time since last: 1000116979 ns, Reaching safepoint: 59601 ns, At safepoint: 6600 ns, Total: 66201 ns
[262.605s][info ][safepoint      ] Safepoint "Cleanup", Time since last: 1000106380 ns, Reaching safepoint: 120503 ns, At safepoint: 7400 ns, Total: 127903 ns
[263.605s][info ][safepoint      ] Safepoint "Cleanup", Time since last: 1000123881 ns, Reaching safepoint: 60701 ns, At safepoint: 11001 ns, Total: 71702 ns
[265.605s][info ][safepoint      ] Safepoint "Cleanup", Time since last: 2000168861 ns, Reaching safepoint: 136003 ns, At safepoint: 12201 ns, Total: 148204 ns
[266.606s][info ][safepoint      ] Safepoint "Cleanup", Time since last: 1000120482 ns, Reaching safepoint: 56502 ns, At safepoint: 6400 ns, Total: 62902 ns
[268.606s][info ][safepoint      ] Safepoint "Cleanup", Time since last: 2000193566 ns, Reaching safepoint: 66001 ns, At safepoint: 12401 ns, Total: 78402 ns
[271.606s][info ][safepoint      ] Safepoint "Cleanup", Time since last: 3000243553 ns, Reaching safepoint: 69901 ns, At safepoint: 9100 ns, Total: 79001 ns
[272.606s][info ][safepoint      ] Safepoint "Cleanup", Time since last: 1000123587 ns, Reaching safepoint: 53101 ns, At safepoint: 3800 ns, Total: 56901 ns
[274.607s][info ][safepoint      ] Safepoint "Cleanup", Time since last: 2000218674 ns, Reaching safepoint: 57302 ns, At safepoint: 6900 ns, Total: 64202 ns
[275.243s][info ][gc,start       ] GC(102) Pause Young (Allocation Failure)
[275.253s][debug][gc,phases      ] GC(102) Scavenge 9.888ms
[275.253s][debug][gc,ref         ] GC(102) Skipped phase 1 of Reference Processing: no references
[275.253s][debug][gc,ref         ] GC(102) Skipped phase 3 of Reference Processing: no references
[275.253s][debug][gc,phases      ] GC(102) Reference Processing 0.033ms
[275.254s][debug][gc,phases      ] GC(102) Weak Processing 0.621ms
[275.254s][debug][gc,age         ] GC(102) Desired survivor size 56623104 bytes, new threshold 15 (max threshold 15)
[275.254s][info ][gc,heap        ] GC(102) PSYoungGen: 2008817K(2039296K)->28801K(2037248K) Eden: 1979392K(1979392K)->0K(1979392K) From: 29425K(59904K)->28801K(57856K)
[275.254s][info ][gc,heap        ] GC(102) ParOldGen: 401037K(491520K)->401885K(491520K)
[275.254s][info ][gc,metaspace   ] GC(102) Metaspace: 79872K(80576K)->79872K(80576K) NonClass: 68989K(69376K)->68989K(69376K) Class: 10883K(11200K)->10883K(11200K)
[275.254s][info ][gc             ] GC(102) Pause Young (Allocation Failure) 2353M->420M(2469M) 10.715ms
[275.254s][info ][gc,cpu         ] GC(102) User=0.04s Sys=0.00s Real=0.01s
[275.254s][info ][safepoint      ] Safepoint "ParallelGCFailedAllocation", Time since last: 636082048 ns, Reaching safepoint: 181604 ns, At safepoint: 10805539 ns, Total: 10987143 ns
[276.254s][info ][safepoint      ] Safepoint "Cleanup", Time since last: 1000091088 ns, Reaching safepoint: 163503 ns, At safepoint: 9101 ns, Total: 172604 ns
[277.254s][info ][safepoint      ] Safepoint "Cleanup", Time since last: 1000111489 ns, Reaching safepoint: 138103 ns, At safepoint: 9400 ns, Total: 147503 ns
[278.254s][info ][safepoint      ] Safepoint "Cleanup", Time since last: 1000101289 ns, Reaching safepoint: 109303 ns, At safepoint: 10200 ns, Total: 119503 ns
[279.255s][info ][safepoint      ] Safepoint "Cleanup", Time since last: 1000118391 ns, Reaching safepoint: 76501 ns, At safepoint: 11300 ns, Total: 87801 ns
[280.255s][info ][safepoint      ] Safepoint "Cleanup", Time since last: 1000125192 ns, Reaching safepoint: 81602 ns, At safepoint: 9100 ns, Total: 90702 ns
[281.255s][info ][safepoint      ] Safepoint "Cleanup", Time since last: 1000127692 ns, Reaching safepoint: 130203 ns, At safepoint: 10600 ns, Total: 140803 ns
[284.255s][info ][safepoint      ] Safepoint "Cleanup", Time since last: 3000253976 ns, Reaching safepoint: 51402 ns, At safepoint: 3600 ns, Total: 55002 ns
[287.256s][info ][safepoint      ] Safepoint "Cleanup", Time since last: 3000219881 ns, Reaching safepoint: 43001 ns, At safepoint: 6100 ns, Total: 49101 ns
[288.256s][info ][safepoint      ] Safepoint "Cleanup", Time since last: 1000116196 ns, Reaching safepoint: 137103 ns, At safepoint: 7100 ns, Total: 144203 ns
[291.256s][info ][safepoint      ] Safepoint "Cleanup", Time since last: 3000211088 ns, Reaching safepoint: 49802 ns, At safepoint: 5000 ns, Total: 54802 ns
[292.256s][info ][safepoint      ] Safepoint "Cleanup", Time since last: 1000104298 ns, Reaching safepoint: 60501 ns, At safepoint: 9500 ns, Total: 70001 ns
[293.402s][info ][safepoint      ] Safepoint "Cleanup", Time since last: 1145365009 ns, Reaching safepoint: 150203 ns, At safepoint: 9700 ns, Total: 159903 ns
[294.402s][info ][safepoint      ] Safepoint "Cleanup", Time since last: 1000076099 ns, Reaching safepoint: 125803 ns, At safepoint: 10500 ns, Total: 136303 ns
[294.518s][info ][gc,start       ] GC(103) Pause Young (Allocation Failure)
[294.528s][debug][gc,phases      ] GC(103) Scavenge 9.499ms
[294.528s][debug][gc,ref         ] GC(103) Skipped phase 1 of Reference Processing: no references
[294.528s][debug][gc,ref         ] GC(103) Skipped phase 3 of Reference Processing: no references
[294.528s][debug][gc,phases      ] GC(103) Reference Processing 0.044ms
[294.529s][debug][gc,phases      ] GC(103) Weak Processing 0.562ms
[294.529s][debug][gc,age         ] GC(103) Desired survivor size 54001664 bytes, new threshold 15 (max threshold 15)
[294.529s][info ][gc,heap        ] GC(103) PSYoungGen: 2008193K(2037248K)->27537K(2044416K) Eden: 1979392K(1979392K)->0K(1989120K) From: 28801K(57856K)->27537K(55296K)
[294.529s][info ][gc,heap        ] GC(103) ParOldGen: 401885K(491520K)->403461K(491520K)
[294.529s][info ][gc,metaspace   ] GC(103) Metaspace: 79881K(80576K)->79881K(80576K) NonClass: 68998K(69376K)->68998K(69376K) Class: 10883K(11200K)->10883K(11200K)
[294.529s][info ][gc             ] GC(103) Pause Young (Allocation Failure) 2353M->420M(2476M) 10.240ms
[294.529s][info ][gc,cpu         ] GC(103) User=0.04s Sys=0.00s Real=0.01s
[294.529s][info ][safepoint      ] Safepoint "ParallelGCFailedAllocation", Time since last: 116118966 ns, Reaching safepoint: 84602 ns, At safepoint: 10327128 ns, Total: 10411730 ns
[295.529s][info ][safepoint      ] Safepoint "Cleanup", Time since last: 1000091700 ns, Reaching safepoint: 46601 ns, At safepoint: 4300 ns, Total: 50901 ns
[296.529s][info ][safepoint      ] Safepoint "Cleanup", Time since last: 1000118301 ns, Reaching safepoint: 49501 ns, At safepoint: 8600 ns, Total: 58101 ns
[297.707s][info ][safepoint      ] Safepoint "Cleanup", Time since last: 1177531822 ns, Reaching safepoint: 118303 ns, At safepoint: 11000 ns, Total: 129303 ns
[298.707s][info ][safepoint      ] Safepoint "Cleanup", Time since last: 1000068301 ns, Reaching safepoint: 125703 ns, At safepoint: 8600 ns, Total: 134303 ns
[299.707s][info ][safepoint      ] Safepoint "Cleanup", Time since last: 1000111103 ns, Reaching safepoint: 56901 ns, At safepoint: 7500 ns, Total: 64401 ns
[300.707s][info ][safepoint      ] Safepoint "Cleanup", Time since last: 1000107904 ns, Reaching safepoint: 122702 ns, At safepoint: 16601 ns, Total: 139303 ns
[301.707s][info ][safepoint      ] Safepoint "Cleanup", Time since last: 1000111403 ns, Reaching safepoint: 57902 ns, At safepoint: 6600 ns, Total: 64502 ns
[302.708s][info ][safepoint      ] Safepoint "Cleanup", Time since last: 1000116104 ns, Reaching safepoint: 56802 ns, At safepoint: 6400 ns, Total: 63202 ns
[303.708s][info ][safepoint      ] Safepoint "Cleanup", Time since last: 1000066404 ns, Reaching safepoint: 52401 ns, At safepoint: 5500 ns, Total: 57901 ns
[305.708s][info ][safepoint      ] Safepoint "Cleanup", Time since last: 2000189911 ns, Reaching safepoint: 56101 ns, At safepoint: 4601 ns, Total: 60702 ns
[306.708s][info ][safepoint      ] Safepoint "Cleanup", Time since last: 1000112906 ns, Reaching safepoint: 48801 ns, At safepoint: 3401 ns, Total: 52202 ns
[309.709s][info ][safepoint      ] Safepoint "Cleanup", Time since last: 3000245121 ns, Reaching safepoint: 66802 ns, At safepoint: 7200 ns, Total: 74002 ns
[310.709s][info ][safepoint      ] Safepoint "Cleanup", Time since last: 1000092409 ns, Reaching safepoint: 48901 ns, At safepoint: 3300 ns, Total: 52201 ns
[311.709s][info ][safepoint      ] Safepoint "Cleanup", Time since last: 1000081009 ns, Reaching safepoint: 44101 ns, At safepoint: 5500 ns, Total: 49601 ns
[312.551s][info ][gc,start       ] GC(104) Pause Young (Allocation Failure)
[312.560s][debug][gc,phases      ] GC(104) Scavenge 9.250ms
[312.560s][debug][gc,ref         ] GC(104) Skipped phase 1 of Reference Processing: no references
[312.560s][debug][gc,ref         ] GC(104) Skipped phase 3 of Reference Processing: no references
[312.560s][debug][gc,phases      ] GC(104) Reference Processing 0.035ms
[312.561s][debug][gc,phases      ] GC(104) Weak Processing 0.550ms
[312.561s][debug][gc,age         ] GC(104) Desired survivor size 51904512 bytes, new threshold 15 (max threshold 15)
[312.561s][info ][gc,heap        ] GC(104) PSYoungGen: 2016657K(2044416K)->26432K(2041856K) Eden: 1989120K(1989120K)->0K(1989120K) From: 27537K(55296K)->26432K(52736K)
[312.561s][info ][gc,heap        ] GC(104) ParOldGen: 403461K(491520K)->404177K(491520K)
[312.561s][info ][gc,metaspace   ] GC(104) Metaspace: 79908K(80576K)->79908K(80576K) NonClass: 69022K(69376K)->69022K(69376K) Class: 10885K(11200K)->10885K(11200K)
[312.561s][info ][gc             ] GC(104) Pause Young (Allocation Failure) 2363M->420M(2474M) 9.999ms
[312.561s][info ][gc,cpu         ] GC(104) User=0.03s Sys=0.00s Real=0.00s
[312.561s][info ][safepoint      ] Safepoint "ParallelGCFailedAllocation", Time since last: 841695608 ns, Reaching safepoint: 138403 ns, At safepoint: 10091523 ns, Total: 10229926 ns
[313.561s][info ][safepoint      ] Safepoint "Cleanup", Time since last: 1000087210 ns, Reaching safepoint: 55501 ns, At safepoint: 13101 ns, Total: 68602 ns
[314.561s][info ][safepoint      ] Safepoint "Cleanup", Time since last: 1000109111 ns, Reaching safepoint: 50401 ns, At safepoint: 6500 ns, Total: 56901 ns
[315.561s][info ][safepoint      ] Safepoint "Cleanup", Time since last: 1000110112 ns, Reaching safepoint: 54101 ns, At safepoint: 3800 ns, Total: 57901 ns
[316.561s][info ][safepoint      ] Safepoint "Cleanup", Time since last: 1000104213 ns, Reaching safepoint: 54701 ns, At safepoint: 7800 ns, Total: 62501 ns
[317.562s][info ][safepoint      ] Safepoint "Cleanup", Time since last: 1000090413 ns, Reaching safepoint: 75301 ns, At safepoint: 13901 ns, Total: 89202 ns
[318.562s][info ][safepoint      ] Safepoint "Cleanup", Time since last: 1000132814 ns, Reaching safepoint: 80901 ns, At safepoint: 6201 ns, Total: 87102 ns
[323.562s][info ][safepoint      ] Safepoint "Cleanup", Time since last: 5000365172 ns, Reaching safepoint: 58901 ns, At safepoint: 6100 ns, Total: 65001 ns
[324.562s][info ][safepoint      ] Safepoint "Cleanup", Time since last: 1000110017 ns, Reaching safepoint: 132203 ns, At safepoint: 12900 ns, Total: 145103 ns
[325.563s][info ][safepoint      ] Safepoint "Cleanup", Time since last: 1000087617 ns, Reaching safepoint: 52902 ns, At safepoint: 5900 ns, Total: 58802 ns
[326.563s][info ][safepoint      ] Safepoint "Cleanup", Time since last: 1000084217 ns, Reaching safepoint: 58301 ns, At safepoint: 3801 ns, Total: 62102 ns
[330.563s][info ][safepoint      ] Safepoint "Cleanup", Time since last: 4000251873 ns, Reaching safepoint: 52201 ns, At safepoint: 8101 ns, Total: 60302 ns
[331.293s][info ][gc,start       ] GC(105) Pause Young (Allocation Failure)
[331.303s][debug][gc,phases      ] GC(105) Scavenge 9.639ms
[331.303s][debug][gc,ref         ] GC(105) Skipped phase 1 of Reference Processing: no references
[331.303s][debug][gc,ref         ] GC(105) Skipped phase 3 of Reference Processing: no references
[331.303s][debug][gc,phases      ] GC(105) Reference Processing 0.034ms
[331.303s][debug][gc,phases      ] GC(105) Weak Processing 0.545ms
[331.303s][debug][gc,age         ] GC(105) Desired survivor size 49283072 bytes, new threshold 15 (max threshold 15)
[331.303s][info ][gc,heap        ] GC(105) PSYoungGen: 2015552K(2041856K)->25392K(2049024K) Eden: 1989120K(1989120K)->0K(1998336K) From: 26432K(52736K)->25392K(50688K)
[331.303s][info ][gc,heap        ] GC(105) ParOldGen: 404177K(491520K)->405774K(491520K)
[331.303s][info ][gc,metaspace   ] GC(105) Metaspace: 79956K(80704K)->79956K(80704K) NonClass: 69063K(69440K)->69063K(69440K) Class: 10892K(11264K)->10892K(11264K)
[331.303s][info ][gc             ] GC(105) Pause Young (Allocation Failure) 2363M->421M(2481M) 10.354ms
[331.303s][info ][gc,cpu         ] GC(105) User=0.04s Sys=0.00s Real=0.01s
[331.303s][info ][safepoint      ] Safepoint "ParallelGCFailedAllocation", Time since last: 729711340 ns, Reaching safepoint: 136503 ns, At safepoint: 10448531 ns, Total: 10585034 ns
[332.304s][info ][safepoint      ] Safepoint "Cleanup", Time since last: 1000088921 ns, Reaching safepoint: 58101 ns, At safepoint: 10000 ns, Total: 68101 ns
[334.304s][info ][safepoint      ] Safepoint "Cleanup", Time since last: 2000190144 ns, Reaching safepoint: 55001 ns, At safepoint: 11500 ns, Total: 66501 ns
[340.304s][info ][safepoint      ] Safepoint "Cleanup", Time since last: 6000466642 ns, Reaching safepoint: 116702 ns, At safepoint: 7500 ns, Total: 124202 ns
[341.305s][info ][safepoint      ] Safepoint "Cleanup", Time since last: 1000117027 ns, Reaching safepoint: 129403 ns, At safepoint: 11400 ns, Total: 140803 ns
[342.305s][info ][safepoint      ] Safepoint "Cleanup", Time since last: 1000109727 ns, Reaching safepoint: 57801 ns, At safepoint: 3800 ns, Total: 61601 ns
[343.305s][info ][safepoint      ] Safepoint "Cleanup", Time since last: 1000113027 ns, Reaching safepoint: 56802 ns, At safepoint: 8600 ns, Total: 65402 ns
[344.305s][info ][safepoint      ] Safepoint "Cleanup", Time since last: 1000113828 ns, Reaching safepoint: 70401 ns, At safepoint: 9300 ns, Total: 79701 ns
[345.305s][info ][safepoint      ] Safepoint "Cleanup", Time since last: 1000114029 ns, Reaching safepoint: 51001 ns, At safepoint: 13000 ns, Total: 64001 ns
[346.306s][info ][safepoint      ] Safepoint "Cleanup", Time since last: 1000113629 ns, Reaching safepoint: 141404 ns, At safepoint: 11500 ns, Total: 152904 ns
[347.306s][info ][safepoint      ] Safepoint "Cleanup", Time since last: 1000118229 ns, Reaching safepoint: 52202 ns, At safepoint: 6200 ns, Total: 58402 ns
[348.306s][info ][safepoint      ] Safepoint "Cleanup", Time since last: 1000123330 ns, Reaching safepoint: 47601 ns, At safepoint: 4400 ns, Total: 52001 ns
[349.306s][info ][safepoint      ] Safepoint "Cleanup", Time since last: 1000133431 ns, Reaching safepoint: 55901 ns, At safepoint: 11801 ns, Total: 67702 ns
[351.598s][info ][gc,start       ] GC(106) Pause Young (Allocation Failure)
[351.607s][debug][gc,phases      ] GC(106) Scavenge 8.528ms
[351.607s][debug][gc,ref         ] GC(106) Skipped phase 1 of Reference Processing: no references
[351.607s][debug][gc,ref         ] GC(106) Skipped phase 3 of Reference Processing: no references
[351.607s][debug][gc,phases      ] GC(106) Reference Processing 0.031ms
[351.608s][debug][gc,phases      ] GC(106) Weak Processing 0.568ms
[351.608s][debug][gc,age         ] GC(106) Desired survivor size 47710208 bytes, new threshold 15 (max threshold 15)
[351.608s][info ][gc,heap        ] GC(106) PSYoungGen: 2023728K(2049024K)->24432K(2046464K) Eden: 1998336K(1998336K)->0K(1998336K) From: 25392K(50688K)->24432K(48128K)
[351.608s][info ][gc,heap        ] GC(106) ParOldGen: 405774K(491520K)->406882K(491520K)
[351.608s][info ][gc,metaspace   ] GC(106) Metaspace: 79960K(80704K)->79960K(80704K) NonClass: 69067K(69440K)->69067K(69440K) Class: 10892K(11264K)->10892K(11264K)
[351.608s][info ][gc             ] GC(106) Pause Young (Allocation Failure) 2372M->421M(2478M) 9.279ms
[351.608s][info ][gc,cpu         ] GC(106) User=0.04s Sys=0.00s Real=0.01s
[351.608s][info ][safepoint      ] Safepoint "ParallelGCFailedAllocation", Time since last: 2292028120 ns, Reaching safepoint: 48201 ns, At safepoint: 9370107 ns, Total: 9418308 ns
[352.608s][info ][safepoint      ] Safepoint "Cleanup", Time since last: 1000089432 ns, Reaching safepoint: 57602 ns, At safepoint: 4900 ns, Total: 62502 ns
[353.608s][info ][safepoint      ] Safepoint "Cleanup", Time since last: 1000108632 ns, Reaching safepoint: 60002 ns, At safepoint: 7300 ns, Total: 67302 ns
[354.608s][info ][safepoint      ] Safepoint "Cleanup", Time since last: 1000110633 ns, Reaching safepoint: 63702 ns, At safepoint: 9500 ns, Total: 73202 ns
[355.608s][info ][safepoint      ] Safepoint "Cleanup", Time since last: 1000112034 ns, Reaching safepoint: 51001 ns, At safepoint: 4200 ns, Total: 55201 ns
[356.608s][info ][safepoint      ] Safepoint "Cleanup", Time since last: 1000092434 ns, Reaching safepoint: 49301 ns, At safepoint: 3900 ns, Total: 53201 ns
[357.609s][info ][safepoint      ] Safepoint "Cleanup", Time since last: 1000104135 ns, Reaching safepoint: 57201 ns, At safepoint: 8201 ns, Total: 65402 ns
[360.609s][info ][safepoint      ] Safepoint "Cleanup", Time since last: 3000401409 ns, Reaching safepoint: 55801 ns, At safepoint: 8001 ns, Total: 63802 ns
[361.609s][info ][safepoint      ] Safepoint "Cleanup", Time since last: 1000080836 ns, Reaching safepoint: 52201 ns, At safepoint: 3700 ns, Total: 55901 ns
[362.609s][info ][safepoint      ] Safepoint "Cleanup", Time since last: 1000108838 ns, Reaching safepoint: 62101 ns, At safepoint: 10700 ns, Total: 72801 ns
[363.610s][info ][safepoint      ] Safepoint "Cleanup", Time since last: 1000113839 ns, Reaching safepoint: 54501 ns, At safepoint: 8200 ns, Total: 62701 ns
[365.610s][info ][safepoint      ] Safepoint "Cleanup", Time since last: 2000180477 ns, Reaching safepoint: 51101 ns, At safepoint: 7600 ns, Total: 58701 ns
[367.610s][info ][safepoint      ] Safepoint "Cleanup", Time since last: 2000179979 ns, Reaching safepoint: 62301 ns, At safepoint: 11401 ns, Total: 73702 ns
[368.610s][info ][safepoint      ] Safepoint "Cleanup", Time since last: 1000121641 ns, Reaching safepoint: 82201 ns, At safepoint: 4301 ns, Total: 86502 ns
[369.611s][info ][safepoint      ] Safepoint "Cleanup", Time since last: 1000105741 ns, Reaching safepoint: 146403 ns, At safepoint: 16200 ns, Total: 162603 ns
[371.611s][info ][safepoint      ] Safepoint "Cleanup", Time since last: 2000170883 ns, Reaching safepoint: 66702 ns, At safepoint: 9900 ns, Total: 76602 ns
[372.443s][info ][gc,start       ] GC(107) Pause Young (Allocation Failure)
[372.451s][debug][gc,phases      ] GC(107) Scavenge 8.136ms
[372.451s][debug][gc,ref         ] GC(107) Skipped phase 1 of Reference Processing: no references
[372.451s][debug][gc,ref         ] GC(107) Skipped phase 3 of Reference Processing: no references
[372.452s][debug][gc,phases      ] GC(107) Reference Processing 0.058ms
[372.452s][debug][gc,phases      ] GC(107) Weak Processing 0.546ms
[372.452s][debug][gc,age         ] GC(107) Desired survivor size 46137344 bytes, new threshold 15 (max threshold 15)
[372.452s][info ][gc,heap        ] GC(107) PSYoungGen: 2022768K(2046464K)->22576K(2052096K) Eden: 1998336K(1998336K)->0K(2005504K) From: 24432K(48128K)->22576K(46592K)
[372.452s][info ][gc,heap        ] GC(107) ParOldGen: 406882K(491520K)->408915K(491520K)
[372.452s][info ][gc,metaspace   ] GC(107) Metaspace: 80077K(80768K)->80077K(80768K) NonClass: 69165K(69504K)->69165K(69504K) Class: 10912K(11264K)->10912K(11264K)
[372.452s][info ][gc             ] GC(107) Pause Young (Allocation Failure) 2372M->421M(2484M) 8.879ms
[372.452s][info ][gc,cpu         ] GC(107) User=0.03s Sys=0.00s Real=0.01s
[372.452s][info ][safepoint      ] Safepoint "ParallelGCFailedAllocation", Time since last: 832271326 ns, Reaching safepoint: 124003 ns, At safepoint: 8964899 ns, Total: 9088902 ns
[374.452s][info ][safepoint      ] Safepoint "Cleanup", Time since last: 2000153485 ns, Reaching safepoint: 124603 ns, At safepoint: 6600 ns, Total: 131203 ns
[375.453s][info ][safepoint      ] Safepoint "Cleanup", Time since last: 1000106544 ns, Reaching safepoint: 61101 ns, At safepoint: 11201 ns, Total: 72302 ns
[378.453s][info ][safepoint      ] Safepoint "Cleanup", Time since last: 3000205633 ns, Reaching safepoint: 53001 ns, At safepoint: 4500 ns, Total: 57501 ns
[379.453s][info ][safepoint      ] Safepoint "Cleanup", Time since last: 1000105546 ns, Reaching safepoint: 51301 ns, At safepoint: 3700 ns, Total: 55001 ns
[380.453s][info ][safepoint      ] Safepoint "Cleanup", Time since last: 1000113547 ns, Reaching safepoint: 57301 ns, At safepoint: 3600 ns, Total: 60901 ns
[384.454s][info ][safepoint      ] Safepoint "Cleanup", Time since last: 4000320690 ns, Reaching safepoint: 122402 ns, At safepoint: 12901 ns, Total: 135303 ns
[385.454s][info ][safepoint      ] Safepoint "Cleanup", Time since last: 1000114149 ns, Reaching safepoint: 131403 ns, At safepoint: 10700 ns, Total: 142103 ns
[386.454s][info ][safepoint      ] Safepoint "Cleanup", Time since last: 1000123350 ns, Reaching safepoint: 124303 ns, At safepoint: 12000 ns, Total: 136303 ns
[389.454s][info ][safepoint      ] Safepoint "Cleanup", Time since last: 3000195649 ns, Reaching safepoint: 68102 ns, At safepoint: 6200 ns, Total: 74302 ns
[390.455s][info ][safepoint      ] Safepoint "Cleanup", Time since last: 1000117352 ns, Reaching safepoint: 120703 ns, At safepoint: 10200 ns, Total: 130903 ns
[392.655s][info ][gc,start       ] GC(108) Pause Young (Allocation Failure)
[392.663s][debug][gc,phases      ] GC(108) Scavenge 7.919ms
[392.663s][debug][gc,ref         ] GC(108) Skipped phase 1 of Reference Processing: no references
[392.663s][debug][gc,ref         ] GC(108) Skipped phase 3 of Reference Processing: no references
[392.663s][debug][gc,phases      ] GC(108) Reference Processing 0.042ms
[392.664s][debug][gc,phases      ] GC(108) Weak Processing 0.584ms
[392.664s][debug][gc,age         ] GC(108) Desired survivor size 45613056 bytes, new threshold 15 (max threshold 15)
[392.664s][info ][gc,heap        ] GC(108) PSYoungGen: 2028080K(2052096K)->20400K(2050560K) Eden: 2005504K(2005504K)->0K(2005504K) From: 22576K(46592K)->20400K(45056K)
[392.664s][info ][gc,heap        ] GC(108) ParOldGen: 408915K(491520K)->411604K(491520K)
[392.664s][info ][gc,metaspace   ] GC(108) Metaspace: 80103K(80832K)->80103K(80832K) NonClass: 69190K(69568K)->69190K(69568K) Class: 10912K(11264K)->10912K(11264K)
[392.664s][info ][gc             ] GC(108) Pause Young (Allocation Failure) 2379M->421M(2482M) 8.687ms
[392.664s][info ][gc,cpu         ] GC(108) User=0.04s Sys=0.00s Real=0.01s
[392.664s][info ][safepoint      ] Safepoint "ParallelGCFailedAllocation", Time since last: 2200536142 ns, Reaching safepoint: 42901 ns, At safepoint: 8768594 ns, Total: 8811495 ns
[393.664s][info ][safepoint      ] Safepoint "Cleanup", Time since last: 1000115253 ns, Reaching safepoint: 44701 ns, At safepoint: 3601 ns, Total: 48302 ns
[394.664s][info ][safepoint      ] Safepoint "Cleanup", Time since last: 1000109253 ns, Reaching safepoint: 47101 ns, At safepoint: 7200 ns, Total: 54301 ns
[396.665s][info ][safepoint      ] Safepoint "Cleanup", Time since last: 2000122107 ns, Reaching safepoint: 56602 ns, At safepoint: 8000 ns, Total: 64602 ns
[397.665s][info ][safepoint      ] Safepoint "Cleanup", Time since last: 1000114755 ns, Reaching safepoint: 47601 ns, At safepoint: 8900 ns, Total: 56501 ns
[405.665s][info ][safepoint      ] Safepoint "Cleanup", Time since last: 8000588053 ns, Reaching safepoint: 46202 ns, At safepoint: 5400 ns, Total: 51602 ns
[406.666s][info ][safepoint      ] Safepoint "Cleanup", Time since last: 1000109259 ns, Reaching safepoint: 53601 ns, At safepoint: 5801 ns, Total: 59402 ns
[409.666s][info ][safepoint      ] Safepoint "Cleanup", Time since last: 3000236979 ns, Reaching safepoint: 49101 ns, At safepoint: 3200 ns, Total: 52301 ns
[412.686s][info ][gc,start       ] GC(109) Pause Young (Allocation Failure)
[412.694s][debug][gc,phases      ] GC(109) Scavenge 7.482ms
[412.694s][debug][gc,ref         ] GC(109) Skipped phase 1 of Reference Processing: no references
[412.694s][debug][gc,ref         ] GC(109) Skipped phase 3 of Reference Processing: no references
[412.694s][debug][gc,phases      ] GC(109) Reference Processing 0.046ms
[412.694s][debug][gc,phases      ] GC(109) Weak Processing 0.745ms
[412.694s][debug][gc,age         ] GC(109) Desired survivor size 44564480 bytes, new threshold 15 (max threshold 15)
[412.694s][info ][gc,heap        ] GC(109) PSYoungGen: 2025904K(2050560K)->20096K(2053632K) Eden: 2005504K(2005504K)->0K(2009088K) From: 20400K(45056K)->20096K(44544K)
[412.694s][info ][gc,heap        ] GC(109) ParOldGen: 411604K(491520K)->411864K(491520K)
[412.694s][info ][gc,metaspace   ] GC(109) Metaspace: 80128K(80832K)->80128K(80832K) NonClass: 69215K(69568K)->69215K(69568K) Class: 10912K(11264K)->10912K(11264K)
[412.694s][info ][gc             ] GC(109) Pause Young (Allocation Failure) 2380M->421M(2485M) 8.430ms
[412.694s][info ][gc,cpu         ] GC(109) User=0.03s Sys=0.00s Real=0.01s
[412.695s][info ][safepoint      ] Safepoint "ParallelGCFailedAllocation", Time since last: 3020111325 ns, Reaching safepoint: 51101 ns, At safepoint: 8523989 ns, Total: 8575090 ns
[415.695s][info ][safepoint      ] Safepoint "Cleanup", Time since last: 3000229288 ns, Reaching safepoint: 114402 ns, At safepoint: 11601 ns, Total: 126003 ns
[416.695s][info ][safepoint      ] Safepoint "Cleanup", Time since last: 1000115364 ns, Reaching safepoint: 128603 ns, At safepoint: 6400 ns, Total: 135003 ns
[418.695s][info ][safepoint      ] Safepoint "Cleanup", Time since last: 2000191029 ns, Reaching safepoint: 119703 ns, At safepoint: 5700 ns, Total: 125403 ns
[419.696s][info ][safepoint      ] Safepoint "Cleanup", Time since last: 1000100366 ns, Reaching safepoint: 134703 ns, At safepoint: 13800 ns, Total: 148503 ns
[421.696s][info ][safepoint      ] Safepoint "Cleanup", Time since last: 2000185732 ns, Reaching safepoint: 124303 ns, At safepoint: 10100 ns, Total: 134403 ns
[422.696s][info ][safepoint      ] Safepoint "Cleanup", Time since last: 1000111067 ns, Reaching safepoint: 118803 ns, At safepoint: 8500 ns, Total: 127303 ns
[423.696s][info ][safepoint      ] Safepoint "Cleanup", Time since last: 1000107668 ns, Reaching safepoint: 128603 ns, At safepoint: 8700 ns, Total: 137303 ns
[424.697s][info ][safepoint      ] Safepoint "Cleanup", Time since last: 1000074467 ns, Reaching safepoint: 120203 ns, At safepoint: 5700 ns, Total: 125903 ns
[425.697s][info ][safepoint      ] Safepoint "Cleanup", Time since last: 1000109369 ns, Reaching safepoint: 130102 ns, At safepoint: 10301 ns, Total: 140403 ns
[429.697s][info ][safepoint      ] Safepoint "Cleanup", Time since last: 4000349776 ns, Reaching safepoint: 126303 ns, At safepoint: 13401 ns, Total: 139704 ns
[430.818s][info ][safepoint      ] Safepoint "Cleanup", Time since last: 1120347636 ns, Reaching safepoint: 60401 ns, At safepoint: 3400 ns, Total: 63801 ns
[431.818s][info ][safepoint      ] Safepoint "Cleanup", Time since last: 1000112672 ns, Reaching safepoint: 46801 ns, At safepoint: 2900 ns, Total: 49701 ns
[433.550s][info ][gc,start       ] GC(110) Pause Young (Allocation Failure)
[433.557s][debug][gc,phases      ] GC(110) Scavenge 7.168ms
[433.557s][debug][gc,ref         ] GC(110) Skipped phase 1 of Reference Processing: no references
[433.557s][debug][gc,ref         ] GC(110) Skipped phase 3 of Reference Processing: no references
[433.557s][debug][gc,phases      ] GC(110) Reference Processing 0.027ms
[433.558s][debug][gc,phases      ] GC(110) Weak Processing 0.554ms
[433.558s][debug][gc,age         ] GC(110) Desired survivor size 43515904 bytes, new threshold 15 (max threshold 15)
[433.558s][info ][gc,heap        ] GC(110) PSYoungGen: 2029184K(2053632K)->19792K(2052608K) Eden: 2009088K(2009088K)->0K(2009088K) From: 20096K(44544K)->19792K(43520K)
[433.558s][info ][gc,heap        ] GC(110) ParOldGen: 411864K(491520K)->412420K(491520K)
[433.558s][info ][gc,metaspace   ] GC(110) Metaspace: 80171K(80896K)->80171K(80896K) NonClass: 69256K(69632K)->69256K(69632K) Class: 10914K(11264K)->10914K(11264K)
[433.558s][info ][gc             ] GC(110) Pause Young (Allocation Failure) 2383M->422M(2484M) 7.891ms
[433.558s][info ][gc,cpu         ] GC(110) User=0.03s Sys=0.00s Real=0.01s
[433.558s][info ][safepoint      ] Safepoint "ParallelGCFailedAllocation", Time since last: 1732091800 ns, Reaching safepoint: 35400 ns, At safepoint: 7972277 ns, Total: 8007677 ns
[435.558s][info ][safepoint      ] Safepoint "Cleanup", Time since last: 2000152444 ns, Reaching safepoint: 116603 ns, At safepoint: 15100 ns, Total: 131703 ns
[436.559s][info ][safepoint      ] Safepoint "Cleanup", Time since last: 1000123274 ns, Reaching safepoint: 42101 ns, At safepoint: 8100 ns, Total: 50201 ns
[437.559s][info ][safepoint      ] Safepoint "Cleanup", Time since last: 1000112774 ns, Reaching safepoint: 49401 ns, At safepoint: 7500 ns, Total: 56901 ns
[438.559s][info ][safepoint      ] Safepoint "Cleanup", Time since last: 1000110475 ns, Reaching safepoint: 50301 ns, At safepoint: 5000 ns, Total: 55301 ns
[441.559s][info ][safepoint      ] Safepoint "Cleanup", Time since last: 3000253524 ns, Reaching safepoint: 51501 ns, At safepoint: 7501 ns, Total: 59002 ns
[443.559s][info ][safepoint      ] Safepoint "Cleanup", Time since last: 2000170251 ns, Reaching safepoint: 52802 ns, At safepoint: 7500 ns, Total: 60302 ns
[449.560s][info ][safepoint      ] Safepoint "Cleanup", Time since last: 6000439464 ns, Reaching safepoint: 53501 ns, At safepoint: 4600 ns, Total: 58101 ns
[451.560s][info ][safepoint      ] Safepoint "Cleanup", Time since last: 2000109258 ns, Reaching safepoint: 51001 ns, At safepoint: 9000 ns, Total: 60001 ns
[454.551s][info ][gc,start       ] GC(111) Pause Young (Allocation Failure)
[454.560s][debug][gc,phases      ] GC(111) Scavenge 8.815ms
[454.560s][debug][gc,ref         ] GC(111) Skipped phase 1 of Reference Processing: no references
[454.560s][debug][gc,ref         ] GC(111) Skipped phase 3 of Reference Processing: no references
[454.560s][debug][gc,ref         ] GC(111) Skipped phase 4 of Reference Processing: no references
[454.560s][debug][gc,phases      ] GC(111) Reference Processing 0.052ms
[454.561s][debug][gc,phases      ] GC(111) Weak Processing 0.540ms
[454.561s][debug][gc,age         ] GC(111) Desired survivor size 44564480 bytes, new threshold 15 (max threshold 15)
[454.561s][info ][gc,heap        ] GC(111) PSYoungGen: 2028880K(2052608K)->6768K(2052608K) Eden: 2009088K(2009088K)->0K(2010112K) From: 19792K(43520K)->6768K(42496K)
[454.561s][info ][gc,heap        ] GC(111) ParOldGen: 412420K(491520K)->426363K(491520K)
[454.561s][info ][gc,metaspace   ] GC(111) Metaspace: 80176K(80896K)->80176K(80896K) NonClass: 69262K(69632K)->69262K(69632K) Class: 10914K(11264K)->10914K(11264K)
[454.561s][info ][gc             ] GC(111) Pause Young (Allocation Failure) 2384M->422M(2484M) 9.555ms
[454.561s][info ][gc,cpu         ] GC(111) User=0.04s Sys=0.00s Real=0.00s
[454.561s][info ][safepoint      ] Safepoint "ParallelGCFailedAllocation", Time since last: 2990949535 ns, Reaching safepoint: 45001 ns, At safepoint: 9653815 ns, Total: 9698816 ns
[455.561s][info ][safepoint      ] Safepoint "Cleanup", Time since last: 1000081581 ns, Reaching safepoint: 53901 ns, At safepoint: 15200 ns, Total: 69101 ns
[463.562s][info ][safepoint      ] Safepoint "Cleanup", Time since last: 8000569465 ns, Reaching safepoint: 60901 ns, At safepoint: 8600 ns, Total: 69501 ns
[464.562s][info ][safepoint      ] Safepoint "Cleanup", Time since last: 1000125186 ns, Reaching safepoint: 54802 ns, At safepoint: 6300 ns, Total: 61102 ns
[465.562s][info ][safepoint      ] Safepoint "Cleanup", Time since last: 1000107386 ns, Reaching safepoint: 40101 ns, At safepoint: 3900 ns, Total: 44001 ns
[467.562s][info ][safepoint      ] Safepoint "Cleanup", Time since last: 2000174473 ns, Reaching safepoint: 65601 ns, At safepoint: 6700 ns, Total: 72301 ns
[473.563s][info ][safepoint      ] Safepoint "Cleanup", Time since last: 6000372225 ns, Reaching safepoint: 49501 ns, At safepoint: 7401 ns, Total: 56902 ns
[475.757s][info ][gc,start       ] GC(112) Pause Young (Allocation Failure)
[475.763s][debug][gc,phases      ] GC(112) Scavenge 5.015ms
[475.763s][debug][gc,ref         ] GC(112) Skipped phase 1 of Reference Processing: no references
[475.763s][debug][gc,ref         ] GC(112) Skipped phase 3 of Reference Processing: no references
[475.763s][debug][gc,ref         ] GC(112) Skipped phase 4 of Reference Processing: no references
[475.763s][debug][gc,phases      ] GC(112) Reference Processing 0.025ms
[475.763s][debug][gc,phases      ] GC(112) Weak Processing 0.527ms
[475.763s][debug][gc,age         ] GC(112) Desired survivor size 45613056 bytes, new threshold 15 (max threshold 15)
[475.763s][info ][gc,heap        ] GC(112) PSYoungGen: 2016880K(2052608K)->6176K(2016768K) Eden: 2010112K(2010112K)->0K(2010112K) From: 6768K(42496K)->6176K(6656K)
[475.763s][info ][gc,heap        ] GC(112) ParOldGen: 426363K(491520K)->426860K(491520K)
[475.763s][info ][gc,metaspace   ] GC(112) Metaspace: 80185K(80896K)->80185K(80896K) NonClass: 69270K(69632K)->69270K(69632K) Class: 10914K(11264K)->10914K(11264K)
[475.763s][info ][gc             ] GC(112) Pause Young (Allocation Failure) 2385M->422M(2449M) 5.724ms
[475.763s][info ][gc,cpu         ] GC(112) User=0.02s Sys=0.00s Real=0.01s
[475.763s][info ][safepoint      ] Safepoint "ParallelGCFailedAllocation", Time since last: 2194799298 ns, Reaching safepoint: 62201 ns, At safepoint: 5813329 ns, Total: 5875530 ns
[477.763s][info ][safepoint      ] Safepoint "Cleanup", Time since last: 2000153381 ns, Reaching safepoint: 57601 ns, At safepoint: 13300 ns, Total: 70901 ns
[480.764s][info ][safepoint      ] Safepoint "Cleanup", Time since last: 3000235975 ns, Reaching safepoint: 52301 ns, At safepoint: 6300 ns, Total: 58601 ns
[481.764s][info ][safepoint      ] Safepoint "Cleanup", Time since last: 1000115394 ns, Reaching safepoint: 52001 ns, At safepoint: 2900 ns, Total: 54901 ns
[487.764s][info ][safepoint      ] Safepoint "Cleanup", Time since last: 6000430462 ns, Reaching safepoint: 62801 ns, At safepoint: 6000 ns, Total: 68801 ns
[489.765s][info ][safepoint      ] Safepoint "Cleanup", Time since last: 2000178892 ns, Reaching safepoint: 62101 ns, At safepoint: 12100 ns, Total: 74201 ns
[493.765s][info ][safepoint      ] Safepoint "Cleanup", Time since last: 4000409889 ns, Reaching safepoint: 56601 ns, At safepoint: 6700 ns, Total: 63301 ns
[496.790s][info ][gc,start       ] GC(113) Pause Young (Allocation Failure)
[496.798s][debug][gc,phases      ] GC(113) Scavenge 8.128ms
[496.798s][debug][gc,ref         ] GC(113) Skipped phase 1 of Reference Processing: no references
[496.798s][debug][gc,ref         ] GC(113) Skipped phase 3 of Reference Processing: no references
[496.798s][debug][gc,ref         ] GC(113) Skipped phase 4 of Reference Processing: no references
[496.798s][debug][gc,phases      ] GC(113) Reference Processing 0.057ms
[496.799s][debug][gc,phases      ] GC(113) Weak Processing 0.706ms
[496.799s][debug][gc,age         ] GC(113) Desired survivor size 45613056 bytes, new threshold 15 (max threshold 15)
[496.799s][info ][gc,heap        ] GC(113) PSYoungGen: 2016288K(2016768K)->5904K(2052608K) Eden: 2010112K(2010112K)->0K(2008064K) From: 6176K(6656K)->5904K(44544K)
[496.799s][info ][gc,heap        ] GC(113) ParOldGen: 426860K(491520K)->427080K(491520K)
[496.799s][info ][gc,metaspace   ] GC(113) Metaspace: 80193K(80896K)->80193K(80896K) NonClass: 69279K(69632K)->69279K(69632K) Class: 10914K(11264K)->10914K(11264K)
[496.799s][info ][gc             ] GC(113) Pause Young (Allocation Failure) 2385M->422M(2484M) 9.083ms
[496.799s][info ][gc,cpu         ] GC(113) User=0.03s Sys=0.00s Real=0.01s
[496.799s][info ][safepoint      ] Safepoint "ParallelGCFailedAllocation", Time since last: 3024336830 ns, Reaching safepoint: 58101 ns, At safepoint: 9195304 ns, Total: 9253405 ns
[503.799s][info ][safepoint      ] Safepoint "Cleanup", Time since last: 7000512600 ns, Reaching safepoint: 126503 ns, At safepoint: 12600 ns, Total: 139103 ns
[504.800s][info ][safepoint      ] Safepoint "Cleanup", Time since last: 1000124103 ns, Reaching safepoint: 120002 ns, At safepoint: 7300 ns, Total: 127302 ns
[508.800s][info ][safepoint      ] Safepoint "Cleanup", Time since last: 4000322211 ns, Reaching safepoint: 127703 ns, At safepoint: 16500 ns, Total: 144203 ns
[509.800s][info ][safepoint      ] Safepoint "Cleanup", Time since last: 1000111205 ns, Reaching safepoint: 121503 ns, At safepoint: 10300 ns, Total: 131803 ns
[512.801s][info ][safepoint      ] Safepoint "Cleanup", Time since last: 3000249713 ns, Reaching safepoint: 124603 ns, At safepoint: 10200 ns, Total: 134803 ns
[513.801s][info ][safepoint      ] Safepoint "Cleanup", Time since last: 1000109006 ns, Reaching safepoint: 122903 ns, At safepoint: 10000 ns, Total: 132903 ns
[517.793s][info ][gc,start       ] GC(114) Pause Young (Allocation Failure)
[517.797s][debug][gc,phases      ] GC(114) Scavenge 4.305ms
[517.798s][debug][gc,ref         ] GC(114) Skipped phase 1 of Reference Processing: no references
[517.798s][debug][gc,ref         ] GC(114) Skipped phase 3 of Reference Processing: no references
[517.798s][debug][gc,phases      ] GC(114) Reference Processing 0.025ms
[517.798s][debug][gc,phases      ] GC(114) Weak Processing 0.559ms
[517.798s][debug][gc,age         ] GC(114) Desired survivor size 45613056 bytes, new threshold 15 (max threshold 15)
[517.798s][info ][gc,heap        ] GC(114) PSYoungGen: 2013968K(2052608K)->5776K(2052608K) Eden: 2008064K(2008064K)->0K(2008064K) From: 5904K(44544K)->5776K(44544K)
[517.798s][info ][gc,heap        ] GC(114) ParOldGen: 427080K(491520K)->427300K(491520K)
[517.798s][info ][gc,metaspace   ] GC(114) Metaspace: 80201K(80896K)->80201K(80896K) NonClass: 69287K(69632K)->69287K(69632K) Class: 10914K(11264K)->10914K(11264K)
[517.798s][info ][gc             ] GC(114) Pause Young (Allocation Failure) 2383M->422M(2484M) 5.039ms
[517.798s][info ][gc,cpu         ] GC(114) User=0.02s Sys=0.00s Real=0.00s
[517.798s][info ][safepoint      ] Safepoint "ParallelGCFailedAllocation", Time since last: 3991955039 ns, Reaching safepoint: 124003 ns, At safepoint: 5130414 ns, Total: 5254417 ns
[518.798s][info ][safepoint      ] Safepoint "Cleanup", Time since last: 1000077407 ns, Reaching safepoint: 129903 ns, At safepoint: 14800 ns, Total: 144703 ns
[519.799s][info ][safepoint      ] Safepoint "Cleanup", Time since last: 1000115009 ns, Reaching safepoint: 93002 ns, At safepoint: 12400 ns, Total: 105402 ns
[520.799s][info ][safepoint      ] Safepoint "Cleanup", Time since last: 1000116709 ns, Reaching safepoint: 116902 ns, At safepoint: 6200 ns, Total: 123102 ns
[521.799s][info ][safepoint      ] Safepoint "Cleanup", Time since last: 1000128710 ns, Reaching safepoint: 129603 ns, At safepoint: 8300 ns, Total: 137903 ns
[529.800s][info ][safepoint      ] Safepoint "Cleanup", Time since last: 8000599779 ns, Reaching safepoint: 118603 ns, At safepoint: 11300 ns, Total: 129903 ns
[532.800s][info ][safepoint      ] Safepoint "Cleanup", Time since last: 3000261637 ns, Reaching safepoint: 123503 ns, At safepoint: 10800 ns, Total: 134303 ns
[534.801s][info ][safepoint      ] Safepoint "Cleanup", Time since last: 2000189527 ns, Reaching safepoint: 124902 ns, At safepoint: 5701 ns, Total: 130603 ns
[537.801s][info ][safepoint      ] Safepoint "Cleanup", Time since last: 3000202941 ns, Reaching safepoint: 125503 ns, At safepoint: 8700 ns, Total: 134203 ns
[538.801s][info ][safepoint      ] Safepoint "Cleanup", Time since last: 1000109815 ns, Reaching safepoint: 112303 ns, At safepoint: 8100 ns, Total: 120403 ns
[539.801s][info ][safepoint      ] Safepoint "Cleanup", Time since last: 1000120216 ns, Reaching safepoint: 125303 ns, At safepoint: 11200 ns, Total: 136503 ns
[539.844s][info ][gc,start       ] GC(115) Pause Young (Allocation Failure)
[539.848s][debug][gc,phases      ] GC(115) Scavenge 4.285ms
[539.848s][debug][gc,ref         ] GC(115) Skipped phase 1 of Reference Processing: no references
[539.848s][debug][gc,ref         ] GC(115) Skipped phase 3 of Reference Processing: no references
[539.848s][debug][gc,phases      ] GC(115) Reference Processing 0.023ms
[539.849s][debug][gc,phases      ] GC(115) Weak Processing 0.541ms
[539.849s][debug][gc,age         ] GC(115) Desired survivor size 45088768 bytes, new threshold 15 (max threshold 15)
[539.849s][info ][gc,heap        ] GC(115) PSYoungGen: 2013840K(2052608K)->5392K(2053120K) Eden: 2008064K(2008064K)->0K(2008576K) From: 5776K(44544K)->5392K(44544K)
[539.849s][info ][gc,heap        ] GC(115) ParOldGen: 427300K(491520K)->427752K(491520K)
[539.849s][info ][gc,metaspace   ] GC(115) Metaspace: 80208K(80896K)->80208K(80896K) NonClass: 69294K(69632K)->69294K(69632K) Class: 10914K(11264K)->10914K(11264K)
[539.849s][info ][gc             ] GC(115) Pause Young (Allocation Failure) 2383M->422M(2485M) 4.980ms
[539.849s][info ][gc,cpu         ] GC(115) User=0.02s Sys=0.00s Real=0.00s
[539.849s][info ][safepoint      ] Safepoint "ParallelGCFailedAllocation", Time since last: 42283339 ns, Reaching safepoint: 101202 ns, At safepoint: 5067713 ns, Total: 5168915 ns
[548.850s][info ][safepoint      ] Safepoint "Cleanup", Time since last: 9000666551 ns, Reaching safepoint: 144303 ns, At safepoint: 12301 ns, Total: 156604 ns
[561.744s][info ][gc,start       ] GC(116) Pause Young (Allocation Failure)
[561.748s][debug][gc,phases      ] GC(116) Scavenge 4.212ms
[561.748s][debug][gc,ref         ] GC(116) Skipped phase 1 of Reference Processing: no references
[561.748s][debug][gc,ref         ] GC(116) Skipped phase 3 of Reference Processing: no references
[561.748s][debug][gc,phases      ] GC(116) Reference Processing 0.024ms
[561.749s][debug][gc,phases      ] GC(116) Weak Processing 0.568ms
[561.749s][debug][gc,age         ] GC(116) Desired survivor size 44564480 bytes, new threshold 15 (max threshold 15)
[561.749s][info ][gc,heap        ] GC(116) PSYoungGen: 2013968K(2053120K)->5552K(2052608K) Eden: 2008576K(2008576K)->0K(2008576K) From: 5392K(44544K)->5552K(44032K)
[561.749s][info ][gc,heap        ] GC(116) ParOldGen: 427752K(491520K)->427888K(491520K)
[561.749s][info ][gc,metaspace   ] GC(116) Metaspace: 80217K(80896K)->80217K(80896K) NonClass: 69303K(69632K)->69303K(69632K) Class: 10914K(11264K)->10914K(11264K)
[561.749s][info ][gc             ] GC(116) Pause Young (Allocation Failure) 2384M->423M(2484M) 4.952ms
[561.749s][info ][gc,cpu         ] GC(116) User=0.02s Sys=0.00s Real=0.00s
[561.749s][info ][safepoint      ] Safepoint "ParallelGCFailedAllocation", Time since last: 12893846589 ns, Reaching safepoint: 119003 ns, At safepoint: 5039112 ns, Total: 5158115 ns
[562.749s][info ][safepoint      ] Safepoint "Cleanup", Time since last: 1000097024 ns, Reaching safepoint: 133803 ns, At safepoint: 12100 ns, Total: 145903 ns
[563.749s][info ][safepoint      ] Safepoint "Cleanup", Time since last: 1000112225 ns, Reaching safepoint: 125802 ns, At safepoint: 11201 ns, Total: 137003 ns
[576.750s][info ][safepoint      ] Safepoint "Cleanup", Time since last: 13000954138 ns, Reaching safepoint: 121703 ns, At safepoint: 7500 ns, Total: 129203 ns
[577.751s][info ][safepoint      ] Safepoint "Cleanup", Time since last: 1000108929 ns, Reaching safepoint: 119803 ns, At safepoint: 6400 ns, Total: 126203 ns
[584.646s][info ][gc,start       ] GC(117) Pause Young (Allocation Failure)
[584.651s][debug][gc,phases      ] GC(117) Scavenge 4.367ms
[584.651s][debug][gc,ref         ] GC(117) Skipped phase 1 of Reference Processing: no references
[584.651s][debug][gc,ref         ] GC(117) Skipped phase 3 of Reference Processing: no references
[584.651s][debug][gc,ref         ] GC(117) Skipped phase 4 of Reference Processing: no references
[584.651s][debug][gc,phases      ] GC(117) Reference Processing 0.025ms
[584.651s][debug][gc,phases      ] GC(117) Weak Processing 0.588ms
[584.651s][debug][gc,age         ] GC(117) Desired survivor size 43515904 bytes, new threshold 15 (max threshold 15)
[584.652s][info ][gc,heap        ] GC(117) PSYoungGen: 2014128K(2052608K)->5360K(2054656K) Eden: 2008576K(2008576K)->0K(2011136K) From: 5552K(44032K)->5360K(43520K)
[584.652s][info ][gc,heap        ] GC(117) ParOldGen: 427888K(491520K)->428084K(491520K)
[584.652s][info ][gc,metaspace   ] GC(117) Metaspace: 80219K(80896K)->80219K(80896K) NonClass: 69304K(69632K)->69304K(69632K) Class: 10914K(11264K)->10914K(11264K)
[584.652s][info ][gc             ] GC(117) Pause Young (Allocation Failure) 2384M->423M(2486M) 5.138ms
[584.652s][info ][gc,cpu         ] GC(117) User=0.02s Sys=0.00s Real=0.01s
[584.652s][info ][safepoint      ] Safepoint "ParallelGCFailedAllocation", Time since last: 6895809781 ns, Reaching safepoint: 52201 ns, At safepoint: 5214216 ns, Total: 5266417 ns
[589.652s][info ][safepoint      ] Safepoint "Cleanup", Time since last: 5000364559 ns, Reaching safepoint: 130603 ns, At safepoint: 11600 ns, Total: 142203 ns
[595.653s][info ][safepoint      ] Safepoint "Cleanup", Time since last: 6000424202 ns, Reaching safepoint: 114202 ns, At safepoint: 8500 ns, Total: 122702 ns
[596.653s][info ][safepoint      ] Safepoint "Cleanup", Time since last: 1000112536 ns, Reaching safepoint: 51201 ns, At safepoint: 8600 ns, Total: 59801 ns
[597.653s][info ][safepoint      ] Safepoint "Cleanup", Time since last: 1000104136 ns, Reaching safepoint: 94702 ns, At safepoint: 9800 ns, Total: 104502 ns
[599.653s][info ][safepoint      ] Safepoint "Cleanup", Time since last: 2000169872 ns, Reaching safepoint: 48801 ns, At safepoint: 11701 ns, Total: 60502 ns
[601.653s][info ][safepoint      ] Safepoint "Cleanup", Time since last: 2000149372 ns, Reaching safepoint: 53501 ns, At safepoint: 7301 ns, Total: 60802 ns
[607.748s][info ][gc,start       ] GC(118) Pause Young (Allocation Failure)
[607.753s][debug][gc,phases      ] GC(118) Scavenge 4.531ms
[607.753s][debug][gc,ref         ] GC(118) Skipped phase 1 of Reference Processing: no references
[607.753s][debug][gc,ref         ] GC(118) Skipped phase 3 of Reference Processing: no references
[607.753s][debug][gc,ref         ] GC(118) Skipped phase 4 of Reference Processing: no references
[607.753s][debug][gc,phases      ] GC(118) Reference Processing 0.024ms
[607.753s][debug][gc,phases      ] GC(118) Weak Processing 0.575ms
[607.753s][debug][gc,age         ] GC(118) Desired survivor size 42467328 bytes, new threshold 15 (max threshold 15)
[607.753s][info ][gc,heap        ] GC(118) PSYoungGen: 2016496K(2054656K)->5152K(2053632K) Eden: 2011136K(2011136K)->0K(2011136K) From: 5360K(43520K)->5152K(42496K)
[607.753s][info ][gc,heap        ] GC(118) ParOldGen: 428084K(491520K)->428337K(491520K)
[607.753s][info ][gc,metaspace   ] GC(118) Metaspace: 80231K(80896K)->80231K(80896K) NonClass: 69317K(69632K)->69317K(69632K) Class: 10914K(11264K)->10914K(11264K)
[607.753s][info ][gc             ] GC(118) Pause Young (Allocation Failure) 2387M->423M(2485M) 5.262ms
[607.753s][info ][gc,cpu         ] GC(118) User=0.02s Sys=0.00s Real=0.01s
[607.753s][info ][safepoint      ] Safepoint "ParallelGCFailedAllocation", Time since last: 6094443715 ns, Reaching safepoint: 41901 ns, At safepoint: 5347819 ns, Total: 5389720 ns
[611.754s][info ][safepoint      ] Safepoint "Cleanup", Time since last: 4000279557 ns, Reaching safepoint: 62401 ns, At safepoint: 6600 ns, Total: 69001 ns
[612.754s][info ][safepoint      ] Safepoint "Cleanup", Time since last: 1000104641 ns, Reaching safepoint: 43501 ns, At safepoint: 3200 ns, Total: 46701 ns
[617.754s][info ][safepoint      ] Safepoint "Cleanup", Time since last: 5000355805 ns, Reaching safepoint: 47701 ns, At safepoint: 3100 ns, Total: 50801 ns
[622.755s][info ][safepoint      ] Safepoint "Cleanup", Time since last: 5000373213 ns, Reaching safepoint: 58501 ns, At safepoint: 10901 ns, Total: 69402 ns
[623.755s][info ][safepoint      ] Safepoint "Cleanup", Time since last: 1000116144 ns, Reaching safepoint: 110503 ns, At safepoint: 9100 ns, Total: 119603 ns
[629.755s][info ][safepoint      ] Safepoint "Cleanup", Time since last: 6000463768 ns, Reaching safepoint: 55201 ns, At safepoint: 4800 ns, Total: 60001 ns
[630.450s][info ][gc,start       ] GC(119) Pause Young (Allocation Failure)
[630.454s][debug][gc,phases      ] GC(119) Scavenge 4.371ms
[630.454s][debug][gc,ref         ] GC(119) Skipped phase 1 of Reference Processing: no references
[630.454s][debug][gc,ref         ] GC(119) Skipped phase 3 of Reference Processing: no references
[630.454s][debug][gc,phases      ] GC(119) Reference Processing 0.024ms
[630.455s][debug][gc,phases      ] GC(119) Weak Processing 0.536ms
[630.455s][debug][gc,age         ] GC(119) Desired survivor size 40894464 bytes, new threshold 15 (max threshold 15)
[630.455s][info ][gc,heap        ] GC(119) PSYoungGen: 2016288K(2053632K)->4800K(2057216K) Eden: 2011136K(2011136K)->0K(2015744K) From: 5152K(42496K)->4800K(41472K)
[630.455s][info ][gc,heap        ] GC(119) ParOldGen: 428337K(491520K)->428665K(491520K)
[630.455s][info ][gc,metaspace   ] GC(119) Metaspace: 80247K(80960K)->80247K(80960K) NonClass: 69333K(69696K)->69333K(69696K) Class: 10914K(11264K)->10914K(11264K)
[630.455s][info ][gc             ] GC(119) Pause Young (Allocation Failure) 2387M->423M(2489M) 5.069ms
[630.455s][info ][gc,cpu         ] GC(119) User=0.02s Sys=0.00s Real=0.01s
[630.455s][info ][safepoint      ] Safepoint "ParallelGCFailedAllocation", Time since last: 694330545 ns, Reaching safepoint: 120903 ns, At safepoint: 5154014 ns, Total: 5274917 ns
[634.455s][info ][safepoint      ] Safepoint "Cleanup", Time since last: 4000291086 ns, Reaching safepoint: 45101 ns, At safepoint: 3800 ns, Total: 48901 ns
[639.456s][info ][safepoint      ] Safepoint "Cleanup", Time since last: 5000345038 ns, Reaching safepoint: 61602 ns, At safepoint: 6100 ns, Total: 67702 ns
[642.456s][info ][safepoint      ] Safepoint "Cleanup", Time since last: 3000247847 ns, Reaching safepoint: 51601 ns, At safepoint: 9001 ns, Total: 60602 ns
[643.456s][info ][safepoint      ] Safepoint "Cleanup", Time since last: 1000114950 ns, Reaching safepoint: 46301 ns, At safepoint: 9600 ns, Total: 55901 ns
[647.457s][info ][safepoint      ] Safepoint "Cleanup", Time since last: 4000410104 ns, Reaching safepoint: 49801 ns, At safepoint: 4401 ns, Total: 54202 ns
[649.457s][info ][safepoint      ] Safepoint "Cleanup", Time since last: 2000170303 ns, Reaching safepoint: 49201 ns, At safepoint: 3600 ns, Total: 52801 ns
[651.457s][info ][safepoint      ] Safepoint "Cleanup", Time since last: 2000202305 ns, Reaching safepoint: 47901 ns, At safepoint: 3600 ns, Total: 51501 ns
[653.401s][info ][gc,start       ] GC(120) Pause Young (Allocation Failure)
[653.405s][debug][gc,phases      ] GC(120) Scavenge 4.363ms
[653.406s][debug][gc,ref         ] GC(120) Skipped phase 1 of Reference Processing: no references
[653.406s][debug][gc,ref         ] GC(120) Skipped phase 3 of Reference Processing: no references
[653.406s][debug][gc,phases      ] GC(120) Reference Processing 0.048ms
[653.406s][debug][gc,phases      ] GC(120) Weak Processing 0.634ms
[653.406s][debug][gc,age         ] GC(120) Desired survivor size 39845888 bytes, new threshold 15 (max threshold 15)
[653.406s][info ][gc,heap        ] GC(120) PSYoungGen: 2020544K(2057216K)->4880K(2055680K) Eden: 2015744K(2015744K)->0K(2015744K) From: 4800K(41472K)->4880K(39936K)
[653.406s][info ][gc,heap        ] GC(120) ParOldGen: 428665K(491520K)->428825K(491520K)
[653.406s][info ][gc,metaspace   ] GC(120) Metaspace: 80247K(80960K)->80247K(80960K) NonClass: 69333K(69696K)->69333K(69696K) Class: 10914K(11264K)->10914K(11264K)
[653.406s][info ][gc             ] GC(120) Pause Young (Allocation Failure) 2391M->423M(2487M) 5.256ms
[653.406s][info ][gc,cpu         ] GC(120) User=0.01s Sys=0.00s Real=0.01s
[653.406s][info ][safepoint      ] Safepoint "ParallelGCFailedAllocation", Time since last: 1943826151 ns, Reaching safepoint: 30701 ns, At safepoint: 5345519 ns, Total: 5376220 ns
[661.407s][info ][safepoint      ] Safepoint "Cleanup", Time since last: 8000578131 ns, Reaching safepoint: 60901 ns, At safepoint: 6200 ns, Total: 67101 ns
[662.407s][info ][safepoint      ] Safepoint "Cleanup", Time since last: 1000112856 ns, Reaching safepoint: 50301 ns, At safepoint: 3701 ns, Total: 54002 ns
[664.407s][info ][safepoint      ] Safepoint "Cleanup", Time since last: 2000172811 ns, Reaching safepoint: 64502 ns, At safepoint: 12300 ns, Total: 76802 ns
[665.408s][info ][safepoint      ] Safepoint "Cleanup", Time since last: 1000112557 ns, Reaching safepoint: 61701 ns, At safepoint: 3600 ns, Total: 65301 ns
[667.408s][info ][safepoint      ] Safepoint "Cleanup", Time since last: 2000186114 ns, Reaching safepoint: 61602 ns, At safepoint: 7600 ns, Total: 69202 ns
[669.408s][info ][safepoint      ] Safepoint "Cleanup", Time since last: 2000183815 ns, Reaching safepoint: 57701 ns, At safepoint: 6500 ns, Total: 64201 ns
[673.409s][info ][safepoint      ] Safepoint "Cleanup", Time since last: 4000318132 ns, Reaching safepoint: 63202 ns, At safepoint: 8500 ns, Total: 71702 ns
[675.409s][info ][safepoint      ] Safepoint "Cleanup", Time since last: 2000173618 ns, Reaching safepoint: 52001 ns, At safepoint: 11501 ns, Total: 63502 ns
[675.901s][info ][gc,start       ] GC(121) Pause Young (Allocation Failure)
[675.904s][debug][gc,phases      ] GC(121) Scavenge 3.484ms
[675.905s][debug][gc,ref         ] GC(121) Skipped phase 1 of Reference Processing: no references
[675.905s][debug][gc,ref         ] GC(121) Skipped phase 3 of Reference Processing: no references
[675.905s][debug][gc,phases      ] GC(121) Reference Processing 0.025ms
[675.905s][debug][gc,phases      ] GC(121) Weak Processing 0.546ms
[675.905s][debug][gc,age         ] GC(121) Desired survivor size 38273024 bytes, new threshold 15 (max threshold 15)
[675.905s][info ][gc,heap        ] GC(121) PSYoungGen: 2020624K(2055680K)->4560K(2059776K) Eden: 2015744K(2015744K)->0K(2020864K) From: 4880K(39936K)->4560K(38912K)
[675.905s][info ][gc,heap        ] GC(121) ParOldGen: 428825K(491520K)->429025K(491520K)
[675.905s][info ][gc,metaspace   ] GC(121) Metaspace: 80253K(80960K)->80253K(80960K) NonClass: 69339K(69696K)->69339K(69696K) Class: 10914K(11264K)->10914K(11264K)
[675.905s][info ][gc             ] GC(121) Pause Young (Allocation Failure) 2392M->423M(2491M) 4.194ms
[675.905s][info ][gc,cpu         ] GC(121) User=0.02s Sys=0.00s Real=0.01s
[675.905s][info ][safepoint      ] Safepoint "ParallelGCFailedAllocation", Time since last: 492114253 ns, Reaching safepoint: 47301 ns, At safepoint: 4275995 ns, Total: 4323296 ns
[679.906s][info ][safepoint      ] Safepoint "Cleanup", Time since last: 4000283039 ns, Reaching safepoint: 122003 ns, At safepoint: 6300 ns, Total: 128303 ns
[682.906s][info ][safepoint      ] Safepoint "Cleanup", Time since last: 3000235982 ns, Reaching safepoint: 52502 ns, At safepoint: 6600 ns, Total: 59102 ns
[683.906s][info ][safepoint      ] Safepoint "Cleanup", Time since last: 1000125662 ns, Reaching safepoint: 42901 ns, At safepoint: 4100 ns, Total: 47001 ns
[698.092s][info ][gc,start       ] GC(122) Pause Young (Allocation Failure)
[698.096s][debug][gc,phases      ] GC(122) Scavenge 3.943ms
[698.096s][debug][gc,ref         ] GC(122) Skipped phase 1 of Reference Processing: no references
[698.096s][debug][gc,ref         ] GC(122) Skipped phase 3 of Reference Processing: no references
[698.096s][debug][gc,phases      ] GC(122) Reference Processing 0.040ms
[698.096s][debug][gc,phases      ] GC(122) Weak Processing 0.562ms
[698.096s][debug][gc,age         ] GC(122) Desired survivor size 36700160 bytes, new threshold 15 (max threshold 15)
[698.097s][info ][gc,heap        ] GC(122) PSYoungGen: 2025424K(2059776K)->4576K(2058240K) Eden: 2020864K(2020864K)->0K(2020864K) From: 4560K(38912K)->4576K(37376K)
[698.097s][info ][gc,heap        ] GC(122) ParOldGen: 429025K(491520K)->429137K(491520K)
[698.097s][info ][gc,metaspace   ] GC(122) Metaspace: 80257K(80960K)->80257K(80960K) NonClass: 69342K(69696K)->69342K(69696K) Class: 10914K(11264K)->10914K(11264K)
[698.097s][info ][gc             ] GC(122) Pause Young (Allocation Failure) 2396M->423M(2490M) 4.674ms
[698.097s][info ][gc,cpu         ] GC(122) User=0.02s Sys=0.00s Real=0.00s
[698.097s][info ][safepoint      ] Safepoint "ParallelGCFailedAllocation", Time since last: 14185676198 ns, Reaching safepoint: 49501 ns, At safepoint: 4791607 ns, Total: 4841108 ns
[704.097s][info ][safepoint      ] Safepoint "Cleanup", Time since last: 6000383396 ns, Reaching safepoint: 123703 ns, At safepoint: 6100 ns, Total: 129803 ns
[708.098s][info ][safepoint      ] Safepoint "Cleanup", Time since last: 4000276169 ns, Reaching safepoint: 132403 ns, At safepoint: 7000 ns, Total: 139403 ns
[709.098s][info ][safepoint      ] Safepoint "Cleanup", Time since last: 1000121870 ns, Reaching safepoint: 103302 ns, At safepoint: 8100 ns, Total: 111402 ns
[710.098s][info ][safepoint      ] Safepoint "Cleanup", Time since last: 1000124670 ns, Reaching safepoint: 125602 ns, At safepoint: 13801 ns, Total: 139403 ns
[711.098s][info ][safepoint      ] Safepoint "Cleanup", Time since last: 1000294773 ns, Reaching safepoint: 116203 ns, At safepoint: 8300 ns, Total: 124503 ns
[721.057s][info ][gc,start       ] GC(123) Pause Young (Allocation Failure)
[721.061s][debug][gc,phases      ] GC(123) Scavenge 4.008ms
[721.061s][debug][gc,ref         ] GC(123) Skipped phase 1 of Reference Processing: no references
[721.061s][debug][gc,ref         ] GC(123) Skipped phase 3 of Reference Processing: no references
[721.061s][debug][gc,phases      ] GC(123) Reference Processing 0.023ms
[721.061s][debug][gc,phases      ] GC(123) Weak Processing 0.544ms
[721.061s][debug][gc,age         ] GC(123) Desired survivor size 35127296 bytes, new threshold 15 (max threshold 15)
[721.061s][info ][gc,heap        ] GC(123) PSYoungGen: 2025440K(2058240K)->4192K(2062848K) Eden: 2020864K(2020864K)->0K(2027008K) From: 4576K(37376K)->4192K(35840K)
[721.061s][info ][gc,heap        ] GC(123) ParOldGen: 429137K(491520K)->429385K(491520K)
[721.061s][info ][gc,metaspace   ] GC(123) Metaspace: 80266K(80960K)->80266K(80960K) NonClass: 69351K(69696K)->69351K(69696K) Class: 10915K(11264K)->10915K(11264K)
[721.061s][info ][gc             ] GC(123) Pause Young (Allocation Failure) 2397M->423M(2494M) 4.723ms
[721.061s][info ][gc,cpu         ] GC(123) User=0.02s Sys=0.00s Real=0.00s
[721.061s][info ][safepoint      ] Safepoint "ParallelGCFailedAllocation", Time since last: 9957988449 ns, Reaching safepoint: 126803 ns, At safepoint: 4818708 ns, Total: 4945511 ns
[725.062s][info ][safepoint      ] Safepoint "Cleanup", Time since last: 4000260687 ns, Reaching safepoint: 62701 ns, At safepoint: 9300 ns, Total: 72001 ns
[734.062s][info ][safepoint      ] Safepoint "Cleanup", Time since last: 9000635562 ns, Reaching safepoint: 48601 ns, At safepoint: 11700 ns, Total: 60301 ns
[738.063s][info ][safepoint      ] Safepoint "Cleanup", Time since last: 4000308602 ns, Reaching safepoint: 49001 ns, At safepoint: 6300 ns, Total: 55301 ns
[740.063s][info ][safepoint      ] Safepoint "Cleanup", Time since last: 2000137852 ns, Reaching safepoint: 61001 ns, At safepoint: 7000 ns, Total: 68001 ns
[741.063s][info ][safepoint      ] Safepoint "Cleanup", Time since last: 1000107777 ns, Reaching safepoint: 50901 ns, At safepoint: 6601 ns, Total: 57502 ns
[744.063s][info ][safepoint      ] Safepoint "Cleanup", Time since last: 3000233430 ns, Reaching safepoint: 54902 ns, At safepoint: 3600 ns, Total: 58502 ns
[744.443s][info ][gc,start       ] GC(124) Pause Young (Allocation Failure)
[744.447s][debug][gc,phases      ] GC(124) Scavenge 3.672ms
[744.447s][debug][gc,ref         ] GC(124) Skipped phase 1 of Reference Processing: no references
[744.447s][debug][gc,ref         ] GC(124) Skipped phase 3 of Reference Processing: no references
[744.447s][debug][gc,ref         ] GC(124) Skipped phase 4 of Reference Processing: no references
[744.447s][debug][gc,phases      ] GC(124) Reference Processing 0.022ms
[744.447s][debug][gc,phases      ] GC(124) Weak Processing 0.547ms
[744.448s][debug][gc,age         ] GC(124) Desired survivor size 33554432 bytes, new threshold 15 (max threshold 15)
[744.448s][info ][gc,heap        ] GC(124) PSYoungGen: 2031200K(2062848K)->4336K(2061312K) Eden: 2027008K(2027008K)->0K(2027008K) From: 4192K(35840K)->4336K(34304K)
[744.448s][info ][gc,heap        ] GC(124) ParOldGen: 429385K(491520K)->429513K(491520K)
[744.448s][info ][gc,metaspace   ] GC(124) Metaspace: 80285K(80960K)->80285K(80960K) NonClass: 69370K(69696K)->69370K(69696K) Class: 10915K(11264K)->10915K(11264K)
[744.448s][info ][gc             ] GC(124) Pause Young (Allocation Failure) 2402M->423M(2493M) 4.372ms
[744.448s][info ][gc,cpu         ] GC(124) User=0.02s Sys=0.00s Real=0.00s
[744.448s][info ][safepoint      ] Safepoint "ParallelGCFailedAllocation", Time since last: 379613056 ns, Reaching safepoint: 97602 ns, At safepoint: 4461899 ns, Total: 4559501 ns
[747.448s][info ][safepoint      ] Safepoint "Cleanup", Time since last: 3000220733 ns, Reaching safepoint: 120903 ns, At safepoint: 8700 ns, Total: 129603 ns
[749.448s][info ][safepoint      ] Safepoint "Cleanup", Time since last: 2000180858 ns, Reaching safepoint: 123903 ns, At safepoint: 6400 ns, Total: 130303 ns
[751.449s][info ][safepoint      ] Safepoint "Cleanup", Time since last: 2000171158 ns, Reaching safepoint: 109402 ns, At safepoint: 7400 ns, Total: 116802 ns
[753.449s][info ][safepoint      ] Safepoint "Cleanup", Time since last: 2000169259 ns, Reaching safepoint: 121003 ns, At safepoint: 8700 ns, Total: 129703 ns
[754.449s][info ][safepoint      ] Safepoint "Cleanup", Time since last: 1000109081 ns, Reaching safepoint: 112502 ns, At safepoint: 8101 ns, Total: 120603 ns
[757.449s][info ][safepoint      ] Safepoint "Cleanup", Time since last: 3000242940 ns, Reaching safepoint: 124103 ns, At safepoint: 8600 ns, Total: 132703 ns
[758.450s][info ][safepoint      ] Safepoint "Cleanup", Time since last: 1000106382 ns, Reaching safepoint: 142203 ns, At safepoint: 14600 ns, Total: 156803 ns
[759.450s][info ][safepoint      ] Safepoint "Cleanup", Time since last: 1000127682 ns, Reaching safepoint: 140703 ns, At safepoint: 35401 ns, Total: 176104 ns
[764.451s][info ][safepoint      ] Safepoint "Cleanup", Time since last: 5000410509 ns, Reaching safepoint: 135203 ns, At safepoint: 12600 ns, Total: 147803 ns
[768.113s][info ][gc,start       ] GC(125) Pause Young (Allocation Failure)
[768.116s][debug][gc,phases      ] GC(125) Scavenge 3.549ms
[768.116s][debug][gc,ref         ] GC(125) Skipped phase 1 of Reference Processing: no references
[768.116s][debug][gc,ref         ] GC(125) Skipped phase 3 of Reference Processing: no references
[768.116s][debug][gc,ref         ] GC(125) Skipped phase 4 of Reference Processing: no references
[768.116s][debug][gc,phases      ] GC(125) Reference Processing 0.023ms
[768.117s][debug][gc,phases      ] GC(125) Weak Processing 0.518ms
[768.117s][debug][gc,age         ] GC(125) Desired survivor size 32505856 bytes, new threshold 15 (max threshold 15)
[768.117s][info ][gc,heap        ] GC(125) PSYoungGen: 2031344K(2061312K)->4144K(2065408K) Eden: 2027008K(2027008K)->0K(2032640K) From: 4336K(34304K)->4144K(32768K)
[768.117s][info ][gc,heap        ] GC(125) ParOldGen: 429513K(491520K)->429769K(491520K)
[768.117s][info ][gc,metaspace   ] GC(125) Metaspace: 80287K(80960K)->80287K(80960K) NonClass: 69372K(69696K)->69372K(69696K) Class: 10915K(11264K)->10915K(11264K)
[768.117s][info ][gc             ] GC(125) Pause Young (Allocation Failure) 2403M->423M(2497M) 4.240ms
[768.117s][info ][gc,cpu         ] GC(125) User=0.02s Sys=0.00s Real=0.00s
[768.117s][info ][safepoint      ] Safepoint "ParallelGCFailedAllocation", Time since last: 3661927492 ns, Reaching safepoint: 35101 ns, At safepoint: 4322396 ns, Total: 4357497 ns
[770.117s][info ][safepoint      ] Safepoint "Cleanup", Time since last: 2000156367 ns, Reaching safepoint: 50601 ns, At safepoint: 3300 ns, Total: 53901 ns
[778.118s][info ][safepoint      ] Safepoint "Cleanup", Time since last: 8000516074 ns, Reaching safepoint: 51701 ns, At safepoint: 11300 ns, Total: 63001 ns
[790.119s][info ][safepoint      ] Safepoint "Cleanup", Time since last: 12000817540 ns, Reaching safepoint: 56301 ns, At safepoint: 25201 ns, Total: 81502 ns
[791.593s][info ][gc,start       ] GC(126) Pause Young (Allocation Failure)
[791.597s][debug][gc,phases      ] GC(126) Scavenge 4.217ms
[791.597s][debug][gc,ref         ] GC(126) Skipped phase 1 of Reference Processing: no references
[791.597s][debug][gc,ref         ] GC(126) Skipped phase 3 of Reference Processing: no references
[791.597s][debug][gc,ref         ] GC(126) Skipped phase 4 of Reference Processing: no references
[791.597s][debug][gc,phases      ] GC(126) Reference Processing 0.024ms
[791.598s][debug][gc,phases      ] GC(126) Weak Processing 0.589ms
[791.598s][debug][gc,age         ] GC(126) Desired survivor size 30932992 bytes, new threshold 15 (max threshold 15)
[791.598s][info ][gc,heap        ] GC(126) PSYoungGen: 2036784K(2065408K)->3808K(2064384K) Eden: 2032640K(2032640K)->0K(2032640K) From: 4144K(32768K)->3808K(31744K)
[791.598s][info ][gc,heap        ] GC(126) ParOldGen: 429769K(491520K)->429961K(491520K)
[791.598s][info ][gc,metaspace   ] GC(126) Metaspace: 80289K(80960K)->80289K(80960K) NonClass: 69374K(69696K)->69374K(69696K) Class: 10915K(11264K)->10915K(11264K)
[791.598s][info ][gc             ] GC(126) Pause Young (Allocation Failure) 2408M->423M(2496M) 4.974ms
[791.598s][info ][gc,cpu         ] GC(126) User=0.01s Sys=0.00s Real=0.00s
[791.598s][info ][safepoint      ] Safepoint "ParallelGCFailedAllocation", Time since last: 1474255456 ns, Reaching safepoint: 112103 ns, At safepoint: 5056612 ns, Total: 5168715 ns
[797.599s][info ][safepoint      ] Safepoint "Cleanup", Time since last: 6000431435 ns, Reaching safepoint: 121603 ns, At safepoint: 10600 ns, Total: 132203 ns
[801.599s][info ][safepoint      ] Safepoint "Cleanup", Time since last: 4000300961 ns, Reaching safepoint: 118403 ns, At safepoint: 10400 ns, Total: 128803 ns
[815.050s][info ][gc,start       ] GC(127) Pause Young (Allocation Failure)
[815.054s][debug][gc,phases      ] GC(127) Scavenge 3.930ms
[815.054s][debug][gc,ref         ] GC(127) Skipped phase 1 of Reference Processing: no references
[815.054s][debug][gc,ref         ] GC(127) Skipped phase 3 of Reference Processing: no references
[815.054s][debug][gc,ref         ] GC(127) Skipped phase 4 of Reference Processing: no references
[815.054s][debug][gc,phases      ] GC(127) Reference Processing 0.026ms
[815.054s][debug][gc,phases      ] GC(127) Weak Processing 0.573ms
[815.054s][debug][gc,age         ] GC(127) Desired survivor size 29360128 bytes, new threshold 15 (max threshold 15)
[815.054s][info ][gc,heap        ] GC(127) PSYoungGen: 2036448K(2064384K)->3776K(2068480K) Eden: 2032640K(2032640K)->0K(2038272K) From: 3808K(31744K)->3776K(30208K)
[815.054s][info ][gc,heap        ] GC(127) ParOldGen: 429961K(491520K)->430101K(491520K)
[815.054s][info ][gc,metaspace   ] GC(127) Metaspace: 80289K(80960K)->80289K(80960K) NonClass: 69374K(69696K)->69374K(69696K) Class: 10915K(11264K)->10915K(11264K)
[815.054s][info ][gc             ] GC(127) Pause Young (Allocation Failure) 2408M->423M(2500M) 4.668ms
[815.054s][info ][gc,cpu         ] GC(127) User=0.02s Sys=0.00s Real=0.01s
[815.054s][info ][safepoint      ] Safepoint "ParallelGCFailedAllocation", Time since last: 13450664023 ns, Reaching safepoint: 50001 ns, At safepoint: 4762006 ns, Total: 4812007 ns
[817.055s][info ][safepoint      ] Safepoint "Cleanup", Time since last: 2000165488 ns, Reaching safepoint: 55701 ns, At safepoint: 5000 ns, Total: 60701 ns
[827.055s][info ][safepoint      ] Safepoint "Cleanup", Time since last: 10000693451 ns, Reaching safepoint: 56501 ns, At safepoint: 4000 ns, Total: 60501 ns
[838.944s][info ][gc,start       ] GC(128) Pause Young (Allocation Failure)
[838.947s][debug][gc,phases      ] GC(128) Scavenge 3.890ms
[838.948s][debug][gc,ref         ] GC(128) Skipped phase 1 of Reference Processing: no references
[838.948s][debug][gc,ref         ] GC(128) Skipped phase 3 of Reference Processing: no references
[838.948s][debug][gc,ref         ] GC(128) Skipped phase 4 of Reference Processing: no references
[838.948s][debug][gc,phases      ] GC(128) Reference Processing 0.023ms
[838.948s][debug][gc,phases      ] GC(128) Weak Processing 0.512ms
[838.948s][debug][gc,age         ] GC(128) Desired survivor size 28311552 bytes, new threshold 15 (max threshold 15)
[838.948s][info ][gc,heap        ] GC(128) PSYoungGen: 2042048K(2068480K)->3904K(2066944K) Eden: 2038272K(2038272K)->0K(2038272K) From: 3776K(30208K)->3904K(28672K)
[838.948s][info ][gc,heap        ] GC(128) ParOldGen: 430101K(491520K)->430181K(491520K)
[838.948s][info ][gc,metaspace   ] GC(128) Metaspace: 80295K(80960K)->80295K(80960K) NonClass: 69380K(69696K)->69380K(69696K) Class: 10915K(11264K)->10915K(11264K)
[838.948s][info ][gc             ] GC(128) Pause Young (Allocation Failure) 2414M->423M(2498M) 4.564ms
[838.948s][info ][gc,cpu         ] GC(128) User=0.02s Sys=0.00s Real=0.00s
[838.948s][info ][safepoint      ] Safepoint "ParallelGCFailedAllocation", Time since last: 11887977852 ns, Reaching safepoint: 119103 ns, At safepoint: 4649003 ns, Total: 4768106 ns
[839.948s][info ][safepoint      ] Safepoint "Cleanup", Time since last: 1000095999 ns, Reaching safepoint: 111003 ns, At safepoint: 5000 ns, Total: 116003 ns
[843.949s][info ][safepoint      ] Safepoint "Cleanup", Time since last: 4000300497 ns, Reaching safepoint: 131803 ns, At safepoint: 7600 ns, Total: 139403 ns
[846.949s][info ][safepoint      ] Safepoint "Cleanup", Time since last: 3000263701 ns, Reaching safepoint: 111503 ns, At safepoint: 13600 ns, Total: 125103 ns
[848.950s][info ][safepoint      ] Safepoint "Cleanup", Time since last: 2000187502 ns, Reaching safepoint: 132703 ns, At safepoint: 6800 ns, Total: 139503 ns
[859.950s][info ][safepoint      ] Safepoint "Cleanup", Time since last: 11000795220 ns, Reaching safepoint: 120102 ns, At safepoint: 7801 ns, Total: 127903 ns
[862.643s][info ][gc,start       ] GC(129) Pause Young (Allocation Failure)
[862.647s][debug][gc,phases      ] GC(129) Scavenge 3.703ms
[862.647s][debug][gc,ref         ] GC(129) Skipped phase 1 of Reference Processing: no references
[862.647s][debug][gc,ref         ] GC(129) Skipped phase 3 of Reference Processing: no references
[862.647s][debug][gc,ref         ] GC(129) Skipped phase 4 of Reference Processing: no references
[862.647s][debug][gc,phases      ] GC(129) Reference Processing 0.036ms
[862.647s][debug][gc,phases      ] GC(129) Weak Processing 0.576ms
[862.647s][debug][gc,age         ] GC(129) Desired survivor size 26738688 bytes, new threshold 15 (max threshold 15)
[862.647s][info ][gc,heap        ] GC(129) PSYoungGen: 2042176K(2066944K)->3888K(2071040K) Eden: 2038272K(2038272K)->0K(2043392K) From: 3904K(28672K)->3888K(27648K)
[862.647s][info ][gc,heap        ] GC(129) ParOldGen: 430181K(491520K)->430258K(491520K)
[862.647s][info ][gc,metaspace   ] GC(129) Metaspace: 80296K(80960K)->80296K(80960K) NonClass: 69381K(69696K)->69381K(69696K) Class: 10915K(11264K)->10915K(11264K)
[862.647s][info ][gc             ] GC(129) Pause Young (Allocation Failure) 2414M->423M(2502M) 4.460ms
[862.647s][info ][gc,cpu         ] GC(129) User=0.01s Sys=0.00s Real=0.00s
[862.647s][info ][safepoint      ] Safepoint "ParallelGCFailedAllocation", Time since last: 2692260541 ns, Reaching safepoint: 120703 ns, At safepoint: 4554801 ns, Total: 4675504 ns
[863.648s][info ][safepoint      ] Safepoint "Cleanup", Time since last: 1000102604 ns, Reaching safepoint: 118303 ns, At safepoint: 9100 ns, Total: 127403 ns
[864.648s][info ][safepoint      ] Safepoint "Cleanup", Time since last: 1000132105 ns, Reaching safepoint: 130103 ns, At safepoint: 6300 ns, Total: 136403 ns
[870.648s][info ][safepoint      ] Safepoint "Cleanup", Time since last: 6000444927 ns, Reaching safepoint: 115102 ns, At safepoint: 10201 ns, Total: 125303 ns
[876.649s][info ][safepoint      ] Safepoint "Cleanup", Time since last: 6000497734 ns, Reaching safepoint: 136303 ns, At safepoint: 6000 ns, Total: 142303 ns
[878.649s][info ][safepoint      ] Safepoint "Cleanup", Time since last: 2000187914 ns, Reaching safepoint: 127803 ns, At safepoint: 9300 ns, Total: 137103 ns
[879.650s][info ][safepoint      ] Safepoint "Cleanup", Time since last: 1000108607 ns, Reaching safepoint: 124903 ns, At safepoint: 9000 ns, Total: 133903 ns
[880.650s][info ][safepoint      ] Safepoint "Cleanup", Time since last: 1000103508 ns, Reaching safepoint: 128903 ns, At safepoint: 13800 ns, Total: 142703 ns
[884.650s][info ][safepoint      ] Safepoint "Cleanup", Time since last: 4000356931 ns, Reaching safepoint: 116202 ns, At safepoint: 32301 ns, Total: 148503 ns
[886.043s][info ][gc,start       ] GC(130) Pause Young (Allocation Failure)
[886.048s][debug][gc,phases      ] GC(130) Scavenge 4.458ms
[886.048s][debug][gc,ref         ] GC(130) Skipped phase 1 of Reference Processing: no references
[886.048s][debug][gc,ref         ] GC(130) Skipped phase 3 of Reference Processing: no references
[886.048s][debug][gc,phases      ] GC(130) Reference Processing 0.025ms
[886.048s][debug][gc,phases      ] GC(130) Weak Processing 0.527ms
[886.048s][debug][gc,age         ] GC(130) Desired survivor size 25165824 bytes, new threshold 15 (max threshold 15)
[886.048s][info ][gc,heap        ] GC(130) PSYoungGen: 2047280K(2071040K)->4160K(2069504K) Eden: 2043392K(2043392K)->0K(2043392K) From: 3888K(27648K)->4160K(26112K)
[886.048s][info ][gc,heap        ] GC(130) ParOldGen: 430258K(491520K)->430338K(491520K)
[886.048s][info ][gc,metaspace   ] GC(130) Metaspace: 80326K(81024K)->80326K(81024K) NonClass: 69410K(69760K)->69410K(69760K) Class: 10916K(11264K)->10916K(11264K)
[886.048s][info ][gc             ] GC(130) Pause Young (Allocation Failure) 2419M->424M(2501M) 5.146ms
[886.048s][info ][gc,cpu         ] GC(130) User=0.02s Sys=0.00s Real=0.00s
[886.048s][info ][safepoint      ] Safepoint "ParallelGCFailedAllocation", Time since last: 1392470461 ns, Reaching safepoint: 104102 ns, At safepoint: 5234017 ns, Total: 5338119 ns
[887.048s][info ][safepoint      ] Safepoint "Cleanup", Time since last: 1000085208 ns, Reaching safepoint: 133803 ns, At safepoint: 11700 ns, Total: 145503 ns
[888.049s][info ][safepoint      ] Safepoint "Cleanup", Time since last: 1000113709 ns, Reaching safepoint: 118003 ns, At safepoint: 12500 ns, Total: 130503 ns
[898.050s][info ][safepoint      ] Safepoint "Cleanup", Time since last: 10000752493 ns, Reaching safepoint: 120202 ns, At safepoint: 8101 ns, Total: 128303 ns
[905.050s][info ][safepoint      ] Safepoint "Cleanup", Time since last: 7000539275 ns, Reaching safepoint: 127303 ns, At safepoint: 7700 ns, Total: 135003 ns
[906.051s][info ][safepoint      ] Safepoint "Cleanup", Time since last: 1000147814 ns, Reaching safepoint: 103102 ns, At safepoint: 6900 ns, Total: 110002 ns
[908.051s][info ][safepoint      ] Safepoint "Cleanup", Time since last: 2000169024 ns, Reaching safepoint: 122303 ns, At safepoint: 11400 ns, Total: 133703 ns
[909.051s][info ][safepoint      ] Safepoint "Cleanup", Time since last: 1000127013 ns, Reaching safepoint: 125803 ns, At safepoint: 13200 ns, Total: 139003 ns
[909.995s][info ][gc,start       ] GC(131) Pause Young (Allocation Failure)
[909.999s][debug][gc,phases      ] GC(131) Scavenge 4.146ms
[909.999s][debug][gc,ref         ] GC(131) Skipped phase 1 of Reference Processing: no references
[909.999s][debug][gc,ref         ] GC(131) Skipped phase 3 of Reference Processing: no references
[909.999s][debug][gc,phases      ] GC(131) Reference Processing 0.025ms
[910.000s][debug][gc,phases      ] GC(131) Weak Processing 0.555ms
[910.000s][debug][gc,age         ] GC(131) Desired survivor size 24117248 bytes, new threshold 15 (max threshold 15)
[910.000s][info ][gc,heap        ] GC(131) PSYoungGen: 2047552K(2069504K)->4352K(2073600K) Eden: 2043392K(2043392K)->0K(2049024K) From: 4160K(26112K)->4352K(24576K)
[910.000s][info ][gc,heap        ] GC(131) ParOldGen: 430338K(491520K)->430410K(491520K)
[910.000s][info ][gc,metaspace   ] GC(131) Metaspace: 80341K(81024K)->80341K(81024K) NonClass: 69422K(69760K)->69422K(69760K) Class: 10918K(11264K)->10918K(11264K)
[910.000s][info ][gc             ] GC(131) Pause Young (Allocation Failure) 2419M->424M(2505M) 4.905ms
[910.000s][info ][gc,cpu         ] GC(131) User=0.02s Sys=0.00s Real=0.00s
[910.000s][info ][safepoint      ] Safepoint "ParallelGCFailedAllocation", Time since last: 943968561 ns, Reaching safepoint: 53801 ns, At safepoint: 4990311 ns, Total: 5044112 ns
[911.000s][info ][safepoint      ] Safepoint "Cleanup", Time since last: 1000095413 ns, Reaching safepoint: 127103 ns, At safepoint: 12800 ns, Total: 139903 ns
[914.001s][info ][safepoint      ] Safepoint "Cleanup", Time since last: 3000266740 ns, Reaching safepoint: 120102 ns, At safepoint: 36701 ns, Total: 156803 ns
[915.001s][info ][safepoint      ] Safepoint "Cleanup", Time since last: 1000120714 ns, Reaching safepoint: 123403 ns, At safepoint: 9200 ns, Total: 132603 ns
[916.001s][info ][safepoint      ] Safepoint "Cleanup", Time since last: 1000113014 ns, Reaching safepoint: 118103 ns, At safepoint: 6200 ns, Total: 124303 ns
[917.001s][info ][safepoint      ] Safepoint "Cleanup", Time since last: 1000111715 ns, Reaching safepoint: 117902 ns, At safepoint: 6200 ns, Total: 124102 ns
[919.002s][info ][safepoint      ] Safepoint "Cleanup", Time since last: 2000164128 ns, Reaching safepoint: 126603 ns, At safepoint: 11500 ns, Total: 138103 ns
[922.002s][info ][safepoint      ] Safepoint "Cleanup", Time since last: 3000254743 ns, Reaching safepoint: 120103 ns, At safepoint: 9300 ns, Total: 129403 ns
[923.443s][info ][safepoint      ] Safepoint "Cleanup", Time since last: 1440387240 ns, Reaching safepoint: 194304 ns, At safepoint: 9200 ns, Total: 203504 ns
[924.729s][info ][safepoint      ] Safepoint "Cleanup", Time since last: 1286027695 ns, Reaching safepoint: 85802 ns, At safepoint: 7300 ns, Total: 93102 ns
[928.729s][info ][safepoint      ] Safepoint "Cleanup", Time since last: 4000249760 ns, Reaching safepoint: 51002 ns, At safepoint: 4800 ns, Total: 55802 ns
[929.729s][info ][safepoint      ] Safepoint "Cleanup", Time since last: 1000108816 ns, Reaching safepoint: 48101 ns, At safepoint: 4000 ns, Total: 52101 ns
[931.093s][info ][gc,start       ] GC(132) Pause Young (Allocation Failure)
[931.098s][debug][gc,phases      ] GC(132) Scavenge 4.652ms
[931.098s][debug][gc,ref         ] GC(132) Skipped phase 1 of Reference Processing: no references
[931.098s][debug][gc,ref         ] GC(132) Skipped phase 3 of Reference Processing: no references
[931.098s][debug][gc,phases      ] GC(132) Reference Processing 0.025ms
[931.099s][debug][gc,phases      ] GC(132) Weak Processing 0.625ms
[931.099s][debug][gc,age         ] GC(132) Desired survivor size 22544384 bytes, new threshold 15 (max threshold 15)
[931.099s][info ][gc,heap        ] GC(132) PSYoungGen: 2053376K(2073600K)->5024K(2072576K) Eden: 2049024K(2049024K)->0K(2049024K) From: 4352K(24576K)->5024K(23552K)
[931.099s][info ][gc,heap        ] GC(132) ParOldGen: 430410K(491520K)->430490K(491520K)
[931.099s][info ][gc,metaspace   ] GC(132) Metaspace: 80350K(81024K)->80350K(81024K) NonClass: 69431K(69760K)->69431K(69760K) Class: 10919K(11264K)->10919K(11264K)
[931.099s][info ][gc             ] GC(132) Pause Young (Allocation Failure) 2425M->425M(2504M) 5.451ms
[931.099s][info ][gc,cpu         ] GC(132) User=0.02s Sys=0.00s Real=0.00s
[931.099s][info ][safepoint      ] Safepoint "ParallelGCFailedAllocation", Time since last: 1363775532 ns, Reaching safepoint: 126303 ns, At safepoint: 5544723 ns, Total: 5671026 ns
[932.099s][info ][safepoint      ] Safepoint "Cleanup", Time since last: 1000133718 ns, Reaching safepoint: 144503 ns, At safepoint: 12900 ns, Total: 157403 ns
[934.099s][info ][safepoint      ] Safepoint "Cleanup", Time since last: 2000196734 ns, Reaching safepoint: 123203 ns, At safepoint: 7100 ns, Total: 130303 ns
[939.100s][info ][safepoint      ] Safepoint "Cleanup", Time since last: 5000385385 ns, Reaching safepoint: 120203 ns, At safepoint: 8000 ns, Total: 128203 ns
[940.100s][info ][safepoint      ] Safepoint "Cleanup", Time since last: 1000112318 ns, Reaching safepoint: 126403 ns, At safepoint: 12700 ns, Total: 139103 ns
[941.100s][info ][safepoint      ] Safepoint "Cleanup", Time since last: 1000119819 ns, Reaching safepoint: 132603 ns, At safepoint: 11000 ns, Total: 143603 ns
[943.101s][info ][safepoint      ] Safepoint "Cleanup", Time since last: 2000198137 ns, Reaching safepoint: 164004 ns, At safepoint: 16600 ns, Total: 180604 ns
[948.101s][info ][safepoint      ] Safepoint "Cleanup", Time since last: 5000336692 ns, Reaching safepoint: 127003 ns, At safepoint: 11200 ns, Total: 138203 ns
[950.102s][info ][safepoint      ] Safepoint "Cleanup", Time since last: 2000187339 ns, Reaching safepoint: 126803 ns, At safepoint: 8700 ns, Total: 135503 ns
[952.102s][info ][safepoint      ] Safepoint "Cleanup", Time since last: 2000185739 ns, Reaching safepoint: 58402 ns, At safepoint: 10400 ns, Total: 68802 ns
[953.102s][info ][safepoint      ] Safepoint "Cleanup", Time since last: 1000120121 ns, Reaching safepoint: 124002 ns, At safepoint: 6100 ns, Total: 130102 ns
[953.285s][info ][gc,start       ] GC(133) Pause Young (Allocation Failure)
[953.290s][debug][gc,phases      ] GC(133) Scavenge 5.042ms
[953.290s][debug][gc,ref         ] GC(133) Skipped phase 1 of Reference Processing: no references
[953.290s][debug][gc,ref         ] GC(133) Skipped phase 3 of Reference Processing: no references
[953.290s][debug][gc,phases      ] GC(133) Reference Processing 0.025ms
[953.291s][debug][gc,phases      ] GC(133) Weak Processing 0.515ms
[953.291s][debug][gc,age         ] GC(133) Desired survivor size 20971520 bytes, new threshold 15 (max threshold 15)
[953.291s][info ][gc,heap        ] GC(133) PSYoungGen: 2054045K(2072576K)->5632K(2076672K) Eden: 2049021K(2049024K)->0K(2054656K) From: 5024K(23552K)->5632K(22016K)
[953.291s][info ][gc,heap        ] GC(133) ParOldGen: 430490K(491520K)->430598K(491520K)
[953.291s][info ][gc,metaspace   ] GC(133) Metaspace: 80354K(81024K)->80354K(81024K) NonClass: 69435K(69760K)->69435K(69760K) Class: 10919K(11264K)->10919K(11264K)
[953.291s][info ][gc             ] GC(133) Pause Young (Allocation Failure) 2426M->426M(2508M) 5.725ms
[953.291s][info ][gc,cpu         ] GC(133) User=0.02s Sys=0.00s Real=0.01s
[953.291s][info ][safepoint      ] Safepoint "ParallelGCFailedAllocation", Time since last: 183006085 ns, Reaching safepoint: 112302 ns, At safepoint: 5811030 ns, Total: 5923332 ns
[954.291s][info ][safepoint      ] Safepoint "Cleanup", Time since last: 1000097720 ns, Reaching safepoint: 60502 ns, At safepoint: 11300 ns, Total: 71802 ns
[955.291s][info ][safepoint      ] Safepoint "Cleanup", Time since last: 1000118821 ns, Reaching safepoint: 131203 ns, At safepoint: 7900 ns, Total: 139103 ns
[958.292s][info ][safepoint      ] Safepoint "Cleanup", Time since last: 3000252662 ns, Reaching safepoint: 127102 ns, At safepoint: 13201 ns, Total: 140303 ns
[960.292s][info ][safepoint      ] Safepoint "Cleanup", Time since last: 2000178042 ns, Reaching safepoint: 121103 ns, At safepoint: 8300 ns, Total: 129403 ns
[967.293s][info ][safepoint      ] Safepoint "Cleanup", Time since last: 7000482949 ns, Reaching safepoint: 129703 ns, At safepoint: 8700 ns, Total: 138403 ns
[976.293s][info ][gc,start       ] GC(134) Pause Young (Allocation Failure)
[976.297s][debug][gc,phases      ] GC(134) Scavenge 4.283ms
[976.297s][debug][gc,ref         ] GC(134) Skipped phase 1 of Reference Processing: no references
[976.297s][debug][gc,ref         ] GC(134) Skipped phase 3 of Reference Processing: no references
[976.297s][debug][gc,phases      ] GC(134) Reference Processing 0.043ms
[976.298s][debug][gc,phases      ] GC(134) Weak Processing 0.566ms
[976.298s][debug][gc,age         ] GC(134) Desired survivor size 19922944 bytes, new threshold 15 (max threshold 15)
[976.298s][info ][gc,heap        ] GC(134) PSYoungGen: 2060288K(2076672K)->5392K(2075136K) Eden: 2054656K(2054656K)->0K(2054656K) From: 5632K(22016K)->5392K(20480K)
[976.298s][info ][gc,heap        ] GC(134) ParOldGen: 430598K(491520K)->430746K(491520K)
[976.298s][info ][gc,metaspace   ] GC(134) Metaspace: 80362K(81024K)->80362K(81024K) NonClass: 69442K(69760K)->69442K(69760K) Class: 10920K(11264K)->10920K(11264K)
[976.298s][info ][gc             ] GC(134) Pause Young (Allocation Failure) 2432M->425M(2506M) 5.028ms
[976.298s][info ][gc,cpu         ] GC(134) User=0.02s Sys=0.00s Real=0.00s
[976.298s][info ][safepoint      ] Safepoint "ParallelGCFailedAllocation", Time since last: 9000086592 ns, Reaching safepoint: 133403 ns, At safepoint: 5120814 ns, Total: 5254217 ns
[984.299s][info ][safepoint      ] Safepoint "Cleanup", Time since last: 8000611593 ns, Reaching safepoint: 133403 ns, At safepoint: 12500 ns, Total: 145903 ns
[992.300s][info ][safepoint      ] Safepoint "Cleanup", Time since last: 8000625603 ns, Reaching safepoint: 136303 ns, At safepoint: 10200 ns, Total: 146503 ns
[993.300s][info ][safepoint      ] Safepoint "Cleanup", Time since last: 1000110727 ns, Reaching safepoint: 121803 ns, At safepoint: 8400 ns, Total: 130203 ns
[998.300s][info ][safepoint      ] Safepoint "Cleanup", Time since last: 5000322431 ns, Reaching safepoint: 130103 ns, At safepoint: 7800 ns, Total: 137903 ns
[1001.250s][info ][gc,start       ] GC(135) Pause Young (Allocation Failure)
[1001.254s][debug][gc,phases      ] GC(135) Scavenge 4.501ms
[1001.254s][debug][gc,ref         ] GC(135) Skipped phase 1 of Reference Processing: no references
[1001.254s][debug][gc,ref         ] GC(135) Skipped phase 3 of Reference Processing: no references
[1001.254s][debug][gc,phases      ] GC(135) Reference Processing 0.026ms
[1001.255s][debug][gc,phases      ] GC(135) Weak Processing 0.560ms
[1001.255s][debug][gc,age         ] GC(135) Desired survivor size 18874368 bytes, new threshold 15 (max threshold 15)
[1001.255s][info ][gc,heap        ] GC(135) PSYoungGen: 2060048K(2075136K)->5472K(2078720K) Eden: 2054656K(2054656K)->0K(2059264K) From: 5392K(20480K)->5472K(19456K)
[1001.255s][info ][gc,heap        ] GC(135) ParOldGen: 430746K(491520K)->430882K(491520K)
[1001.255s][info ][gc,metaspace   ] GC(135) Metaspace: 80391K(81088K)->80391K(81088K) NonClass: 69465K(69824K)->69465K(69824K) Class: 10925K(11264K)->10925K(11264K)
[1001.255s][info ][gc             ] GC(135) Pause Young (Allocation Failure) 2432M->426M(2510M) 5.229ms
[1001.255s][info ][gc,cpu         ] GC(135) User=0.02s Sys=0.00s Real=0.01s
[1001.255s][info ][safepoint      ] Safepoint "ParallelGCFailedAllocation", Time since last: 2949066939 ns, Reaching safepoint: 68302 ns, At safepoint: 5313419 ns, Total: 5381721 ns
[1002.255s][info ][safepoint      ] Safepoint "Cleanup", Time since last: 1000087027 ns, Reaching safepoint: 113303 ns, At safepoint: 11400 ns, Total: 124703 ns
[1005.255s][info ][safepoint      ] Safepoint "Cleanup", Time since last: 3000243783 ns, Reaching safepoint: 58002 ns, At safepoint: 8400 ns, Total: 66402 ns
[1008.256s][info ][safepoint      ] Safepoint "Cleanup", Time since last: 3000239684 ns, Reaching safepoint: 50902 ns, At safepoint: 3100 ns, Total: 54002 ns
[1015.256s][info ][safepoint      ] Safepoint "Cleanup", Time since last: 7000521601 ns, Reaching safepoint: 54302 ns, At safepoint: 9800 ns, Total: 64102 ns
[1016.256s][info ][safepoint      ] Safepoint "Cleanup", Time since last: 1000114230 ns, Reaching safepoint: 43301 ns, At safepoint: 3700 ns, Total: 47001 ns
[1019.257s][info ][safepoint      ] Safepoint "Cleanup", Time since last: 3000260090 ns, Reaching safepoint: 53601 ns, At safepoint: 3300 ns, Total: 56901 ns
[1020.257s][info ][safepoint      ] Safepoint "Cleanup", Time since last: 1000106331 ns, Reaching safepoint: 54701 ns, At safepoint: 12500 ns, Total: 67201 ns
[1021.257s][info ][safepoint      ] Safepoint "Cleanup", Time since last: 1000126332 ns, Reaching safepoint: 55101 ns, At safepoint: 8600 ns, Total: 63701 ns
[1024.257s][info ][safepoint      ] Safepoint "Cleanup", Time since last: 3000248392 ns, Reaching safepoint: 53601 ns, At safepoint: 4000 ns, Total: 57601 ns
[1025.302s][info ][gc,start       ] GC(136) Pause Young (Allocation Failure)
[1025.307s][debug][gc,phases      ] GC(136) Scavenge 4.728ms
[1025.307s][debug][gc,ref         ] GC(136) Skipped phase 1 of Reference Processing: no references
[1025.307s][debug][gc,ref         ] GC(136) Skipped phase 3 of Reference Processing: no references
[1025.307s][debug][gc,phases      ] GC(136) Reference Processing 0.023ms
[1025.308s][debug][gc,phases      ] GC(136) Weak Processing 0.546ms
[1025.308s][debug][gc,age         ] GC(136) Desired survivor size 17825792 bytes, new threshold 15 (max threshold 15)
[1025.308s][info ][gc,heap        ] GC(136) PSYoungGen: 2064736K(2078720K)->5456K(2077696K) Eden: 2059264K(2059264K)->0K(2059264K) From: 5472K(19456K)->5456K(18432K)
[1025.308s][info ][gc,heap        ] GC(136) ParOldGen: 430882K(491520K)->431018K(491520K)
[1025.308s][info ][gc,metaspace   ] GC(136) Metaspace: 80396K(81088K)->80396K(81088K) NonClass: 69470K(69824K)->69470K(69824K) Class: 10925K(11264K)->10925K(11264K)
[1025.308s][info ][gc             ] GC(136) Pause Young (Allocation Failure) 2437M->426M(2509M) 5.430ms
[1025.308s][info ][gc,cpu         ] GC(136) User=0.02s Sys=0.00s Real=0.00s
[1025.308s][info ][safepoint      ] Safepoint "ParallelGCFailedAllocation", Time since last: 1045001334 ns, Reaching safepoint: 29201 ns, At safepoint: 5517923 ns, Total: 5547124 ns
[1026.308s][info ][safepoint      ] Safepoint "Cleanup", Time since last: 1000093731 ns, Reaching safepoint: 48801 ns, At safepoint: 4601 ns, Total: 53402 ns
[1031.309s][info ][safepoint      ] Safepoint "Cleanup", Time since last: 5000396756 ns, Reaching safepoint: 57902 ns, At safepoint: 9600 ns, Total: 67502 ns
[1034.309s][info ][safepoint      ] Safepoint "Cleanup", Time since last: 3000238896 ns, Reaching safepoint: 52001 ns, At safepoint: 19500 ns, Total: 71501 ns
[1039.309s][info ][safepoint      ] Safepoint "Cleanup", Time since last: 5000373563 ns, Reaching safepoint: 55501 ns, At safepoint: 5400 ns, Total: 60901 ns
[1049.250s][info ][gc,start       ] GC(137) Pause Young (Allocation Failure)
[1049.255s][debug][gc,phases      ] GC(137) Scavenge 5.438ms
[1049.256s][debug][gc,ref         ] GC(137) Skipped phase 1 of Reference Processing: no references
[1049.256s][debug][gc,ref         ] GC(137) Skipped phase 3 of Reference Processing: no references
[1049.256s][debug][gc,phases      ] GC(137) Reference Processing 0.024ms
[1049.256s][debug][gc,phases      ] GC(137) Weak Processing 0.542ms
[1049.256s][debug][gc,age         ] GC(137) Desired survivor size 16777216 bytes, new threshold 15 (max threshold 15)
[1049.256s][info ][gc,heap        ] GC(137) PSYoungGen: 2064720K(2077696K)->5312K(2080768K) Eden: 2059264K(2059264K)->0K(2063360K) From: 5456K(18432K)->5312K(17408K)
[1049.256s][info ][gc,heap        ] GC(137) ParOldGen: 431018K(491520K)->431098K(491520K)
[1049.256s][info ][gc,metaspace   ] GC(137) Metaspace: 80397K(81088K)->80397K(81088K) NonClass: 69471K(69824K)->69471K(69824K) Class: 10925K(11264K)->10925K(11264K)
[1049.256s][info ][gc             ] GC(137) Pause Young (Allocation Failure) 2437M->426M(2512M) 6.161ms
[1049.256s][info ][gc,cpu         ] GC(137) User=0.02s Sys=0.00s Real=0.01s
[1049.256s][info ][safepoint      ] Safepoint "ParallelGCFailedAllocation", Time since last: 9940609991 ns, Reaching safepoint: 53602 ns, At safepoint: 6249639 ns, Total: 6303241 ns
[1050.256s][info ][safepoint      ] Safepoint "Cleanup", Time since last: 1000093135 ns, Reaching safepoint: 55401 ns, At safepoint: 8800 ns, Total: 64201 ns
[1052.257s][info ][safepoint      ] Safepoint "Cleanup", Time since last: 2000168269 ns, Reaching safepoint: 51202 ns, At safepoint: 3400 ns, Total: 54602 ns
[1053.257s][info ][safepoint      ] Safepoint "Cleanup", Time since last: 1000130935 ns, Reaching safepoint: 64602 ns, At safepoint: 6600 ns, Total: 71202 ns
[1054.257s][info ][safepoint      ] Safepoint "Cleanup", Time since last: 1000119836 ns, Reaching safepoint: 55201 ns, At safepoint: 4600 ns, Total: 59801 ns
[1055.257s][info ][safepoint      ] Safepoint "Cleanup", Time since last: 1000079635 ns, Reaching safepoint: 70202 ns, At safepoint: 9300 ns, Total: 79502 ns
[1056.257s][info ][safepoint      ] Safepoint "Cleanup", Time since last: 1000072235 ns, Reaching safepoint: 55201 ns, At safepoint: 3300 ns, Total: 58501 ns
[1062.258s][info ][safepoint      ] Safepoint "Cleanup", Time since last: 6000447513 ns, Reaching safepoint: 62601 ns, At safepoint: 10901 ns, Total: 73502 ns
[1069.258s][info ][safepoint      ] Safepoint "Cleanup", Time since last: 7000516854 ns, Reaching safepoint: 48501 ns, At safepoint: 4900 ns, Total: 53401 ns
[1070.258s][info ][safepoint      ] Safepoint "Cleanup", Time since last: 1000106938 ns, Reaching safepoint: 48301 ns, At safepoint: 7500 ns, Total: 55801 ns
[1071.259s][info ][safepoint      ] Safepoint "Cleanup", Time since last: 1000108238 ns, Reaching safepoint: 56301 ns, At safepoint: 3500 ns, Total: 59801 ns
[1072.436s][info ][gc,start       ] GC(138) Pause Young (Allocation Failure)
[1072.440s][debug][gc,phases      ] GC(138) Scavenge 4.359ms
[1072.440s][debug][gc,ref         ] GC(138) Skipped phase 1 of Reference Processing: no references
[1072.440s][debug][gc,ref         ] GC(138) Skipped phase 3 of Reference Processing: no references
[1072.440s][debug][gc,phases      ] GC(138) Reference Processing 0.024ms
[1072.441s][debug][gc,phases      ] GC(138) Weak Processing 0.587ms
[1072.441s][debug][gc,age         ] GC(138) Desired survivor size 15728640 bytes, new threshold 15 (max threshold 15)
[1072.441s][info ][gc,heap        ] GC(138) PSYoungGen: 2068672K(2080768K)->5456K(2079744K) Eden: 2063360K(2063360K)->0K(2063360K) From: 5312K(17408K)->5456K(16384K)
[1072.441s][info ][gc,heap        ] GC(138) ParOldGen: 431098K(491520K)->431178K(491520K)
[1072.441s][info ][gc,metaspace   ] GC(138) Metaspace: 80413K(81088K)->80413K(81088K) NonClass: 69485K(69824K)->69485K(69824K) Class: 10928K(11264K)->10928K(11264K)
[1072.441s][info ][gc             ] GC(138) Pause Young (Allocation Failure) 2441M->426M(2511M) 5.128ms
[1072.441s][info ][gc,cpu         ] GC(138) User=0.02s Sys=0.00s Real=0.00s
[1072.441s][info ][safepoint      ] Safepoint "ParallelGCFailedAllocation", Time since last: 1177106191 ns, Reaching safepoint: 31801 ns, At safepoint: 5249817 ns, Total: 5281618 ns
[1078.442s][info ][safepoint      ] Safepoint "Cleanup", Time since last: 6000434425 ns, Reaching safepoint: 123403 ns, At safepoint: 9100 ns, Total: 132503 ns
[1080.442s][info ][safepoint      ] Safepoint "Cleanup", Time since last: 2000190778 ns, Reaching safepoint: 123802 ns, At safepoint: 7601 ns, Total: 131403 ns
[1087.443s][info ][safepoint      ] Safepoint "Cleanup", Time since last: 7000534471 ns, Reaching safepoint: 119902 ns, At safepoint: 18001 ns, Total: 137903 ns
[1088.443s][info ][safepoint      ] Safepoint "Cleanup", Time since last: 1000125740 ns, Reaching safepoint: 133203 ns, At safepoint: 9300 ns, Total: 142503 ns
[1095.965s][info ][gc,start       ] GC(139) Pause Young (Allocation Failure)
[1095.970s][debug][gc,phases      ] GC(139) Scavenge 4.609ms
[1095.970s][debug][gc,ref         ] GC(139) Skipped phase 1 of Reference Processing: no references
[1095.970s][debug][gc,ref         ] GC(139) Skipped phase 3 of Reference Processing: no references
[1095.970s][debug][gc,phases      ] GC(139) Reference Processing 0.024ms
[1095.971s][debug][gc,phases      ] GC(139) Weak Processing 0.596ms
[1095.971s][debug][gc,age         ] GC(139) Desired survivor size 14680064 bytes, new threshold 15 (max threshold 15)
[1095.971s][info ][gc,heap        ] GC(139) PSYoungGen: 2068816K(2079744K)->5408K(2082816K) Eden: 2063360K(2063360K)->0K(2067456K) From: 5456K(16384K)->5408K(15360K)
[1095.971s][info ][gc,heap        ] GC(139) ParOldGen: 431178K(491520K)->431298K(491520K)
[1095.971s][info ][gc,metaspace   ] GC(139) Metaspace: 80420K(81088K)->80420K(81088K) NonClass: 69491K(69824K)->69491K(69824K) Class: 10928K(11264K)->10928K(11264K)
[1095.971s][info ][gc             ] GC(139) Pause Young (Allocation Failure) 2441M->426M(2514M) 5.394ms
[1095.971s][info ][gc,cpu         ] GC(139) User=0.02s Sys=0.00s Real=0.01s
[1095.971s][info ][safepoint      ] Safepoint "ParallelGCFailedAllocation", Time since last: 7522316434 ns, Reaching safepoint: 45601 ns, At safepoint: 5482723 ns, Total: 5528324 ns
[1107.972s][info ][safepoint      ] Safepoint "Cleanup", Time since last: 12000791389 ns, Reaching safepoint: 50801 ns, At safepoint: 14100 ns, Total: 64901 ns
[1114.972s][info ][safepoint      ] Safepoint "Cleanup", Time since last: 7000418693 ns, Reaching safepoint: 49701 ns, At safepoint: 3700 ns, Total: 53401 ns
[1120.292s][info ][gc,start       ] GC(140) Pause Young (Allocation Failure)
[1120.296s][debug][gc,phases      ] GC(140) Scavenge 4.316ms
[1120.296s][debug][gc,ref         ] GC(140) Skipped phase 1 of Reference Processing: no references
[1120.296s][debug][gc,ref         ] GC(140) Skipped phase 3 of Reference Processing: no references
[1120.296s][debug][gc,ref         ] GC(140) Skipped phase 4 of Reference Processing: no references
[1120.296s][debug][gc,phases      ] GC(140) Reference Processing 0.025ms
[1120.297s][debug][gc,phases      ] GC(140) Weak Processing 0.570ms
[1120.297s][debug][gc,age         ] GC(140) Desired survivor size 14155776 bytes, new threshold 15 (max threshold 15)
[1120.297s][info ][gc,heap        ] GC(140) PSYoungGen: 2072864K(2082816K)->5328K(2081792K) Eden: 2067456K(2067456K)->0K(2067456K) From: 5408K(15360K)->5328K(14336K)
[1120.297s][info ][gc,heap        ] GC(140) ParOldGen: 431298K(491520K)->431366K(491520K)
[1120.297s][info ][gc,metaspace   ] GC(140) Metaspace: 80425K(81088K)->80425K(81088K) NonClass: 69496K(69824K)->69496K(69824K) Class: 10928K(11264K)->10928K(11264K)
[1120.297s][info ][gc             ] GC(140) Pause Young (Allocation Failure) 2445M->426M(2513M) 5.050ms
[1120.297s][info ][gc,cpu         ] GC(140) User=0.02s Sys=0.00s Real=0.00s
[1120.297s][info ][safepoint      ] Safepoint "ParallelGCFailedAllocation", Time since last: 5319524644 ns, Reaching safepoint: 37101 ns, At safepoint: 5134415 ns, Total: 5171516 ns
[1144.519s][info ][gc,start       ] GC(141) Pause Young (Allocation Failure)
[1144.523s][debug][gc,phases      ] GC(141) Scavenge 3.764ms
[1144.523s][debug][gc,ref         ] GC(141) Skipped phase 1 of Reference Processing: no references
[1144.523s][debug][gc,ref         ] GC(141) Skipped phase 3 of Reference Processing: no references
[1144.523s][debug][gc,ref         ] GC(141) Skipped phase 4 of Reference Processing: no references
[1144.523s][debug][gc,phases      ] GC(141) Reference Processing 0.025ms
[1144.524s][debug][gc,phases      ] GC(141) Weak Processing 0.574ms
[1144.524s][debug][gc,age         ] GC(141) Desired survivor size 13631488 bytes, new threshold 15 (max threshold 15)
[1144.524s][info ][gc,heap        ] GC(141) PSYoungGen: 2072784K(2081792K)->5136K(2083840K) Eden: 2067456K(2067456K)->0K(2070016K) From: 5328K(14336K)->5136K(13824K)
[1144.524s][info ][gc,heap        ] GC(141) ParOldGen: 431366K(491520K)->431454K(491520K)
[1144.524s][info ][gc,metaspace   ] GC(141) Metaspace: 80427K(81088K)->80427K(81088K) NonClass: 69499K(69824K)->69499K(69824K) Class: 10928K(11264K)->10928K(11264K)
[1144.524s][info ][gc             ] GC(141) Pause Young (Allocation Failure) 2445M->426M(2515M) 4.536ms
[1144.524s][info ][gc,cpu         ] GC(141) User=0.01s Sys=0.00s Real=0.01s
[1144.524s][info ][safepoint      ] Safepoint "ParallelGCFailedAllocation", Time since last: 24222643904 ns, Reaching safepoint: 45401 ns, At safepoint: 4617503 ns, Total: 4662904 ns
[1153.525s][info ][safepoint      ] Safepoint "Cleanup", Time since last: 9000559916 ns, Reaching safepoint: 51201 ns, At safepoint: 6700 ns, Total: 57901 ns
[1158.525s][info ][safepoint      ] Safepoint "Cleanup", Time since last: 5000386237 ns, Reaching safepoint: 54301 ns, At safepoint: 21101 ns, Total: 75402 ns
[1163.526s][info ][safepoint      ] Safepoint "Cleanup", Time since last: 5000349538 ns, Reaching safepoint: 61302 ns, At safepoint: 9400 ns, Total: 70702 ns
[1165.526s][info ][safepoint      ] Safepoint "Cleanup", Time since last: 2000138596 ns, Reaching safepoint: 52501 ns, At safepoint: 4100 ns, Total: 56601 ns
[1169.293s][info ][gc,start       ] GC(142) Pause Young (Allocation Failure)
[1169.297s][debug][gc,phases      ] GC(142) Scavenge 4.376ms
[1169.298s][debug][gc,ref         ] GC(142) Skipped phase 1 of Reference Processing: no references
[1169.298s][debug][gc,ref         ] GC(142) Skipped phase 3 of Reference Processing: no references
[1169.298s][debug][gc,ref         ] GC(142) Skipped phase 4 of Reference Processing: no references
[1169.298s][debug][gc,phases      ] GC(142) Reference Processing 0.025ms
[1169.298s][debug][gc,phases      ] GC(142) Weak Processing 0.547ms
[1169.298s][debug][gc,age         ] GC(142) Desired survivor size 12582912 bytes, new threshold 15 (max threshold 15)
[1169.298s][info ][gc,heap        ] GC(142) PSYoungGen: 2075152K(2083840K)->5280K(2083328K) Eden: 2070016K(2070016K)->0K(2070016K) From: 5136K(13824K)->5280K(13312K)
[1169.298s][info ][gc,heap        ] GC(142) ParOldGen: 431454K(491520K)->431510K(491520K)
[1169.298s][info ][gc,metaspace   ] GC(142) Metaspace: 80428K(81088K)->80428K(81088K) NonClass: 69500K(69824K)->69500K(69824K) Class: 10928K(11264K)->10928K(11264K)
[1169.298s][info ][gc             ] GC(142) Pause Young (Allocation Failure) 2447M->426M(2514M) 5.084ms
[1169.298s][info ][gc,cpu         ] GC(142) User=0.02s Sys=0.00s Real=0.00s
[1169.298s][info ][safepoint      ] Safepoint "ParallelGCFailedAllocation", Time since last: 3767156684 ns, Reaching safepoint: 108603 ns, At safepoint: 5172115 ns, Total: 5280718 ns
[1193.792s][info ][gc,start       ] GC(143) Pause Young (Allocation Failure)
[1193.797s][debug][gc,phases      ] GC(143) Scavenge 5.056ms
[1193.798s][debug][gc,ref         ] GC(143) Skipped phase 1 of Reference Processing: no references
[1193.798s][debug][gc,ref         ] GC(143) Skipped phase 3 of Reference Processing: no references
[1193.798s][debug][gc,ref         ] GC(143) Skipped phase 4 of Reference Processing: no references
[1193.798s][debug][gc,phases      ] GC(143) Reference Processing 0.027ms
[1193.798s][debug][gc,phases      ] GC(143) Weak Processing 0.573ms
[1193.798s][debug][gc,age         ] GC(143) Desired survivor size 12058624 bytes, new threshold 15 (max threshold 15)
[1193.798s][info ][gc,heap        ] GC(143) PSYoungGen: 2075296K(2083328K)->5328K(2085376K) Eden: 2070016K(2070016K)->0K(2073088K) From: 5280K(13312K)->5328K(12288K)
[1193.798s][info ][gc,heap        ] GC(143) ParOldGen: 431510K(491520K)->431614K(491520K)
[1193.798s][info ][gc,metaspace   ] GC(143) Metaspace: 80429K(81088K)->80429K(81088K) NonClass: 69501K(69824K)->69501K(69824K) Class: 10928K(11264K)->10928K(11264K)
[1193.798s][info ][gc             ] GC(143) Pause Young (Allocation Failure) 2448M->426M(2516M) 5.791ms
[1193.798s][info ][gc,cpu         ] GC(143) User=0.02s Sys=0.00s Real=0.00s
[1193.798s][info ][safepoint      ] Safepoint "ParallelGCFailedAllocation", Time since last: 24494075202 ns, Reaching safepoint: 35501 ns, At safepoint: 5905232 ns, Total: 5940733 ns
[1202.799s][info ][safepoint      ] Safepoint "Cleanup", Time since last: 9000606164 ns, Reaching safepoint: 118202 ns, At safepoint: 7201 ns, Total: 125403 ns
[1219.248s][info ][gc,start       ] GC(144) Pause Young (Allocation Failure)
[1219.252s][debug][gc,phases      ] GC(144) Scavenge 3.906ms
[1219.252s][debug][gc,ref         ] GC(144) Skipped phase 1 of Reference Processing: no references
[1219.252s][debug][gc,ref         ] GC(144) Skipped phase 3 of Reference Processing: no references
[1219.252s][debug][gc,ref         ] GC(144) Skipped phase 4 of Reference Processing: no references
[1219.252s][debug][gc,phases      ] GC(144) Reference Processing 0.024ms
[1219.252s][debug][gc,phases      ] GC(144) Weak Processing 0.536ms
[1219.252s][debug][gc,age         ] GC(144) Desired survivor size 11534336 bytes, new threshold 15 (max threshold 15)
[1219.252s][info ][gc,heap        ] GC(144) PSYoungGen: 2078416K(2085376K)->5056K(2084864K) Eden: 2073088K(2073088K)->0K(2073088K) From: 5328K(12288K)->5056K(11776K)
[1219.252s][info ][gc,heap        ] GC(144) ParOldGen: 431614K(491520K)->431754K(491520K)
[1219.252s][info ][gc,metaspace   ] GC(144) Metaspace: 80429K(81088K)->80429K(81088K) NonClass: 69501K(69824K)->69501K(69824K) Class: 10928K(11264K)->10928K(11264K)
[1219.252s][info ][gc             ] GC(144) Pause Young (Allocation Failure) 2451M->426M(2516M) 4.614ms
[1219.252s][info ][gc,cpu         ] GC(144) User=0.01s Sys=0.00s Real=0.01s
[1219.252s][info ][safepoint      ] Safepoint "ParallelGCFailedAllocation", Time since last: 16448795652 ns, Reaching safepoint: 53502 ns, At safepoint: 4703005 ns, Total: 4756507 ns
[1222.253s][info ][safepoint      ] Safepoint "Cleanup", Time since last: 3000225962 ns, Reaching safepoint: 120902 ns, At safepoint: 6401 ns, Total: 127303 ns
[1224.253s][info ][safepoint      ] Safepoint "Cleanup", Time since last: 2000175109 ns, Reaching safepoint: 85001 ns, At safepoint: 11001 ns, Total: 96002 ns
[1234.254s][info ][safepoint      ] Safepoint "Cleanup", Time since last: 10000680246 ns, Reaching safepoint: 56901 ns, At safepoint: 9101 ns, Total: 66002 ns
[1236.254s][info ][safepoint      ] Safepoint "Cleanup", Time since last: 2000175511 ns, Reaching safepoint: 48401 ns, At safepoint: 6500 ns, Total: 54901 ns
[1237.254s][info ][safepoint      ] Safepoint "Cleanup", Time since last: 1000108456 ns, Reaching safepoint: 126403 ns, At safepoint: 12801 ns, Total: 139204 ns
[1238.254s][info ][safepoint      ] Safepoint "Cleanup", Time since last: 1000104656 ns, Reaching safepoint: 49101 ns, At safepoint: 6500 ns, Total: 55601 ns
[1242.255s][info ][safepoint      ] Safepoint "Cleanup", Time since last: 4000288623 ns, Reaching safepoint: 53501 ns, At safepoint: 10901 ns, Total: 64402 ns
[1242.293s][info ][gc,start       ] GC(145) Pause Young (Allocation Failure)
[1242.297s][debug][gc,phases      ] GC(145) Scavenge 4.204ms
[1242.297s][debug][gc,ref         ] GC(145) Skipped phase 1 of Reference Processing: no references
[1242.297s][debug][gc,ref         ] GC(145) Skipped phase 3 of Reference Processing: no references
[1242.297s][debug][gc,phases      ] GC(145) Reference Processing 0.025ms
[1242.298s][debug][gc,phases      ] GC(145) Weak Processing 0.525ms
[1242.298s][debug][gc,age         ] GC(145) Desired survivor size 11534336 bytes, new threshold 15 (max threshold 15)
[1242.298s][info ][gc,heap        ] GC(145) PSYoungGen: 2078144K(2084864K)->4448K(2085888K) Eden: 2073088K(2073088K)->0K(2074624K) From: 5056K(11776K)->4448K(11264K)
[1242.298s][info ][gc,heap        ] GC(145) ParOldGen: 431754K(491520K)->431834K(491520K)
[1242.298s][info ][gc,metaspace   ] GC(145) Metaspace: 80439K(81152K)->80439K(81152K) NonClass: 69510K(69888K)->69510K(69888K) Class: 10929K(11264K)->10929K(11264K)
[1242.298s][info ][gc             ] GC(145) Pause Young (Allocation Failure) 2451M->426M(2517M) 4.889ms
[1242.298s][info ][gc,cpu         ] GC(145) User=0.01s Sys=0.00s Real=0.00s
[1242.298s][info ][safepoint      ] Safepoint "ParallelGCFailedAllocation", Time since last: 37679142 ns, Reaching safepoint: 117103 ns, At safepoint: 4974511 ns, Total: 5091614 ns
[1267.146s][info ][gc,start       ] GC(146) Pause Young (Allocation Failure)
[1267.150s][debug][gc,phases      ] GC(146) Scavenge 4.038ms
[1267.150s][debug][gc,ref         ] GC(146) Skipped phase 1 of Reference Processing: no references
[1267.150s][debug][gc,ref         ] GC(146) Skipped phase 3 of Reference Processing: no references
[1267.150s][debug][gc,phases      ] GC(146) Reference Processing 0.031ms
[1267.151s][debug][gc,phases      ] GC(146) Weak Processing 0.514ms
[1267.151s][debug][gc,age         ] GC(146) Desired survivor size 11010048 bytes, new threshold 15 (max threshold 15)
[1267.151s][info ][gc,heap        ] GC(146) PSYoungGen: 2079072K(2085888K)->4416K(2085888K) Eden: 2074624K(2074624K)->0K(2074624K) From: 4448K(11264K)->4416K(11264K)
[1267.151s][info ][gc,heap        ] GC(146) ParOldGen: 431834K(491520K)->431922K(491520K)
[1267.151s][info ][gc,metaspace   ] GC(146) Metaspace: 80444K(81152K)->80444K(81152K) NonClass: 69513K(69888K)->69513K(69888K) Class: 10930K(11264K)->10930K(11264K)
[1267.151s][info ][gc             ] GC(146) Pause Young (Allocation Failure) 2452M->426M(2517M) 4.731ms
[1267.151s][info ][gc,cpu         ] GC(146) User=0.02s Sys=0.00s Real=0.01s
[1267.151s][info ][safepoint      ] Safepoint "ParallelGCFailedAllocation", Time since last: 24848560002 ns, Reaching safepoint: 121103 ns, At safepoint: 4821807 ns, Total: 4942910 ns
[1278.152s][info ][safepoint      ] Safepoint "Cleanup", Time since last: 11000672544 ns, Reaching safepoint: 134503 ns, At safepoint: 8100 ns, Total: 142603 ns
[1282.152s][info ][safepoint      ] Safepoint "Cleanup", Time since last: 4000288537 ns, Reaching safepoint: 130103 ns, At safepoint: 16501 ns, Total: 146604 ns
[1283.153s][info ][safepoint      ] Safepoint "Cleanup", Time since last: 1000111160 ns, Reaching safepoint: 47201 ns, At safepoint: 4300 ns, Total: 51501 ns
[1287.153s][info ][safepoint      ] Safepoint "Cleanup", Time since last: 4000298940 ns, Reaching safepoint: 39301 ns, At safepoint: 4100 ns, Total: 43401 ns
[1292.493s][info ][gc,start       ] GC(147) Pause Young (Allocation Failure)
[1292.497s][debug][gc,phases      ] GC(147) Scavenge 4.321ms
[1292.497s][debug][gc,ref         ] GC(147) Skipped phase 1 of Reference Processing: no references
[1292.497s][debug][gc,ref         ] GC(147) Skipped phase 3 of Reference Processing: no references
[1292.497s][debug][gc,phases      ] GC(147) Reference Processing 0.023ms
[1292.498s][debug][gc,phases      ] GC(147) Weak Processing 0.564ms
[1292.498s][debug][gc,age         ] GC(147) Desired survivor size 10485760 bytes, new threshold 15 (max threshold 15)
[1292.498s][info ][gc,heap        ] GC(147) PSYoungGen: 2079040K(2085888K)->4240K(2086912K) Eden: 2074624K(2074624K)->0K(2076160K) From: 4416K(11264K)->4240K(10752K)
[1292.498s][info ][gc,heap        ] GC(147) ParOldGen: 431922K(491520K)->432338K(491520K)
[1292.498s][info ][gc,metaspace   ] GC(147) Metaspace: 80444K(81152K)->80444K(81152K) NonClass: 69513K(69888K)->69513K(69888K) Class: 10930K(11264K)->10930K(11264K)
[1292.498s][info ][gc             ] GC(147) Pause Young (Allocation Failure) 2452M->426M(2518M) 5.043ms
[1292.498s][info ][gc,cpu         ] GC(147) User=0.02s Sys=0.00s Real=0.00s
[1292.498s][info ][safepoint      ] Safepoint "ParallelGCFailedAllocation", Time since last: 5339828891 ns, Reaching safepoint: 102002 ns, At safepoint: 5125715 ns, Total: 5227717 ns
[1295.498s][info ][safepoint      ] Safepoint "Cleanup", Time since last: 3000219081 ns, Reaching safepoint: 118403 ns, At safepoint: 7100 ns, Total: 125503 ns
[1298.499s][info ][safepoint      ] Safepoint "Cleanup", Time since last: 3000248983 ns, Reaching safepoint: 132803 ns, At safepoint: 10201 ns, Total: 143004 ns
[1310.500s][info ][safepoint      ] Safepoint "Cleanup", Time since last: 12000797135 ns, Reaching safepoint: 126303 ns, At safepoint: 6600 ns, Total: 132903 ns
[1312.500s][info ][safepoint      ] Safepoint "Cleanup", Time since last: 2000181325 ns, Reaching safepoint: 130403 ns, At safepoint: 10300 ns, Total: 140703 ns
[1316.500s][info ][safepoint      ] Safepoint "Cleanup", Time since last: 4000315250 ns, Reaching safepoint: 109503 ns, At safepoint: 8000 ns, Total: 117503 ns
[1318.450s][info ][gc,start       ] GC(148) Pause Young (Allocation Failure)
[1318.454s][debug][gc,phases      ] GC(148) Scavenge 3.874ms
[1318.454s][debug][gc,ref         ] GC(148) Skipped phase 1 of Reference Processing: no references
[1318.454s][debug][gc,ref         ] GC(148) Skipped phase 3 of Reference Processing: no references
[1318.454s][debug][gc,ref         ] GC(148) Skipped phase 4 of Reference Processing: no references
[1318.454s][debug][gc,phases      ] GC(148) Reference Processing 0.025ms
[1318.454s][debug][gc,phases      ] GC(148) Weak Processing 0.562ms
[1318.454s][debug][gc,age         ] GC(148) Desired survivor size 10485760 bytes, new threshold 15 (max threshold 15)
[1318.454s][info ][gc,heap        ] GC(148) PSYoungGen: 2080400K(2086912K)->4224K(2086400K) Eden: 2076160K(2076160K)->0K(2076160K) From: 4240K(10752K)->4224K(10240K)
[1318.454s][info ][gc,heap        ] GC(148) ParOldGen: 432338K(491520K)->432534K(491520K)
[1318.454s][info ][gc,metaspace   ] GC(148) Metaspace: 80446K(81152K)->80446K(81152K) NonClass: 69516K(69888K)->69516K(69888K) Class: 10930K(11264K)->10930K(11264K)
[1318.454s][info ][gc             ] GC(148) Pause Young (Allocation Failure) 2453M->426M(2517M) 4.613ms
[1318.454s][info ][gc,cpu         ] GC(148) User=0.02s Sys=0.00s Real=0.01s
[1318.454s][info ][safepoint      ] Safepoint "ParallelGCFailedAllocation", Time since last: 1949154185 ns, Reaching safepoint: 47601 ns, At safepoint: 4716705 ns, Total: 4764306 ns
[1323.455s][info ][safepoint      ] Safepoint "Cleanup", Time since last: 5000333613 ns, Reaching safepoint: 57802 ns, At safepoint: 9200 ns, Total: 67002 ns
[1331.455s][info ][safepoint      ] Safepoint "Cleanup", Time since last: 8000722010 ns, Reaching safepoint: 61501 ns, At safepoint: 9200 ns, Total: 70701 ns
[1340.456s][info ][safepoint      ] Safepoint "Cleanup", Time since last: 9000559274 ns, Reaching safepoint: 44001 ns, At safepoint: 4000 ns, Total: 48001 ns
[1342.456s][info ][safepoint      ] Safepoint "Cleanup", Time since last: 2000153829 ns, Reaching safepoint: 72902 ns, At safepoint: 5800 ns, Total: 78702 ns
[1343.177s][info ][gc,start       ] GC(149) Pause Young (Allocation Failure)
[1343.181s][debug][gc,phases      ] GC(149) Scavenge 4.358ms
[1343.181s][debug][gc,ref         ] GC(149) Skipped phase 1 of Reference Processing: no references
[1343.181s][debug][gc,ref         ] GC(149) Skipped phase 3 of Reference Processing: no references
[1343.181s][debug][gc,phases      ] GC(149) Reference Processing 0.024ms
[1343.182s][debug][gc,phases      ] GC(149) Weak Processing 0.564ms
[1343.182s][debug][gc,age         ] GC(149) Desired survivor size 9961472 bytes, new threshold 15 (max threshold 15)
[1343.182s][info ][gc,heap        ] GC(149) PSYoungGen: 2080384K(2086400K)->4640K(2087424K) Eden: 2076160K(2076160K)->0K(2077184K) From: 4224K(10240K)->4640K(10240K)
[1343.182s][info ][gc,heap        ] GC(149) ParOldGen: 432534K(491520K)->432638K(491520K)
[1343.182s][info ][gc,metaspace   ] GC(149) Metaspace: 80448K(81152K)->80448K(81152K) NonClass: 69517K(69888K)->69517K(69888K) Class: 10930K(11264K)->10930K(11264K)
[1343.182s][info ][gc             ] GC(149) Pause Young (Allocation Failure) 2454M->427M(2518M) 5.087ms
[1343.182s][info ][gc,cpu         ] GC(149) User=0.02s Sys=0.00s Real=0.00s
[1343.182s][info ][safepoint      ] Safepoint "ParallelGCFailedAllocation", Time since last: 720523913 ns, Reaching safepoint: 54601 ns, At safepoint: 5181916 ns, Total: 5236517 ns
[1344.182s][info ][safepoint      ] Safepoint "Cleanup", Time since last: 1000085065 ns, Reaching safepoint: 49801 ns, At safepoint: 3100 ns, Total: 52901 ns
[1345.182s][info ][safepoint      ] Safepoint "Cleanup", Time since last: 1000074865 ns, Reaching safepoint: 65901 ns, At safepoint: 6400 ns, Total: 72301 ns
[1346.183s][info ][safepoint      ] Safepoint "Cleanup", Time since last: 1000115466 ns, Reaching safepoint: 85302 ns, At safepoint: 11100 ns, Total: 96402 ns
[1347.183s][info ][safepoint      ] Safepoint "Cleanup", Time since last: 1000114166 ns, Reaching safepoint: 73801 ns, At safepoint: 9901 ns, Total: 83702 ns
[1348.183s][info ][safepoint      ] Safepoint "Cleanup", Time since last: 1000113765 ns, Reaching safepoint: 46901 ns, At safepoint: 3901 ns, Total: 50802 ns
[1350.183s][info ][safepoint      ] Safepoint "Cleanup", Time since last: 2000168230 ns, Reaching safepoint: 47801 ns, At safepoint: 3900 ns, Total: 51701 ns
[1352.183s][info ][safepoint      ] Safepoint "Cleanup", Time since last: 2000181231 ns, Reaching safepoint: 47701 ns, At safepoint: 3000 ns, Total: 50701 ns
[1353.184s][info ][safepoint      ] Safepoint "Cleanup", Time since last: 1000107166 ns, Reaching safepoint: 45101 ns, At safepoint: 5601 ns, Total: 50702 ns
[1355.184s][info ][safepoint      ] Safepoint "Cleanup", Time since last: 2000186731 ns, Reaching safepoint: 43601 ns, At safepoint: 3100 ns, Total: 46701 ns
[1356.184s][info ][safepoint      ] Safepoint "Cleanup", Time since last: 1000106367 ns, Reaching safepoint: 60001 ns, At safepoint: 5300 ns, Total: 65301 ns
[1357.184s][info ][safepoint      ] Safepoint "Cleanup", Time since last: 1000101866 ns, Reaching safepoint: 61302 ns, At safepoint: 8600 ns, Total: 69902 ns
[1367.185s][info ][safepoint      ] Safepoint "Cleanup", Time since last: 10000701759 ns, Reaching safepoint: 66801 ns, At safepoint: 8601 ns, Total: 75402 ns
[1367.543s][info ][gc,start       ] GC(150) Pause Young (Allocation Failure)
[1367.547s][debug][gc,phases      ] GC(150) Scavenge 4.097ms
[1367.548s][debug][gc,ref         ] GC(150) Skipped phase 1 of Reference Processing: no references
[1367.548s][debug][gc,ref         ] GC(150) Skipped phase 3 of Reference Processing: no references
[1367.548s][debug][gc,phases      ] GC(150) Reference Processing 0.022ms
[1367.548s][debug][gc,phases      ] GC(150) Weak Processing 0.526ms
[1367.548s][debug][gc,age         ] GC(150) Desired survivor size 9437184 bytes, new threshold 15 (max threshold 15)
[1367.548s][info ][gc,heap        ] GC(150) PSYoungGen: 2081824K(2087424K)->4848K(2086912K) Eden: 2077184K(2077184K)->0K(2077184K) From: 4640K(10240K)->4848K(9728K)
[1367.548s][info ][gc,heap        ] GC(150) ParOldGen: 432638K(491520K)->432798K(491520K)
[1367.548s][info ][gc,metaspace   ] GC(150) Metaspace: 80461K(81216K)->80461K(81216K) NonClass: 69530K(69952K)->69530K(69952K) Class: 10930K(11264K)->10930K(11264K)
[1367.548s][info ][gc             ] GC(150) Pause Young (Allocation Failure) 2455M->427M(2518M) 4.775ms
[1367.548s][info ][gc,cpu         ] GC(150) User=0.02s Sys=0.00s Real=0.00s
[1367.548s][info ][safepoint      ] Safepoint "ParallelGCFailedAllocation", Time since last: 358301613 ns, Reaching safepoint: 106202 ns, At safepoint: 4863209 ns, Total: 4969411 ns
[1373.549s][info ][safepoint      ] Safepoint "Cleanup", Time since last: 6000439500 ns, Reaching safepoint: 123502 ns, At safepoint: 36601 ns, Total: 160103 ns
[1391.550s][info ][safepoint      ] Safepoint "Cleanup", Time since last: 18001254713 ns, Reaching safepoint: 120303 ns, At safepoint: 7000 ns, Total: 127303 ns
[1393.043s][info ][gc,start       ] GC(151) Pause Young (Allocation Failure)
[1393.048s][debug][gc,phases      ] GC(151) Scavenge 4.517ms
[1393.048s][debug][gc,ref         ] GC(151) Skipped phase 1 of Reference Processing: no references
[1393.048s][debug][gc,ref         ] GC(151) Skipped phase 3 of Reference Processing: no references
[1393.048s][debug][gc,phases      ] GC(151) Reference Processing 0.022ms
[1393.048s][debug][gc,phases      ] GC(151) Weak Processing 0.517ms
[1393.048s][debug][gc,age         ] GC(151) Desired survivor size 9437184 bytes, new threshold 15 (max threshold 15)
[1393.048s][info ][gc,heap        ] GC(151) PSYoungGen: 2082032K(2086912K)->4656K(2087936K) Eden: 2077184K(2077184K)->0K(2078720K) From: 4848K(9728K)->4656K(9216K)
[1393.048s][info ][gc,heap        ] GC(151) ParOldGen: 432798K(491520K)->433058K(491520K)
[1393.048s][info ][gc,metaspace   ] GC(151) Metaspace: 80462K(81216K)->80462K(81216K) NonClass: 69531K(69952K)->69531K(69952K) Class: 10930K(11264K)->10930K(11264K)
[1393.048s][info ][gc             ] GC(151) Pause Young (Allocation Failure) 2455M->427M(2519M) 5.188ms
[1393.048s][info ][gc,cpu         ] GC(151) User=0.01s Sys=0.00s Real=0.00s
[1393.048s][info ][safepoint      ] Safepoint "ParallelGCFailedAllocation", Time since last: 1492694686 ns, Reaching safepoint: 100802 ns, At safepoint: 5273518 ns, Total: 5374320 ns
[1416.050s][info ][safepoint      ] Safepoint "Cleanup", Time since last: 23001513783 ns, Reaching safepoint: 123303 ns, At safepoint: 8000 ns, Total: 131303 ns
[1418.050s][info ][safepoint      ] Safepoint "Cleanup", Time since last: 2000173940 ns, Reaching safepoint: 104003 ns, At safepoint: 7800 ns, Total: 111803 ns
[1419.247s][info ][gc,start       ] GC(152) Pause Young (Allocation Failure)
[1419.251s][debug][gc,phases      ] GC(152) Scavenge 4.045ms
[1419.251s][debug][gc,ref         ] GC(152) Skipped phase 1 of Reference Processing: no references
[1419.251s][debug][gc,ref         ] GC(152) Skipped phase 3 of Reference Processing: no references
[1419.251s][debug][gc,phases      ] GC(152) Reference Processing 0.021ms
[1419.251s][debug][gc,phases      ] GC(152) Weak Processing 0.539ms
[1419.251s][debug][gc,age         ] GC(152) Desired survivor size 8912896 bytes, new threshold 15 (max threshold 15)
[1419.251s][info ][gc,heap        ] GC(152) PSYoungGen: 2083376K(2087936K)->4400K(2087936K) Eden: 2078720K(2078720K)->0K(2078720K) From: 4656K(9216K)->4400K(9216K)
[1419.251s][info ][gc,heap        ] GC(152) ParOldGen: 433058K(491520K)->433154K(491520K)
[1419.251s][info ][gc,metaspace   ] GC(152) Metaspace: 80473K(81216K)->80473K(81216K) NonClass: 69542K(69952K)->69542K(69952K) Class: 10930K(11264K)->10930K(11264K)
[1419.251s][info ][gc             ] GC(152) Pause Young (Allocation Failure) 2457M->427M(2519M) 4.754ms
[1419.251s][info ][gc,cpu         ] GC(152) User=0.02s Sys=0.00s Real=0.01s
[1419.251s][info ][safepoint      ] Safepoint "ParallelGCFailedAllocation", Time since last: 1196462163 ns, Reaching safepoint: 48601 ns, At safepoint: 4838408 ns, Total: 4887009 ns
[1421.252s][info ][safepoint      ] Safepoint "Cleanup", Time since last: 2000158340 ns, Reaching safepoint: 37101 ns, At safepoint: 8300 ns, Total: 45401 ns
[1445.497s][info ][gc,start       ] GC(153) Pause Young (Allocation Failure)
[1445.501s][debug][gc,phases      ] GC(153) Scavenge 4.191ms
[1445.501s][debug][gc,ref         ] GC(153) Skipped phase 1 of Reference Processing: no references
[1445.501s][debug][gc,ref         ] GC(153) Skipped phase 3 of Reference Processing: no references
[1445.501s][debug][gc,ref         ] GC(153) Skipped phase 4 of Reference Processing: no references
[1445.501s][debug][gc,phases      ] GC(153) Reference Processing 0.022ms
[1445.501s][debug][gc,phases      ] GC(153) Weak Processing 0.517ms
[1445.501s][debug][gc,age         ] GC(153) Desired survivor size 8912896 bytes, new threshold 15 (max threshold 15)
[1445.501s][info ][gc,heap        ] GC(153) PSYoungGen: 2083120K(2087936K)->4176K(2088448K) Eden: 2078720K(2078720K)->0K(2079744K) From: 4400K(9216K)->4176K(8704K)
[1445.502s][info ][gc,heap        ] GC(153) ParOldGen: 433154K(491520K)->433374K(491520K)
[1445.502s][info ][gc,metaspace   ] GC(153) Metaspace: 80473K(81216K)->80473K(81216K) NonClass: 69542K(69952K)->69542K(69952K) Class: 10930K(11264K)->10930K(11264K)
[1445.502s][info ][gc             ] GC(153) Pause Young (Allocation Failure) 2457M->427M(2519M) 4.866ms
[1445.502s][info ][gc,cpu         ] GC(153) User=0.02s Sys=0.00s Real=0.00s
[1445.502s][info ][safepoint      ] Safepoint "ParallelGCFailedAllocation", Time since last: 24244865340 ns, Reaching safepoint: 58601 ns, At safepoint: 4950311 ns, Total: 5008912 ns
[1446.502s][info ][safepoint      ] Safepoint "Cleanup", Time since last: 1000075572 ns, Reaching safepoint: 136203 ns, At safepoint: 12100 ns, Total: 148303 ns
[1447.502s][info ][safepoint      ] Safepoint "Cleanup", Time since last: 1000121473 ns, Reaching safepoint: 150203 ns, At safepoint: 9800 ns, Total: 160003 ns
[1448.502s][info ][safepoint      ] Safepoint "Cleanup", Time since last: 1000103373 ns, Reaching safepoint: 99702 ns, At safepoint: 9400 ns, Total: 109102 ns
[1449.502s][info ][safepoint      ] Safepoint "Cleanup", Time since last: 1000109173 ns, Reaching safepoint: 62101 ns, At safepoint: 14201 ns, Total: 76302 ns
[1466.504s][info ][safepoint      ] Safepoint "Cleanup", Time since last: 17001080827 ns, Reaching safepoint: 119603 ns, At safepoint: 14300 ns, Total: 133903 ns
[1469.504s][info ][safepoint      ] Safepoint "Cleanup", Time since last: 3000244720 ns, Reaching safepoint: 45601 ns, At safepoint: 3700 ns, Total: 49301 ns
[1470.841s][info ][gc,start       ] GC(154) Pause Young (Allocation Failure)
[1470.845s][debug][gc,phases      ] GC(154) Scavenge 3.788ms
[1470.845s][debug][gc,ref         ] GC(154) Skipped phase 1 of Reference Processing: no references
[1470.845s][debug][gc,ref         ] GC(154) Skipped phase 3 of Reference Processing: no references
[1470.845s][debug][gc,ref         ] GC(154) Skipped phase 4 of Reference Processing: no references
[1470.845s][debug][gc,phases      ] GC(154) Reference Processing 0.040ms
[1470.846s][debug][gc,phases      ] GC(154) Weak Processing 0.550ms
[1470.846s][debug][gc,age         ] GC(154) Desired survivor size 8388608 bytes, new threshold 15 (max threshold 15)
[1470.846s][info ][gc,heap        ] GC(154) PSYoungGen: 2083920K(2088448K)->4208K(2088448K) Eden: 2079744K(2079744K)->0K(2079744K) From: 4176K(8704K)->4208K(8704K)
[1470.846s][info ][gc,heap        ] GC(154) ParOldGen: 433374K(491520K)->433422K(491520K)
[1470.846s][info ][gc,metaspace   ] GC(154) Metaspace: 80495K(81216K)->80495K(81216K) NonClass: 69565K(69952K)->69565K(69952K) Class: 10930K(11264K)->10930K(11264K)
[1470.846s][info ][gc             ] GC(154) Pause Young (Allocation Failure) 2458M->427M(2519M) 4.508ms
[1470.846s][info ][gc,cpu         ] GC(154) User=0.02s Sys=0.00s Real=0.01s
[1470.846s][info ][safepoint      ] Safepoint "ParallelGCFailedAllocation", Time since last: 1337288417 ns, Reaching safepoint: 121303 ns, At safepoint: 4599303 ns, Total: 4720606 ns
[1473.095s][info ][safepoint      ] Safepoint "Cleanup", Time since last: 2248846310 ns, Reaching safepoint: 167904 ns, At safepoint: 12200 ns, Total: 180104 ns
[1476.095s][info ][safepoint      ] Safepoint "Cleanup", Time since last: 3000225921 ns, Reaching safepoint: 139703 ns, At safepoint: 12400 ns, Total: 152103 ns
[1478.096s][info ][safepoint      ] Safepoint "Cleanup", Time since last: 2000193948 ns, Reaching safepoint: 126703 ns, At safepoint: 7000 ns, Total: 133703 ns
[1479.096s][info ][safepoint      ] Safepoint "Cleanup", Time since last: 1000118775 ns, Reaching safepoint: 141603 ns, At safepoint: 12601 ns, Total: 154204 ns
[1482.096s][info ][safepoint      ] Safepoint "Cleanup", Time since last: 3000255922 ns, Reaching safepoint: 124803 ns, At safepoint: 8500 ns, Total: 133303 ns
[1494.097s][info ][safepoint      ] Safepoint "Cleanup", Time since last: 12000885791 ns, Reaching safepoint: 131303 ns, At safepoint: 10500 ns, Total: 141803 ns
[1496.452s][info ][gc,start       ] GC(155) Pause Young (Allocation Failure)
[1496.455s][debug][gc,phases      ] GC(155) Scavenge 3.461ms
[1496.455s][debug][gc,ref         ] GC(155) Skipped phase 1 of Reference Processing: no references
[1496.455s][debug][gc,ref         ] GC(155) Skipped phase 3 of Reference Processing: no references
[1496.455s][debug][gc,ref         ] GC(155) Skipped phase 4 of Reference Processing: no references
[1496.455s][debug][gc,phases      ] GC(155) Reference Processing 0.027ms
[1496.456s][debug][gc,phases      ] GC(155) Weak Processing 0.509ms
[1496.456s][debug][gc,age         ] GC(155) Desired survivor size 8388608 bytes, new threshold 15 (max threshold 15)
[1496.456s][info ][gc,heap        ] GC(155) PSYoungGen: 2083952K(2088448K)->4224K(2088960K) Eden: 2079744K(2079744K)->0K(2080768K) From: 4208K(8704K)->4224K(8192K)
[1496.456s][info ][gc,heap        ] GC(155) ParOldGen: 433422K(491520K)->433494K(491520K)
[1496.456s][info ][gc,metaspace   ] GC(155) Metaspace: 80506K(81216K)->80506K(81216K) NonClass: 69576K(69952K)->69576K(69952K) Class: 10930K(11264K)->10930K(11264K)
[1496.456s][info ][gc             ] GC(155) Pause Young (Allocation Failure) 2458M->427M(2520M) 4.121ms
[1496.456s][info ][gc,cpu         ] GC(155) User=0.02s Sys=0.00s Real=0.00s
[1496.456s][info ][safepoint      ] Safepoint "ParallelGCFailedAllocation", Time since last: 2354396675 ns, Reaching safepoint: 31100 ns, At safepoint: 4229795 ns, Total: 4260895 ns
[1507.457s][info ][safepoint      ] Safepoint "Cleanup", Time since last: 11000639322 ns, Reaching safepoint: 50701 ns, At safepoint: 3600 ns, Total: 54301 ns
[1510.457s][info ][safepoint      ] Safepoint "Cleanup", Time since last: 3000248947 ns, Reaching safepoint: 51601 ns, At safepoint: 29201 ns, Total: 80802 ns
[1511.457s][info ][safepoint      ] Safepoint "Cleanup", Time since last: 1000102577 ns, Reaching safepoint: 51702 ns, At safepoint: 30400 ns, Total: 82102 ns
[1522.393s][info ][gc,start       ] GC(156) Pause Young (Allocation Failure)
[1522.397s][debug][gc,phases      ] GC(156) Scavenge 3.520ms
[1522.397s][debug][gc,ref         ] GC(156) Skipped phase 1 of Reference Processing: no references
[1522.397s][debug][gc,ref         ] GC(156) Skipped phase 3 of Reference Processing: no references
[1522.397s][debug][gc,ref         ] GC(156) Skipped phase 4 of Reference Processing: no references
[1522.397s][debug][gc,phases      ] GC(156) Reference Processing 0.023ms
[1522.397s][debug][gc,phases      ] GC(156) Weak Processing 0.545ms
[1522.397s][debug][gc,age         ] GC(156) Desired survivor size 7864320 bytes, new threshold 15 (max threshold 15)
[1522.397s][info ][gc,heap        ] GC(156) PSYoungGen: 2084992K(2088960K)->4288K(2088960K) Eden: 2080768K(2080768K)->0K(2080768K) From: 4224K(8192K)->4288K(8192K)
[1522.397s][info ][gc,heap        ] GC(156) ParOldGen: 433494K(491520K)->433542K(491520K)
[1522.397s][info ][gc,metaspace   ] GC(156) Metaspace: 80507K(81216K)->80507K(81216K) NonClass: 69576K(69952K)->69576K(69952K) Class: 10930K(11264K)->10930K(11264K)
[1522.397s][info ][gc             ] GC(156) Pause Young (Allocation Failure) 2459M->427M(2520M) 4.216ms
[1522.397s][info ][gc,cpu         ] GC(156) User=0.02s Sys=0.00s Real=0.00s
[1522.397s][info ][safepoint      ] Safepoint "ParallelGCFailedAllocation", Time since last: 10935625224 ns, Reaching safepoint: 107702 ns, At safepoint: 4306494 ns, Total: 4414196 ns
[1528.398s][info ][safepoint      ] Safepoint "Cleanup", Time since last: 6000435108 ns, Reaching safepoint: 127403 ns, At safepoint: 12500 ns, Total: 139903 ns
[1546.399s][info ][safepoint      ] Safepoint "Cleanup", Time since last: 18001296668 ns, Reaching safepoint: 119703 ns, At safepoint: 7900 ns, Total: 127603 ns
[1548.258s][info ][gc,start       ] GC(157) Pause Young (Allocation Failure)
[1548.262s][debug][gc,phases      ] GC(157) Scavenge 3.840ms
[1548.262s][debug][gc,ref         ] GC(157) Skipped phase 1 of Reference Processing: no references
[1548.262s][debug][gc,ref         ] GC(157) Skipped phase 3 of Reference Processing: no references
[1548.262s][debug][gc,phases      ] GC(157) Reference Processing 0.023ms
[1548.262s][debug][gc,phases      ] GC(157) Weak Processing 0.581ms
[1548.262s][debug][gc,age         ] GC(157) Desired survivor size 7864320 bytes, new threshold 15 (max threshold 15)
[1548.262s][info ][gc,heap        ] GC(157) PSYoungGen: 2085056K(2088960K)->4256K(2089472K) Eden: 2080768K(2080768K)->0K(2081792K) From: 4288K(8192K)->4256K(7680K)
[1548.262s][info ][gc,heap        ] GC(157) ParOldGen: 433542K(491520K)->433606K(491520K)
[1548.263s][info ][gc,metaspace   ] GC(157) Metaspace: 80515K(81216K)->80515K(81216K) NonClass: 69584K(69952K)->69584K(69952K) Class: 10931K(11264K)->10931K(11264K)
[1548.263s][info ][gc             ] GC(157) Pause Young (Allocation Failure) 2459M->427M(2520M) 4.550ms
[1548.263s][info ][gc,cpu         ] GC(157) User=0.01s Sys=0.00s Real=0.01s
[1548.263s][info ][safepoint      ] Safepoint "ParallelGCFailedAllocation", Time since last: 1858536023 ns, Reaching safepoint: 75602 ns, At safepoint: 4643402 ns, Total: 4719004 ns
[1549.263s][info ][safepoint      ] Safepoint "Cleanup", Time since last: 1000086461 ns, Reaching safepoint: 75501 ns, At safepoint: 9501 ns, Total: 85002 ns
[1550.263s][info ][safepoint      ] Safepoint "Cleanup", Time since last: 1000120963 ns, Reaching safepoint: 160203 ns, At safepoint: 10900 ns, Total: 171103 ns
[1552.263s][info ][safepoint      ] Safepoint "Cleanup", Time since last: 2000202129 ns, Reaching safepoint: 143703 ns, At safepoint: 34201 ns, Total: 177904 ns
[1574.509s][info ][gc,start       ] GC(158) Pause Young (Allocation Failure)
[1574.522s][debug][gc,phases      ] GC(158) Scavenge 13.587ms
[1574.522s][debug][gc,ref         ] GC(158) Skipped phase 1 of Reference Processing: no references
[1574.522s][debug][gc,ref         ] GC(158) Skipped phase 3 of Reference Processing: no references
[1574.522s][debug][gc,phases      ] GC(158) Reference Processing 0.076ms
[1574.523s][debug][gc,phases      ] GC(158) Weak Processing 0.940ms
[1574.523s][debug][gc,age         ] GC(158) Desired survivor size 7864320 bytes, new threshold 15 (max threshold 15)
[1574.523s][info ][gc,heap        ] GC(158) PSYoungGen: 2086048K(2089472K)->4464K(2089472K) Eden: 2081792K(2081792K)->0K(2081792K) From: 4256K(7680K)->4464K(7680K)
[1574.523s][info ][gc,heap        ] GC(158) ParOldGen: 433606K(491520K)->433662K(491520K)
[1574.523s][info ][gc,metaspace   ] GC(158) Metaspace: 80518K(81216K)->80518K(81216K) NonClass: 69587K(69952K)->69587K(69952K) Class: 10931K(11264K)->10931K(11264K)
[1574.523s][info ][gc             ] GC(158) Pause Young (Allocation Failure) 2460M->427M(2520M) 14.777ms
[1574.523s][info ][gc,cpu         ] GC(158) User=0.02s Sys=0.00s Real=0.02s
[1574.523s][info ][safepoint      ] Safepoint "ParallelGCFailedAllocation", Time since last: 22245012712 ns, Reaching safepoint: 61001 ns, At safepoint: 14884626 ns, Total: 14945627 ns
[1579.524s][info ][safepoint      ] Safepoint "Cleanup", Time since last: 5000380456 ns, Reaching safepoint: 138103 ns, At safepoint: 7000 ns, Total: 145103 ns
[1580.524s][info ][safepoint      ] Safepoint "Cleanup", Time since last: 1000130796 ns, Reaching safepoint: 96102 ns, At safepoint: 6000 ns, Total: 102102 ns
[1581.524s][info ][safepoint      ] Safepoint "Cleanup", Time since last: 1000122396 ns, Reaching safepoint: 93803 ns, At safepoint: 13200 ns, Total: 107003 ns
[1582.525s][info ][safepoint      ] Safepoint "Cleanup", Time since last: 1000124797 ns, Reaching safepoint: 66902 ns, At safepoint: 9900 ns, Total: 76802 ns
[1600.392s][info ][gc,start       ] GC(159) Pause Young (Allocation Failure)
[1600.396s][debug][gc,phases      ] GC(159) Scavenge 4.179ms
[1600.396s][debug][gc,ref         ] GC(159) Skipped phase 1 of Reference Processing: no references
[1600.396s][debug][gc,ref         ] GC(159) Skipped phase 3 of Reference Processing: no references
[1600.396s][debug][gc,ref         ] GC(159) Skipped phase 4 of Reference Processing: no references
[1600.396s][debug][gc,phases      ] GC(159) Reference Processing 0.035ms
[1600.397s][debug][gc,phases      ] GC(159) Weak Processing 0.680ms
[1600.397s][debug][gc,age         ] GC(159) Desired survivor size 7340032 bytes, new threshold 15 (max threshold 15)
[1600.397s][info ][gc,heap        ] GC(159) PSYoungGen: 2086256K(2089472K)->4544K(2089984K) Eden: 2081792K(2081792K)->0K(2082304K) From: 4464K(7680K)->4544K(7680K)
[1600.397s][info ][gc,heap        ] GC(159) ParOldGen: 433662K(491520K)->433743K(491520K)
[1600.397s][info ][gc,metaspace   ] GC(159) Metaspace: 80553K(81280K)->80553K(81280K) NonClass: 69622K(70016K)->69622K(70016K) Class: 10931K(11264K)->10931K(11264K)
[1600.397s][info ][gc             ] GC(159) Pause Young (Allocation Failure) 2460M->428M(2521M) 5.056ms
[1600.397s][info ][gc,cpu         ] GC(159) User=0.02s Sys=0.00s Real=0.00s
[1600.397s][info ][safepoint      ] Safepoint "ParallelGCFailedAllocation", Time since last: 17867342172 ns, Reaching safepoint: 45201 ns, At safepoint: 5182813 ns, Total: 5228014 ns
[1601.397s][info ][safepoint      ] Safepoint "Cleanup", Time since last: 1000095516 ns, Reaching safepoint: 133403 ns, At safepoint: 7700 ns, Total: 141103 ns
[1605.398s][info ][safepoint      ] Safepoint "Cleanup", Time since last: 4000363873 ns, Reaching safepoint: 162504 ns, At safepoint: 10500 ns, Total: 173004 ns
[1612.399s][info ][safepoint      ] Safepoint "Cleanup", Time since last: 7000579664 ns, Reaching safepoint: 130703 ns, At safepoint: 11700 ns, Total: 142403 ns
[1613.399s][info ][safepoint      ] Safepoint "Cleanup", Time since last: 1000131529 ns, Reaching safepoint: 130603 ns, At safepoint: 9400 ns, Total: 140003 ns
[1623.400s][info ][safepoint      ] Safepoint "Cleanup", Time since last: 10000705724 ns, Reaching safepoint: 122303 ns, At safepoint: 14800 ns, Total: 137103 ns
[1626.400s][info ][safepoint      ] Safepoint "Cleanup", Time since last: 3000273817 ns, Reaching safepoint: 123203 ns, At safepoint: 9000 ns, Total: 132203 ns
[1626.504s][info ][gc,start       ] GC(160) Pause Young (Allocation Failure)
[1626.508s][debug][gc,phases      ] GC(160) Scavenge 4.112ms
[1626.508s][debug][gc,ref         ] GC(160) Skipped phase 1 of Reference Processing: no references
[1626.508s][debug][gc,ref         ] GC(160) Skipped phase 3 of Reference Processing: no references
[1626.509s][debug][gc,phases      ] GC(160) Reference Processing 0.022ms
[1626.509s][debug][gc,phases      ] GC(160) Weak Processing 0.555ms
[1626.509s][debug][gc,age         ] GC(160) Desired survivor size 7340032 bytes, new threshold 15 (max threshold 15)
[1626.509s][info ][gc,heap        ] GC(160) PSYoungGen: 2086848K(2089984K)->4400K(2089472K) Eden: 2082304K(2082304K)->0K(2082304K) From: 4544K(7680K)->4400K(7168K)
[1626.509s][info ][gc,heap        ] GC(160) ParOldGen: 433743K(491520K)->433927K(491520K)
[1626.509s][info ][gc,metaspace   ] GC(160) Metaspace: 80600K(81280K)->80600K(81280K) NonClass: 69665K(70016K)->69665K(70016K) Class: 10934K(11264K)->10934K(11264K)
[1626.509s][info ][gc             ] GC(160) Pause Young (Allocation Failure) 2461M->428M(2520M) 4.842ms
[1626.509s][info ][gc,cpu         ] GC(160) User=0.01s Sys=0.00s Real=0.00s
[1626.509s][info ][safepoint      ] Safepoint "ParallelGCFailedAllocation", Time since last: 104059483 ns, Reaching safepoint: 32701 ns, At safepoint: 4929108 ns, Total: 4961809 ns
[1627.509s][info ][safepoint      ] Safepoint "Cleanup", Time since last: 1000089041 ns, Reaching safepoint: 50001 ns, At safepoint: 4400 ns, Total: 54401 ns
[1628.509s][info ][safepoint      ] Safepoint "Cleanup", Time since last: 1000098642 ns, Reaching safepoint: 54601 ns, At safepoint: 5200 ns, Total: 59801 ns
[1635.510s][info ][safepoint      ] Safepoint "Cleanup", Time since last: 7000520718 ns, Reaching safepoint: 84202 ns, At safepoint: 11200 ns, Total: 95402 ns
[1638.510s][info ][safepoint      ] Safepoint "Cleanup", Time since last: 3000251951 ns, Reaching safepoint: 56201 ns, At safepoint: 7200 ns, Total: 63401 ns
[1639.511s][info ][safepoint      ] Safepoint "Cleanup", Time since last: 1000114953 ns, Reaching safepoint: 55801 ns, At safepoint: 4000 ns, Total: 59801 ns
[1642.511s][info ][safepoint      ] Safepoint "Cleanup", Time since last: 3000251762 ns, Reaching safepoint: 82102 ns, At safepoint: 9200 ns, Total: 91302 ns
[1645.511s][info ][safepoint      ] Safepoint "Cleanup", Time since last: 3000226169 ns, Reaching safepoint: 58702 ns, At safepoint: 8400 ns, Total: 67102 ns
[1648.512s][info ][safepoint      ] Safepoint "Cleanup", Time since last: 3000250378 ns, Reaching safepoint: 57301 ns, At safepoint: 8400 ns, Total: 65701 ns
[1649.512s][info ][safepoint      ] Safepoint "Cleanup", Time since last: 1000114862 ns, Reaching safepoint: 54401 ns, At safepoint: 3900 ns, Total: 58301 ns
[1651.344s][info ][gc,start       ] GC(161) Pause Young (Allocation Failure)
[1651.348s][debug][gc,phases      ] GC(161) Scavenge 4.215ms
[1651.348s][debug][gc,ref         ] GC(161) Skipped phase 1 of Reference Processing: no references
[1651.348s][debug][gc,ref         ] GC(161) Skipped phase 3 of Reference Processing: no references
[1651.348s][debug][gc,phases      ] GC(161) Reference Processing 0.024ms
[1651.349s][debug][gc,phases      ] GC(161) Weak Processing 0.531ms
[1651.349s][debug][gc,age         ] GC(161) Desired survivor size 6815744 bytes, new threshold 15 (max threshold 15)
[1651.349s][info ][gc,heap        ] GC(161) PSYoungGen: 2086704K(2089472K)->4800K(2090496K) Eden: 2082304K(2082304K)->0K(2083328K) From: 4400K(7168K)->4800K(7168K)
[1651.349s][info ][gc,heap        ] GC(161) ParOldGen: 433927K(491520K)->434047K(491520K)
[1651.349s][info ][gc,metaspace   ] GC(161) Metaspace: 80611K(81344K)->80611K(81344K) NonClass: 69675K(70080K)->69675K(70080K) Class: 10935K(11264K)->10935K(11264K)
[1651.349s][info ][gc             ] GC(161) Pause Young (Allocation Failure) 2461M->428M(2521M) 4.905ms
[1651.349s][info ][gc,cpu         ] GC(161) User=0.02s Sys=0.00s Real=0.00s
[1651.349s][info ][safepoint      ] Safepoint "ParallelGCFailedAllocation", Time since last: 1832274738 ns, Reaching safepoint: 111403 ns, At safepoint: 5000610 ns, Total: 5112013 ns
[1652.349s][info ][safepoint      ] Safepoint "Cleanup", Time since last: 1000110164 ns, Reaching safepoint: 130303 ns, At safepoint: 8800 ns, Total: 139103 ns
[1653.350s][info ][safepoint      ] Safepoint "Cleanup", Time since last: 1000112365 ns, Reaching safepoint: 124403 ns, At safepoint: 11600 ns, Total: 136003 ns
[1661.350s][info ][safepoint      ] Safepoint "Cleanup", Time since last: 8000565947 ns, Reaching safepoint: 130503 ns, At safepoint: 10000 ns, Total: 140503 ns
[1664.351s][info ][safepoint      ] Safepoint "Cleanup", Time since last: 3000255121 ns, Reaching safepoint: 120003 ns, At safepoint: 11400 ns, Total: 131403 ns
[1671.351s][info ][safepoint      ] Safepoint "Cleanup", Time since last: 7000558344 ns, Reaching safepoint: 141504 ns, At safepoint: 23400 ns, Total: 164904 ns
[1677.063s][info ][gc,start       ] GC(162) Pause Young (Allocation Failure)
[1677.067s][debug][gc,phases      ] GC(162) Scavenge 3.626ms
[1677.067s][debug][gc,ref         ] GC(162) Skipped phase 1 of Reference Processing: no references
[1677.067s][debug][gc,ref         ] GC(162) Skipped phase 3 of Reference Processing: no references
[1677.067s][debug][gc,phases      ] GC(162) Reference Processing 0.033ms
[1677.068s][debug][gc,phases      ] GC(162) Weak Processing 0.524ms
[1677.068s][debug][gc,age         ] GC(162) Desired survivor size 6815744 bytes, new threshold 15 (max threshold 15)
[1677.068s][info ][gc,heap        ] GC(162) PSYoungGen: 2088128K(2090496K)->4224K(2089984K) Eden: 2083328K(2083328K)->0K(2083328K) From: 4800K(7168K)->4224K(6656K)
[1677.068s][info ][gc,heap        ] GC(162) ParOldGen: 434047K(491520K)->434163K(491520K)
[1677.068s][info ][gc,metaspace   ] GC(162) Metaspace: 80618K(81344K)->80618K(81344K) NonClass: 69682K(70080K)->69682K(70080K) Class: 10936K(11264K)->10936K(11264K)
[1677.068s][info ][gc             ] GC(162) Pause Young (Allocation Failure) 2463M->428M(2521M) 4.316ms
[1677.068s][info ][gc,cpu         ] GC(162) User=0.01s Sys=0.00s Real=0.00s
[1677.068s][info ][safepoint      ] Safepoint "ParallelGCFailedAllocation", Time since last: 5711879456 ns, Reaching safepoint: 53401 ns, At safepoint: 4407297 ns, Total: 4460698 ns
[1678.068s][info ][safepoint      ] Safepoint "Cleanup", Time since last: 1000090387 ns, Reaching safepoint: 57701 ns, At safepoint: 5800 ns, Total: 63501 ns
[1681.068s][info ][safepoint      ] Safepoint "Cleanup", Time since last: 3000255464 ns, Reaching safepoint: 91602 ns, At safepoint: 8800 ns, Total: 100402 ns
[1683.068s][info ][safepoint      ] Safepoint "Cleanup", Time since last: 2000182981 ns, Reaching safepoint: 56301 ns, At safepoint: 7500 ns, Total: 63801 ns
[1686.069s][info ][safepoint      ] Safepoint "Cleanup", Time since last: 3000245377 ns, Reaching safepoint: 47801 ns, At safepoint: 3700 ns, Total: 51501 ns
[1687.069s][info ][safepoint      ] Safepoint "Cleanup", Time since last: 1000119395 ns, Reaching safepoint: 54801 ns, At safepoint: 7600 ns, Total: 62401 ns
[1688.069s][info ][safepoint      ] Safepoint "Cleanup", Time since last: 1000109995 ns, Reaching safepoint: 53901 ns, At safepoint: 4501 ns, Total: 58402 ns
[1691.069s][info ][safepoint      ] Safepoint "Cleanup", Time since last: 3000257689 ns, Reaching safepoint: 52801 ns, At safepoint: 33301 ns, Total: 86102 ns
[1699.070s][info ][safepoint      ] Safepoint "Cleanup", Time since last: 8000535705 ns, Reaching safepoint: 55201 ns, At safepoint: 12100 ns, Total: 67301 ns
[1702.908s][info ][gc,start       ] GC(163) Pause Young (Allocation Failure)
[1702.913s][debug][gc,phases      ] GC(163) Scavenge 4.412ms
[1702.913s][debug][gc,ref         ] GC(163) Skipped phase 1 of Reference Processing: no references
[1702.913s][debug][gc,ref         ] GC(163) Skipped phase 3 of Reference Processing: no references
[1702.913s][debug][gc,phases      ] GC(163) Reference Processing 0.030ms
[1702.913s][debug][gc,phases      ] GC(163) Weak Processing 0.626ms
[1702.913s][debug][gc,age         ] GC(163) Desired survivor size 6815744 bytes, new threshold 15 (max threshold 15)
[1702.913s][info ][gc,heap        ] GC(163) PSYoungGen: 2087552K(2089984K)->4544K(2090496K) Eden: 2083328K(2083328K)->0K(2083840K) From: 4224K(6656K)->4544K(6656K)
[1702.913s][info ][gc,heap        ] GC(163) ParOldGen: 434163K(491520K)->434219K(491520K)
[1702.913s][info ][gc,metaspace   ] GC(163) Metaspace: 80627K(81344K)->80627K(81344K) NonClass: 69690K(70080K)->69690K(70080K) Class: 10937K(11264K)->10937K(11264K)
[1702.913s][info ][gc             ] GC(163) Pause Young (Allocation Failure) 2462M->428M(2521M) 5.249ms
[1702.913s][info ][gc,cpu         ] GC(163) User=0.02s Sys=0.00s Real=0.01s
[1702.914s][info ][safepoint      ] Safepoint "ParallelGCFailedAllocation", Time since last: 3837922450 ns, Reaching safepoint: 53301 ns, At safepoint: 5549622 ns, Total: 5602923 ns
[1721.915s][info ][safepoint      ] Safepoint "Cleanup", Time since last: 19001200977 ns, Reaching safepoint: 51101 ns, At safepoint: 3600 ns, Total: 54701 ns
[1724.915s][info ][safepoint      ] Safepoint "Cleanup", Time since last: 3000244471 ns, Reaching safepoint: 57502 ns, At safepoint: 8800 ns, Total: 66302 ns
[1729.493s][info ][gc,start       ] GC(164) Pause Young (Allocation Failure)
[1729.497s][debug][gc,phases      ] GC(164) Scavenge 4.108ms
[1729.497s][debug][gc,ref         ] GC(164) Skipped phase 1 of Reference Processing: no references
[1729.497s][debug][gc,ref         ] GC(164) Skipped phase 3 of Reference Processing: no references
[1729.497s][debug][gc,phases      ] GC(164) Reference Processing 0.026ms
[1729.498s][debug][gc,phases      ] GC(164) Weak Processing 0.539ms
[1729.498s][debug][gc,age         ] GC(164) Desired survivor size 6815744 bytes, new threshold 15 (max threshold 15)
[1729.498s][info ][gc,heap        ] GC(164) PSYoungGen: 2088384K(2090496K)->4416K(2090496K) Eden: 2083840K(2083840K)->0K(2083840K) From: 4544K(6656K)->4416K(6656K)
[1729.498s][info ][gc,heap        ] GC(164) ParOldGen: 434219K(491520K)->434415K(491520K)
[1729.498s][info ][gc,metaspace   ] GC(164) Metaspace: 80630K(81344K)->80630K(81344K) NonClass: 69692K(70080K)->69692K(70080K) Class: 10937K(11264K)->10937K(11264K)
[1729.498s][info ][gc             ] GC(164) Pause Young (Allocation Failure) 2463M->428M(2521M) 4.814ms
[1729.498s][info ][gc,cpu         ] GC(164) User=0.02s Sys=0.00s Real=0.00s
[1729.498s][info ][safepoint      ] Safepoint "ParallelGCFailedAllocation", Time since last: 4577515819 ns, Reaching safepoint: 137603 ns, At safepoint: 4909308 ns, Total: 5046911 ns
[1737.498s][info ][safepoint      ] Safepoint "Cleanup", Time since last: 8000598651 ns, Reaching safepoint: 123002 ns, At safepoint: 8401 ns, Total: 131403 ns
[1740.499s][info ][safepoint      ] Safepoint "Cleanup", Time since last: 3000251507 ns, Reaching safepoint: 122302 ns, At safepoint: 10101 ns, Total: 132403 ns
[1756.500s][info ][safepoint      ] Safepoint "Cleanup", Time since last: 16001144081 ns, Reaching safepoint: 104602 ns, At safepoint: 11700 ns, Total: 116302 ns
[1756.644s][info ][gc,start       ] GC(165) Pause Young (Allocation Failure)
[1756.649s][debug][gc,phases      ] GC(165) Scavenge 4.201ms
[1756.649s][debug][gc,ref         ] GC(165) Skipped phase 1 of Reference Processing: no references
[1756.649s][debug][gc,ref         ] GC(165) Skipped phase 3 of Reference Processing: no references
[1756.649s][debug][gc,ref         ] GC(165) Skipped phase 4 of Reference Processing: no references
[1756.649s][debug][gc,phases      ] GC(165) Reference Processing 0.026ms
[1756.649s][debug][gc,phases      ] GC(165) Weak Processing 0.561ms
[1756.649s][debug][gc,age         ] GC(165) Desired survivor size 6291456 bytes, new threshold 15 (max threshold 15)
[1756.649s][info ][gc,heap        ] GC(165) PSYoungGen: 2088256K(2090496K)->3824K(2091008K) Eden: 2083840K(2083840K)->0K(2084352K) From: 4416K(6656K)->3824K(6656K)
[1756.649s][info ][gc,heap        ] GC(165) ParOldGen: 434415K(491520K)->435063K(491520K)
[1756.649s][info ][gc,metaspace   ] GC(165) Metaspace: 80630K(81344K)->80630K(81344K) NonClass: 69692K(70080K)->69692K(70080K) Class: 10937K(11264K)->10937K(11264K)
[1756.649s][info ][gc             ] GC(165) Pause Young (Allocation Failure) 2463M->428M(2522M) 4.954ms
[1756.649s][info ][gc,cpu         ] GC(165) User=0.02s Sys=0.00s Real=0.00s
[1756.649s][info ][safepoint      ] Safepoint "ParallelGCFailedAllocation", Time since last: 143972875 ns, Reaching safepoint: 114502 ns, At safepoint: 5043111 ns, Total: 5157613 ns
[1757.649s][info ][safepoint      ] Safepoint "Cleanup", Time since last: 1000085750 ns, Reaching safepoint: 124002 ns, At safepoint: 8500 ns, Total: 132502 ns
[1758.650s][info ][safepoint      ] Safepoint "Cleanup", Time since last: 1000111151 ns, Reaching safepoint: 123303 ns, At safepoint: 8400 ns, Total: 131703 ns
[1775.651s][info ][safepoint      ] Safepoint "Cleanup", Time since last: 17001120153 ns, Reaching safepoint: 119803 ns, At safepoint: 7900 ns, Total: 127703 ns
[1776.651s][info ][safepoint      ] Safepoint "Cleanup", Time since last: 1000121864 ns, Reaching safepoint: 122902 ns, At safepoint: 8501 ns, Total: 131403 ns
[1777.651s][info ][safepoint      ] Safepoint "Cleanup", Time since last: 1000120164 ns, Reaching safepoint: 122503 ns, At safepoint: 6400 ns, Total: 128903 ns
[1778.652s][info ][safepoint      ] Safepoint "Cleanup", Time since last: 1000119065 ns, Reaching safepoint: 126203 ns, At safepoint: 9900 ns, Total: 136103 ns
[1779.652s][info ][safepoint      ] Safepoint "Cleanup", Time since last: 1000114566 ns, Reaching safepoint: 128202 ns, At safepoint: 11001 ns, Total: 139203 ns
[1783.648s][info ][gc,start       ] GC(166) Pause Young (Allocation Failure)
[1783.652s][debug][gc,phases      ] GC(166) Scavenge 3.784ms
[1783.652s][debug][gc,ref         ] GC(166) Skipped phase 1 of Reference Processing: no references
[1783.652s][debug][gc,ref         ] GC(166) Skipped phase 3 of Reference Processing: no references
[1783.652s][debug][gc,phases      ] GC(166) Reference Processing 0.027ms
[1783.653s][debug][gc,phases      ] GC(166) Weak Processing 0.624ms
[1783.653s][debug][gc,age         ] GC(166) Desired survivor size 6815744 bytes, new threshold 15 (max threshold 15)
[1783.653s][info ][gc,heap        ] GC(166) PSYoungGen: 2088176K(2091008K)->3472K(2090496K) Eden: 2084352K(2084352K)->0K(2084352K) From: 3824K(6656K)->3472K(6144K)
[1783.653s][info ][gc,heap        ] GC(166) ParOldGen: 435063K(491520K)->435159K(491520K)
[1783.653s][info ][gc,metaspace   ] GC(166) Metaspace: 80630K(81344K)->80630K(81344K) NonClass: 69692K(70080K)->69692K(70080K) Class: 10937K(11264K)->10937K(11264K)
[1783.653s][info ][gc             ] GC(166) Pause Young (Allocation Failure) 2464M->428M(2521M) 4.594ms
[1783.653s][info ][gc,cpu         ] GC(166) User=0.01s Sys=0.00s Real=0.01s
[1783.653s][info ][safepoint      ] Safepoint "ParallelGCFailedAllocation", Time since last: 3996195975 ns, Reaching safepoint: 66202 ns, At safepoint: 4685703 ns, Total: 4751905 ns
[1800.654s][info ][safepoint      ] Safepoint "Cleanup", Time since last: 17001014848 ns, Reaching safepoint: 111103 ns, At safepoint: 12700 ns, Total: 123803 ns
[1801.654s][info ][safepoint      ] Safepoint "Cleanup", Time since last: 1000118381 ns, Reaching safepoint: 45201 ns, At safepoint: 3700 ns, Total: 48901 ns
[1802.654s][info ][safepoint      ] Safepoint "Cleanup", Time since last: 1000113481 ns, Reaching safepoint: 51701 ns, At safepoint: 10401 ns, Total: 62102 ns
[1804.655s][info ][safepoint      ] Safepoint "Cleanup", Time since last: 2000161363 ns, Reaching safepoint: 183704 ns, At safepoint: 8900 ns, Total: 192604 ns
[1806.655s][info ][safepoint      ] Safepoint "Cleanup", Time since last: 2000168666 ns, Reaching safepoint: 49602 ns, At safepoint: 5600 ns, Total: 55202 ns
[1808.943s][info ][gc,start       ] GC(167) Pause Young (Allocation Failure)
[1808.947s][debug][gc,phases      ] GC(167) Scavenge 4.009ms
[1808.947s][debug][gc,ref         ] GC(167) Skipped phase 1 of Reference Processing: no references
[1808.947s][debug][gc,ref         ] GC(167) Skipped phase 3 of Reference Processing: no references
[1808.947s][debug][gc,phases      ] GC(167) Reference Processing 0.025ms
[1808.947s][debug][gc,phases      ] GC(167) Weak Processing 0.543ms
[1808.947s][debug][gc,age         ] GC(167) Desired survivor size 6291456 bytes, new threshold 15 (max threshold 15)
[1808.947s][info ][gc,heap        ] GC(167) PSYoungGen: 2087824K(2090496K)->3808K(2091008K) Eden: 2084352K(2084352K)->0K(2084352K) From: 3472K(6144K)->3808K(6656K)
[1808.947s][info ][gc,heap        ] GC(167) ParOldGen: 435159K(491520K)->435215K(491520K)
[1808.947s][info ][gc,metaspace   ] GC(167) Metaspace: 80657K(81344K)->80657K(81344K) NonClass: 69715K(70080K)->69715K(70080K) Class: 10941K(11264K)->10941K(11264K)
[1808.947s][info ][gc             ] GC(167) Pause Young (Allocation Failure) 2463M->428M(2522M) 4.732ms
[1808.947s][info ][gc,cpu         ] GC(167) User=0.02s Sys=0.00s Real=0.00s
[1808.947s][info ][safepoint      ] Safepoint "ParallelGCFailedAllocation", Time since last: 2287524514 ns, Reaching safepoint: 92102 ns, At safepoint: 4820807 ns, Total: 4912909 ns
[1812.948s][info ][safepoint      ] Safepoint "Cleanup", Time since last: 4000329646 ns, Reaching safepoint: 136803 ns, At safepoint: 12100 ns, Total: 148903 ns
[1816.949s][info ][safepoint      ] Safepoint "Cleanup", Time since last: 4000324157 ns, Reaching safepoint: 282606 ns, At safepoint: 11900 ns, Total: 294506 ns
[1818.949s][info ][safepoint      ] Safepoint "Cleanup", Time since last: 2000192083 ns, Reaching safepoint: 121203 ns, At safepoint: 8400 ns, Total: 129603 ns
[1823.949s][info ][safepoint      ] Safepoint "Cleanup", Time since last: 5000432267 ns, Reaching safepoint: 156304 ns, At safepoint: 9000 ns, Total: 165304 ns
[1826.950s][info ][safepoint      ] Safepoint "Cleanup", Time since last: 3000264988 ns, Reaching safepoint: 127903 ns, At safepoint: 12700 ns, Total: 140603 ns
[1827.950s][info ][safepoint      ] Safepoint "Cleanup", Time since last: 1000119198 ns, Reaching safepoint: 91202 ns, At safepoint: 9001 ns, Total: 100203 ns
[1828.950s][info ][safepoint      ] Safepoint "Cleanup", Time since last: 1000109298 ns, Reaching safepoint: 134403 ns, At safepoint: 6500 ns, Total: 140903 ns
[1830.951s][info ][safepoint      ] Safepoint "Cleanup", Time since last: 2000175398 ns, Reaching safepoint: 131403 ns, At safepoint: 11500 ns, Total: 142903 ns
[1831.951s][info ][safepoint      ] Safepoint "Cleanup", Time since last: 1000122801 ns, Reaching safepoint: 126703 ns, At safepoint: 12000 ns, Total: 138703 ns
[1833.955s][info ][gc,start       ] GC(168) Pause Young (Allocation Failure)
[1833.959s][debug][gc,phases      ] GC(168) Scavenge 3.543ms
[1833.959s][debug][gc,ref         ] GC(168) Skipped phase 1 of Reference Processing: no references
[1833.959s][debug][gc,ref         ] GC(168) Skipped phase 3 of Reference Processing: no references
[1833.959s][debug][gc,phases      ] GC(168) Reference Processing 0.024ms
[1833.959s][debug][gc,phases      ] GC(168) Weak Processing 0.509ms
[1833.959s][debug][gc,age         ] GC(168) Desired survivor size 6291456 bytes, new threshold 15 (max threshold 15)
[1833.959s][info ][gc,heap        ] GC(168) PSYoungGen: 2088160K(2091008K)->3488K(2090496K) Eden: 2084352K(2084352K)->0K(2084352K) From: 3808K(6656K)->3488K(6144K)
[1833.959s][info ][gc,heap        ] GC(168) ParOldGen: 435215K(491520K)->435279K(491520K)
[1833.959s][info ][gc,metaspace   ] GC(168) Metaspace: 80678K(81408K)->80678K(81408K) NonClass: 69737K(70144K)->69737K(70144K) Class: 10941K(11264K)->10941K(11264K)
[1833.959s][info ][gc             ] GC(168) Pause Young (Allocation Failure) 2464M->428M(2521M) 4.214ms
[1833.959s][info ][gc,cpu         ] GC(168) User=0.01s Sys=0.00s Real=0.00s
[1833.959s][info ][safepoint      ] Safepoint "ParallelGCFailedAllocation", Time since last: 2004197991 ns, Reaching safepoint: 45001 ns, At safepoint: 4309595 ns, Total: 4354596 ns
[1835.179s][info ][safepoint      ] Safepoint "Cleanup", Time since last: 1219555952 ns, Reaching safepoint: 99302 ns, At safepoint: 12800 ns, Total: 112102 ns
[1840.180s][info ][safepoint      ] Safepoint "Cleanup", Time since last: 5000428819 ns, Reaching safepoint: 68502 ns, At safepoint: 10900 ns, Total: 79402 ns
[1843.180s][info ][safepoint      ] Safepoint "Cleanup", Time since last: 3000267419 ns, Reaching safepoint: 65701 ns, At safepoint: 4200 ns, Total: 69901 ns
[1851.181s][info ][safepoint      ] Safepoint "Cleanup", Time since last: 8000603576 ns, Reaching safepoint: 57901 ns, At safepoint: 6900 ns, Total: 64801 ns
[1856.181s][info ][safepoint      ] Safepoint "Cleanup", Time since last: 5000405368 ns, Reaching safepoint: 63901 ns, At safepoint: 3700 ns, Total: 67601 ns
[1859.643s][info ][gc,start       ] GC(169) Pause Young (Allocation Failure)
[1859.647s][debug][gc,phases      ] GC(169) Scavenge 3.651ms
[1859.647s][debug][gc,ref         ] GC(169) Skipped phase 1 of Reference Processing: no references
[1859.647s][debug][gc,ref         ] GC(169) Skipped phase 3 of Reference Processing: no references
[1859.647s][debug][gc,phases      ] GC(169) Reference Processing 0.027ms
[1859.648s][debug][gc,phases      ] GC(169) Weak Processing 0.600ms
[1859.648s][debug][gc,age         ] GC(169) Desired survivor size 6291456 bytes, new threshold 15 (max threshold 15)
[1859.648s][info ][gc,heap        ] GC(169) PSYoungGen: 2087840K(2090496K)->3488K(2091008K) Eden: 2084352K(2084352K)->0K(2084864K) From: 3488K(6144K)->3488K(6144K)
[1859.648s][info ][gc,heap        ] GC(169) ParOldGen: 435279K(491520K)->435351K(491520K)
[1859.648s][info ][gc,metaspace   ] GC(169) Metaspace: 80689K(81408K)->80689K(81408K) NonClass: 69747K(70144K)->69747K(70144K) Class: 10941K(11264K)->10941K(11264K)
[1859.648s][info ][gc             ] GC(169) Pause Young (Allocation Failure) 2463M->428M(2522M) 4.412ms
[1859.648s][info ][gc,cpu         ] GC(169) User=0.02s Sys=0.00s Real=0.00s
[1859.648s][info ][safepoint      ] Safepoint "ParallelGCFailedAllocation", Time since last: 3461970459 ns, Reaching safepoint: 104002 ns, At safepoint: 4497600 ns, Total: 4601602 ns
[1869.054s][info ][safepoint      ] Safepoint "Cleanup", Time since last: 9405947241 ns, Reaching safepoint: 54902 ns, At safepoint: 6700 ns, Total: 61602 ns
[1873.054s][info ][safepoint      ] Safepoint "Cleanup", Time since last: 4000295194 ns, Reaching safepoint: 145104 ns, At safepoint: 9600 ns, Total: 154704 ns
[1874.054s][info ][safepoint      ] Safepoint "Cleanup", Time since last: 1000123426 ns, Reaching safepoint: 116903 ns, At safepoint: 6100 ns, Total: 123003 ns
[1876.804s][info ][safepoint      ] Safepoint "Cleanup", Time since last: 2749217525 ns, Reaching safepoint: 58501 ns, At safepoint: 3900 ns, Total: 62401 ns
[1878.804s][info ][safepoint      ] Safepoint "Cleanup", Time since last: 2000174256 ns, Reaching safepoint: 118303 ns, At safepoint: 6600 ns, Total: 124903 ns
[1885.251s][info ][gc,start       ] GC(170) Pause Young (Allocation Failure)
[1885.255s][debug][gc,phases      ] GC(170) Scavenge 3.570ms
[1885.255s][debug][gc,ref         ] GC(170) Skipped phase 1 of Reference Processing: no references
[1885.255s][debug][gc,ref         ] GC(170) Skipped phase 3 of Reference Processing: no references
[1885.255s][debug][gc,ref         ] GC(170) Skipped phase 4 of Reference Processing: no references
[1885.255s][debug][gc,phases      ] GC(170) Reference Processing 0.036ms
[1885.256s][debug][gc,phases      ] GC(170) Weak Processing 0.527ms
[1885.256s][debug][gc,age         ] GC(170) Desired survivor size 6291456 bytes, new threshold 15 (max threshold 15)
[1885.256s][info ][gc,heap        ] GC(170) PSYoungGen: 2088352K(2091008K)->3408K(2091008K) Eden: 2084864K(2084864K)->0K(2084864K) From: 3488K(6144K)->3408K(6144K)
[1885.256s][info ][gc,heap        ] GC(170) ParOldGen: 435351K(491520K)->435447K(491520K)
[1885.256s][info ][gc,metaspace   ] GC(170) Metaspace: 80689K(81408K)->80689K(81408K) NonClass: 69748K(70144K)->69748K(70144K) Class: 10941K(11264K)->10941K(11264K)
[1885.256s][info ][gc             ] GC(170) Pause Young (Allocation Failure) 2464M->428M(2522M) 4.264ms
[1885.256s][info ][gc,cpu         ] GC(170) User=0.02s Sys=0.00s Real=0.00s
[1885.256s][info ][safepoint      ] Safepoint "ParallelGCFailedAllocation", Time since last: 6447432371 ns, Reaching safepoint: 56202 ns, At safepoint: 4348796 ns, Total: 4404998 ns
[1888.256s][info ][safepoint      ] Safepoint "Cleanup", Time since last: 3000172597 ns, Reaching safepoint: 65901 ns, At safepoint: 12601 ns, Total: 78502 ns
[1889.256s][info ][safepoint      ] Safepoint "Cleanup", Time since last: 1000120935 ns, Reaching safepoint: 156703 ns, At safepoint: 9000 ns, Total: 165703 ns
[1891.257s][info ][safepoint      ] Safepoint "Cleanup", Time since last: 2000170870 ns, Reaching safepoint: 122403 ns, At safepoint: 5500 ns, Total: 127903 ns
[1892.257s][info ][safepoint      ] Safepoint "Cleanup", Time since last: 1000106636 ns, Reaching safepoint: 94202 ns, At safepoint: 8301 ns, Total: 102503 ns
[1903.258s][info ][safepoint      ] Safepoint "Cleanup", Time since last: 11000765926 ns, Reaching safepoint: 64002 ns, At safepoint: 10700 ns, Total: 74702 ns
[1904.258s][info ][safepoint      ] Safepoint "Cleanup", Time since last: 1000118543 ns, Reaching safepoint: 71202 ns, At safepoint: 11300 ns, Total: 82502 ns
[1905.258s][info ][safepoint      ] Safepoint "Cleanup", Time since last: 1000110044 ns, Reaching safepoint: 64801 ns, At safepoint: 8200 ns, Total: 73001 ns
[1906.258s][info ][safepoint      ] Safepoint "Cleanup", Time since last: 1000101244 ns, Reaching safepoint: 56101 ns, At safepoint: 4201 ns, Total: 60302 ns
[1908.258s][info ][safepoint      ] Safepoint "Cleanup", Time since last: 2000191389 ns, Reaching safepoint: 64901 ns, At safepoint: 6300 ns, Total: 71201 ns
[1909.259s][info ][safepoint      ] Safepoint "Cleanup", Time since last: 1000105446 ns, Reaching safepoint: 66401 ns, At safepoint: 6601 ns, Total: 73002 ns
[1911.097s][info ][gc,start       ] GC(171) Pause Young (Allocation Failure)
[1911.101s][debug][gc,phases      ] GC(171) Scavenge 3.717ms
[1911.101s][debug][gc,ref         ] GC(171) Skipped phase 1 of Reference Processing: no references
[1911.101s][debug][gc,ref         ] GC(171) Skipped phase 3 of Reference Processing: no references
[1911.101s][debug][gc,phases      ] GC(171) Reference Processing 0.025ms
[1911.102s][debug][gc,phases      ] GC(171) Weak Processing 0.572ms
[1911.102s][debug][gc,age         ] GC(171) Desired survivor size 6291456 bytes, new threshold 15 (max threshold 15)
[1911.102s][info ][gc,heap        ] GC(171) PSYoungGen: 2088272K(2091008K)->3200K(2091008K) Eden: 2084864K(2084864K)->0K(2084864K) From: 3408K(6144K)->3200K(6144K)
[1911.102s][info ][gc,heap        ] GC(171) ParOldGen: 435447K(491520K)->435595K(491520K)
[1911.102s][info ][gc,metaspace   ] GC(171) Metaspace: 80717K(81472K)->80717K(81472K) NonClass: 69772K(70144K)->69772K(70144K) Class: 10945K(11328K)->10945K(11328K)
[1911.102s][info ][gc             ] GC(171) Pause Young (Allocation Failure) 2464M->428M(2522M) 4.461ms
[1911.102s][info ][gc,cpu         ] GC(171) User=0.01s Sys=0.00s Real=0.00s
[1911.102s][info ][safepoint      ] Safepoint "ParallelGCFailedAllocation", Time since last: 1838396009 ns, Reaching safepoint: 44701 ns, At safepoint: 4561401 ns, Total: 4606102 ns
[1912.102s][info ][safepoint      ] Safepoint "Cleanup", Time since last: 1000090147 ns, Reaching safepoint: 120403 ns, At safepoint: 6100 ns, Total: 126503 ns
[1913.102s][info ][safepoint      ] Safepoint "Cleanup", Time since last: 1000113748 ns, Reaching safepoint: 133403 ns, At safepoint: 7900 ns, Total: 141303 ns
[1914.102s][info ][safepoint      ] Safepoint "Cleanup", Time since last: 1000125649 ns, Reaching safepoint: 120202 ns, At safepoint: 6300 ns, Total: 126502 ns
[1915.103s][info ][safepoint      ] Safepoint "Cleanup", Time since last: 1000109649 ns, Reaching safepoint: 51002 ns, At safepoint: 4400 ns, Total: 55402 ns
[1916.103s][info ][safepoint      ] Safepoint "Cleanup", Time since last: 1000111449 ns, Reaching safepoint: 123403 ns, At safepoint: 6300 ns, Total: 129703 ns
[1917.103s][info ][safepoint      ] Safepoint "Cleanup", Time since last: 1000121650 ns, Reaching safepoint: 123603 ns, At safepoint: 8500 ns, Total: 132103 ns
[1918.103s][info ][safepoint      ] Safepoint "Cleanup", Time since last: 1000134151 ns, Reaching safepoint: 117303 ns, At safepoint: 8100 ns, Total: 125403 ns
[1927.104s][info ][safepoint      ] Safepoint "Cleanup", Time since last: 9000670271 ns, Reaching safepoint: 54502 ns, At safepoint: 3800 ns, Total: 58302 ns
[1928.104s][info ][safepoint      ] Safepoint "Cleanup", Time since last: 1000109256 ns, Reaching safepoint: 49801 ns, At safepoint: 3800 ns, Total: 53601 ns
[1932.105s][info ][safepoint      ] Safepoint "Cleanup", Time since last: 4000320026 ns, Reaching safepoint: 123602 ns, At safepoint: 6900 ns, Total: 130502 ns
[1933.105s][info ][safepoint      ] Safepoint "Cleanup", Time since last: 1000066158 ns, Reaching safepoint: 55501 ns, At safepoint: 7200 ns, Total: 62701 ns
[1935.105s][info ][safepoint      ] Safepoint "Cleanup", Time since last: 2000168917 ns, Reaching safepoint: 110103 ns, At safepoint: 17300 ns, Total: 127403 ns
[1936.819s][info ][gc,start       ] GC(172) Pause Young (Allocation Failure)
[1936.824s][debug][gc,phases      ] GC(172) Scavenge 4.143ms
[1936.824s][debug][gc,ref         ] GC(172) Skipped phase 1 of Reference Processing: no references
[1936.824s][debug][gc,ref         ] GC(172) Skipped phase 3 of Reference Processing: no references
[1936.824s][debug][gc,phases      ] GC(172) Reference Processing 0.043ms
[1936.824s][debug][gc,phases      ] GC(172) Weak Processing 0.542ms
[1936.824s][debug][gc,age         ] GC(172) Desired survivor size 6291456 bytes, new threshold 15 (max threshold 15)
[1936.824s][info ][gc,heap        ] GC(172) PSYoungGen: 2088064K(2091008K)->3280K(2091008K) Eden: 2084864K(2084864K)->0K(2084864K) From: 3200K(6144K)->3280K(6144K)
[1936.824s][info ][gc,heap        ] GC(172) ParOldGen: 435595K(491520K)->435667K(491520K)
[1936.824s][info ][gc,metaspace   ] GC(172) Metaspace: 80731K(81472K)->80731K(81472K) NonClass: 69786K(70144K)->69786K(70144K) Class: 10945K(11328K)->10945K(11328K)
[1936.824s][info ][gc             ] GC(172) Pause Young (Allocation Failure) 2464M->428M(2522M) 4.863ms
[1936.824s][info ][gc,cpu         ] GC(172) User=0.02s Sys=0.00s Real=0.01s
[1936.824s][info ][safepoint      ] Safepoint "ParallelGCFailedAllocation", Time since last: 1714191883 ns, Reaching safepoint: 47701 ns, At safepoint: 4960410 ns, Total: 5008111 ns
[1938.824s][info ][safepoint      ] Safepoint "Cleanup", Time since last: 2000153521 ns, Reaching safepoint: 62501 ns, At safepoint: 5700 ns, Total: 68201 ns
[1939.825s][info ][safepoint      ] Safepoint "Cleanup", Time since last: 1000114762 ns, Reaching safepoint: 47601 ns, At safepoint: 3500 ns, Total: 51101 ns
[1946.825s][info ][safepoint      ] Safepoint "Cleanup", Time since last: 7000477941 ns, Reaching safepoint: 71802 ns, At safepoint: 12200 ns, Total: 84002 ns
[1947.825s][info ][safepoint      ] Safepoint "Cleanup", Time since last: 1000104666 ns, Reaching safepoint: 61101 ns, At safepoint: 17401 ns, Total: 78502 ns
[1949.826s][info ][safepoint      ] Safepoint "Cleanup", Time since last: 2000135531 ns, Reaching safepoint: 57901 ns, At safepoint: 5601 ns, Total: 63502 ns
[1951.826s][info ][safepoint      ] Safepoint "Cleanup", Time since last: 2000181234 ns, Reaching safepoint: 56801 ns, At safepoint: 17801 ns, Total: 74602 ns
[1952.826s][info ][safepoint      ] Safepoint "Cleanup", Time since last: 1000111168 ns, Reaching safepoint: 52901 ns, At safepoint: 10101 ns, Total: 63002 ns
[1960.827s][info ][safepoint      ] Safepoint "Cleanup", Time since last: 8000517157 ns, Reaching safepoint: 57401 ns, At safepoint: 5101 ns, Total: 62502 ns
[1961.849s][info ][gc,start       ] GC(173) Pause Young (Allocation Failure)
[1961.852s][debug][gc,phases      ] GC(173) Scavenge 3.631ms
[1961.852s][debug][gc,ref         ] GC(173) Skipped phase 1 of Reference Processing: no references
[1961.852s][debug][gc,ref         ] GC(173) Skipped phase 3 of Reference Processing: no references
[1961.852s][debug][gc,phases      ] GC(173) Reference Processing 0.024ms
[1961.853s][debug][gc,phases      ] GC(173) Weak Processing 0.557ms
[1961.853s][debug][gc,age         ] GC(173) Desired survivor size 6291456 bytes, new threshold 15 (max threshold 15)
[1961.853s][info ][gc,heap        ] GC(173) PSYoungGen: 2088144K(2091008K)->3200K(2091008K) Eden: 2084864K(2084864K)->0K(2084864K) From: 3280K(6144K)->3200K(6144K)
[1961.853s][info ][gc,heap        ] GC(173) ParOldGen: 435667K(491520K)->435731K(491520K)
[1961.853s][info ][gc,metaspace   ] GC(173) Metaspace: 80759K(81536K)->80759K(81536K) NonClass: 69814K(70208K)->69814K(70208K) Class: 10945K(11328K)->10945K(11328K)
[1961.853s][info ][gc             ] GC(173) Pause Young (Allocation Failure) 2464M->428M(2522M) 4.374ms
[1961.853s][info ][gc,cpu         ] GC(173) User=0.01s Sys=0.00s Real=0.01s
[1961.853s][info ][safepoint      ] Safepoint "ParallelGCFailedAllocation", Time since last: 1022040059 ns, Reaching safepoint: 45401 ns, At safepoint: 4459599 ns, Total: 4505000 ns
[1964.853s][info ][safepoint      ] Safepoint "Cleanup", Time since last: 3000212319 ns, Reaching safepoint: 54101 ns, At safepoint: 8800 ns, Total: 62901 ns
[1965.854s][info ][safepoint      ] Safepoint "Cleanup", Time since last: 1000129675 ns, Reaching safepoint: 121403 ns, At safepoint: 5600 ns, Total: 127003 ns
[1969.854s][info ][safepoint      ] Safepoint "Cleanup", Time since last: 4000302301 ns, Reaching safepoint: 122803 ns, At safepoint: 12500 ns, Total: 135303 ns
[1972.854s][info ][safepoint      ] Safepoint "Cleanup", Time since last: 3000247532 ns, Reaching safepoint: 56401 ns, At safepoint: 11300 ns, Total: 67701 ns
[1982.855s][info ][safepoint      ] Safepoint "Cleanup", Time since last: 10000691300 ns, Reaching safepoint: 49401 ns, At safepoint: 9301 ns, Total: 58702 ns
[1984.856s][info ][safepoint      ] Safepoint "Cleanup", Time since last: 2000183966 ns, Reaching safepoint: 140003 ns, At safepoint: 12401 ns, Total: 152404 ns
[1987.376s][info ][gc,start       ] GC(174) Pause Young (Allocation Failure)
[1987.380s][debug][gc,phases      ] GC(174) Scavenge 3.609ms
[1987.380s][debug][gc,ref         ] GC(174) Skipped phase 1 of Reference Processing: no references
[1987.380s][debug][gc,ref         ] GC(174) Skipped phase 3 of Reference Processing: no references
[1987.380s][debug][gc,phases      ] GC(174) Reference Processing 0.035ms
[1987.380s][debug][gc,phases      ] GC(174) Weak Processing 0.540ms
[1987.380s][debug][gc,age         ] GC(174) Desired survivor size 5767168 bytes, new threshold 15 (max threshold 15)
[1987.380s][info ][gc,heap        ] GC(174) PSYoungGen: 2088064K(2091008K)->3744K(2091008K) Eden: 2084864K(2084864K)->0K(2084864K) From: 3200K(6144K)->3744K(6144K)
[1987.380s][info ][gc,heap        ] GC(174) ParOldGen: 435731K(491520K)->435787K(491520K)
[1987.380s][info ][gc,metaspace   ] GC(174) Metaspace: 80773K(81536K)->80773K(81536K) NonClass: 69827K(70208K)->69827K(70208K) Class: 10945K(11328K)->10945K(11328K)
[1987.380s][info ][gc             ] GC(174) Pause Young (Allocation Failure) 2464M->429M(2522M) 4.323ms
[1987.380s][info ][gc,cpu         ] GC(174) User=0.02s Sys=0.00s Real=0.00s
[1987.380s][info ][safepoint      ] Safepoint "ParallelGCFailedAllocation", Time since last: 2520470009 ns, Reaching safepoint: 32501 ns, At safepoint: 4419298 ns, Total: 4451799 ns
[2014.255s][info ][gc,start       ] GC(175) Pause Young (Allocation Failure)
[2014.258s][debug][gc,phases      ] GC(175) Scavenge 3.355ms
[2014.258s][debug][gc,ref         ] GC(175) Skipped phase 1 of Reference Processing: no references
[2014.258s][debug][gc,ref         ] GC(175) Skipped phase 3 of Reference Processing: no references
[2014.258s][debug][gc,phases      ] GC(175) Reference Processing 0.025ms
[2014.259s][debug][gc,phases      ] GC(175) Weak Processing 0.540ms
[2014.259s][debug][gc,age         ] GC(175) Desired survivor size 5767168 bytes, new threshold 15 (max threshold 15)
[2014.259s][info ][gc,heap        ] GC(175) PSYoungGen: 2088608K(2091008K)->3728K(2091520K) Eden: 2084864K(2084864K)->0K(2085888K) From: 3744K(6144K)->3728K(5632K)
[2014.259s][info ][gc,heap        ] GC(175) ParOldGen: 435787K(491520K)->435843K(491520K)
[2014.259s][info ][gc,metaspace   ] GC(175) Metaspace: 80773K(81536K)->80773K(81536K) NonClass: 69828K(70208K)->69828K(70208K) Class: 10945K(11328K)->10945K(11328K)
[2014.259s][info ][gc             ] GC(175) Pause Young (Allocation Failure) 2465M->429M(2522M) 4.062ms
[2014.259s][info ][gc,cpu         ] GC(175) User=0.01s Sys=0.00s Real=0.00s
[2014.259s][info ][safepoint      ] Safepoint "ParallelGCFailedAllocation", Time since last: 26874315917 ns, Reaching safepoint: 49301 ns, At safepoint: 4163792 ns, Total: 4213093 ns
[2021.259s][info ][safepoint      ] Safepoint "Cleanup", Time since last: 7000455987 ns, Reaching safepoint: 53001 ns, At safepoint: 4300 ns, Total: 57301 ns
[2023.260s][info ][safepoint      ] Safepoint "Cleanup", Time since last: 2000173301 ns, Reaching safepoint: 72902 ns, At safepoint: 11700 ns, Total: 84602 ns
[2025.260s][info ][safepoint      ] Safepoint "Cleanup", Time since last: 2000172003 ns, Reaching safepoint: 58101 ns, At safepoint: 3400 ns, Total: 61501 ns
[2026.260s][info ][safepoint      ] Safepoint "Cleanup", Time since last: 1000094503 ns, Reaching safepoint: 51701 ns, At safepoint: 3500 ns, Total: 55201 ns
[2028.260s][info ][safepoint      ] Safepoint "Cleanup", Time since last: 2000176105 ns, Reaching safepoint: 79102 ns, At safepoint: 9500 ns, Total: 88602 ns
[2031.261s][info ][safepoint      ] Safepoint "Cleanup", Time since last: 3000229011 ns, Reaching safepoint: 55101 ns, At safepoint: 5401 ns, Total: 60502 ns
[2039.261s][info ][safepoint      ] Safepoint "Cleanup", Time since last: 8000458344 ns, Reaching safepoint: 52501 ns, At safepoint: 9900 ns, Total: 62401 ns
[2040.431s][info ][gc,start       ] GC(176) Pause Young (Allocation Failure)
[2040.435s][debug][gc,phases      ] GC(176) Scavenge 3.681ms
[2040.435s][debug][gc,ref         ] GC(176) Skipped phase 1 of Reference Processing: no references
[2040.435s][debug][gc,ref         ] GC(176) Skipped phase 3 of Reference Processing: no references
[2040.435s][debug][gc,phases      ] GC(176) Reference Processing 0.032ms
[2040.435s][debug][gc,phases      ] GC(176) Weak Processing 0.680ms
[2040.435s][debug][gc,age         ] GC(176) Desired survivor size 5767168 bytes, new threshold 15 (max threshold 15)
[2040.435s][info ][gc,heap        ] GC(176) PSYoungGen: 2089616K(2091520K)->3232K(2091520K) Eden: 2085888K(2085888K)->0K(2085888K) From: 3728K(5632K)->3232K(5632K)
[2040.435s][info ][gc,heap        ] GC(176) ParOldGen: 435843K(491520K)->435931K(491520K)
[2040.435s][info ][gc,metaspace   ] GC(176) Metaspace: 80798K(81536K)->80798K(81536K) NonClass: 69852K(70208K)->69852K(70208K) Class: 10945K(11328K)->10945K(11328K)
[2040.435s][info ][gc             ] GC(176) Pause Young (Allocation Failure) 2466M->428M(2522M) 4.563ms
[2040.435s][info ][gc,cpu         ] GC(176) User=0.01s Sys=0.00s Real=0.00s
[2040.435s][info ][safepoint      ] Safepoint "ParallelGCFailedAllocation", Time since last: 1169498070 ns, Reaching safepoint: 55701 ns, At safepoint: 4665504 ns, Total: 4721205 ns
[2041.436s][info ][safepoint      ] Safepoint "Cleanup", Time since last: 1000092108 ns, Reaching safepoint: 74702 ns, At safepoint: 6500 ns, Total: 81202 ns
[2042.436s][info ][safepoint      ] Safepoint "Cleanup", Time since last: 1000116810 ns, Reaching safepoint: 69601 ns, At safepoint: 11301 ns, Total: 80902 ns
[2043.436s][info ][safepoint      ] Safepoint "Cleanup", Time since last: 1000109910 ns, Reaching safepoint: 63101 ns, At safepoint: 3700 ns, Total: 66801 ns
[2045.436s][info ][safepoint      ] Safepoint "Cleanup", Time since last: 2000199321 ns, Reaching safepoint: 58001 ns, At safepoint: 3700 ns, Total: 61701 ns
[2046.436s][info ][safepoint      ] Safepoint "Cleanup", Time since last: 1000122312 ns, Reaching safepoint: 65901 ns, At safepoint: 6700 ns, Total: 72601 ns
[2053.437s][info ][safepoint      ] Safepoint "Cleanup", Time since last: 7000529785 ns, Reaching safepoint: 54601 ns, At safepoint: 4300 ns, Total: 58901 ns
[2054.437s][info ][safepoint      ] Safepoint "Cleanup", Time since last: 1000128615 ns, Reaching safepoint: 67901 ns, At safepoint: 9300 ns, Total: 77201 ns
[2055.437s][info ][safepoint      ] Safepoint "Cleanup", Time since last: 1000115415 ns, Reaching safepoint: 89002 ns, At safepoint: 7901 ns, Total: 96903 ns
[2062.438s][info ][safepoint      ] Safepoint "Cleanup", Time since last: 7000604911 ns, Reaching safepoint: 62702 ns, At safepoint: 5300 ns, Total: 68002 ns
[2063.438s][info ][safepoint      ] Safepoint "Cleanup", Time since last: 1000117018 ns, Reaching safepoint: 67202 ns, At safepoint: 8800 ns, Total: 76002 ns
[2065.959s][info ][gc,start       ] GC(177) Pause Young (Allocation Failure)
[2065.963s][debug][gc,phases      ] GC(177) Scavenge 3.527ms
[2065.963s][debug][gc,ref         ] GC(177) Skipped phase 1 of Reference Processing: no references
[2065.963s][debug][gc,ref         ] GC(177) Skipped phase 3 of Reference Processing: no references
[2065.963s][debug][gc,phases      ] GC(177) Reference Processing 0.025ms
[2065.964s][debug][gc,phases      ] GC(177) Weak Processing 0.549ms
[2065.964s][debug][gc,age         ] GC(177) Desired survivor size 5767168 bytes, new threshold 15 (max threshold 15)
[2065.964s][info ][gc,heap        ] GC(177) PSYoungGen: 2089120K(2091520K)->3232K(2091520K) Eden: 2085888K(2085888K)->0K(2085888K) From: 3232K(5632K)->3232K(5632K)
[2065.964s][info ][gc,heap        ] GC(177) ParOldGen: 435931K(491520K)->435987K(491520K)
[2065.964s][info ][gc,metaspace   ] GC(177) Metaspace: 80827K(81600K)->80827K(81600K) NonClass: 69880K(70272K)->69880K(70272K) Class: 10946K(11328K)->10946K(11328K)
[2065.964s][info ][gc             ] GC(177) Pause Young (Allocation Failure) 2465M->428M(2522M) 4.234ms
[2065.964s][info ][gc,cpu         ] GC(177) User=0.01s Sys=0.00s Real=0.01s
[2065.964s][info ][safepoint      ] Safepoint "ParallelGCFailedAllocation", Time since last: 2521046308 ns, Reaching safepoint: 56102 ns, At safepoint: 4323896 ns, Total: 4379998 ns
[2067.964s][info ][safepoint      ] Safepoint "Cleanup", Time since last: 2000158338 ns, Reaching safepoint: 50201 ns, At safepoint: 6200 ns, Total: 56401 ns
[2069.964s][info ][safepoint      ] Safepoint "Cleanup", Time since last: 2000178840 ns, Reaching safepoint: 54501 ns, At safepoint: 5401 ns, Total: 59902 ns
[2071.964s][info ][safepoint      ] Safepoint "Cleanup", Time since last: 2000185641 ns, Reaching safepoint: 57702 ns, At safepoint: 3600 ns, Total: 61302 ns
[2072.965s][info ][safepoint      ] Safepoint "Cleanup", Time since last: 1000106622 ns, Reaching safepoint: 52501 ns, At safepoint: 8600 ns, Total: 61101 ns
[2074.965s][info ][safepoint      ] Safepoint "Cleanup", Time since last: 2000184744 ns, Reaching safepoint: 58901 ns, At safepoint: 8301 ns, Total: 67202 ns
[2075.965s][info ][safepoint      ] Safepoint "Cleanup", Time since last: 1000116123 ns, Reaching safepoint: 67101 ns, At safepoint: 8501 ns, Total: 75602 ns
[2076.965s][info ][safepoint      ] Safepoint "Cleanup", Time since last: 1000112123 ns, Reaching safepoint: 49001 ns, At safepoint: 3800 ns, Total: 52801 ns
[2084.966s][info ][safepoint      ] Safepoint "Cleanup", Time since last: 8000573195 ns, Reaching safepoint: 57502 ns, At safepoint: 5900 ns, Total: 63402 ns
[2085.966s][info ][safepoint      ] Safepoint "Cleanup", Time since last: 1000138227 ns, Reaching safepoint: 42001 ns, At safepoint: 3900 ns, Total: 45901 ns
[2086.966s][info ][safepoint      ] Safepoint "Cleanup", Time since last: 1000088927 ns, Reaching safepoint: 61902 ns, At safepoint: 10500 ns, Total: 72402 ns
[2090.803s][info ][gc,start       ] GC(178) Pause Young (Allocation Failure)
[2090.807s][debug][gc,phases      ] GC(178) Scavenge 3.454ms
[2090.807s][debug][gc,ref         ] GC(178) Skipped phase 1 of Reference Processing: no references
[2090.807s][debug][gc,ref         ] GC(178) Skipped phase 3 of Reference Processing: no references
[2090.807s][debug][gc,ref         ] GC(178) Skipped phase 4 of Reference Processing: no references
[2090.807s][debug][gc,phases      ] GC(178) Reference Processing 0.025ms
[2090.808s][debug][gc,phases      ] GC(178) Weak Processing 0.562ms
[2090.808s][debug][gc,age         ] GC(178) Desired survivor size 5767168 bytes, new threshold 15 (max threshold 15)
[2090.808s][info ][gc,heap        ] GC(178) PSYoungGen: 2089120K(2091520K)->3152K(2091520K) Eden: 2085888K(2085888K)->0K(2085888K) From: 3232K(5632K)->3152K(5632K)
[2090.808s][info ][gc,heap        ] GC(178) ParOldGen: 435987K(491520K)->436027K(491520K)
[2090.808s][info ][gc,metaspace   ] GC(178) Metaspace: 80835K(81600K)->80835K(81600K) NonClass: 69888K(70272K)->69888K(70272K) Class: 10946K(11328K)->10946K(11328K)
[2090.808s][info ][gc             ] GC(178) Pause Young (Allocation Failure) 2465M->428M(2522M) 4.198ms
[2090.808s][info ][gc,cpu         ] GC(178) User=0.02s Sys=0.00s Real=0.00s
[2090.808s][info ][safepoint      ] Safepoint "ParallelGCFailedAllocation", Time since last: 3837097083 ns, Reaching safepoint: 61401 ns, At safepoint: 4285695 ns, Total: 4347096 ns
[2108.809s][info ][safepoint      ] Safepoint "Cleanup", Time since last: 18001133965 ns, Reaching safepoint: 55401 ns, At safepoint: 7900 ns, Total: 63301 ns
[2109.809s][info ][safepoint      ] Safepoint "Cleanup", Time since last: 1000109736 ns, Reaching safepoint: 57401 ns, At safepoint: 6001 ns, Total: 63402 ns
[2115.810s][info ][safepoint      ] Safepoint "Cleanup", Time since last: 6000453118 ns, Reaching safepoint: 49301 ns, At safepoint: 5901 ns, Total: 55202 ns
[2116.405s][info ][gc,start       ] GC(179) Pause Young (Allocation Failure)
[2116.409s][debug][gc,phases      ] GC(179) Scavenge 3.645ms
[2116.409s][debug][gc,ref         ] GC(179) Skipped phase 1 of Reference Processing: no references
[2116.409s][debug][gc,ref         ] GC(179) Skipped phase 3 of Reference Processing: no references
[2116.409s][debug][gc,ref         ] GC(179) Skipped phase 4 of Reference Processing: no references
[2116.409s][debug][gc,phases      ] GC(179) Reference Processing 0.037ms
[2116.409s][debug][gc,phases      ] GC(179) Weak Processing 0.535ms
[2116.409s][debug][gc,age         ] GC(179) Desired survivor size 5767168 bytes, new threshold 15 (max threshold 15)
[2116.409s][info ][gc,heap        ] GC(179) PSYoungGen: 2089040K(2091520K)->3328K(2091520K) Eden: 2085888K(2085888K)->0K(2085888K) From: 3152K(5632K)->3328K(5632K)
[2116.409s][info ][gc,heap        ] GC(179) ParOldGen: 436027K(491520K)->436091K(491520K)
[2116.409s][info ][gc,metaspace   ] GC(179) Metaspace: 80836K(81600K)->80836K(81600K) NonClass: 69890K(70272K)->69890K(70272K) Class: 10946K(11328K)->10946K(11328K)
[2116.409s][info ][gc             ] GC(179) Pause Young (Allocation Failure) 2465M->429M(2522M) 4.350ms
[2116.409s][info ][gc,cpu         ] GC(179) User=0.02s Sys=0.00s Real=0.00s
[2116.409s][info ][safepoint      ] Safepoint "ParallelGCFailedAllocation", Time since last: 595456640 ns, Reaching safepoint: 56201 ns, At safepoint: 4442399 ns, Total: 4498600 ns
[2117.410s][info ][safepoint      ] Safepoint "Cleanup", Time since last: 1000092138 ns, Reaching safepoint: 58402 ns, At safepoint: 9000 ns, Total: 67402 ns
[2118.410s][info ][safepoint      ] Safepoint "Cleanup", Time since last: 1000123839 ns, Reaching safepoint: 64402 ns, At safepoint: 7200 ns, Total: 71602 ns
[2124.410s][info ][safepoint      ] Safepoint "Cleanup", Time since last: 6000377336 ns, Reaching safepoint: 72201 ns, At safepoint: 8400 ns, Total: 80601 ns
[2131.411s][info ][safepoint      ] Safepoint "Cleanup", Time since last: 7000430291 ns, Reaching safepoint: 49201 ns, At safepoint: 3401 ns, Total: 52602 ns
[2141.537s][info ][gc,start       ] GC(180) Pause Young (Allocation Failure)
[2141.541s][debug][gc,phases      ] GC(180) Scavenge 3.928ms
[2141.541s][debug][gc,ref         ] GC(180) Skipped phase 1 of Reference Processing: no references
[2141.541s][debug][gc,ref         ] GC(180) Skipped phase 3 of Reference Processing: no references
[2141.541s][debug][gc,phases      ] GC(180) Reference Processing 0.029ms
[2141.542s][debug][gc,phases      ] GC(180) Weak Processing 0.563ms
[2141.542s][debug][gc,age         ] GC(180) Desired survivor size 5242880 bytes, new threshold 15 (max threshold 15)
[2141.542s][info ][gc,heap        ] GC(180) PSYoungGen: 2089216K(2091520K)->3456K(2091520K) Eden: 2085888K(2085888K)->0K(2085888K) From: 3328K(5632K)->3456K(5632K)
[2141.542s][info ][gc,heap        ] GC(180) ParOldGen: 436091K(491520K)->436139K(491520K)
[2141.542s][info ][gc,metaspace   ] GC(180) Metaspace: 80841K(81600K)->80841K(81600K) NonClass: 69895K(70272K)->69895K(70272K) Class: 10946K(11328K)->10946K(11328K)
[2141.542s][info ][gc             ] GC(180) Pause Young (Allocation Failure) 2466M->429M(2522M) 4.697ms
[2141.542s][info ][gc,cpu         ] GC(180) User=0.01s Sys=0.00s Real=0.00s
[2141.542s][info ][safepoint      ] Safepoint "ParallelGCFailedAllocation", Time since last: 10126459945 ns, Reaching safepoint: 59401 ns, At safepoint: 4804807 ns, Total: 4864208 ns
[2147.543s][info ][safepoint      ] Safepoint "Cleanup", Time since last: 6000437985 ns, Reaching safepoint: 120303 ns, At safepoint: 18601 ns, Total: 138904 ns
[2152.543s][info ][safepoint      ] Safepoint "Cleanup", Time since last: 5000404348 ns, Reaching safepoint: 138003 ns, At safepoint: 14600 ns, Total: 152603 ns
[2158.544s][info ][safepoint      ] Safepoint "Cleanup", Time since last: 6000507410 ns, Reaching safepoint: 127503 ns, At safepoint: 10500 ns, Total: 138003 ns
[2167.051s][info ][gc,start       ] GC(181) Pause Young (Allocation Failure)
[2167.055s][debug][gc,phases      ] GC(181) Scavenge 4.010ms
[2167.055s][debug][gc,ref         ] GC(181) Skipped phase 1 of Reference Processing: no references
[2167.055s][debug][gc,ref         ] GC(181) Skipped phase 3 of Reference Processing: no references
[2167.055s][debug][gc,phases      ] GC(181) Reference Processing 0.024ms
[2167.055s][debug][gc,phases      ] GC(181) Weak Processing 0.514ms
[2167.055s][debug][gc,age         ] GC(181) Desired survivor size 5242880 bytes, new threshold 15 (max threshold 15)
[2167.055s][info ][gc,heap        ] GC(181) PSYoungGen: 2089344K(2091520K)->3664K(2092032K) Eden: 2085888K(2085888K)->0K(2086912K) From: 3456K(5632K)->3664K(5120K)
[2167.055s][info ][gc,heap        ] GC(181) ParOldGen: 436139K(491520K)->436195K(491520K)
[2167.055s][info ][gc,metaspace   ] GC(181) Metaspace: 80853K(81600K)->80853K(81600K) NonClass: 69906K(70272K)->69906K(70272K) Class: 10946K(11328K)->10946K(11328K)
[2167.055s][info ][gc             ] GC(181) Pause Young (Allocation Failure) 2466M->429M(2523M) 4.683ms
[2167.055s][info ][gc,cpu         ] GC(181) User=0.02s Sys=0.00s Real=0.00s
[2167.055s][info ][safepoint      ] Safepoint "ParallelGCFailedAllocation", Time since last: 8506663692 ns, Reaching safepoint: 41501 ns, At safepoint: 4768706 ns, Total: 4810207 ns
[2175.056s][info ][safepoint      ] Safepoint "Cleanup", Time since last: 8000533350 ns, Reaching safepoint: 66702 ns, At safepoint: 5600 ns, Total: 72302 ns
[2180.056s][info ][safepoint      ] Safepoint "Cleanup", Time since last: 5000370193 ns, Reaching safepoint: 57801 ns, At safepoint: 9201 ns, Total: 67002 ns
[2182.057s][info ][safepoint      ] Safepoint "Cleanup", Time since last: 2000144419 ns, Reaching safepoint: 61901 ns, At safepoint: 12301 ns, Total: 74202 ns
[2184.057s][info ][safepoint      ] Safepoint "Cleanup", Time since last: 2000160721 ns, Reaching safepoint: 31700 ns, At safepoint: 4100 ns, Total: 35800 ns
[2185.057s][info ][safepoint      ] Safepoint "Cleanup", Time since last: 1000215564 ns, Reaching safepoint: 57102 ns, At safepoint: 9900 ns, Total: 67002 ns
[2188.057s][info ][safepoint      ] Safepoint "Cleanup", Time since last: 3000236785 ns, Reaching safepoint: 54101 ns, At safepoint: 6100 ns, Total: 60201 ns
[2193.090s][info ][gc,start       ] GC(182) Pause Young (Allocation Failure)
[2193.094s][debug][gc,phases      ] GC(182) Scavenge 3.959ms
[2193.095s][debug][gc,ref         ] GC(182) Skipped phase 1 of Reference Processing: no references
[2193.095s][debug][gc,ref         ] GC(182) Skipped phase 3 of Reference Processing: no references
[2193.095s][debug][gc,phases      ] GC(182) Reference Processing 0.036ms
[2193.095s][debug][gc,phases      ] GC(182) Weak Processing 0.549ms
[2193.095s][debug][gc,age         ] GC(182) Desired survivor size 5242880 bytes, new threshold 15 (max threshold 15)
[2193.095s][info ][gc,heap        ] GC(182) PSYoungGen: 2090576K(2092032K)->3440K(2092032K) Eden: 2086912K(2086912K)->0K(2086912K) From: 3664K(5120K)->3440K(5120K)
[2193.095s][info ][gc,heap        ] GC(182) ParOldGen: 436195K(491520K)->436267K(491520K)
[2193.095s][info ][gc,metaspace   ] GC(182) Metaspace: 80860K(81600K)->80860K(81600K) NonClass: 69914K(70272K)->69914K(70272K) Class: 10946K(11328K)->10946K(11328K)
[2193.095s][info ][gc             ] GC(182) Pause Young (Allocation Failure) 2467M->429M(2523M) 4.700ms
[2193.095s][info ][gc,cpu         ] GC(182) User=0.01s Sys=0.00s Real=0.00s
[2193.095s][info ][safepoint      ] Safepoint "ParallelGCFailedAllocation", Time since last: 5032990340 ns, Reaching safepoint: 44401 ns, At safepoint: 4794207 ns, Total: 4838608 ns
[2194.095s][info ][safepoint      ] Safepoint "Cleanup", Time since last: 1000106464 ns, Reaching safepoint: 116803 ns, At safepoint: 6100 ns, Total: 122903 ns
[2197.096s][info ][safepoint      ] Safepoint "Cleanup", Time since last: 3000266494 ns, Reaching safepoint: 128902 ns, At safepoint: 12901 ns, Total: 141803 ns
[2198.096s][info ][safepoint      ] Safepoint "Cleanup", Time since last: 1000120866 ns, Reaching safepoint: 116802 ns, At safepoint: 6700 ns, Total: 123502 ns
[2205.097s][info ][safepoint      ] Safepoint "Cleanup", Time since last: 7000477663 ns, Reaching safepoint: 127302 ns, At safepoint: 9501 ns, Total: 136803 ns
[2206.097s][info ][safepoint      ] Safepoint "Cleanup", Time since last: 1000119568 ns, Reaching safepoint: 129103 ns, At safepoint: 11800 ns, Total: 140903 ns
[2213.098s][info ][safepoint      ] Safepoint "Cleanup", Time since last: 7000520080 ns, Reaching safepoint: 135503 ns, At safepoint: 11101 ns, Total: 146604 ns
[2217.097s][info ][gc,start       ] GC(183) Pause Young (Allocation Failure)
[2217.101s][debug][gc,phases      ] GC(183) Scavenge 3.963ms
[2217.101s][debug][gc,ref         ] GC(183) Skipped phase 1 of Reference Processing: no references
[2217.101s][debug][gc,ref         ] GC(183) Skipped phase 3 of Reference Processing: no references
[2217.101s][debug][gc,phases      ] GC(183) Reference Processing 0.035ms
[2217.102s][debug][gc,phases      ] GC(183) Weak Processing 0.518ms
[2217.102s][debug][gc,age         ] GC(183) Desired survivor size 5242880 bytes, new threshold 15 (max threshold 15)
[2217.102s][info ][gc,heap        ] GC(183) PSYoungGen: 2090352K(2092032K)->3504K(2092032K) Eden: 2086912K(2086912K)->0K(2086912K) From: 3440K(5120K)->3504K(5120K)
[2217.102s][info ][gc,heap        ] GC(183) ParOldGen: 436267K(491520K)->436331K(491520K)
[2217.102s][info ][gc,metaspace   ] GC(183) Metaspace: 80874K(81600K)->80874K(81600K) NonClass: 69924K(70272K)->69924K(70272K) Class: 10949K(11328K)->10949K(11328K)
[2217.102s][info ][gc             ] GC(183) Pause Young (Allocation Failure) 2467M->429M(2523M) 4.655ms
[2217.102s][info ][gc,cpu         ] GC(183) User=0.01s Sys=0.00s Real=0.00s
[2217.102s][info ][safepoint      ] Safepoint "ParallelGCFailedAllocation", Time since last: 3999386260 ns, Reaching safepoint: 50301 ns, At safepoint: 4732006 ns, Total: 4782307 ns
[2220.102s][info ][safepoint      ] Safepoint "Cleanup", Time since last: 3000255414 ns, Reaching safepoint: 127003 ns, At safepoint: 9000 ns, Total: 136003 ns
[2222.102s][info ][safepoint      ] Safepoint "Cleanup", Time since last: 2000182845 ns, Reaching safepoint: 50801 ns, At safepoint: 5801 ns, Total: 56602 ns
[2229.103s][info ][safepoint      ] Safepoint "Cleanup", Time since last: 7000509013 ns, Reaching safepoint: 125303 ns, At safepoint: 12400 ns, Total: 137703 ns
[2230.103s][info ][safepoint      ] Safepoint "Cleanup", Time since last: 1000130776 ns, Reaching safepoint: 121002 ns, At safepoint: 5800 ns, Total: 126802 ns
[2231.103s][info ][safepoint      ] Safepoint "Cleanup", Time since last: 1000111576 ns, Reaching safepoint: 45501 ns, At safepoint: 3600 ns, Total: 49101 ns
[2235.104s][info ][safepoint      ] Safepoint "Cleanup", Time since last: 4000322703 ns, Reaching safepoint: 51401 ns, At safepoint: 3900 ns, Total: 55301 ns
[2238.104s][info ][safepoint      ] Safepoint "Cleanup", Time since last: 3000240530 ns, Reaching safepoint: 57001 ns, At safepoint: 6601 ns, Total: 63602 ns
[2239.104s][info ][safepoint      ] Safepoint "Cleanup", Time since last: 1000116378 ns, Reaching safepoint: 59601 ns, At safepoint: 11400 ns, Total: 71001 ns
[2240.954s][info ][gc,start       ] GC(184) Pause Young (Allocation Failure)
[2240.957s][debug][gc,phases      ] GC(184) Scavenge 3.411ms
[2240.957s][debug][gc,ref         ] GC(184) Skipped phase 1 of Reference Processing: no references
[2240.957s][debug][gc,ref         ] GC(184) Skipped phase 3 of Reference Processing: no references
[2240.957s][debug][gc,phases      ] GC(184) Reference Processing 0.023ms
[2240.958s][debug][gc,phases      ] GC(184) Weak Processing 0.535ms
[2240.958s][debug][gc,age         ] GC(184) Desired survivor size 5242880 bytes, new threshold 15 (max threshold 15)
[2240.958s][info ][gc,heap        ] GC(184) PSYoungGen: 2090416K(2092032K)->3728K(2092032K) Eden: 2086912K(2086912K)->0K(2086912K) From: 3504K(5120K)->3728K(5120K)
[2240.958s][info ][gc,heap        ] GC(184) ParOldGen: 436331K(491520K)->436387K(491520K)
[2240.958s][info ][gc,metaspace   ] GC(184) Metaspace: 80885K(81664K)->80885K(81664K) NonClass: 69936K(70336K)->69936K(70336K) Class: 10949K(11328K)->10949K(11328K)
[2240.958s][info ][gc             ] GC(184) Pause Young (Allocation Failure) 2467M->429M(2523M) 4.102ms
[2240.958s][info ][gc,cpu         ] GC(184) User=0.02s Sys=0.00s Real=0.00s
[2240.958s][info ][safepoint      ] Safepoint "ParallelGCFailedAllocation", Time since last: 1849269694 ns, Reaching safepoint: 157104 ns, At safepoint: 4200693 ns, Total: 4357797 ns
[2244.958s][info ][safepoint      ] Safepoint "Cleanup", Time since last: 4000289914 ns, Reaching safepoint: 55701 ns, At safepoint: 12600 ns, Total: 68301 ns
[2245.959s][info ][safepoint      ] Safepoint "Cleanup", Time since last: 1000107380 ns, Reaching safepoint: 59701 ns, At safepoint: 8600 ns, Total: 68301 ns
[2250.236s][info ][safepoint      ] Safepoint "Cleanup", Time since last: 4276947283 ns, Reaching safepoint: 122702 ns, At safepoint: 11901 ns, Total: 134603 ns
[2251.236s][info ][safepoint      ] Safepoint "Cleanup", Time since last: 1000115881 ns, Reaching safepoint: 81102 ns, At safepoint: 7900 ns, Total: 89002 ns
[2264.898s][info ][gc,start       ] GC(185) Pause Young (Allocation Failure)
[2264.902s][debug][gc,phases      ] GC(185) Scavenge 4.305ms
[2264.902s][debug][gc,ref         ] GC(185) Skipped phase 1 of Reference Processing: no references
[2264.902s][debug][gc,ref         ] GC(185) Skipped phase 3 of Reference Processing: no references
[2264.902s][debug][gc,phases      ] GC(185) Reference Processing 0.023ms
[2264.903s][debug][gc,phases      ] GC(185) Weak Processing 0.544ms
[2264.903s][debug][gc,age         ] GC(185) Desired survivor size 5242880 bytes, new threshold 15 (max threshold 15)
[2264.903s][info ][gc,heap        ] GC(185) PSYoungGen: 2090640K(2092032K)->4160K(2092032K) Eden: 2086912K(2086912K)->0K(2086912K) From: 3728K(5120K)->4160K(5120K)
[2264.903s][info ][gc,heap        ] GC(185) ParOldGen: 436387K(491520K)->436451K(491520K)
[2264.903s][info ][gc,metaspace   ] GC(185) Metaspace: 80885K(81664K)->80885K(81664K) NonClass: 69936K(70336K)->69936K(70336K) Class: 10949K(11328K)->10949K(11328K)
[2264.903s][info ][gc             ] GC(185) Pause Young (Allocation Failure) 2467M->430M(2523M) 5.061ms
[2264.903s][info ][gc,cpu         ] GC(185) User=0.01s Sys=0.00s Real=0.01s
[2264.903s][info ][safepoint      ] Safepoint "ParallelGCFailedAllocation", Time since last: 13661918800 ns, Reaching safepoint: 50601 ns, At safepoint: 5140815 ns, Total: 5191416 ns
[2274.904s][info ][safepoint      ] Safepoint "Cleanup", Time since last: 10000638955 ns, Reaching safepoint: 49901 ns, At safepoint: 31001 ns, Total: 80902 ns
[2275.904s][info ][safepoint      ] Safepoint "Cleanup", Time since last: 1000094788 ns, Reaching safepoint: 50501 ns, At safepoint: 3300 ns, Total: 53801 ns
[2291.679s][info ][gc,start       ] GC(186) Pause Young (Allocation Failure)
[2291.683s][debug][gc,phases      ] GC(186) Scavenge 3.980ms
[2291.683s][debug][gc,ref         ] GC(186) Skipped phase 1 of Reference Processing: no references
[2291.683s][debug][gc,ref         ] GC(186) Skipped phase 3 of Reference Processing: no references
[2291.683s][debug][gc,phases      ] GC(186) Reference Processing 0.064ms
[2291.684s][debug][gc,phases      ] GC(186) Weak Processing 0.663ms
[2291.684s][debug][gc,age         ] GC(186) Desired survivor size 5242880 bytes, new threshold 15 (max threshold 15)
[2291.684s][info ][gc,heap        ] GC(186) PSYoungGen: 2091072K(2092032K)->4352K(2092032K) Eden: 2086912K(2086912K)->0K(2086912K) From: 4160K(5120K)->4352K(5120K)
[2291.684s][info ][gc,heap        ] GC(186) ParOldGen: 436451K(491520K)->436515K(491520K)
[2291.684s][info ][gc,metaspace   ] GC(186) Metaspace: 80890K(81664K)->80890K(81664K) NonClass: 69940K(70336K)->69940K(70336K) Class: 10949K(11328K)->10949K(11328K)
[2291.684s][info ][gc             ] GC(186) Pause Young (Allocation Failure) 2468M->430M(2523M) 4.869ms
[2291.684s][info ][gc,cpu         ] GC(186) User=0.02s Sys=0.00s Real=0.01s
[2291.684s][info ][safepoint      ] Safepoint "ParallelGCFailedAllocation", Time since last: 15775405899 ns, Reaching safepoint: 39901 ns, At safepoint: 4972110 ns, Total: 5012011 ns
[2302.685s][info ][safepoint      ] Safepoint "Cleanup", Time since last: 11000731620 ns, Reaching safepoint: 45601 ns, At safepoint: 4300 ns, Total: 49901 ns
[2314.686s][info ][safepoint      ] Safepoint "Cleanup", Time since last: 12000916650 ns, Reaching safepoint: 65202 ns, At safepoint: 7500 ns, Total: 72702 ns
[2318.003s][info ][gc,start       ] GC(187) Pause Young (Allocation Failure)
[2318.007s][debug][gc,phases      ] GC(187) Scavenge 3.910ms
[2318.007s][debug][gc,ref         ] GC(187) Skipped phase 1 of Reference Processing: no references
[2318.007s][debug][gc,ref         ] GC(187) Skipped phase 3 of Reference Processing: no references
[2318.007s][debug][gc,ref         ] GC(187) Skipped phase 4 of Reference Processing: no references
[2318.007s][debug][gc,phases      ] GC(187) Reference Processing 0.024ms
[2318.008s][debug][gc,phases      ] GC(187) Weak Processing 0.532ms
[2318.008s][debug][gc,age         ] GC(187) Desired survivor size 5242880 bytes, new threshold 15 (max threshold 15)
[2318.008s][info ][gc,heap        ] GC(187) PSYoungGen: 2091264K(2092032K)->4272K(2092032K) Eden: 2086912K(2086912K)->0K(2086912K) From: 4352K(5120K)->4272K(5120K)
[2318.008s][info ][gc,heap        ] GC(187) ParOldGen: 436515K(491520K)->436631K(491520K)
[2318.008s][info ][gc,metaspace   ] GC(187) Metaspace: 80891K(81664K)->80891K(81664K) NonClass: 69941K(70336K)->69941K(70336K) Class: 10949K(11328K)->10949K(11328K)
[2318.008s][info ][gc             ] GC(187) Pause Young (Allocation Failure) 2468M->430M(2523M) 4.616ms
[2318.008s][info ][gc,cpu         ] GC(187) User=0.02s Sys=0.00s Real=0.00s
[2318.008s][info ][safepoint      ] Safepoint "ParallelGCFailedAllocation", Time since last: 3317149159 ns, Reaching safepoint: 31101 ns, At safepoint: 4702505 ns, Total: 4733606 ns
[2320.008s][info ][safepoint      ] Safepoint "Cleanup", Time since last: 2000102096 ns, Reaching safepoint: 45901 ns, At safepoint: 3900 ns, Total: 49801 ns
[2321.008s][info ][safepoint      ] Safepoint "Cleanup", Time since last: 1000066998 ns, Reaching safepoint: 55801 ns, At safepoint: 10601 ns, Total: 66402 ns
[2329.009s][info ][safepoint      ] Safepoint "Cleanup", Time since last: 8000514196 ns, Reaching safepoint: 66302 ns, At safepoint: 8700 ns, Total: 75002 ns
[2337.009s][info ][safepoint      ] Safepoint "Cleanup", Time since last: 8000596813 ns, Reaching safepoint: 124303 ns, At safepoint: 10800 ns, Total: 135103 ns
[2343.010s][info ][safepoint      ] Safepoint "Cleanup", Time since last: 6000441420 ns, Reaching safepoint: 54502 ns, At safepoint: 7000 ns, Total: 61502 ns
[2344.106s][info ][gc,start       ] GC(188) Pause Young (Allocation Failure)
[2344.110s][debug][gc,phases      ] GC(188) Scavenge 3.856ms
[2344.110s][debug][gc,ref         ] GC(188) Skipped phase 1 of Reference Processing: no references
[2344.110s][debug][gc,ref         ] GC(188) Skipped phase 3 of Reference Processing: no references
[2344.110s][debug][gc,phases      ] GC(188) Reference Processing 0.022ms
[2344.111s][debug][gc,phases      ] GC(188) Weak Processing 0.543ms
[2344.111s][debug][gc,age         ] GC(188) Desired survivor size 5242880 bytes, new threshold 15 (max threshold 15)
[2344.111s][info ][gc,heap        ] GC(188) PSYoungGen: 2091184K(2092032K)->4048K(2092032K) Eden: 2086912K(2086912K)->0K(2086912K) From: 4272K(5120K)->4048K(5120K)
[2344.111s][info ][gc,heap        ] GC(188) ParOldGen: 436631K(491520K)->436679K(491520K)
[2344.111s][info ][gc,metaspace   ] GC(188) Metaspace: 80896K(81664K)->80896K(81664K) NonClass: 69946K(70336K)->69946K(70336K) Class: 10949K(11328K)->10949K(11328K)
[2344.111s][info ][gc             ] GC(188) Pause Young (Allocation Failure) 2468M->430M(2523M) 4.612ms
[2344.111s][info ][gc,cpu         ] GC(188) User=0.02s Sys=0.00s Real=0.01s
[2344.111s][info ][safepoint      ] Safepoint "ParallelGCFailedAllocation", Time since last: 1096028944 ns, Reaching safepoint: 30901 ns, At safepoint: 4701405 ns, Total: 4732306 ns
[2348.111s][info ][safepoint      ] Safepoint "Cleanup", Time since last: 4000284118 ns, Reaching safepoint: 58002 ns, At safepoint: 8300 ns, Total: 66302 ns
[2352.111s][info ][safepoint      ] Safepoint "Cleanup", Time since last: 4000345424 ns, Reaching safepoint: 56501 ns, At safepoint: 4000 ns, Total: 60501 ns
[2355.112s][info ][safepoint      ] Safepoint "Cleanup", Time since last: 3000224620 ns, Reaching safepoint: 49601 ns, At safepoint: 3700 ns, Total: 53301 ns
[2358.112s][info ][safepoint      ] Safepoint "Cleanup", Time since last: 3000244522 ns, Reaching safepoint: 61401 ns, At safepoint: 8600 ns, Total: 70001 ns
[2370.749s][info ][gc,start       ] GC(189) Pause Young (Allocation Failure)
[2370.753s][debug][gc,phases      ] GC(189) Scavenge 4.017ms
[2370.753s][debug][gc,ref         ] GC(189) Skipped phase 1 of Reference Processing: no references
[2370.753s][debug][gc,ref         ] GC(189) Skipped phase 3 of Reference Processing: no references
[2370.753s][debug][gc,phases      ] GC(189) Reference Processing 0.023ms
[2370.753s][debug][gc,phases      ] GC(189) Weak Processing 0.524ms
[2370.753s][debug][gc,age         ] GC(189) Desired survivor size 5242880 bytes, new threshold 15 (max threshold 15)
[2370.753s][info ][gc,heap        ] GC(189) PSYoungGen: 2090960K(2092032K)->4240K(2092032K) Eden: 2086912K(2086912K)->0K(2086912K) From: 4048K(5120K)->4240K(5120K)
[2370.753s][info ][gc,heap        ] GC(189) ParOldGen: 436679K(491520K)->436743K(491520K)
[2370.753s][info ][gc,metaspace   ] GC(189) Metaspace: 80896K(81664K)->80896K(81664K) NonClass: 69947K(70336K)->69947K(70336K) Class: 10949K(11328K)->10949K(11328K)
[2370.753s][info ][gc             ] GC(189) Pause Young (Allocation Failure) 2468M->430M(2523M) 4.705ms
[2370.753s][info ][gc,cpu         ] GC(189) User=0.02s Sys=0.00s Real=0.01s
[2370.753s][info ][safepoint      ] Safepoint "ParallelGCFailedAllocation", Time since last: 12636443185 ns, Reaching safepoint: 50401 ns, At safepoint: 4796707 ns, Total: 4847108 ns
[2397.598s][info ][gc,start       ] GC(190) Pause Young (Allocation Failure)
[2397.603s][debug][gc,phases      ] GC(190) Scavenge 4.116ms
[2397.603s][debug][gc,ref         ] GC(190) Skipped phase 1 of Reference Processing: no references
[2397.603s][debug][gc,ref         ] GC(190) Skipped phase 3 of Reference Processing: no references
[2397.603s][debug][gc,phases      ] GC(190) Reference Processing 0.021ms
[2397.603s][debug][gc,phases      ] GC(190) Weak Processing 0.537ms
[2397.603s][debug][gc,age         ] GC(190) Desired survivor size 5242880 bytes, new threshold 15 (max threshold 15)
[2397.603s][info ][gc,heap        ] GC(190) PSYoungGen: 2091152K(2092032K)->4224K(2092032K) Eden: 2086912K(2086912K)->0K(2086912K) From: 4240K(5120K)->4224K(5120K)
[2397.603s][info ][gc,heap        ] GC(190) ParOldGen: 436743K(491520K)->436799K(491520K)
[2397.603s][info ][gc,metaspace   ] GC(190) Metaspace: 80896K(81664K)->80896K(81664K) NonClass: 69947K(70336K)->69947K(70336K) Class: 10949K(11328K)->10949K(11328K)
[2397.603s][info ][gc             ] GC(190) Pause Young (Allocation Failure) 2468M->430M(2523M) 4.794ms
[2397.603s][info ][gc,cpu         ] GC(190) User=0.01s Sys=0.00s Real=0.01s
[2397.603s][info ][safepoint      ] Safepoint "ParallelGCFailedAllocation", Time since last: 26844877451 ns, Reaching safepoint: 52702 ns, At safepoint: 4922410 ns, Total: 4975112 ns
[2402.604s][info ][safepoint      ] Safepoint "Cleanup", Time since last: 5000360382 ns, Reaching safepoint: 63002 ns, At safepoint: 12500 ns, Total: 75502 ns
[2413.605s][info ][safepoint      ] Safepoint "Cleanup", Time since last: 11000754900 ns, Reaching safepoint: 118702 ns, At safepoint: 8500 ns, Total: 127202 ns
[2423.955s][info ][gc,start       ] GC(191) Pause Young (Allocation Failure)
[2423.959s][debug][gc,phases      ] GC(191) Scavenge 3.521ms
[2423.959s][debug][gc,ref         ] GC(191) Skipped phase 1 of Reference Processing: no references
[2423.959s][debug][gc,ref         ] GC(191) Skipped phase 3 of Reference Processing: no references
[2423.959s][debug][gc,phases      ] GC(191) Reference Processing 0.032ms
[2423.959s][debug][gc,phases      ] GC(191) Weak Processing 0.540ms
[2423.959s][debug][gc,age         ] GC(191) Desired survivor size 5242880 bytes, new threshold 15 (max threshold 15)
[2423.959s][info ][gc,heap        ] GC(191) PSYoungGen: 2091136K(2092032K)->4320K(2092032K) Eden: 2086912K(2086912K)->0K(2086912K) From: 4224K(5120K)->4320K(5120K)
[2423.959s][info ][gc,heap        ] GC(191) ParOldGen: 436799K(491520K)->436855K(491520K)
[2423.959s][info ][gc,metaspace   ] GC(191) Metaspace: 80901K(81664K)->80901K(81664K) NonClass: 69951K(70336K)->69951K(70336K) Class: 10949K(11328K)->10949K(11328K)
[2423.959s][info ][gc             ] GC(191) Pause Young (Allocation Failure) 2468M->430M(2523M) 4.227ms
[2423.959s][info ][gc,cpu         ] GC(191) User=0.01s Sys=0.00s Real=0.00s
[2423.959s][info ][safepoint      ] Safepoint "ParallelGCFailedAllocation", Time since last: 10350325407 ns, Reaching safepoint: 50801 ns, At safepoint: 4325197 ns, Total: 4375998 ns
[2426.960s][info ][safepoint      ] Safepoint "Cleanup", Time since last: 3000219665 ns, Reaching safepoint: 48401 ns, At safepoint: 4600 ns, Total: 53001 ns
[2433.960s][info ][safepoint      ] Safepoint "Cleanup", Time since last: 7000389756 ns, Reaching safepoint: 55101 ns, At safepoint: 3901 ns, Total: 59002 ns
[2442.961s][info ][safepoint      ] Safepoint "Cleanup", Time since last: 9000649518 ns, Reaching safepoint: 70301 ns, At safepoint: 11901 ns, Total: 82202 ns
[2445.961s][info ][safepoint      ] Safepoint "Cleanup", Time since last: 3000253477 ns, Reaching safepoint: 45601 ns, At safepoint: 2800 ns, Total: 48401 ns
[2451.096s][info ][gc,start       ] GC(192) Pause Young (Allocation Failure)
[2451.100s][debug][gc,phases      ] GC(192) Scavenge 3.573ms
[2451.100s][debug][gc,ref         ] GC(192) Skipped phase 1 of Reference Processing: no references
[2451.100s][debug][gc,ref         ] GC(192) Skipped phase 3 of Reference Processing: no references
[2451.100s][debug][gc,phases      ] GC(192) Reference Processing 0.023ms
[2451.100s][debug][gc,phases      ] GC(192) Weak Processing 0.557ms
[2451.100s][debug][gc,age         ] GC(192) Desired survivor size 5242880 bytes, new threshold 15 (max threshold 15)
[2451.100s][info ][gc,heap        ] GC(192) PSYoungGen: 2091232K(2092032K)->4304K(2092032K) Eden: 2086912K(2086912K)->0K(2086912K) From: 4320K(5120K)->4304K(5120K)
[2451.100s][info ][gc,heap        ] GC(192) ParOldGen: 436855K(491520K)->436911K(491520K)
[2451.100s][info ][gc,metaspace   ] GC(192) Metaspace: 80905K(81664K)->80905K(81664K) NonClass: 69956K(70336K)->69956K(70336K) Class: 10949K(11328K)->10949K(11328K)
[2451.100s][info ][gc             ] GC(192) Pause Young (Allocation Failure) 2468M->430M(2523M) 4.291ms
[2451.100s][info ][gc,cpu         ] GC(192) User=0.01s Sys=0.00s Real=0.00s
[2451.100s][info ][safepoint      ] Safepoint "ParallelGCFailedAllocation", Time since last: 5135010837 ns, Reaching safepoint: 53501 ns, At safepoint: 4384798 ns, Total: 4438299 ns
[2456.101s][info ][safepoint      ] Safepoint "Cleanup", Time since last: 5000377636 ns, Reaching safepoint: 122403 ns, At safepoint: 8300 ns, Total: 130703 ns
[2478.594s][info ][gc,start       ] GC(193) Pause Young (Allocation Failure)
[2478.597s][debug][gc,phases      ] GC(193) Scavenge 3.689ms
[2478.597s][debug][gc,ref         ] GC(193) Skipped phase 1 of Reference Processing: no references
[2478.597s][debug][gc,ref         ] GC(193) Skipped phase 3 of Reference Processing: no references
[2478.597s][debug][gc,phases      ] GC(193) Reference Processing 0.025ms
[2478.598s][debug][gc,phases      ] GC(193) Weak Processing 0.555ms
[2478.598s][debug][gc,age         ] GC(193) Desired survivor size 5242880 bytes, new threshold 15 (max threshold 15)
[2478.598s][info ][gc,heap        ] GC(193) PSYoungGen: 2091216K(2092032K)->4160K(2092032K) Eden: 2086912K(2086912K)->0K(2086912K) From: 4304K(5120K)->4160K(5120K)
[2478.598s][info ][gc,heap        ] GC(193) ParOldGen: 436911K(491520K)->436967K(491520K)
[2478.598s][info ][gc,metaspace   ] GC(193) Metaspace: 80905K(81664K)->80905K(81664K) NonClass: 69956K(70336K)->69956K(70336K) Class: 10949K(11328K)->10949K(11328K)
[2478.598s][info ][gc             ] GC(193) Pause Young (Allocation Failure) 2468M->430M(2523M) 4.409ms
[2478.598s][info ][gc,cpu         ] GC(193) User=0.01s Sys=0.00s Real=0.00s
[2478.598s][info ][safepoint      ] Safepoint "ParallelGCFailedAllocation", Time since last: 22492420912 ns, Reaching safepoint: 114002 ns, At safepoint: 4500301 ns, Total: 4614303 ns
[2482.598s][info ][safepoint      ] Safepoint "Cleanup", Time since last: 4000345829 ns, Reaching safepoint: 120603 ns, At safepoint: 10900 ns, Total: 131503 ns
[2484.599s][info ][safepoint      ] Safepoint "Cleanup", Time since last: 2000180266 ns, Reaching safepoint: 128303 ns, At safepoint: 10100 ns, Total: 138403 ns
[2485.599s][info ][safepoint      ] Safepoint "Cleanup", Time since last: 1000096234 ns, Reaching safepoint: 123302 ns, At safepoint: 10901 ns, Total: 134203 ns
[2486.599s][info ][safepoint      ] Safepoint "Cleanup", Time since last: 1000107634 ns, Reaching safepoint: 119902 ns, At safepoint: 6900 ns, Total: 126802 ns
[2502.552s][info ][gc,start       ] GC(194) Pause Young (Allocation Failure)
[2502.556s][debug][gc,phases      ] GC(194) Scavenge 3.283ms
[2502.556s][debug][gc,ref         ] GC(194) Skipped phase 1 of Reference Processing: no references
[2502.556s][debug][gc,ref         ] GC(194) Skipped phase 3 of Reference Processing: no references
[2502.556s][debug][gc,phases      ] GC(194) Reference Processing 0.023ms
[2502.556s][debug][gc,phases      ] GC(194) Weak Processing 0.561ms
[2502.556s][debug][gc,age         ] GC(194) Desired survivor size 5242880 bytes, new threshold 15 (max threshold 15)
[2502.556s][info ][gc,heap        ] GC(194) PSYoungGen: 2091072K(2092032K)->4048K(2092032K) Eden: 2086912K(2086912K)->0K(2086912K) From: 4160K(5120K)->4048K(5120K)
[2502.556s][info ][gc,heap        ] GC(194) ParOldGen: 436967K(491520K)->437031K(491520K)
[2502.556s][info ][gc,metaspace   ] GC(194) Metaspace: 80916K(81664K)->80916K(81664K) NonClass: 69967K(70336K)->69967K(70336K) Class: 10949K(11328K)->10949K(11328K)
[2502.556s][info ][gc             ] GC(194) Pause Young (Allocation Failure) 2468M->430M(2523M) 4.021ms
[2502.556s][info ][gc,cpu         ] GC(194) User=0.02s Sys=0.00s Real=0.00s
[2502.556s][info ][safepoint      ] Safepoint "ParallelGCFailedAllocation", Time since last: 15953066179 ns, Reaching safepoint: 47401 ns, At safepoint: 4109591 ns, Total: 4156992 ns
[2505.557s][info ][safepoint      ] Safepoint "Cleanup", Time since last: 3000215709 ns, Reaching safepoint: 51001 ns, At safepoint: 8000 ns, Total: 59001 ns
[2513.557s][info ][safepoint      ] Safepoint "Cleanup", Time since last: 8000591197 ns, Reaching safepoint: 56601 ns, At safepoint: 15100 ns, Total: 71701 ns
[2514.558s][info ][safepoint      ] Safepoint "Cleanup", Time since last: 1000114239 ns, Reaching safepoint: 50801 ns, At safepoint: 4600 ns, Total: 55401 ns
[2518.558s][info ][safepoint      ] Safepoint "Cleanup", Time since last: 4000262153 ns, Reaching safepoint: 43201 ns, At safepoint: 4700 ns, Total: 47901 ns
[2520.558s][info ][safepoint      ] Safepoint "Cleanup", Time since last: 2000174378 ns, Reaching safepoint: 67502 ns, At safepoint: 5700 ns, Total: 73202 ns
[2523.558s][info ][safepoint      ] Safepoint "Cleanup", Time since last: 3000255418 ns, Reaching safepoint: 51801 ns, At safepoint: 4600 ns, Total: 56401 ns
[2526.502s][info ][gc,start       ] GC(195) Pause Young (Allocation Failure)
[2526.505s][debug][gc,phases      ] GC(195) Scavenge 3.587ms
[2526.505s][debug][gc,ref         ] GC(195) Skipped phase 1 of Reference Processing: no references
[2526.505s][debug][gc,ref         ] GC(195) Skipped phase 3 of Reference Processing: no references
[2526.505s][debug][gc,phases      ] GC(195) Reference Processing 0.022ms
[2526.506s][debug][gc,phases      ] GC(195) Weak Processing 0.544ms
[2526.506s][debug][gc,age         ] GC(195) Desired survivor size 5242880 bytes, new threshold 15 (max threshold 15)
[2526.506s][info ][gc,heap        ] GC(195) PSYoungGen: 2090960K(2092032K)->4032K(2092032K) Eden: 2086912K(2086912K)->0K(2086912K) From: 4048K(5120K)->4032K(5120K)
[2526.506s][info ][gc,heap        ] GC(195) ParOldGen: 437031K(491520K)->437151K(491520K)
[2526.506s][info ][gc,metaspace   ] GC(195) Metaspace: 80917K(81664K)->80917K(81664K) NonClass: 69968K(70336K)->69968K(70336K) Class: 10949K(11328K)->10949K(11328K)
[2526.506s][info ][gc             ] GC(195) Pause Young (Allocation Failure) 2468M->430M(2523M) 4.290ms
[2526.506s][info ][gc,cpu         ] GC(195) User=0.02s Sys=0.00s Real=0.01s
[2526.506s][info ][safepoint      ] Safepoint "ParallelGCFailedAllocation", Time since last: 2942982941 ns, Reaching safepoint: 35900 ns, At safepoint: 4376298 ns, Total: 4412198 ns
[2536.507s][info ][safepoint      ] Safepoint "Cleanup", Time since last: 10000667806 ns, Reaching safepoint: 44801 ns, At safepoint: 4500 ns, Total: 49301 ns
[2548.508s][info ][safepoint      ] Safepoint "Cleanup", Time since last: 12000845908 ns, Reaching safepoint: 74802 ns, At safepoint: 12500 ns, Total: 87302 ns
[2549.508s][info ][safepoint      ] Safepoint "Cleanup", Time since last: 1000124645 ns, Reaching safepoint: 52801 ns, At safepoint: 8700 ns, Total: 61501 ns
[2552.354s][info ][gc,start       ] GC(196) Pause Young (Allocation Failure)
[2552.358s][debug][gc,phases      ] GC(196) Scavenge 3.832ms
[2552.358s][debug][gc,ref         ] GC(196) Skipped phase 1 of Reference Processing: no references
[2552.358s][debug][gc,ref         ] GC(196) Skipped phase 3 of Reference Processing: no references
[2552.358s][debug][gc,phases      ] GC(196) Reference Processing 0.029ms
[2552.359s][debug][gc,phases      ] GC(196) Weak Processing 0.685ms
[2552.359s][debug][gc,age         ] GC(196) Desired survivor size 5242880 bytes, new threshold 15 (max threshold 15)
[2552.359s][info ][gc,heap        ] GC(196) PSYoungGen: 2090944K(2092032K)->3792K(2092032K) Eden: 2086912K(2086912K)->0K(2086912K) From: 4032K(5120K)->3792K(5120K)
[2552.359s][info ][gc,heap        ] GC(196) ParOldGen: 437151K(491520K)->437344K(491520K)
[2552.359s][info ][gc,metaspace   ] GC(196) Metaspace: 80918K(81664K)->80918K(81664K) NonClass: 69969K(70336K)->69969K(70336K) Class: 10949K(11328K)->10949K(11328K)
[2552.359s][info ][gc             ] GC(196) Pause Young (Allocation Failure) 2468M->430M(2523M) 4.704ms
[2552.359s][info ][gc,cpu         ] GC(196) User=0.01s Sys=0.00s Real=0.00s
[2552.359s][info ][safepoint      ] Safepoint "ParallelGCFailedAllocation", Time since last: 2846211491 ns, Reaching safepoint: 41201 ns, At safepoint: 4838508 ns, Total: 4879709 ns
[2558.359s][info ][safepoint      ] Safepoint "Cleanup", Time since last: 6000444266 ns, Reaching safepoint: 56602 ns, At safepoint: 8900 ns, Total: 65502 ns
[2578.430s][info ][gc,start       ] GC(197) Pause Young (Allocation Failure)
[2578.434s][debug][gc,phases      ] GC(197) Scavenge 3.799ms
[2578.434s][debug][gc,ref         ] GC(197) Skipped phase 1 of Reference Processing: no references
[2578.434s][debug][gc,ref         ] GC(197) Skipped phase 3 of Reference Processing: no references
[2578.434s][debug][gc,ref         ] GC(197) Skipped phase 4 of Reference Processing: no references
[2578.434s][debug][gc,phases      ] GC(197) Reference Processing 0.056ms
[2578.435s][debug][gc,phases      ] GC(197) Weak Processing 0.686ms
[2578.435s][debug][gc,age         ] GC(197) Desired survivor size 5242880 bytes, new threshold 15 (max threshold 15)
[2578.435s][info ][gc,heap        ] GC(197) PSYoungGen: 2090704K(2092032K)->3856K(2092032K) Eden: 2086912K(2086912K)->0K(2086912K) From: 3792K(5120K)->3856K(5120K)
[2578.435s][info ][gc,heap        ] GC(197) ParOldGen: 437344K(491520K)->437432K(491520K)
[2578.435s][info ][gc,metaspace   ] GC(197) Metaspace: 80920K(81664K)->80920K(81664K) NonClass: 69970K(70336K)->69970K(70336K) Class: 10949K(11328K)->10949K(11328K)
[2578.435s][info ][gc             ] GC(197) Pause Young (Allocation Failure) 2468M->430M(2523M) 4.713ms
[2578.435s][info ][gc,cpu         ] GC(197) User=0.01s Sys=0.00s Real=0.00s
[2578.435s][info ][safepoint      ] Safepoint "ParallelGCFailedAllocation", Time since last: 20070874279 ns, Reaching safepoint: 38701 ns, At safepoint: 4844508 ns, Total: 4883209 ns
[2604.944s][info ][gc,start       ] GC(198) Pause Young (Allocation Failure)
[2604.948s][debug][gc,phases      ] GC(198) Scavenge 3.506ms
[2604.948s][debug][gc,ref         ] GC(198) Skipped phase 1 of Reference Processing: no references
[2604.948s][debug][gc,ref         ] GC(198) Skipped phase 2 of Reference Processing: no references
[2604.948s][debug][gc,ref         ] GC(198) Skipped phase 3 of Reference Processing: no references
[2604.948s][debug][gc,ref         ] GC(198) Skipped phase 4 of Reference Processing: no references
[2604.948s][debug][gc,phases      ] GC(198) Reference Processing 0.032ms
[2604.948s][debug][gc,phases      ] GC(198) Weak Processing 0.661ms
[2604.948s][debug][gc,age         ] GC(198) Desired survivor size 5242880 bytes, new threshold 15 (max threshold 15)
[2604.948s][info ][gc,heap        ] GC(198) PSYoungGen: 2090768K(2092032K)->3760K(2092032K) Eden: 2086912K(2086912K)->0K(2086912K) From: 3856K(5120K)->3760K(5120K)
[2604.948s][info ][gc,heap        ] GC(198) ParOldGen: 437432K(491520K)->437508K(491520K)
[2604.948s][info ][gc,metaspace   ] GC(198) Metaspace: 80920K(81664K)->80920K(81664K) NonClass: 69970K(70336K)->69970K(70336K) Class: 10949K(11328K)->10949K(11328K)
[2604.948s][info ][gc             ] GC(198) Pause Young (Allocation Failure) 2468M->430M(2523M) 4.372ms
[2604.948s][info ][gc,cpu         ] GC(198) User=0.02s Sys=0.00s Real=0.00s
[2604.948s][info ][safepoint      ] Safepoint "ParallelGCFailedAllocation", Time since last: 26508909326 ns, Reaching safepoint: 50002 ns, At safepoint: 4476000 ns, Total: 4526002 ns
[2631.479s][info ][gc,start       ] GC(199) Pause Young (Allocation Failure)
[2631.483s][debug][gc,phases      ] GC(199) Scavenge 4.080ms
[2631.484s][debug][gc,ref         ] GC(199) Skipped phase 1 of Reference Processing: no references
[2631.484s][debug][gc,ref         ] GC(199) Skipped phase 2 of Reference Processing: no references
[2631.484s][debug][gc,ref         ] GC(199) Skipped phase 3 of Reference Processing: no references
[2631.484s][debug][gc,ref         ] GC(199) Skipped phase 4 of Reference Processing: no references
[2631.484s][debug][gc,phases      ] GC(199) Reference Processing 0.025ms
[2631.484s][debug][gc,phases      ] GC(199) Weak Processing 0.559ms
[2631.484s][debug][gc,age         ] GC(199) Desired survivor size 5242880 bytes, new threshold 15 (max threshold 15)
[2631.484s][info ][gc,heap        ] GC(199) PSYoungGen: 2090672K(2092032K)->3296K(2092032K) Eden: 2086912K(2086912K)->0K(2086912K) From: 3760K(5120K)->3296K(5120K)
[2631.484s][info ][gc,heap        ] GC(199) ParOldGen: 437508K(491520K)->437908K(491520K)
[2631.484s][info ][gc,metaspace   ] GC(199) Metaspace: 80922K(81664K)->80922K(81664K) NonClass: 69972K(70336K)->69972K(70336K) Class: 10949K(11328K)->10949K(11328K)
[2631.484s][info ][gc             ] GC(199) Pause Young (Allocation Failure) 2468M->430M(2523M) 4.811ms
[2631.484s][info ][gc,cpu         ] GC(199) User=0.01s Sys=0.00s Real=0.01s
[2631.484s][info ][safepoint      ] Safepoint "ParallelGCFailedAllocation", Time since last: 26530780912 ns, Reaching safepoint: 55202 ns, At safepoint: 4909009 ns, Total: 4964211 ns
[2642.485s][info ][safepoint      ] Safepoint "Cleanup", Time since last: 11000707815 ns, Reaching safepoint: 72401 ns, At safepoint: 12900 ns, Total: 85301 ns
[2657.951s][info ][gc,start       ] GC(200) Pause Young (Allocation Failure)
[2657.955s][debug][gc,phases      ] GC(200) Scavenge 3.677ms
[2657.955s][debug][gc,ref         ] GC(200) Skipped phase 1 of Reference Processing: no references
[2657.955s][debug][gc,ref         ] GC(200) Skipped phase 3 of Reference Processing: no references
[2657.955s][debug][gc,phases      ] GC(200) Reference Processing 0.021ms
[2657.955s][debug][gc,phases      ] GC(200) Weak Processing 0.544ms
[2657.955s][debug][gc,age         ] GC(200) Desired survivor size 5242880 bytes, new threshold 15 (max threshold 15)
[2657.955s][info ][gc,heap        ] GC(200) PSYoungGen: 2090208K(2092032K)->3440K(2092032K) Eden: 2086912K(2086912K)->0K(2086912K) From: 3296K(5120K)->3440K(5120K)
[2657.955s][info ][gc,heap        ] GC(200) ParOldGen: 437908K(491520K)->438100K(491520K)
[2657.955s][info ][gc,metaspace   ] GC(200) Metaspace: 80923K(81664K)->80923K(81664K) NonClass: 69974K(70336K)->69974K(70336K) Class: 10949K(11328K)->10949K(11328K)
[2657.955s][info ][gc             ] GC(200) Pause Young (Allocation Failure) 2468M->431M(2523M) 4.385ms
[2657.955s][info ][gc,cpu         ] GC(200) User=0.02s Sys=0.00s Real=0.00s
[2657.955s][info ][safepoint      ] Safepoint "ParallelGCFailedAllocation", Time since last: 15465699253 ns, Reaching safepoint: 52901 ns, At safepoint: 4474900 ns, Total: 4527801 ns
[2660.956s][info ][safepoint      ] Safepoint "Cleanup", Time since last: 3000219277 ns, Reaching safepoint: 93402 ns, At safepoint: 7600 ns, Total: 101002 ns
[2679.957s][info ][safepoint      ] Safepoint "Cleanup", Time since last: 19001263843 ns, Reaching safepoint: 54201 ns, At safepoint: 3700 ns, Total: 57901 ns
[2684.204s][info ][gc,start       ] GC(201) Pause Young (Allocation Failure)
[2684.208s][debug][gc,phases      ] GC(201) Scavenge 3.435ms
[2684.208s][debug][gc,ref         ] GC(201) Skipped phase 1 of Reference Processing: no references
[2684.208s][debug][gc,ref         ] GC(201) Skipped phase 3 of Reference Processing: no references
[2684.208s][debug][gc,phases      ] GC(201) Reference Processing 0.022ms
[2684.208s][debug][gc,phases      ] GC(201) Weak Processing 0.521ms
[2684.208s][debug][gc,age         ] GC(201) Desired survivor size 5242880 bytes, new threshold 15 (max threshold 15)
[2684.208s][info ][gc,heap        ] GC(201) PSYoungGen: 2090352K(2092032K)->3280K(2092032K) Eden: 2086912K(2086912K)->0K(2086912K) From: 3440K(5120K)->3280K(5120K)
[2684.208s][info ][gc,heap        ] GC(201) ParOldGen: 438100K(491520K)->438224K(491520K)
[2684.208s][info ][gc,metaspace   ] GC(201) Metaspace: 80927K(81664K)->80927K(81664K) NonClass: 69978K(70336K)->69978K(70336K) Class: 10949K(11328K)->10949K(11328K)
[2684.208s][info ][gc             ] GC(201) Pause Young (Allocation Failure) 2469M->431M(2523M) 4.112ms
[2684.208s][info ][gc,cpu         ] GC(201) User=0.01s Sys=0.00s Real=0.00s
[2684.208s][info ][safepoint      ] Safepoint "ParallelGCFailedAllocation", Time since last: 4247084865 ns, Reaching safepoint: 31001 ns, At safepoint: 4195694 ns, Total: 4226695 ns
[2685.208s][info ][safepoint      ] Safepoint "Cleanup", Time since last: 1000084762 ns, Reaching safepoint: 58301 ns, At safepoint: 9600 ns, Total: 67901 ns
[2695.209s][info ][safepoint      ] Safepoint "Cleanup", Time since last: 10000677526 ns, Reaching safepoint: 50701 ns, At safepoint: 4700 ns, Total: 55401 ns
[2702.210s][info ][safepoint      ] Safepoint "Cleanup", Time since last: 7000521445 ns, Reaching safepoint: 56102 ns, At safepoint: 6100 ns, Total: 62202 ns
[2703.210s][info ][safepoint      ] Safepoint "Cleanup", Time since last: 1000092264 ns, Reaching safepoint: 54102 ns, At safepoint: 6200 ns, Total: 60302 ns
[2710.210s][info ][safepoint      ] Safepoint "Cleanup", Time since last: 7000430050 ns, Reaching safepoint: 49901 ns, At safepoint: 4000 ns, Total: 53901 ns
[2711.200s][info ][gc,start       ] GC(202) Pause Young (Allocation Failure)
[2711.204s][debug][gc,phases      ] GC(202) Scavenge 3.388ms
[2711.204s][debug][gc,ref         ] GC(202) Skipped phase 1 of Reference Processing: no references
[2711.204s][debug][gc,ref         ] GC(202) Skipped phase 3 of Reference Processing: no references
[2711.204s][debug][gc,phases      ] GC(202) Reference Processing 0.023ms
[2711.204s][debug][gc,phases      ] GC(202) Weak Processing 0.698ms
[2711.204s][debug][gc,age         ] GC(202) Desired survivor size 5242880 bytes, new threshold 15 (max threshold 15)
[2711.204s][info ][gc,heap        ] GC(202) PSYoungGen: 2090192K(2092032K)->3152K(2092032K) Eden: 2086912K(2086912K)->0K(2086912K) From: 3280K(5120K)->3152K(5120K)
[2711.204s][info ][gc,heap        ] GC(202) ParOldGen: 438224K(491520K)->438272K(491520K)
[2711.204s][info ][gc,metaspace   ] GC(202) Metaspace: 80940K(81664K)->80940K(81664K) NonClass: 69991K(70336K)->69991K(70336K) Class: 10949K(11328K)->10949K(11328K)
[2711.204s][info ][gc             ] GC(202) Pause Young (Allocation Failure) 2469M->431M(2523M) 4.250ms
[2711.204s][info ][gc,cpu         ] GC(202) User=0.01s Sys=0.00s Real=0.01s
[2711.204s][info ][safepoint      ] Safepoint "ParallelGCFailedAllocation", Time since last: 989774335 ns, Reaching safepoint: 33801 ns, At safepoint: 4340697 ns, Total: 4374498 ns
[2724.205s][info ][safepoint      ] Safepoint "Cleanup", Time since last: 13000762051 ns, Reaching safepoint: 49901 ns, At safepoint: 3700 ns, Total: 53601 ns
[2731.206s][info ][safepoint      ] Safepoint "Cleanup", Time since last: 7000470367 ns, Reaching safepoint: 44601 ns, At safepoint: 4001 ns, Total: 48602 ns
[2737.066s][info ][gc,start       ] GC(203) Pause Young (Allocation Failure)
[2737.070s][debug][gc,phases      ] GC(203) Scavenge 3.407ms
[2737.070s][debug][gc,ref         ] GC(203) Skipped phase 1 of Reference Processing: no references
[2737.070s][debug][gc,ref         ] GC(203) Skipped phase 3 of Reference Processing: no references
[2737.070s][debug][gc,phases      ] GC(203) Reference Processing 0.025ms
[2737.071s][debug][gc,phases      ] GC(203) Weak Processing 0.567ms
[2737.071s][debug][gc,age         ] GC(203) Desired survivor size 5242880 bytes, new threshold 15 (max threshold 15)
[2737.071s][info ][gc,heap        ] GC(203) PSYoungGen: 2090064K(2092032K)->3520K(2092032K) Eden: 2086912K(2086912K)->0K(2086912K) From: 3152K(5120K)->3520K(5120K)
[2737.071s][info ][gc,heap        ] GC(203) ParOldGen: 438272K(491520K)->438320K(491520K)
[2737.071s][info ][gc,metaspace   ] GC(203) Metaspace: 80944K(81664K)->80944K(81664K) NonClass: 69995K(70336K)->69995K(70336K) Class: 10949K(11328K)->10949K(11328K)
[2737.071s][info ][gc             ] GC(203) Pause Young (Allocation Failure) 2469M->431M(2523M) 4.125ms
[2737.071s][info ][gc,cpu         ] GC(203) User=0.02s Sys=0.00s Real=0.01s
[2737.071s][info ][safepoint      ] Safepoint "ParallelGCFailedAllocation", Time since last: 5860570177 ns, Reaching safepoint: 34301 ns, At safepoint: 4237994 ns, Total: 4272295 ns
[2760.072s][info ][safepoint      ] Safepoint "Cleanup", Time since last: 23001431285 ns, Reaching safepoint: 52301 ns, At safepoint: 12401 ns, Total: 64702 ns
[2763.072s][info ][safepoint      ] Safepoint "Cleanup", Time since last: 3000259712 ns, Reaching safepoint: 59601 ns, At safepoint: 8801 ns, Total: 68402 ns
[2763.843s][info ][gc,start       ] GC(204) Pause Young (Allocation Failure)
[2763.846s][debug][gc,phases      ] GC(204) Scavenge 3.650ms
[2763.846s][debug][gc,ref         ] GC(204) Skipped phase 1 of Reference Processing: no references
[2763.846s][debug][gc,ref         ] GC(204) Skipped phase 3 of Reference Processing: no references
[2763.847s][debug][gc,phases      ] GC(204) Reference Processing 0.024ms
[2763.847s][debug][gc,phases      ] GC(204) Weak Processing 0.525ms
[2763.847s][debug][gc,age         ] GC(204) Desired survivor size 5242880 bytes, new threshold 15 (max threshold 15)
[2763.847s][info ][gc,heap        ] GC(204) PSYoungGen: 2090432K(2092032K)->3360K(2092032K) Eden: 2086912K(2086912K)->0K(2086912K) From: 3520K(5120K)->3360K(5120K)
[2763.847s][info ][gc,heap        ] GC(204) ParOldGen: 438320K(491520K)->438376K(491520K)
[2763.847s][info ][gc,metaspace   ] GC(204) Metaspace: 80945K(81664K)->80945K(81664K) NonClass: 69995K(70336K)->69995K(70336K) Class: 10949K(11328K)->10949K(11328K)
[2763.847s][info ][gc             ] GC(204) Pause Young (Allocation Failure) 2469M->431M(2523M) 4.365ms
[2763.847s][info ][gc,cpu         ] GC(204) User=0.02s Sys=0.00s Real=0.00s
[2763.847s][info ][safepoint      ] Safepoint "ParallelGCFailedAllocation", Time since last: 770139627 ns, Reaching safepoint: 104302 ns, At safepoint: 4456400 ns, Total: 4560702 ns
[2765.848s][info ][safepoint      ] Safepoint "Cleanup", Time since last: 2000170142 ns, Reaching safepoint: 158404 ns, At safepoint: 34701 ns, Total: 193105 ns
[2768.848s][info ][safepoint      ] Safepoint "Cleanup", Time since last: 3000249313 ns, Reaching safepoint: 123303 ns, At safepoint: 7800 ns, Total: 131103 ns
[2784.849s][info ][safepoint      ] Safepoint "Cleanup", Time since last: 16001117652 ns, Reaching safepoint: 124203 ns, At safepoint: 8500 ns, Total: 132703 ns
[2785.849s][info ][safepoint      ] Safepoint "Cleanup", Time since last: 1000112774 ns, Reaching safepoint: 126003 ns, At safepoint: 6300 ns, Total: 132303 ns
[2786.850s][info ][safepoint      ] Safepoint "Cleanup", Time since last: 1000121174 ns, Reaching safepoint: 126503 ns, At safepoint: 9400 ns, Total: 135903 ns
[2789.793s][info ][gc,start       ] GC(205) Pause Young (Allocation Failure)
[2789.797s][debug][gc,phases      ] GC(205) Scavenge 3.767ms
[2789.797s][debug][gc,ref         ] GC(205) Skipped phase 1 of Reference Processing: no references
[2789.797s][debug][gc,ref         ] GC(205) Skipped phase 3 of Reference Processing: no references
[2789.797s][debug][gc,phases      ] GC(205) Reference Processing 0.022ms
[2789.798s][debug][gc,phases      ] GC(205) Weak Processing 0.543ms
[2789.798s][debug][gc,age         ] GC(205) Desired survivor size 5242880 bytes, new threshold 15 (max threshold 15)
[2789.798s][info ][gc,heap        ] GC(205) PSYoungGen: 2090272K(2092032K)->3200K(2092032K) Eden: 2086912K(2086912K)->0K(2086912K) From: 3360K(5120K)->3200K(5120K)
[2789.798s][info ][gc,heap        ] GC(205) ParOldGen: 438376K(491520K)->438440K(491520K)
[2789.798s][info ][gc,metaspace   ] GC(205) Metaspace: 80956K(81728K)->80956K(81728K) NonClass: 70007K(70400K)->70007K(70400K) Class: 10949K(11328K)->10949K(11328K)
[2789.798s][info ][gc             ] GC(205) Pause Young (Allocation Failure) 2469M->431M(2523M) 4.468ms
[2789.798s][info ][gc,cpu         ] GC(205) User=0.02s Sys=0.00s Real=0.00s
[2789.798s][info ][safepoint      ] Safepoint "ParallelGCFailedAllocation", Time since last: 2943358247 ns, Reaching safepoint: 99002 ns, At safepoint: 4564603 ns, Total: 4663605 ns
[2798.799s][info ][safepoint      ] Safepoint "Cleanup", Time since last: 9000666764 ns, Reaching safepoint: 203804 ns, At safepoint: 10900 ns, Total: 214704 ns
[2799.799s][info ][safepoint      ] Safepoint "Cleanup", Time since last: 1000129576 ns, Reaching safepoint: 128103 ns, At safepoint: 8100 ns, Total: 136203 ns
[2800.799s][info ][safepoint      ] Safepoint "Cleanup", Time since last: 1000110275 ns, Reaching safepoint: 136703 ns, At safepoint: 11700 ns, Total: 148403 ns
[2811.800s][info ][safepoint      ] Safepoint "Cleanup", Time since last: 11000761323 ns, Reaching safepoint: 128203 ns, At safepoint: 15401 ns, Total: 143604 ns
[2815.402s][info ][gc,start       ] GC(206) Pause Young (Allocation Failure)
[2815.405s][debug][gc,phases      ] GC(206) Scavenge 3.639ms
[2815.405s][debug][gc,ref         ] GC(206) Skipped phase 1 of Reference Processing: no references
[2815.405s][debug][gc,ref         ] GC(206) Skipped phase 3 of Reference Processing: no references
[2815.405s][debug][gc,phases      ] GC(206) Reference Processing 0.022ms
[2815.406s][debug][gc,phases      ] GC(206) Weak Processing 0.580ms
[2815.406s][debug][gc,age         ] GC(206) Desired survivor size 4718592 bytes, new threshold 15 (max threshold 15)
[2815.406s][info ][gc,heap        ] GC(206) PSYoungGen: 2090112K(2092032K)->3488K(2092032K) Eden: 2086912K(2086912K)->0K(2086912K) From: 3200K(5120K)->3488K(5120K)
[2815.406s][info ][gc,heap        ] GC(206) ParOldGen: 438440K(491520K)->438560K(491520K)
[2815.406s][info ][gc,metaspace   ] GC(206) Metaspace: 80962K(81728K)->80962K(81728K) NonClass: 70012K(70400K)->70012K(70400K) Class: 10949K(11328K)->10949K(11328K)
[2815.406s][info ][gc             ] GC(206) Pause Young (Allocation Failure) 2469M->431M(2523M) 4.402ms
[2815.406s][info ][gc,cpu         ] GC(206) User=0.01s Sys=0.00s Real=0.01s
[2815.406s][info ][safepoint      ] Safepoint "ParallelGCFailedAllocation", Time since last: 3601467479 ns, Reaching safepoint: 44701 ns, At safepoint: 4496500 ns, Total: 4541201 ns
[2816.406s][info ][safepoint      ] Safepoint "Cleanup", Time since last: 1000095576 ns, Reaching safepoint: 77802 ns, At safepoint: 5900 ns, Total: 83702 ns
[2818.406s][info ][safepoint      ] Safepoint "Cleanup", Time since last: 2000187853 ns, Reaching safepoint: 58701 ns, At safepoint: 6601 ns, Total: 65302 ns
[2825.407s][info ][safepoint      ] Safepoint "Cleanup", Time since last: 7000538335 ns, Reaching safepoint: 51401 ns, At safepoint: 6300 ns, Total: 57701 ns
[2830.407s][info ][safepoint      ] Safepoint "Cleanup", Time since last: 5000326983 ns, Reaching safepoint: 60602 ns, At safepoint: 9700 ns, Total: 70302 ns
[2833.408s][info ][safepoint      ] Safepoint "Cleanup", Time since last: 3000240132 ns, Reaching safepoint: 123403 ns, At safepoint: 8600 ns, Total: 132003 ns
[2839.408s][info ][safepoint      ] Safepoint "Cleanup", Time since last: 6000421266 ns, Reaching safepoint: 49701 ns, At safepoint: 3300 ns, Total: 53001 ns
[2840.493s][info ][gc,start       ] GC(207) Pause Young (Allocation Failure)
[2840.497s][debug][gc,phases      ] GC(207) Scavenge 3.530ms
[2840.497s][debug][gc,ref         ] GC(207) Skipped phase 1 of Reference Processing: no references
[2840.497s][debug][gc,ref         ] GC(207) Skipped phase 3 of Reference Processing: no references
[2840.497s][debug][gc,phases      ] GC(207) Reference Processing 0.022ms
[2840.497s][debug][gc,phases      ] GC(207) Weak Processing 0.569ms
[2840.497s][debug][gc,age         ] GC(207) Desired survivor size 4718592 bytes, new threshold 15 (max threshold 15)
[2840.497s][info ][gc,heap        ] GC(207) PSYoungGen: 2090400K(2092032K)->3312K(2092544K) Eden: 2086912K(2086912K)->0K(2087936K) From: 3488K(5120K)->3312K(4608K)
[2840.497s][info ][gc,heap        ] GC(207) ParOldGen: 438560K(491520K)->438600K(491520K)
[2840.497s][info ][gc,metaspace   ] GC(207) Metaspace: 80969K(81728K)->80969K(81728K) NonClass: 70020K(70400K)->70020K(70400K) Class: 10949K(11328K)->10949K(11328K)
[2840.497s][info ][gc             ] GC(207) Pause Young (Allocation Failure) 2469M->431M(2523M) 4.258ms
[2840.497s][info ][gc,cpu         ] GC(207) User=0.02s Sys=0.00s Real=0.00s
[2840.497s][info ][safepoint      ] Safepoint "ParallelGCFailedAllocation", Time since last: 1084628070 ns, Reaching safepoint: 76202 ns, At safepoint: 4358997 ns, Total: 4435199 ns
[2844.498s][info ][safepoint      ] Safepoint "Cleanup", Time since last: 4000236012 ns, Reaching safepoint: 129302 ns, At safepoint: 9101 ns, Total: 138403 ns
[2866.662s][info ][gc,start       ] GC(208) Pause Young (Allocation Failure)
[2866.666s][debug][gc,phases      ] GC(208) Scavenge 3.220ms
[2866.666s][debug][gc,ref         ] GC(208) Skipped phase 1 of Reference Processing: no references
[2866.666s][debug][gc,ref         ] GC(208) Skipped phase 3 of Reference Processing: no references
[2866.666s][debug][gc,phases      ] GC(208) Reference Processing 0.033ms
[2866.666s][debug][gc,phases      ] GC(208) Weak Processing 0.551ms
[2866.666s][debug][gc,age         ] GC(208) Desired survivor size 4718592 bytes, new threshold 15 (max threshold 15)
[2866.666s][info ][gc,heap        ] GC(208) PSYoungGen: 2091248K(2092544K)->3216K(2092544K) Eden: 2087936K(2087936K)->0K(2087936K) From: 3312K(4608K)->3216K(4608K)
[2866.666s][info ][gc,heap        ] GC(208) ParOldGen: 438600K(491520K)->438648K(491520K)
[2866.666s][info ][gc,metaspace   ] GC(208) Metaspace: 80970K(81728K)->80970K(81728K) NonClass: 70021K(70400K)->70021K(70400K) Class: 10949K(11328K)->10949K(11328K)
[2866.666s][info ][gc             ] GC(208) Pause Young (Allocation Failure) 2470M->431M(2523M) 3.977ms
[2866.666s][info ][gc,cpu         ] GC(208) User=0.02s Sys=0.00s Real=0.00s
[2866.666s][info ][safepoint      ] Safepoint "ParallelGCFailedAllocation", Time since last: 22164469489 ns, Reaching safepoint: 33301 ns, At safepoint: 4103492 ns, Total: 4136793 ns
[2871.667s][info ][safepoint      ] Safepoint "Cleanup", Time since last: 5000344701 ns, Reaching safepoint: 57202 ns, At safepoint: 19000 ns, Total: 76202 ns
[2893.685s][info ][gc,start       ] GC(209) Pause Young (Allocation Failure)
[2893.689s][debug][gc,phases      ] GC(209) Scavenge 3.276ms
[2893.689s][debug][gc,ref         ] GC(209) Skipped phase 1 of Reference Processing: no references
[2893.689s][debug][gc,ref         ] GC(209) Skipped phase 3 of Reference Processing: no references
[2893.689s][debug][gc,phases      ] GC(209) Reference Processing 0.029ms
[2893.689s][debug][gc,phases      ] GC(209) Weak Processing 0.550ms
[2893.689s][debug][gc,age         ] GC(209) Desired survivor size 4718592 bytes, new threshold 15 (max threshold 15)
[2893.689s][info ][gc,heap        ] GC(209) PSYoungGen: 2091152K(2092544K)->3184K(2092544K) Eden: 2087936K(2087936K)->0K(2087936K) From: 3216K(4608K)->3184K(4608K)
[2893.689s][info ][gc,heap        ] GC(209) ParOldGen: 438648K(491520K)->438696K(491520K)
[2893.689s][info ][gc,metaspace   ] GC(209) Metaspace: 80971K(81728K)->80971K(81728K) NonClass: 70021K(70400K)->70021K(70400K) Class: 10949K(11328K)->10949K(11328K)
[2893.689s][info ][gc             ] GC(209) Pause Young (Allocation Failure) 2470M->431M(2523M) 3.984ms
[2893.689s][info ][gc,cpu         ] GC(209) User=0.02s Sys=0.00s Real=0.00s
[2893.689s][info ][safepoint      ] Safepoint "ParallelGCFailedAllocation", Time since last: 22018315368 ns, Reaching safepoint: 63502 ns, At safepoint: 4110792 ns, Total: 4174294 ns
[2915.691s][info ][safepoint      ] Safepoint "Cleanup", Time since last: 22001399428 ns, Reaching safepoint: 62601 ns, At safepoint: 9101 ns, Total: 71702 ns
[2919.795s][info ][gc,start       ] GC(210) Pause Young (Allocation Failure)
[2919.798s][debug][gc,phases      ] GC(210) Scavenge 3.288ms
[2919.798s][debug][gc,ref         ] GC(210) Skipped phase 1 of Reference Processing: no references
[2919.798s][debug][gc,ref         ] GC(210) Skipped phase 3 of Reference Processing: no references
[2919.798s][debug][gc,phases      ] GC(210) Reference Processing 0.022ms
[2919.799s][debug][gc,phases      ] GC(210) Weak Processing 0.557ms
[2919.799s][debug][gc,age         ] GC(210) Desired survivor size 4718592 bytes, new threshold 15 (max threshold 15)
[2919.799s][info ][gc,heap        ] GC(210) PSYoungGen: 2091120K(2092544K)->2560K(2092544K) Eden: 2087936K(2087936K)->0K(2087936K) From: 3184K(4608K)->2560K(4608K)
[2919.799s][info ][gc,heap        ] GC(210) ParOldGen: 438696K(491520K)->439040K(491520K)
[2919.799s][info ][gc,metaspace   ] GC(210) Metaspace: 80976K(81728K)->80976K(81728K) NonClass: 70027K(70400K)->70027K(70400K) Class: 10949K(11328K)->10949K(11328K)
[2919.799s][info ][gc             ] GC(210) Pause Young (Allocation Failure) 2470M->431M(2523M) 4.003ms
[2919.799s][info ][gc,cpu         ] GC(210) User=0.00s Sys=0.00s Real=0.00s
[2919.799s][info ][safepoint      ] Safepoint "ParallelGCFailedAllocation", Time since last: 4104074160 ns, Reaching safepoint: 53401 ns, At safepoint: 4122192 ns, Total: 4175593 ns
[2946.251s][info ][gc,start       ] GC(211) Pause Young (Allocation Failure)
[2946.254s][debug][gc,phases      ] GC(211) Scavenge 3.046ms
[2946.254s][debug][gc,ref         ] GC(211) Skipped phase 1 of Reference Processing: no references
[2946.254s][debug][gc,ref         ] GC(211) Skipped phase 3 of Reference Processing: no references
[2946.254s][debug][gc,phases      ] GC(211) Reference Processing 0.027ms
[2946.254s][debug][gc,phases      ] GC(211) Weak Processing 0.566ms
[2946.254s][debug][gc,age         ] GC(211) Desired survivor size 4718592 bytes, new threshold 15 (max threshold 15)
[2946.254s][info ][gc,heap        ] GC(211) PSYoungGen: 2090496K(2092544K)->2432K(2092544K) Eden: 2087936K(2087936K)->0K(2087936K) From: 2560K(4608K)->2432K(4608K)
[2946.254s][info ][gc,heap        ] GC(211) ParOldGen: 439040K(491520K)->439116K(491520K)
[2946.254s][info ][gc,metaspace   ] GC(211) Metaspace: 80977K(81728K)->80977K(81728K) NonClass: 70027K(70400K)->70027K(70400K) Class: 10949K(11328K)->10949K(11328K)
[2946.254s][info ][gc             ] GC(211) Pause Young (Allocation Failure) 2470M->431M(2523M) 3.812ms
[2946.254s][info ][gc,cpu         ] GC(211) User=0.02s Sys=0.00s Real=0.00s
[2946.254s][info ][safepoint      ] Safepoint "ParallelGCFailedAllocation", Time since last: 26451572387 ns, Reaching safepoint: 45001 ns, At safepoint: 3907888 ns, Total: 3952889 ns
[2951.255s][info ][safepoint      ] Safepoint "Cleanup", Time since last: 5000353432 ns, Reaching safepoint: 58402 ns, At safepoint: 36001 ns, Total: 94403 ns
[2967.256s][info ][safepoint      ] Safepoint "Cleanup", Time since last: 16001035894 ns, Reaching safepoint: 30800 ns, At safepoint: 3601 ns, Total: 34401 ns
[2973.743s][info ][gc,start       ] GC(212) Pause Young (Allocation Failure)
[2973.746s][debug][gc,phases      ] GC(212) Scavenge 3.173ms
[2973.746s][debug][gc,ref         ] GC(212) Skipped phase 1 of Reference Processing: no references
[2973.746s][debug][gc,ref         ] GC(212) Skipped phase 3 of Reference Processing: no references
[2973.746s][debug][gc,phases      ] GC(212) Reference Processing 0.023ms
[2973.746s][debug][gc,phases      ] GC(212) Weak Processing 0.556ms
[2973.746s][debug][gc,age         ] GC(212) Desired survivor size 4718592 bytes, new threshold 15 (max threshold 15)
[2973.747s][info ][gc,heap        ] GC(212) PSYoungGen: 2090368K(2092544K)->2592K(2092544K) Eden: 2087936K(2087936K)->0K(2087936K) From: 2432K(4608K)->2592K(4608K)
[2973.747s][info ][gc,heap        ] GC(212) ParOldGen: 439116K(491520K)->439148K(491520K)
[2973.747s][info ][gc,metaspace   ] GC(212) Metaspace: 80978K(81728K)->80978K(81728K) NonClass: 70028K(70400K)->70028K(70400K) Class: 10949K(11328K)->10949K(11328K)
[2973.747s][info ][gc             ] GC(212) Pause Young (Allocation Failure) 2470M->431M(2523M) 3.889ms
[2973.747s][info ][gc,cpu         ] GC(212) User=0.01s Sys=0.00s Real=0.00s
[2973.747s][info ][safepoint      ] Safepoint "ParallelGCFailedAllocation", Time since last: 6486517110 ns, Reaching safepoint: 103602 ns, At safepoint: 3977289 ns, Total: 4080891 ns
[2982.747s][info ][safepoint      ] Safepoint "Cleanup", Time since last: 9000576196 ns, Reaching safepoint: 121003 ns, At safepoint: 15600 ns, Total: 136603 ns
[2993.748s][info ][safepoint      ] Safepoint "Cleanup", Time since last: 11000778282 ns, Reaching safepoint: 137303 ns, At safepoint: 11900 ns, Total: 149203 ns
[2994.748s][info ][safepoint      ] Safepoint "Cleanup", Time since last: 1000118791 ns, Reaching safepoint: 114502 ns, At safepoint: 9400 ns, Total: 123902 ns
[2996.749s][info ][safepoint      ] Safepoint "Cleanup", Time since last: 2000204881 ns, Reaching safepoint: 118203 ns, At safepoint: 5500 ns, Total: 123703 ns
[2998.749s][info ][safepoint      ] Safepoint "Cleanup", Time since last: 2000179881 ns, Reaching safepoint: 127203 ns, At safepoint: 6600 ns, Total: 133803 ns
[2999.361s][info ][gc,start       ] GC(213) Pause Young (Allocation Failure)
[2999.364s][debug][gc,phases      ] GC(213) Scavenge 3.179ms
[2999.364s][debug][gc,ref         ] GC(213) Skipped phase 1 of Reference Processing: no references
[2999.364s][debug][gc,ref         ] GC(213) Skipped phase 3 of Reference Processing: no references
[2999.364s][debug][gc,phases      ] GC(213) Reference Processing 0.022ms
[2999.365s][debug][gc,phases      ] GC(213) Weak Processing 0.538ms
[2999.365s][debug][gc,age         ] GC(213) Desired survivor size 4718592 bytes, new threshold 15 (max threshold 15)
[2999.365s][info ][gc,heap        ] GC(213) PSYoungGen: 2090528K(2092544K)->2960K(2092544K) Eden: 2087936K(2087936K)->0K(2087936K) From: 2592K(4608K)->2960K(4608K)
[2999.365s][info ][gc,heap        ] GC(213) ParOldGen: 439148K(491520K)->439180K(491520K)
[2999.365s][info ][gc,metaspace   ] GC(213) Metaspace: 80981K(81728K)->80981K(81728K) NonClass: 70032K(70400K)->70032K(70400K) Class: 10949K(11328K)->10949K(11328K)
[2999.365s][info ][gc             ] GC(213) Pause Young (Allocation Failure) 2470M->431M(2523M) 3.886ms
[2999.365s][info ][gc,cpu         ] GC(213) User=0.02s Sys=0.00s Real=0.01s
[2999.365s][info ][safepoint      ] Safepoint "ParallelGCFailedAllocation", Time since last: 611908499 ns, Reaching safepoint: 117703 ns, At safepoint: 3994789 ns, Total: 4112492 ns
[3000.365s][info ][safepoint      ] Safepoint "Cleanup", Time since last: 1000091091 ns, Reaching safepoint: 48001 ns, At safepoint: 6000 ns, Total: 54001 ns
[3011.366s][info ][safepoint      ] Safepoint "Cleanup", Time since last: 11000743793 ns, Reaching safepoint: 62102 ns, At safepoint: 45101 ns, Total: 107203 ns
[3022.367s][info ][safepoint      ] Safepoint "Cleanup", Time since last: 11000739701 ns, Reaching safepoint: 46801 ns, At safepoint: 3200 ns, Total: 50001 ns
[3024.367s][info ][safepoint      ] Safepoint "Cleanup", Time since last: 2000126983 ns, Reaching safepoint: 56801 ns, At safepoint: 3700 ns, Total: 60501 ns
[3024.956s][info ][gc,start       ] GC(214) Pause Young (Allocation Failure)
[3024.960s][debug][gc,phases      ] GC(214) Scavenge 3.644ms
[3024.960s][debug][gc,ref         ] GC(214) Skipped phase 1 of Reference Processing: no references
[3024.960s][debug][gc,ref         ] GC(214) Skipped phase 3 of Reference Processing: no references
[3024.960s][debug][gc,phases      ] GC(214) Reference Processing 0.025ms
[3024.961s][debug][gc,phases      ] GC(214) Weak Processing 0.591ms
[3024.961s][debug][gc,age         ] GC(214) Desired survivor size 4718592 bytes, new threshold 15 (max threshold 15)
[3024.961s][info ][gc,heap        ] GC(214) PSYoungGen: 2090896K(2092544K)->2976K(2092544K) Eden: 2087936K(2087936K)->0K(2087936K) From: 2960K(4608K)->2976K(4608K)
[3024.961s][info ][gc,heap        ] GC(214) ParOldGen: 439180K(491520K)->439212K(491520K)
[3024.961s][info ][gc,metaspace   ] GC(214) Metaspace: 80984K(81728K)->80984K(81728K) NonClass: 70035K(70400K)->70035K(70400K) Class: 10949K(11328K)->10949K(11328K)
[3024.961s][info ][gc             ] GC(214) Pause Young (Allocation Failure) 2470M->431M(2523M) 4.405ms
[3024.961s][info ][gc,cpu         ] GC(214) User=0.01s Sys=0.00s Real=0.00s
[3024.961s][info ][safepoint      ] Safepoint "ParallelGCFailedAllocation", Time since last: 588986687 ns, Reaching safepoint: 28801 ns, At safepoint: 4500601 ns, Total: 4529402 ns
[3032.528s][info ][safepoint      ] Safepoint "Cleanup", Time since last: 7567225132 ns, Reaching safepoint: 42501 ns, At safepoint: 6200 ns, Total: 48701 ns
[3033.528s][info ][safepoint      ] Safepoint "Cleanup", Time since last: 1000106993 ns, Reaching safepoint: 45301 ns, At safepoint: 3800 ns, Total: 49101 ns
[3045.529s][info ][safepoint      ] Safepoint "Cleanup", Time since last: 12000838209 ns, Reaching safepoint: 56401 ns, At safepoint: 6400 ns, Total: 62801 ns
[3051.102s][info ][gc,start       ] GC(215) Pause Young (Allocation Failure)
[3051.106s][debug][gc,phases      ] GC(215) Scavenge 3.608ms
[3051.106s][debug][gc,ref         ] GC(215) Skipped phase 1 of Reference Processing: no references
[3051.106s][debug][gc,ref         ] GC(215) Skipped phase 3 of Reference Processing: no references
[3051.106s][debug][gc,phases      ] GC(215) Reference Processing 0.024ms
[3051.106s][debug][gc,phases      ] GC(215) Weak Processing 0.530ms
[3051.106s][debug][gc,age         ] GC(215) Desired survivor size 4718592 bytes, new threshold 15 (max threshold 15)
[3051.106s][info ][gc,heap        ] GC(215) PSYoungGen: 2090912K(2092544K)->3088K(2092544K) Eden: 2087936K(2087936K)->0K(2087936K) From: 2976K(4608K)->3088K(4608K)
[3051.106s][info ][gc,heap        ] GC(215) ParOldGen: 439212K(491520K)->439244K(491520K)
[3051.106s][info ][gc,metaspace   ] GC(215) Metaspace: 81023K(81792K)->81023K(81792K) NonClass: 70069K(70464K)->70069K(70464K) Class: 10953K(11328K)->10953K(11328K)
[3051.106s][info ][gc             ] GC(215) Pause Young (Allocation Failure) 2470M->431M(2523M) 4.325ms
[3051.106s][info ][gc,cpu         ] GC(215) User=0.02s Sys=0.00s Real=0.01s
[3051.106s][info ][safepoint      ] Safepoint "ParallelGCFailedAllocation", Time since last: 5573059789 ns, Reaching safepoint: 34301 ns, At safepoint: 4415598 ns, Total: 4449899 ns
[3052.107s][info ][safepoint      ] Safepoint "Cleanup", Time since last: 1000082894 ns, Reaching safepoint: 62701 ns, At safepoint: 8500 ns, Total: 71201 ns
[3064.107s][info ][safepoint      ] Safepoint "Cleanup", Time since last: 12000764421 ns, Reaching safepoint: 53601 ns, At safepoint: 8600 ns, Total: 62201 ns
[3075.108s][info ][safepoint      ] Safepoint "Cleanup", Time since last: 11000777237 ns, Reaching safepoint: 58601 ns, At safepoint: 9200 ns, Total: 67801 ns
[3076.316s][info ][gc,start       ] GC(216) Pause Young (Allocation Failure)
[3076.320s][debug][gc,phases      ] GC(216) Scavenge 3.091ms
[3076.320s][debug][gc,ref         ] GC(216) Skipped phase 1 of Reference Processing: no references
[3076.320s][debug][gc,ref         ] GC(216) Skipped phase 3 of Reference Processing: no references
[3076.320s][debug][gc,phases      ] GC(216) Reference Processing 0.023ms
[3076.320s][debug][gc,phases      ] GC(216) Weak Processing 0.545ms
[3076.320s][debug][gc,age         ] GC(216) Desired survivor size 4718592 bytes, new threshold 15 (max threshold 15)
[3076.320s][info ][gc,heap        ] GC(216) PSYoungGen: 2091024K(2092544K)->3072K(2092544K) Eden: 2087936K(2087936K)->0K(2087936K) From: 3088K(4608K)->3072K(4608K)
[3076.320s][info ][gc,heap        ] GC(216) ParOldGen: 439244K(491520K)->439268K(491520K)
[3076.320s][info ][gc,metaspace   ] GC(216) Metaspace: 81035K(81792K)->81035K(81792K) NonClass: 70082K(70464K)->70082K(70464K) Class: 10953K(11328K)->10953K(11328K)
[3076.320s][info ][gc             ] GC(216) Pause Young (Allocation Failure) 2470M->431M(2523M) 3.790ms
[3076.320s][info ][gc,cpu         ] GC(216) User=0.02s Sys=0.00s Real=0.00s
[3076.320s][info ][safepoint      ] Safepoint "ParallelGCFailedAllocation", Time since last: 1208014551 ns, Reaching safepoint: 34301 ns, At safepoint: 3877487 ns, Total: 3911788 ns
[3092.321s][info ][safepoint      ] Safepoint "Cleanup", Time since last: 16001067318 ns, Reaching safepoint: 61702 ns, At safepoint: 12300 ns, Total: 74002 ns
[3093.322s][info ][safepoint      ] Safepoint "Cleanup", Time since last: 1000113497 ns, Reaching safepoint: 57301 ns, At safepoint: 5500 ns, Total: 62801 ns
[3101.322s][info ][safepoint      ] Safepoint "Cleanup", Time since last: 8000569766 ns, Reaching safepoint: 61001 ns, At safepoint: 4400 ns, Total: 65401 ns
[3101.908s][info ][gc,start       ] GC(217) Pause Young (Allocation Failure)
[3101.911s][debug][gc,phases      ] GC(217) Scavenge 3.461ms
[3101.911s][debug][gc,ref         ] GC(217) Skipped phase 1 of Reference Processing: no references
[3101.911s][debug][gc,ref         ] GC(217) Skipped phase 3 of Reference Processing: no references
[3101.911s][debug][gc,phases      ] GC(217) Reference Processing 0.034ms
[3101.912s][debug][gc,phases      ] GC(217) Weak Processing 0.520ms
[3101.912s][debug][gc,age         ] GC(217) Desired survivor size 4718592 bytes, new threshold 15 (max threshold 15)
[3101.912s][info ][gc,heap        ] GC(217) PSYoungGen: 2091008K(2092544K)->3328K(2092544K) Eden: 2087936K(2087936K)->0K(2087936K) From: 3072K(4608K)->3328K(4608K)
[3101.912s][info ][gc,heap        ] GC(217) ParOldGen: 439268K(491520K)->439300K(491520K)
[3101.912s][info ][gc,metaspace   ] GC(217) Metaspace: 81039K(81792K)->81039K(81792K) NonClass: 70085K(70464K)->70085K(70464K) Class: 10953K(11328K)->10953K(11328K)
[3101.912s][info ][gc             ] GC(217) Pause Young (Allocation Failure) 2470M->432M(2523M) 4.139ms
[3101.912s][info ][gc,cpu         ] GC(217) User=0.02s Sys=0.00s Real=0.01s
[3101.912s][info ][safepoint      ] Safepoint "ParallelGCFailedAllocation", Time since last: 585315008 ns, Reaching safepoint: 30901 ns, At safepoint: 4227494 ns, Total: 4258395 ns
[3105.912s][info ][safepoint      ] Safepoint "Cleanup", Time since last: 4000302241 ns, Reaching safepoint: 59701 ns, At safepoint: 14501 ns, Total: 74202 ns
[3106.912s][info ][safepoint      ] Safepoint "Cleanup", Time since last: 1000096783 ns, Reaching safepoint: 56001 ns, At safepoint: 6300 ns, Total: 62301 ns
[3114.913s][info ][safepoint      ] Safepoint "Cleanup", Time since last: 8000582936 ns, Reaching safepoint: 59601 ns, At safepoint: 15901 ns, Total: 75502 ns
[3116.913s][info ][safepoint      ] Safepoint "Cleanup", Time since last: 2000183144 ns, Reaching safepoint: 52601 ns, At safepoint: 8500 ns, Total: 61101 ns
[3125.914s][info ][safepoint      ] Safepoint "Cleanup", Time since last: 9000653493 ns, Reaching safepoint: 63502 ns, At safepoint: 12000 ns, Total: 75502 ns
[3127.706s][info ][gc,start       ] GC(218) Pause Young (Allocation Failure)
[3127.714s][debug][gc,phases      ] GC(218) Scavenge 8.205ms
[3127.714s][debug][gc,ref         ] GC(218) Skipped phase 1 of Reference Processing: no references
[3127.714s][debug][gc,ref         ] GC(218) Skipped phase 3 of Reference Processing: no references
[3127.714s][debug][gc,phases      ] GC(218) Reference Processing 0.032ms
[3127.715s][debug][gc,phases      ] GC(218) Weak Processing 0.845ms
[3127.715s][debug][gc,age         ] GC(218) Desired survivor size 4194304 bytes, new threshold 15 (max threshold 15)
[3127.715s][info ][gc,heap        ] GC(218) PSYoungGen: 2091264K(2092544K)->3232K(2092544K) Eden: 2087936K(2087936K)->0K(2087936K) From: 3328K(4608K)->3232K(4608K)
[3127.715s][info ][gc,heap        ] GC(218) ParOldGen: 439300K(491520K)->439340K(491520K)
[3127.715s][info ][gc,metaspace   ] GC(218) Metaspace: 81043K(81792K)->81043K(81792K) NonClass: 70089K(70464K)->70089K(70464K) Class: 10954K(11328K)->10954K(11328K)
[3127.715s][info ][gc             ] GC(218) Pause Young (Allocation Failure) 2471M->432M(2523M) 9.239ms
[3127.715s][info ][gc,cpu         ] GC(218) User=0.02s Sys=0.00s Real=0.01s
[3127.715s][info ][safepoint      ] Safepoint "ParallelGCFailedAllocation", Time since last: 1792084557 ns, Reaching safepoint: 44401 ns, At safepoint: 9332810 ns, Total: 9377211 ns
[3131.716s][info ][safepoint      ] Safepoint "Cleanup", Time since last: 4000294885 ns, Reaching safepoint: 52301 ns, At safepoint: 6900 ns, Total: 59201 ns
[3133.716s][info ][safepoint      ] Safepoint "Cleanup", Time since last: 2000150442 ns, Reaching safepoint: 56901 ns, At safepoint: 5100 ns, Total: 62001 ns
[3140.306s][info ][safepoint      ] Safepoint "Cleanup", Time since last: 6590361509 ns, Reaching safepoint: 162804 ns, At safepoint: 11000 ns, Total: 173804 ns
[3150.310s][info ][safepoint      ] Safepoint "Cleanup", Time since last: 10002958454 ns, Reaching safepoint: 160403 ns, At safepoint: 19001 ns, Total: 179404 ns
[3151.313s][info ][safepoint      ] Safepoint "Cleanup", Time since last: 1000138221 ns, Reaching safepoint: 3424777 ns, At safepoint: 13901 ns, Total: 3438678 ns
[3152.314s][info ][safepoint      ] Safepoint "Cleanup", Time since last: 1000118921 ns, Reaching safepoint: 1084024 ns, At safepoint: 10100 ns, Total: 1094124 ns
[3153.379s][info ][gc,start       ] GC(219) Pause Young (Allocation Failure)
[3153.387s][debug][gc,phases      ] GC(219) Scavenge 8.031ms
[3153.387s][debug][gc,ref         ] GC(219) Skipped phase 1 of Reference Processing: no references
[3153.387s][debug][gc,ref         ] GC(219) Skipped phase 3 of Reference Processing: no references
[3153.387s][debug][gc,phases      ] GC(219) Reference Processing 0.031ms
[3153.388s][debug][gc,phases      ] GC(219) Weak Processing 0.728ms
[3153.388s][debug][gc,age         ] GC(219) Desired survivor size 4194304 bytes, new threshold 15 (max threshold 15)
[3153.388s][info ][gc,heap        ] GC(219) PSYoungGen: 2091168K(2092544K)->3376K(2093056K) Eden: 2087936K(2087936K)->0K(2088960K) From: 3232K(4608K)->3376K(4096K)
[3153.388s][info ][gc,heap        ] GC(219) ParOldGen: 439340K(491520K)->439404K(491520K)
[3153.388s][info ][gc,metaspace   ] GC(219) Metaspace: 81049K(81792K)->81049K(81792K) NonClass: 70095K(70464K)->70095K(70464K) Class: 10954K(11328K)->10954K(11328K)
[3153.388s][info ][gc             ] GC(219) Pause Young (Allocation Failure) 2471M->432M(2524M) 8.972ms
[3153.388s][info ][gc,cpu         ] GC(219) User=0.02s Sys=0.00s Real=0.01s
[3153.388s][info ][safepoint      ] Safepoint "ParallelGCFailedAllocation", Time since last: 1064694376 ns, Reaching safepoint: 52001 ns, At safepoint: 9071904 ns, Total: 9123905 ns
[3158.389s][info ][safepoint      ] Safepoint "Cleanup", Time since last: 5000399700 ns, Reaching safepoint: 60402 ns, At safepoint: 3400 ns, Total: 63802 ns
[3179.401s][info ][gc,start       ] GC(220) Pause Young (Allocation Failure)
[3179.405s][debug][gc,phases      ] GC(220) Scavenge 3.731ms
[3179.405s][debug][gc,ref         ] GC(220) Skipped phase 1 of Reference Processing: no references
[3179.405s][debug][gc,ref         ] GC(220) Skipped phase 3 of Reference Processing: no references
[3179.405s][debug][gc,ref         ] GC(220) Skipped phase 4 of Reference Processing: no references
[3179.405s][debug][gc,phases      ] GC(220) Reference Processing 0.023ms
[3179.406s][debug][gc,phases      ] GC(220) Weak Processing 0.554ms
[3179.406s][debug][gc,age         ] GC(220) Desired survivor size 4194304 bytes, new threshold 15 (max threshold 15)
[3179.406s][info ][gc,heap        ] GC(220) PSYoungGen: 2092336K(2093056K)->3392K(2093056K) Eden: 2088960K(2088960K)->0K(2088960K) From: 3376K(4096K)->3392K(4096K)
[3179.406s][info ][gc,heap        ] GC(220) ParOldGen: 439404K(491520K)->439468K(491520K)
[3179.406s][info ][gc,metaspace   ] GC(220) Metaspace: 81054K(81792K)->81054K(81792K) NonClass: 70099K(70464K)->70099K(70464K) Class: 10954K(11328K)->10954K(11328K)
[3179.406s][info ][gc             ] GC(220) Pause Young (Allocation Failure) 2472M->432M(2524M) 4.445ms
[3179.406s][info ][gc,cpu         ] GC(220) User=0.02s Sys=0.00s Real=0.01s
[3179.406s][info ][safepoint      ] Safepoint "ParallelGCFailedAllocation", Time since last: 21012722257 ns, Reaching safepoint: 40601 ns, At safepoint: 4530402 ns, Total: 4571003 ns
[3183.406s][info ][safepoint      ] Safepoint "Cleanup", Time since last: 4000296675 ns, Reaching safepoint: 63001 ns, At safepoint: 8300 ns, Total: 71301 ns
[3185.407s][info ][safepoint      ] Safepoint "Cleanup", Time since last: 2000185238 ns, Reaching safepoint: 62502 ns, At safepoint: 9500 ns, Total: 72002 ns
[3188.407s][info ][safepoint      ] Safepoint "Cleanup", Time since last: 3000269184 ns, Reaching safepoint: 57401 ns, At safepoint: 7300 ns, Total: 64701 ns
[3192.407s][info ][safepoint      ] Safepoint "Cleanup", Time since last: 4000322807 ns, Reaching safepoint: 130403 ns, At safepoint: 15700 ns, Total: 146103 ns
[3194.677s][info ][safepoint      ] Safepoint "Cleanup", Time since last: 2269322059 ns, Reaching safepoint: 57201 ns, At safepoint: 8500 ns, Total: 65701 ns
[3196.272s][info ][safepoint      ] Safepoint "Cleanup", Time since last: 1595461227 ns, Reaching safepoint: 57501 ns, At safepoint: 5200 ns, Total: 62701 ns
[3202.273s][info ][safepoint      ] Safepoint "Cleanup", Time since last: 6000478531 ns, Reaching safepoint: 57401 ns, At safepoint: 4100 ns, Total: 61501 ns
[3204.273s][info ][safepoint      ] Safepoint "Cleanup", Time since last: 2000182452 ns, Reaching safepoint: 54201 ns, At safepoint: 7600 ns, Total: 61801 ns
[3204.903s][info ][gc,start       ] GC(221) Pause Young (Allocation Failure)
[3204.907s][debug][gc,phases      ] GC(221) Scavenge 4.593ms
[3204.907s][debug][gc,ref         ] GC(221) Skipped phase 1 of Reference Processing: no references
[3204.907s][debug][gc,ref         ] GC(221) Skipped phase 3 of Reference Processing: no references
[3204.907s][debug][gc,phases      ] GC(221) Reference Processing 0.024ms
[3204.908s][debug][gc,phases      ] GC(221) Weak Processing 0.556ms
[3204.908s][debug][gc,age         ] GC(221) Desired survivor size 4194304 bytes, new threshold 15 (max threshold 15)
[3204.908s][info ][gc,heap        ] GC(221) PSYoungGen: 2092352K(2093056K)->3472K(2093056K) Eden: 2088960K(2088960K)->0K(2088960K) From: 3392K(4096K)->3472K(4096K)
[3204.908s][info ][gc,heap        ] GC(221) ParOldGen: 439468K(491520K)->439588K(491520K)
[3204.908s][info ][gc,metaspace   ] GC(221) Metaspace: 81060K(81792K)->81060K(81792K) NonClass: 70106K(70464K)->70106K(70464K) Class: 10954K(11328K)->10954K(11328K)
[3204.908s][info ][gc             ] GC(221) Pause Young (Allocation Failure) 2472M->432M(2524M) 5.350ms
[3204.908s][info ][gc,cpu         ] GC(221) User=0.02s Sys=0.00s Real=0.00s
[3204.908s][info ][safepoint      ] Safepoint "ParallelGCFailedAllocation", Time since last: 629463164 ns, Reaching safepoint: 55501 ns, At safepoint: 5447320 ns, Total: 5502821 ns
[3205.908s][info ][safepoint      ] Safepoint "Cleanup", Time since last: 1000092628 ns, Reaching safepoint: 54301 ns, At safepoint: 6200 ns, Total: 60501 ns
[3206.908s][info ][safepoint      ] Safepoint "Cleanup", Time since last: 1000108629 ns, Reaching safepoint: 56502 ns, At safepoint: 5100 ns, Total: 61602 ns
[3208.909s][info ][safepoint      ] Safepoint "Cleanup", Time since last: 2000170159 ns, Reaching safepoint: 54001 ns, At safepoint: 9601 ns, Total: 63602 ns
[3210.909s][info ][safepoint      ] Safepoint "Cleanup", Time since last: 2000170263 ns, Reaching safepoint: 48301 ns, At safepoint: 3100 ns, Total: 51401 ns
[3215.909s][info ][safepoint      ] Safepoint "Cleanup", Time since last: 5000390573 ns, Reaching safepoint: 53402 ns, At safepoint: 5500 ns, Total: 58902 ns
[3216.909s][info ][safepoint      ] Safepoint "Cleanup", Time since last: 1000108238 ns, Reaching safepoint: 53401 ns, At safepoint: 8600 ns, Total: 62001 ns
[3225.910s][info ][safepoint      ] Safepoint "Cleanup", Time since last: 9000640575 ns, Reaching safepoint: 111002 ns, At safepoint: 12001 ns, Total: 123003 ns
[3231.204s][info ][gc,start       ] GC(222) Pause Young (Allocation Failure)
[3231.208s][debug][gc,phases      ] GC(222) Scavenge 4.061ms
[3231.208s][debug][gc,ref         ] GC(222) Skipped phase 1 of Reference Processing: no references
[3231.208s][debug][gc,ref         ] GC(222) Skipped phase 3 of Reference Processing: no references
[3231.208s][debug][gc,phases      ] GC(222) Reference Processing 0.033ms
[3231.209s][debug][gc,phases      ] GC(222) Weak Processing 0.858ms
[3231.209s][debug][gc,age         ] GC(222) Desired survivor size 4194304 bytes, new threshold 15 (max threshold 15)
[3231.209s][info ][gc,heap        ] GC(222) PSYoungGen: 2092432K(2093056K)->3168K(2093056K) Eden: 2088960K(2088960K)->0K(2088960K) From: 3472K(4096K)->3168K(4096K)
[3231.209s][info ][gc,heap        ] GC(222) ParOldGen: 439588K(491520K)->439636K(491520K)
[3231.209s][info ][gc,metaspace   ] GC(222) Metaspace: 81062K(81792K)->81062K(81792K) NonClass: 70108K(70464K)->70108K(70464K) Class: 10954K(11328K)->10954K(11328K)
[3231.209s][info ][gc             ] GC(222) Pause Young (Allocation Failure) 2472M->432M(2524M) 5.154ms
[3231.209s][info ][gc,cpu         ] GC(222) User=0.02s Sys=0.00s Real=0.00s
[3231.209s][info ][safepoint      ] Safepoint "ParallelGCFailedAllocation", Time since last: 5293588804 ns, Reaching safepoint: 43101 ns, At safepoint: 5254616 ns, Total: 5297717 ns
[3246.210s][info ][safepoint      ] Safepoint "Cleanup", Time since last: 15001146853 ns, Reaching safepoint: 133703 ns, At safepoint: 7800 ns, Total: 141503 ns
[3256.211s][info ][safepoint      ] Safepoint "Cleanup", Time since last: 10000740174 ns, Reaching safepoint: 135503 ns, At safepoint: 7300 ns, Total: 142803 ns
[3257.473s][info ][gc,start       ] GC(223) Pause Young (Allocation Failure)
[3257.483s][debug][gc,phases      ] GC(223) Scavenge 9.597ms
[3257.483s][debug][gc,ref         ] GC(223) Skipped phase 1 of Reference Processing: no references
[3257.483s][debug][gc,ref         ] GC(223) Skipped phase 3 of Reference Processing: no references
[3257.483s][debug][gc,phases      ] GC(223) Reference Processing 0.031ms
[3257.484s][debug][gc,phases      ] GC(223) Weak Processing 0.691ms
[3257.484s][debug][gc,age         ] GC(223) Desired survivor size 4194304 bytes, new threshold 15 (max threshold 15)
[3257.484s][info ][gc,heap        ] GC(223) PSYoungGen: 2092128K(2093056K)->3056K(2093056K) Eden: 2088960K(2088960K)->0K(2088960K) From: 3168K(4096K)->3056K(4096K)
[3257.484s][info ][gc,heap        ] GC(223) ParOldGen: 439636K(491520K)->439684K(491520K)
[3257.484s][info ][gc,metaspace   ] GC(223) Metaspace: 81063K(81792K)->81063K(81792K) NonClass: 70109K(70464K)->70109K(70464K) Class: 10954K(11328K)->10954K(11328K)
[3257.484s][info ][gc             ] GC(223) Pause Young (Allocation Failure) 2472M->432M(2524M) 10.503ms
[3257.484s][info ][gc,cpu         ] GC(223) User=0.02s Sys=0.00s Real=0.01s
[3257.484s][info ][safepoint      ] Safepoint "ParallelGCFailedAllocation", Time since last: 1262065954 ns, Reaching safepoint: 52001 ns, At safepoint: 10606135 ns, Total: 10658136 ns
[3260.484s][info ][safepoint      ] Safepoint "Cleanup", Time since last: 3000239321 ns, Reaching safepoint: 68602 ns, At safepoint: 3800 ns, Total: 72402 ns
[3261.485s][info ][safepoint      ] Safepoint "Cleanup", Time since last: 1000122477 ns, Reaching safepoint: 57601 ns, At safepoint: 11000 ns, Total: 68601 ns
[3263.485s][info ][safepoint      ] Safepoint "Cleanup", Time since last: 2000189955 ns, Reaching safepoint: 52101 ns, At safepoint: 4200 ns, Total: 56301 ns
[3264.485s][info ][safepoint      ] Safepoint "Cleanup", Time since last: 1000122979 ns, Reaching safepoint: 68601 ns, At safepoint: 4500 ns, Total: 73101 ns
[3265.485s][info ][safepoint      ] Safepoint "Cleanup", Time since last: 1000118680 ns, Reaching safepoint: 67302 ns, At safepoint: 10400 ns, Total: 77702 ns
[3267.485s][info ][safepoint      ] Safepoint "Cleanup", Time since last: 2000160660 ns, Reaching safepoint: 104202 ns, At safepoint: 8901 ns, Total: 113103 ns
[3268.486s][info ][safepoint      ] Safepoint "Cleanup", Time since last: 1000122582 ns, Reaching safepoint: 77202 ns, At safepoint: 9300 ns, Total: 86502 ns
[3269.486s][info ][safepoint      ] Safepoint "Cleanup", Time since last: 1000125283 ns, Reaching safepoint: 99302 ns, At safepoint: 12300 ns, Total: 111602 ns
[3270.486s][info ][safepoint      ] Safepoint "Cleanup", Time since last: 1000130885 ns, Reaching safepoint: 100002 ns, At safepoint: 8900 ns, Total: 108902 ns
[3272.486s][info ][safepoint      ] Safepoint "Cleanup", Time since last: 2000196869 ns, Reaching safepoint: 58101 ns, At safepoint: 7201 ns, Total: 65302 ns
[3273.487s][info ][safepoint      ] Safepoint "Cleanup", Time since last: 1000109686 ns, Reaching safepoint: 51001 ns, At safepoint: 3900 ns, Total: 54901 ns
[3278.487s][info ][safepoint      ] Safepoint "Cleanup", Time since last: 5000381738 ns, Reaching safepoint: 54401 ns, At safepoint: 6301 ns, Total: 60702 ns
[3279.487s][info ][safepoint      ] Safepoint "Cleanup", Time since last: 1000112790 ns, Reaching safepoint: 66902 ns, At safepoint: 4200 ns, Total: 71102 ns
[3280.487s][info ][safepoint      ] Safepoint "Cleanup", Time since last: 1000120392 ns, Reaching safepoint: 57301 ns, At safepoint: 5700 ns, Total: 63001 ns
[3283.648s][info ][gc,start       ] GC(224) Pause Young (Allocation Failure)
[3283.652s][debug][gc,phases      ] GC(224) Scavenge 3.876ms
[3283.652s][debug][gc,ref         ] GC(224) Skipped phase 1 of Reference Processing: no references
[3283.652s][debug][gc,ref         ] GC(224) Skipped phase 3 of Reference Processing: no references
[3283.652s][debug][gc,phases      ] GC(224) Reference Processing 0.023ms
[3283.652s][debug][gc,phases      ] GC(224) Weak Processing 0.558ms
[3283.652s][debug][gc,age         ] GC(224) Desired survivor size 4194304 bytes, new threshold 15 (max threshold 15)
[3283.652s][info ][gc,heap        ] GC(224) PSYoungGen: 2092016K(2093056K)->3200K(2093056K) Eden: 2088960K(2088960K)->0K(2088960K) From: 3056K(4096K)->3200K(4096K)
[3283.652s][info ][gc,heap        ] GC(224) ParOldGen: 439684K(491520K)->439724K(491520K)
[3283.652s][info ][gc,metaspace   ] GC(224) Metaspace: 81069K(81792K)->81069K(81792K) NonClass: 70115K(70464K)->70115K(70464K) Class: 10954K(11328K)->10954K(11328K)
[3283.652s][info ][gc             ] GC(224) Pause Young (Allocation Failure) 2472M->432M(2524M) 4.592ms
[3283.652s][info ][gc,cpu         ] GC(224) User=0.02s Sys=0.00s Real=0.01s
[3283.652s][info ][safepoint      ] Safepoint "ParallelGCFailedAllocation", Time since last: 3160422217 ns, Reaching safepoint: 32800 ns, At safepoint: 4685304 ns, Total: 4718104 ns
[3284.653s][info ][safepoint      ] Safepoint "Cleanup", Time since last: 1000086394 ns, Reaching safepoint: 45301 ns, At safepoint: 3200 ns, Total: 48501 ns
[3297.654s][info ][safepoint      ] Safepoint "Cleanup", Time since last: 13000972694 ns, Reaching safepoint: 86802 ns, At safepoint: 12701 ns, Total: 99503 ns
[3303.654s][info ][safepoint      ] Safepoint "Cleanup", Time since last: 6000454441 ns, Reaching safepoint: 127303 ns, At safepoint: 13400 ns, Total: 140703 ns
[3309.655s][info ][safepoint      ] Safepoint "Cleanup", Time since last: 6000432268 ns, Reaching safepoint: 46501 ns, At safepoint: 4200 ns, Total: 50701 ns
[3310.250s][info ][gc,start       ] GC(225) Pause Young (Allocation Failure)
[3310.253s][debug][gc,phases      ] GC(225) Scavenge 3.730ms
[3310.253s][debug][gc,ref         ] GC(225) Skipped phase 1 of Reference Processing: no references
[3310.253s][debug][gc,ref         ] GC(225) Skipped phase 3 of Reference Processing: no references
[3310.254s][debug][gc,phases      ] GC(225) Reference Processing 0.024ms
[3310.254s][debug][gc,phases      ] GC(225) Weak Processing 0.567ms
[3310.254s][debug][gc,age         ] GC(225) Desired survivor size 4194304 bytes, new threshold 15 (max threshold 15)
[3310.254s][info ][gc,heap        ] GC(225) PSYoungGen: 2092160K(2093056K)->3184K(2093056K) Eden: 2088960K(2088960K)->0K(2088960K) From: 3200K(4096K)->3184K(4096K)
[3310.254s][info ][gc,heap        ] GC(225) ParOldGen: 439724K(491520K)->439836K(491520K)
[3310.254s][info ][gc,metaspace   ] GC(225) Metaspace: 81089K(81856K)->81089K(81856K) NonClass: 70135K(70528K)->70135K(70528K) Class: 10954K(11328K)->10954K(11328K)
[3310.254s][info ][gc             ] GC(225) Pause Young (Allocation Failure) 2472M->432M(2524M) 4.460ms
[3310.254s][info ][gc,cpu         ] GC(225) User=0.02s Sys=0.00s Real=0.01s
[3310.254s][info ][safepoint      ] Safepoint "ParallelGCFailedAllocation", Time since last: 594808853 ns, Reaching safepoint: 39700 ns, At safepoint: 4544301 ns, Total: 4584001 ns
[3315.255s][info ][safepoint      ] Safepoint "Cleanup", Time since last: 5000366879 ns, Reaching safepoint: 60902 ns, At safepoint: 10300 ns, Total: 71202 ns
[3324.255s][info ][safepoint      ] Safepoint "Cleanup", Time since last: 9000642789 ns, Reaching safepoint: 64602 ns, At safepoint: 6400 ns, Total: 71002 ns
[3337.002s][info ][gc,start       ] GC(226) Pause Young (Allocation Failure)
[3337.005s][debug][gc,phases      ] GC(226) Scavenge 3.598ms
[3337.005s][debug][gc,ref         ] GC(226) Skipped phase 1 of Reference Processing: no references
[3337.005s][debug][gc,ref         ] GC(226) Skipped phase 3 of Reference Processing: no references
[3337.005s][debug][gc,phases      ] GC(226) Reference Processing 0.023ms
[3337.006s][debug][gc,phases      ] GC(226) Weak Processing 0.583ms
[3337.006s][debug][gc,age         ] GC(226) Desired survivor size 4194304 bytes, new threshold 15 (max threshold 15)
[3337.006s][info ][gc,heap        ] GC(226) PSYoungGen: 2092144K(2093056K)->3024K(2093056K) Eden: 2088960K(2088960K)->0K(2088960K) From: 3184K(4096K)->3024K(4096K)
[3337.006s][info ][gc,heap        ] GC(226) ParOldGen: 439836K(491520K)->439876K(491520K)
[3337.006s][info ][gc,metaspace   ] GC(226) Metaspace: 81096K(81856K)->81096K(81856K) NonClass: 70141K(70528K)->70141K(70528K) Class: 10954K(11328K)->10954K(11328K)
[3337.006s][info ][gc             ] GC(226) Pause Young (Allocation Failure) 2472M->432M(2524M) 4.345ms
[3337.006s][info ][gc,cpu         ] GC(226) User=0.01s Sys=0.00s Real=0.01s
[3337.006s][info ][safepoint      ] Safepoint "ParallelGCFailedAllocation", Time since last: 12746322242 ns, Reaching safepoint: 50901 ns, At safepoint: 4431098 ns, Total: 4481999 ns
[3345.007s][info ][safepoint      ] Safepoint "Cleanup", Time since last: 8000566990 ns, Reaching safepoint: 56201 ns, At safepoint: 3900 ns, Total: 60101 ns
[3346.007s][info ][safepoint      ] Safepoint "Cleanup", Time since last: 1000118840 ns, Reaching safepoint: 56302 ns, At safepoint: 6800 ns, Total: 63102 ns
[3349.007s][info ][safepoint      ] Safepoint "Cleanup", Time since last: 3000270023 ns, Reaching safepoint: 65202 ns, At safepoint: 17700 ns, Total: 82902 ns
[3352.008s][info ][safepoint      ] Safepoint "Cleanup", Time since last: 3000285530 ns, Reaching safepoint: 62502 ns, At safepoint: 12000 ns, Total: 74502 ns
[3357.008s][info ][safepoint      ] Safepoint "Cleanup", Time since last: 5000366728 ns, Reaching safepoint: 74402 ns, At safepoint: 4400 ns, Total: 78802 ns
[3358.008s][info ][safepoint      ] Safepoint "Cleanup", Time since last: 1000122249 ns, Reaching safepoint: 43601 ns, At safepoint: 6300 ns, Total: 49901 ns
[3359.008s][info ][safepoint      ] Safepoint "Cleanup", Time since last: 1000106149 ns, Reaching safepoint: 56701 ns, At safepoint: 4300 ns, Total: 61001 ns
[3364.009s][info ][safepoint      ] Safepoint "Cleanup", Time since last: 5000391453 ns, Reaching safepoint: 57501 ns, At safepoint: 4000 ns, Total: 61501 ns
[3364.559s][info ][gc,start       ] GC(227) Pause Young (Allocation Failure)
[3364.563s][debug][gc,phases      ] GC(227) Scavenge 3.855ms
[3364.563s][debug][gc,ref         ] GC(227) Skipped phase 1 of Reference Processing: no references
[3364.563s][debug][gc,ref         ] GC(227) Skipped phase 3 of Reference Processing: no references
[3364.563s][debug][gc,phases      ] GC(227) Reference Processing 0.024ms
[3364.564s][debug][gc,phases      ] GC(227) Weak Processing 0.540ms
[3364.564s][debug][gc,age         ] GC(227) Desired survivor size 4194304 bytes, new threshold 15 (max threshold 15)
[3364.564s][info ][gc,heap        ] GC(227) PSYoungGen: 2091984K(2093056K)->3296K(2093056K) Eden: 2088960K(2088960K)->0K(2088960K) From: 3024K(4096K)->3296K(4096K)
[3364.564s][info ][gc,heap        ] GC(227) ParOldGen: 439876K(491520K)->439956K(491520K)
[3364.564s][info ][gc,metaspace   ] GC(227) Metaspace: 81102K(81856K)->81102K(81856K) NonClass: 70147K(70528K)->70147K(70528K) Class: 10955K(11328K)->10955K(11328K)
[3364.564s][info ][gc             ] GC(227) Pause Young (Allocation Failure) 2472M->432M(2524M) 4.552ms
[3364.564s][info ][gc,cpu         ] GC(227) User=0.02s Sys=0.00s Real=0.01s
[3364.564s][info ][safepoint      ] Safepoint "ParallelGCFailedAllocation", Time since last: 550188087 ns, Reaching safepoint: 36401 ns, At safepoint: 4641403 ns, Total: 4677804 ns
[3369.564s][info ][safepoint      ] Safepoint "Cleanup", Time since last: 5000368971 ns, Reaching safepoint: 61801 ns, At safepoint: 8200 ns, Total: 70001 ns
[3370.564s][info ][safepoint      ] Safepoint "Cleanup", Time since last: 1000113957 ns, Reaching safepoint: 52801 ns, At safepoint: 10701 ns, Total: 63502 ns
[3371.565s][info ][safepoint      ] Safepoint "Cleanup", Time since last: 1000114057 ns, Reaching safepoint: 49101 ns, At safepoint: 3700 ns, Total: 52801 ns
[3375.565s][info ][safepoint      ] Safepoint "Cleanup", Time since last: 4000350535 ns, Reaching safepoint: 137804 ns, At safepoint: 12900 ns, Total: 150704 ns
[3376.565s][info ][safepoint      ] Safepoint "Cleanup", Time since last: 1000071760 ns, Reaching safepoint: 71501 ns, At safepoint: 6601 ns, Total: 78102 ns
[3377.565s][info ][safepoint      ] Safepoint "Cleanup", Time since last: 1000116761 ns, Reaching safepoint: 48401 ns, At safepoint: 10301 ns, Total: 58702 ns
[3386.566s][info ][safepoint      ] Safepoint "Cleanup", Time since last: 9000656775 ns, Reaching safepoint: 92102 ns, At safepoint: 9001 ns, Total: 101103 ns
[3387.566s][info ][safepoint      ] Safepoint "Cleanup", Time since last: 1000116168 ns, Reaching safepoint: 75502 ns, At safepoint: 5000 ns, Total: 80502 ns
[3388.566s][info ][safepoint      ] Safepoint "Cleanup", Time since last: 1000109868 ns, Reaching safepoint: 51801 ns, At safepoint: 4501 ns, Total: 56302 ns
[3389.293s][info ][gc,start       ] GC(228) Pause Young (Allocation Failure)
[3389.298s][debug][gc,phases      ] GC(228) Scavenge 4.919ms
[3389.298s][debug][gc,ref         ] GC(228) Skipped phase 1 of Reference Processing: no references
[3389.298s][debug][gc,ref         ] GC(228) Skipped phase 3 of Reference Processing: no references
[3389.298s][debug][gc,phases      ] GC(228) Reference Processing 0.039ms
[3389.299s][debug][gc,phases      ] GC(228) Weak Processing 0.614ms
[3389.299s][debug][gc,age         ] GC(228) Desired survivor size 4718592 bytes, new threshold 14 (max threshold 15)
[3389.299s][info ][gc,heap        ] GC(228) PSYoungGen: 2092256K(2093056K)->4064K(2093056K) Eden: 2088960K(2088960K)->0K(2088960K) From: 3296K(4096K)->4064K(4096K)
[3389.299s][info ][gc,heap        ] GC(228) ParOldGen: 439956K(491520K)->440937K(491520K)
[3389.299s][info ][gc,metaspace   ] GC(228) Metaspace: 81121K(81856K)->81121K(81856K) NonClass: 70166K(70528K)->70166K(70528K) Class: 10955K(11328K)->10955K(11328K)
[3389.299s][info ][gc             ] GC(228) Pause Young (Allocation Failure) 2472M->434M(2524M) 5.721ms
[3389.299s][info ][gc,cpu         ] GC(228) User=0.02s Sys=0.00s Real=0.00s
[3389.299s][info ][safepoint      ] Safepoint "ParallelGCFailedAllocation", Time since last: 726428302 ns, Reaching safepoint: 35301 ns, At safepoint: 5802029 ns, Total: 5837330 ns
[3391.299s][info ][safepoint      ] Safepoint "Cleanup", Time since last: 2000166839 ns, Reaching safepoint: 134203 ns, At safepoint: 8800 ns, Total: 143003 ns
[3392.299s][info ][safepoint      ] Safepoint "Cleanup", Time since last: 1000112471 ns, Reaching safepoint: 136603 ns, At safepoint: 10000 ns, Total: 146603 ns
[3394.300s][info ][safepoint      ] Safepoint "Cleanup", Time since last: 2000164643 ns, Reaching safepoint: 129303 ns, At safepoint: 9700 ns, Total: 139003 ns
[3396.300s][info ][safepoint      ] Safepoint "Cleanup", Time since last: 2000185346 ns, Reaching safepoint: 116302 ns, At safepoint: 7500 ns, Total: 123802 ns
[3397.300s][info ][safepoint      ] Safepoint "Cleanup", Time since last: 1000133375 ns, Reaching safepoint: 133803 ns, At safepoint: 14901 ns, Total: 148704 ns
[3398.301s][info ][safepoint      ] Safepoint "Cleanup", Time since last: 1000144875 ns, Reaching safepoint: 153304 ns, At safepoint: 9500 ns, Total: 162804 ns
[3401.301s][info ][safepoint      ] Safepoint "Cleanup", Time since last: 3000275027 ns, Reaching safepoint: 130303 ns, At safepoint: 11900 ns, Total: 142203 ns
[3404.301s][info ][safepoint      ] Safepoint "Cleanup", Time since last: 3000224632 ns, Reaching safepoint: 138603 ns, At safepoint: 16500 ns, Total: 155103 ns
[3405.302s][info ][safepoint      ] Safepoint "Cleanup", Time since last: 1000125780 ns, Reaching safepoint: 145003 ns, At safepoint: 11700 ns, Total: 156703 ns
[3406.302s][info ][safepoint      ] Safepoint "Cleanup", Time since last: 1000101280 ns, Reaching safepoint: 130503 ns, At safepoint: 6700 ns, Total: 137203 ns
[3412.302s][info ][safepoint      ] Safepoint "Cleanup", Time since last: 6000429587 ns, Reaching safepoint: 55901 ns, At safepoint: 7900 ns, Total: 63801 ns
[3414.596s][info ][gc,start       ] GC(229) Pause Young (Allocation Failure)
[3414.600s][debug][gc,phases      ] GC(229) Scavenge 3.755ms
[3414.600s][debug][gc,ref         ] GC(229) Skipped phase 1 of Reference Processing: no references
[3414.600s][debug][gc,ref         ] GC(229) Skipped phase 3 of Reference Processing: no references
[3414.600s][debug][gc,phases      ] GC(229) Reference Processing 0.024ms
[3414.601s][debug][gc,phases      ] GC(229) Weak Processing 0.702ms
[3414.601s][debug][gc,age         ] GC(229) Desired survivor size 4718592 bytes, new threshold 15 (max threshold 15)
[3414.601s][info ][gc,heap        ] GC(229) PSYoungGen: 2093024K(2093056K)->3792K(2092032K) Eden: 2088960K(2088960K)->0K(2087936K) From: 4064K(4096K)->3792K(4096K)
[3414.601s][info ][gc,heap        ] GC(229) ParOldGen: 440937K(491520K)->440993K(491520K)
[3414.601s][info ][gc,metaspace   ] GC(229) Metaspace: 81130K(81856K)->81130K(81856K) NonClass: 70174K(70528K)->70174K(70528K) Class: 10955K(11328K)->10955K(11328K)
[3414.601s][info ][gc             ] GC(229) Pause Young (Allocation Failure) 2474M->434M(2523M) 4.615ms
[3414.601s][info ][gc,cpu         ] GC(229) User=0.01s Sys=0.00s Real=0.00s
[3414.601s][info ][safepoint      ] Safepoint "ParallelGCFailedAllocation", Time since last: 2293788281 ns, Reaching safepoint: 99402 ns, At safepoint: 4736805 ns, Total: 4836207 ns
[3426.602s][info ][safepoint      ] Safepoint "Cleanup", Time since last: 12000901857 ns, Reaching safepoint: 131603 ns, At safepoint: 13100 ns, Total: 144703 ns
[3440.603s][info ][safepoint      ] Safepoint "Cleanup", Time since last: 14000959939 ns, Reaching safepoint: 140903 ns, At safepoint: 11501 ns, Total: 152404 ns
[3441.243s][info ][gc,start       ] GC(230) Pause Young (Allocation Failure)
[3441.257s][debug][gc,phases      ] GC(230) Scavenge 14.044ms
[3441.262s][debug][gc,ref         ] GC(230) Skipped phase 1 of Reference Processing: no references
[3441.262s][debug][gc,ref         ] GC(230) Skipped phase 3 of Reference Processing: no references
[3441.262s][debug][gc,phases      ] GC(230) Reference Processing 0.047ms
[3441.263s][debug][gc,phases      ] GC(230) Weak Processing 0.561ms
[3441.263s][debug][gc,age         ] GC(230) Desired survivor size 4718592 bytes, new threshold 15 (max threshold 15)
[3441.263s][info ][gc,heap        ] GC(230) PSYoungGen: 2091728K(2092032K)->4016K(2092544K) Eden: 2087936K(2087936K)->0K(2087936K) From: 3792K(4096K)->4016K(4608K)
[3441.263s][info ][gc,heap        ] GC(230) ParOldGen: 440993K(491520K)->440993K(491520K)
[3441.263s][info ][gc,metaspace   ] GC(230) Metaspace: 81130K(81856K)->81130K(81856K) NonClass: 70175K(70528K)->70175K(70528K) Class: 10955K(11328K)->10955K(11328K)
[3441.263s][info ][gc             ] GC(230) Pause Young (Allocation Failure) 2473M->434M(2523M) 19.924ms
[3441.263s][info ][gc,cpu         ] GC(230) User=0.02s Sys=0.00s Real=0.02s
[3441.263s][info ][safepoint      ] Safepoint "ParallelGCFailedAllocation", Time since last: 639770702 ns, Reaching safepoint: 125002 ns, At safepoint: 20023345 ns, Total: 20148347 ns
[3444.263s][info ][safepoint      ] Safepoint "Cleanup", Time since last: 3000234603 ns, Reaching safepoint: 60602 ns, At safepoint: 3600 ns, Total: 64202 ns
[3445.264s][info ][safepoint      ] Safepoint "Cleanup", Time since last: 1000138203 ns, Reaching safepoint: 85702 ns, At safepoint: 10201 ns, Total: 95903 ns
[3449.264s][info ][safepoint      ] Safepoint "Cleanup", Time since last: 4000334315 ns, Reaching safepoint: 56401 ns, At safepoint: 5800 ns, Total: 62201 ns
[3451.264s][info ][safepoint      ] Safepoint "Cleanup", Time since last: 2000176512 ns, Reaching safepoint: 40701 ns, At safepoint: 3700 ns, Total: 44401 ns
[3461.265s][info ][safepoint      ] Safepoint "Cleanup", Time since last: 10000745687 ns, Reaching safepoint: 62502 ns, At safepoint: 4700 ns, Total: 67202 ns
[3462.265s][info ][safepoint      ] Safepoint "Cleanup", Time since last: 1000083012 ns, Reaching safepoint: 54901 ns, At safepoint: 3500 ns, Total: 58401 ns
[3464.265s][info ][safepoint      ] Safepoint "Cleanup", Time since last: 2000173626 ns, Reaching safepoint: 76802 ns, At safepoint: 8000 ns, Total: 84802 ns
[3466.266s][info ][safepoint      ] Safepoint "Cleanup", Time since last: 2000180428 ns, Reaching safepoint: 72002 ns, At safepoint: 12100 ns, Total: 84102 ns
[3467.266s][info ][safepoint      ] Safepoint "Cleanup", Time since last: 1000108615 ns, Reaching safepoint: 53802 ns, At safepoint: 7300 ns, Total: 61102 ns
[3468.139s][info ][gc,start       ] GC(231) Pause Young (Allocation Failure)
[3468.143s][debug][gc,phases      ] GC(231) Scavenge 4.006ms
[3468.143s][debug][gc,ref         ] GC(231) Skipped phase 1 of Reference Processing: no references
[3468.143s][debug][gc,ref         ] GC(231) Skipped phase 3 of Reference Processing: no references
[3468.143s][debug][gc,phases      ] GC(231) Reference Processing 0.024ms
[3468.144s][debug][gc,phases      ] GC(231) Weak Processing 0.543ms
[3468.144s][debug][gc,age         ] GC(231) Desired survivor size 5242880 bytes, new threshold 14 (max threshold 15)
[3468.144s][info ][gc,heap        ] GC(231) PSYoungGen: 2091952K(2092544K)->4576K(2091520K) Eden: 2087936K(2087936K)->0K(2086912K) From: 4016K(4608K)->4576K(4608K)
[3468.144s][info ][gc,heap        ] GC(231) ParOldGen: 440993K(491520K)->441281K(491520K)
[3468.144s][info ][gc,metaspace   ] GC(231) Metaspace: 81135K(81856K)->81135K(81856K) NonClass: 70180K(70528K)->70180K(70528K) Class: 10955K(11328K)->10955K(11328K)
[3468.144s][info ][gc             ] GC(231) Pause Young (Allocation Failure) 2473M->435M(2522M) 4.744ms
[3468.144s][info ][gc,cpu         ] GC(231) User=0.02s Sys=0.00s Real=0.01s
[3468.144s][info ][safepoint      ] Safepoint "ParallelGCFailedAllocation", Time since last: 873198997 ns, Reaching safepoint: 30100 ns, At safepoint: 4834708 ns, Total: 4864808 ns
[3469.144s][info ][safepoint      ] Safepoint "Cleanup", Time since last: 1000086716 ns, Reaching safepoint: 125202 ns, At safepoint: 6500 ns, Total: 131702 ns
[3470.144s][info ][safepoint      ] Safepoint "Cleanup", Time since last: 1000110917 ns, Reaching safepoint: 125403 ns, At safepoint: 10200 ns, Total: 135603 ns
[3471.145s][info ][safepoint      ] Safepoint "Cleanup", Time since last: 1000108618 ns, Reaching safepoint: 123603 ns, At safepoint: 5900 ns, Total: 129503 ns
[3472.145s][info ][safepoint      ] Safepoint "Cleanup", Time since last: 1000103918 ns, Reaching safepoint: 121202 ns, At safepoint: 8201 ns, Total: 129403 ns
[3473.145s][info ][safepoint      ] Safepoint "Cleanup", Time since last: 1000075617 ns, Reaching safepoint: 130003 ns, At safepoint: 9100 ns, Total: 139103 ns
[3475.145s][info ][safepoint      ] Safepoint "Cleanup", Time since last: 2000189139 ns, Reaching safepoint: 135203 ns, At safepoint: 8500 ns, Total: 143703 ns
[3476.146s][info ][safepoint      ] Safepoint "Cleanup", Time since last: 1000076019 ns, Reaching safepoint: 138303 ns, At safepoint: 12201 ns, Total: 150504 ns
[3481.146s][info ][safepoint      ] Safepoint "Cleanup", Time since last: 5000408806 ns, Reaching safepoint: 135903 ns, At safepoint: 11800 ns, Total: 147703 ns
[3483.147s][info ][safepoint      ] Safepoint "Cleanup", Time since last: 2000218547 ns, Reaching safepoint: 130203 ns, At safepoint: 9100 ns, Total: 139303 ns
[3484.147s][info ][safepoint      ] Safepoint "Cleanup", Time since last: 1000117225 ns, Reaching safepoint: 83002 ns, At safepoint: 11600 ns, Total: 94602 ns
[3485.147s][info ][safepoint      ] Safepoint "Cleanup", Time since last: 1000121425 ns, Reaching safepoint: 122703 ns, At safepoint: 6900 ns, Total: 129603 ns
[3487.147s][info ][safepoint      ] Safepoint "Cleanup", Time since last: 2000175951 ns, Reaching safepoint: 126003 ns, At safepoint: 9100 ns, Total: 135103 ns
[3490.148s][info ][safepoint      ] Safepoint "Cleanup", Time since last: 3000240079 ns, Reaching safepoint: 137203 ns, At safepoint: 10001 ns, Total: 147204 ns
[3492.148s][info ][safepoint      ] Safepoint "Cleanup", Time since last: 2000203856 ns, Reaching safepoint: 126703 ns, At safepoint: 7600 ns, Total: 134303 ns
[3493.798s][info ][gc,start       ] GC(232) Pause Young (Allocation Failure)
[3493.803s][debug][gc,phases      ] GC(232) Scavenge 4.286ms
[3493.803s][debug][gc,ref         ] GC(232) Skipped phase 1 of Reference Processing: no references
[3493.803s][debug][gc,ref         ] GC(232) Skipped phase 3 of Reference Processing: no references
[3493.803s][debug][gc,phases      ] GC(232) Reference Processing 0.025ms
[3493.803s][debug][gc,phases      ] GC(232) Weak Processing 0.567ms
[3493.803s][debug][gc,age         ] GC(232) Desired survivor size 5767168 bytes, new threshold 15 (max threshold 15)
[3493.803s][info ][gc,heap        ] GC(232) PSYoungGen: 2091488K(2091520K)->4560K(2091520K) Eden: 2086912K(2086912K)->0K(2086912K) From: 4576K(4608K)->4560K(4608K)
[3493.803s][info ][gc,heap        ] GC(232) ParOldGen: 441281K(491520K)->441353K(491520K)
[3493.803s][info ][gc,metaspace   ] GC(232) Metaspace: 81146K(81856K)->81146K(81856K) NonClass: 70190K(70528K)->70190K(70528K) Class: 10955K(11328K)->10955K(11328K)
[3493.803s][info ][gc             ] GC(232) Pause Young (Allocation Failure) 2473M->435M(2522M) 5.017ms
[3493.803s][info ][gc,cpu         ] GC(232) User=0.02s Sys=0.01s Real=0.01s
[3493.804s][info ][safepoint      ] Safepoint "ParallelGCFailedAllocation", Time since last: 1650337082 ns, Reaching safepoint: 53001 ns, At safepoint: 5103114 ns, Total: 5156115 ns
[3506.805s][info ][safepoint      ] Safepoint "Cleanup", Time since last: 13000968121 ns, Reaching safepoint: 128603 ns, At safepoint: 14900 ns, Total: 143503 ns
[3514.805s][info ][safepoint      ] Safepoint "Cleanup", Time since last: 8000574202 ns, Reaching safepoint: 79801 ns, At safepoint: 8801 ns, Total: 88602 ns
[3515.805s][info ][safepoint      ] Safepoint "Cleanup", Time since last: 1000123541 ns, Reaching safepoint: 53201 ns, At safepoint: 4100 ns, Total: 57301 ns
[3516.806s][info ][safepoint      ] Safepoint "Cleanup", Time since last: 1000122542 ns, Reaching safepoint: 64701 ns, At safepoint: 4600 ns, Total: 69301 ns
[3518.806s][info ][safepoint      ] Safepoint "Cleanup", Time since last: 2000187584 ns, Reaching safepoint: 122202 ns, At safepoint: 6300 ns, Total: 128502 ns
[3519.806s][info ][safepoint      ] Safepoint "Cleanup", Time since last: 1000124744 ns, Reaching safepoint: 63101 ns, At safepoint: 4300 ns, Total: 67401 ns
[3519.851s][info ][gc,start       ] GC(233) Pause Young (Allocation Failure)
[3519.855s][debug][gc,phases      ] GC(233) Scavenge 4.075ms
[3519.855s][debug][gc,ref         ] GC(233) Skipped phase 1 of Reference Processing: no references
[3519.855s][debug][gc,ref         ] GC(233) Skipped phase 3 of Reference Processing: no references
[3519.855s][debug][gc,phases      ] GC(233) Reference Processing 0.024ms
[3519.856s][debug][gc,phases      ] GC(233) Weak Processing 0.554ms
[3519.856s][debug][gc,age         ] GC(233) Desired survivor size 5242880 bytes, new threshold 15 (max threshold 15)
[3519.856s][info ][gc,heap        ] GC(233) PSYoungGen: 2091472K(2091520K)->3568K(2092032K) Eden: 2086912K(2086912K)->0K(2086400K) From: 4560K(4608K)->3568K(5632K)
[3519.856s][info ][gc,heap        ] GC(233) ParOldGen: 441353K(491520K)->441353K(491520K)
[3519.856s][info ][gc,metaspace   ] GC(233) Metaspace: 81148K(81856K)->81148K(81856K) NonClass: 70193K(70528K)->70193K(70528K) Class: 10955K(11328K)->10955K(11328K)
[3519.856s][info ][gc             ] GC(233) Pause Young (Allocation Failure) 2473M->434M(2523M) 4.804ms
[3519.856s][info ][gc,cpu         ] GC(233) User=0.02s Sys=0.00s Real=0.00s
[3519.856s][info ][safepoint      ] Safepoint "ParallelGCFailedAllocation", Time since last: 44742595 ns, Reaching safepoint: 41101 ns, At safepoint: 4897609 ns, Total: 4938710 ns
[3547.701s][info ][gc,start       ] GC(234) Pause Young (Allocation Failure)
[3547.704s][debug][gc,phases      ] GC(234) Scavenge 3.540ms
[3547.704s][debug][gc,ref         ] GC(234) Skipped phase 1 of Reference Processing: no references
[3547.704s][debug][gc,ref         ] GC(234) Skipped phase 3 of Reference Processing: no references
[3547.704s][debug][gc,phases      ] GC(234) Reference Processing 0.021ms
[3547.705s][debug][gc,phases      ] GC(234) Weak Processing 0.538ms
[3547.705s][debug][gc,age         ] GC(234) Desired survivor size 5242880 bytes, new threshold 15 (max threshold 15)
[3547.705s][info ][gc,heap        ] GC(234) PSYoungGen: 2089968K(2092032K)->3600K(2091520K) Eden: 2086400K(2086400K)->0K(2086400K) From: 3568K(5632K)->3600K(5120K)
[3547.705s][info ][gc,heap        ] GC(234) ParOldGen: 441353K(491520K)->441385K(491520K)
[3547.705s][info ][gc,metaspace   ] GC(234) Metaspace: 81150K(81856K)->81150K(81856K) NonClass: 70195K(70528K)->70195K(70528K) Class: 10955K(11328K)->10955K(11328K)
[3547.705s][info ][gc             ] GC(234) Pause Young (Allocation Failure) 2471M->434M(2522M) 4.240ms
[3547.705s][info ][gc,cpu         ] GC(234) User=0.02s Sys=0.00s Real=0.01s
[3547.705s][info ][safepoint      ] Safepoint "ParallelGCFailedAllocation", Time since last: 27844664471 ns, Reaching safepoint: 133903 ns, At safepoint: 4328296 ns, Total: 4462199 ns
[3551.705s][info ][safepoint      ] Safepoint "Cleanup", Time since last: 4000291927 ns, Reaching safepoint: 57301 ns, At safepoint: 11300 ns, Total: 68601 ns
[3555.706s][info ][safepoint      ] Safepoint "Cleanup", Time since last: 4000311234 ns, Reaching safepoint: 54602 ns, At safepoint: 8500 ns, Total: 63102 ns
[3556.706s][info ][safepoint      ] Safepoint "Cleanup", Time since last: 1000118560 ns, Reaching safepoint: 54002 ns, At safepoint: 27800 ns, Total: 81802 ns
[3570.707s][info ][safepoint      ] Safepoint "Cleanup", Time since last: 14000873479 ns, Reaching safepoint: 47501 ns, At safepoint: 5900 ns, Total: 53401 ns
[3572.071s][info ][safepoint      ] Safepoint "Cleanup", Time since last: 1363687663 ns, Reaching safepoint: 94102 ns, At safepoint: 10400 ns, Total: 104502 ns
[3575.724s][info ][gc,start       ] GC(235) Pause Young (Allocation Failure)
[3575.728s][debug][gc,phases      ] GC(235) Scavenge 3.610ms
[3575.728s][debug][gc,ref         ] GC(235) Skipped phase 1 of Reference Processing: no references
[3575.728s][debug][gc,ref         ] GC(235) Skipped phase 3 of Reference Processing: no references
[3575.728s][debug][gc,ref         ] GC(235) Skipped phase 4 of Reference Processing: no references
[3575.728s][debug][gc,phases      ] GC(235) Reference Processing 0.024ms
[3575.729s][debug][gc,phases      ] GC(235) Weak Processing 0.530ms
[3575.729s][debug][gc,age         ] GC(235) Desired survivor size 5242880 bytes, new threshold 15 (max threshold 15)
[3575.729s][info ][gc,heap        ] GC(235) PSYoungGen: 2090000K(2091520K)->3472K(2092032K) Eden: 2086400K(2086400K)->0K(2086912K) From: 3600K(5120K)->3472K(5120K)
[3575.729s][info ][gc,heap        ] GC(235) ParOldGen: 441385K(491520K)->441417K(491520K)
[3575.729s][info ][gc,metaspace   ] GC(235) Metaspace: 81150K(81856K)->81150K(81856K) NonClass: 70195K(70528K)->70195K(70528K) Class: 10955K(11328K)->10955K(11328K)
[3575.729s][info ][gc             ] GC(235) Pause Young (Allocation Failure) 2472M->434M(2523M) 4.299ms
[3575.729s][info ][gc,cpu         ] GC(235) User=0.01s Sys=0.00s Real=0.00s
[3575.729s][info ][safepoint      ] Safepoint "ParallelGCFailedAllocation", Time since last: 3653605451 ns, Reaching safepoint: 33801 ns, At safepoint: 4378598 ns, Total: 4412399 ns
[3585.729s][info ][safepoint      ] Safepoint "Cleanup", Time since last: 10000671105 ns, Reaching safepoint: 38400 ns, At safepoint: 4001 ns, Total: 42401 ns
[3586.730s][info ][safepoint      ] Safepoint "Cleanup", Time since last: 1000120874 ns, Reaching safepoint: 60501 ns, At safepoint: 13000 ns, Total: 73501 ns
[3591.730s][info ][safepoint      ] Safepoint "Cleanup", Time since last: 5000363772 ns, Reaching safepoint: 56101 ns, At safepoint: 3300 ns, Total: 59401 ns
[3598.730s][info ][safepoint      ] Safepoint "Cleanup", Time since last: 7000418837 ns, Reaching safepoint: 58201 ns, At safepoint: 9000 ns, Total: 67201 ns
[3601.731s][info ][safepoint      ] Safepoint "Cleanup", Time since last: 3000231338 ns, Reaching safepoint: 54201 ns, At safepoint: 3400 ns, Total: 57601 ns
[3602.158s][info ][gc,start       ] GC(236) Pause Young (Allocation Failure)
[3602.162s][debug][gc,phases      ] GC(236) Scavenge 4.091ms
[3602.162s][debug][gc,ref         ] GC(236) Skipped phase 1 of Reference Processing: no references
[3602.162s][debug][gc,ref         ] GC(236) Skipped phase 3 of Reference Processing: no references
[3602.162s][debug][gc,phases      ] GC(236) Reference Processing 0.025ms
[3602.162s][debug][gc,phases      ] GC(236) Weak Processing 0.585ms
[3602.162s][debug][gc,age         ] GC(236) Desired survivor size 5242880 bytes, new threshold 15 (max threshold 15)
[3602.162s][info ][gc,heap        ] GC(236) PSYoungGen: 2090384K(2092032K)->4000K(2092032K) Eden: 2086912K(2086912K)->0K(2086912K) From: 3472K(5120K)->4000K(5120K)
[3602.162s][info ][gc,heap        ] GC(236) ParOldGen: 441417K(491520K)->441457K(491520K)
[3602.162s][info ][gc,metaspace   ] GC(236) Metaspace: 81158K(81856K)->81158K(81856K) NonClass: 70202K(70528K)->70202K(70528K) Class: 10955K(11328K)->10955K(11328K)
[3602.162s][info ][gc             ] GC(236) Pause Young (Allocation Failure) 2472M->435M(2523M) 4.843ms
[3602.162s][info ][gc,cpu         ] GC(236) User=0.02s Sys=0.00s Real=0.01s
[3602.163s][info ][safepoint      ] Safepoint "ParallelGCFailedAllocation", Time since last: 426823709 ns, Reaching safepoint: 33201 ns, At safepoint: 4928709 ns, Total: 4961910 ns
[3623.164s][info ][safepoint      ] Safepoint "Cleanup", Time since last: 21001469568 ns, Reaching safepoint: 56201 ns, At safepoint: 10200 ns, Total: 66401 ns
[3624.164s][info ][safepoint      ] Safepoint "Cleanup", Time since last: 1000128490 ns, Reaching safepoint: 70402 ns, At safepoint: 11700 ns, Total: 82102 ns
[3626.165s][info ][safepoint      ] Safepoint "Cleanup", Time since last: 2000180279 ns, Reaching safepoint: 51002 ns, At safepoint: 7200 ns, Total: 58202 ns
[3628.267s][info ][gc,start       ] GC(237) Pause Young (Allocation Failure)
[3628.271s][debug][gc,phases      ] GC(237) Scavenge 4.144ms
[3628.271s][debug][gc,ref         ] GC(237) Skipped phase 1 of Reference Processing: no references
[3628.271s][debug][gc,ref         ] GC(237) Skipped phase 3 of Reference Processing: no references
[3628.271s][debug][gc,phases      ] GC(237) Reference Processing 0.026ms
[3628.272s][debug][gc,phases      ] GC(237) Weak Processing 0.527ms
[3628.272s][debug][gc,age         ] GC(237) Desired survivor size 5242880 bytes, new threshold 15 (max threshold 15)
[3628.272s][info ][gc,heap        ] GC(237) PSYoungGen: 2090912K(2092032K)->4080K(2092032K) Eden: 2086912K(2086912K)->0K(2086912K) From: 4000K(5120K)->4080K(5120K)
[3628.272s][info ][gc,heap        ] GC(237) ParOldGen: 441457K(491520K)->441497K(491520K)
[3628.272s][info ][gc,metaspace   ] GC(237) Metaspace: 81164K(81920K)->81164K(81920K) NonClass: 70208K(70592K)->70208K(70592K) Class: 10955K(11328K)->10955K(11328K)
[3628.272s][info ][gc             ] GC(237) Pause Young (Allocation Failure) 2473M->435M(2523M) 4.830ms
[3628.272s][info ][gc,cpu         ] GC(237) User=0.02s Sys=0.00s Real=0.01s
[3628.272s][info ][safepoint      ] Safepoint "ParallelGCFailedAllocation", Time since last: 2102400759 ns, Reaching safepoint: 35801 ns, At safepoint: 4919610 ns, Total: 4955411 ns
[3655.896s][info ][gc,start       ] GC(238) Pause Young (Allocation Failure)
[3655.900s][debug][gc,phases      ] GC(238) Scavenge 3.724ms
[3655.900s][debug][gc,ref         ] GC(238) Skipped phase 1 of Reference Processing: no references
[3655.900s][debug][gc,ref         ] GC(238) Skipped phase 3 of Reference Processing: no references
[3655.900s][debug][gc,phases      ] GC(238) Reference Processing 0.025ms
[3655.900s][debug][gc,phases      ] GC(238) Weak Processing 0.560ms
[3655.900s][debug][gc,age         ] GC(238) Desired survivor size 5242880 bytes, new threshold 15 (max threshold 15)
[3655.900s][info ][gc,heap        ] GC(238) PSYoungGen: 2090992K(2092032K)->4000K(2092032K) Eden: 2086912K(2086912K)->0K(2086912K) From: 4080K(5120K)->4000K(5120K)
[3655.900s][info ][gc,heap        ] GC(238) ParOldGen: 441497K(491520K)->441545K(491520K)
[3655.901s][info ][gc,metaspace   ] GC(238) Metaspace: 81167K(81920K)->81167K(81920K) NonClass: 70212K(70592K)->70212K(70592K) Class: 10955K(11328K)->10955K(11328K)
[3655.901s][info ][gc             ] GC(238) Pause Young (Allocation Failure) 2473M->435M(2523M) 4.439ms
[3655.901s][info ][gc,cpu         ] GC(238) User=0.02s Sys=0.00s Real=0.00s
[3655.901s][info ][safepoint      ] Safepoint "ParallelGCFailedAllocation", Time since last: 27624078462 ns, Reaching safepoint: 56001 ns, At safepoint: 4557702 ns, Total: 4613703 ns
[3657.901s][info ][safepoint      ] Safepoint "Cleanup", Time since last: 2000175304 ns, Reaching safepoint: 128002 ns, At safepoint: 9401 ns, Total: 137403 ns
[3659.901s][info ][safepoint      ] Safepoint "Cleanup", Time since last: 2000199006 ns, Reaching safepoint: 58201 ns, At safepoint: 4300 ns, Total: 62501 ns
[3676.903s][info ][safepoint      ] Safepoint "Cleanup", Time since last: 17001468208 ns, Reaching safepoint: 62901 ns, At safepoint: 6600 ns, Total: 69501 ns
[3678.903s][info ][safepoint      ] Safepoint "Cleanup", Time since last: 2000186120 ns, Reaching safepoint: 86402 ns, At safepoint: 6000 ns, Total: 92402 ns
[3682.294s][info ][gc,start       ] GC(239) Pause Young (Allocation Failure)
[3682.298s][debug][gc,phases      ] GC(239) Scavenge 4.462ms
[3682.298s][debug][gc,ref         ] GC(239) Skipped phase 1 of Reference Processing: no references
[3682.298s][debug][gc,ref         ] GC(239) Skipped phase 3 of Reference Processing: no references
[3682.298s][debug][gc,phases      ] GC(239) Reference Processing 0.046ms
[3682.299s][debug][gc,phases      ] GC(239) Weak Processing 0.551ms
[3682.299s][debug][gc,age         ] GC(239) Desired survivor size 5242880 bytes, new threshold 15 (max threshold 15)
[3682.299s][info ][gc,heap        ] GC(239) PSYoungGen: 2090912K(2092032K)->4736K(2092032K) Eden: 2086912K(2086912K)->0K(2086912K) From: 4000K(5120K)->4736K(5120K)
[3682.299s][info ][gc,heap        ] GC(239) ParOldGen: 441545K(491520K)->441585K(491520K)
[3682.299s][info ][gc,metaspace   ] GC(239) Metaspace: 81178K(81920K)->81178K(81920K) NonClass: 70222K(70592K)->70222K(70592K) Class: 10955K(11328K)->10955K(11328K)
[3682.299s][info ][gc             ] GC(239) Pause Young (Allocation Failure) 2473M->435M(2523M) 5.194ms
[3682.299s][info ][gc,cpu         ] GC(239) User=0.01s Sys=0.00s Real=0.00s
[3682.299s][info ][safepoint      ] Safepoint "ParallelGCFailedAllocation", Time since last: 3390716143 ns, Reaching safepoint: 139704 ns, At safepoint: 5288418 ns, Total: 5428122 ns
[3683.299s][info ][safepoint      ] Safepoint "Cleanup", Time since last: 1000096211 ns, Reaching safepoint: 122903 ns, At safepoint: 7000 ns, Total: 129903 ns
[3685.300s][info ][safepoint      ] Safepoint "Cleanup", Time since last: 2000201525 ns, Reaching safepoint: 124203 ns, At safepoint: 9400 ns, Total: 133603 ns
[3686.300s][info ][safepoint      ] Safepoint "Cleanup", Time since last: 1000113713 ns, Reaching safepoint: 128503 ns, At safepoint: 10901 ns, Total: 139404 ns
[3687.300s][info ][safepoint      ] Safepoint "Cleanup", Time since last: 1000114313 ns, Reaching safepoint: 150604 ns, At safepoint: 18000 ns, Total: 168604 ns
[3689.301s][info ][safepoint      ] Safepoint "Cleanup", Time since last: 2000215528 ns, Reaching safepoint: 132203 ns, At safepoint: 10800 ns, Total: 143003 ns
[3694.301s][info ][safepoint      ] Safepoint "Cleanup", Time since last: 5000421674 ns, Reaching safepoint: 123903 ns, At safepoint: 5300 ns, Total: 129203 ns
[3695.306s][info ][safepoint      ] Safepoint "Cleanup", Time since last: 1005184930 ns, Reaching safepoint: 126302 ns, At safepoint: 9101 ns, Total: 135403 ns
[3697.307s][info ][safepoint      ] Safepoint "Cleanup", Time since last: 2000354036 ns, Reaching safepoint: 122603 ns, At safepoint: 6900 ns, Total: 129503 ns
[3698.307s][info ][safepoint      ] Safepoint "Cleanup", Time since last: 1000083117 ns, Reaching safepoint: 61702 ns, At safepoint: 4100 ns, Total: 65802 ns
[3700.314s][info ][safepoint      ] Safepoint "Cleanup", Time since last: 2007248092 ns, Reaching safepoint: 49801 ns, At safepoint: 5301 ns, Total: 55102 ns
[3701.315s][info ][safepoint      ] Safepoint "Cleanup", Time since last: 1000113318 ns, Reaching safepoint: 96202 ns, At safepoint: 32001 ns, Total: 128203 ns
[3704.315s][info ][safepoint      ] Safepoint "Cleanup", Time since last: 3000262356 ns, Reaching safepoint: 66802 ns, At safepoint: 13600 ns, Total: 80402 ns
[3708.245s][info ][gc,start       ] GC(240) Pause Young (Allocation Failure)
[3708.249s][debug][gc,phases      ] GC(240) Scavenge 4.210ms
[3708.249s][debug][gc,ref         ] GC(240) Skipped phase 1 of Reference Processing: no references
[3708.249s][debug][gc,ref         ] GC(240) Skipped phase 3 of Reference Processing: no references
[3708.249s][debug][gc,phases      ] GC(240) Reference Processing 0.042ms
[3708.250s][debug][gc,phases      ] GC(240) Weak Processing 0.640ms
[3708.250s][debug][gc,age         ] GC(240) Desired survivor size 5242880 bytes, new threshold 15 (max threshold 15)
[3708.250s][info ][gc,heap        ] GC(240) PSYoungGen: 2091648K(2092032K)->4224K(2092032K) Eden: 2086912K(2086912K)->0K(2086912K) From: 4736K(5120K)->4224K(5120K)
[3708.250s][info ][gc,heap        ] GC(240) ParOldGen: 441585K(491520K)->441625K(491520K)
[3708.250s][info ][gc,metaspace   ] GC(240) Metaspace: 81190K(81920K)->81190K(81920K) NonClass: 70234K(70592K)->70234K(70592K) Class: 10955K(11328K)->10955K(11328K)
[3708.250s][info ][gc             ] GC(240) Pause Young (Allocation Failure) 2473M->435M(2523M) 5.072ms
[3708.250s][info ][gc,cpu         ] GC(240) User=0.02s Sys=0.01s Real=0.00s
[3708.250s][info ][safepoint      ] Safepoint "ParallelGCFailedAllocation", Time since last: 3929911507 ns, Reaching safepoint: 47501 ns, At safepoint: 5172416 ns, Total: 5219917 ns
[3715.251s][info ][safepoint      ] Safepoint "Cleanup", Time since last: 7000553751 ns, Reaching safepoint: 131103 ns, At safepoint: 11300 ns, Total: 142403 ns
[3735.849s][info ][gc,start       ] GC(241) Pause Young (Allocation Failure)
[3735.854s][debug][gc,phases      ] GC(241) Scavenge 4.467ms
[3735.854s][debug][gc,ref         ] GC(241) Skipped phase 1 of Reference Processing: no references
[3735.854s][debug][gc,ref         ] GC(241) Skipped phase 3 of Reference Processing: no references
[3735.854s][debug][gc,phases      ] GC(241) Reference Processing 0.029ms
[3735.855s][debug][gc,phases      ] GC(241) Weak Processing 0.580ms
[3735.855s][debug][gc,age         ] GC(241) Desired survivor size 5767168 bytes, new threshold 15 (max threshold 15)
[3735.855s][info ][gc,heap        ] GC(241) PSYoungGen: 2091136K(2092032K)->4352K(2091008K) Eden: 2086912K(2086912K)->0K(2085888K) From: 4224K(5120K)->4352K(5120K)
[3735.855s][info ][gc,heap        ] GC(241) ParOldGen: 441625K(491520K)->441665K(491520K)
[3735.855s][info ][gc,metaspace   ] GC(241) Metaspace: 81196K(81920K)->81196K(81920K) NonClass: 70241K(70592K)->70241K(70592K) Class: 10955K(11328K)->10955K(11328K)
[3735.855s][info ][gc             ] GC(241) Pause Young (Allocation Failure) 2473M->435M(2522M) 5.239ms
[3735.855s][info ][gc,cpu         ] GC(241) User=0.02s Sys=0.00s Real=0.01s
[3735.855s][info ][safepoint      ] Safepoint "ParallelGCFailedAllocation", Time since last: 20598405647 ns, Reaching safepoint: 127703 ns, At safepoint: 5329719 ns, Total: 5457422 ns
[3740.855s][info ][safepoint      ] Safepoint "Cleanup", Time since last: 5000383552 ns, Reaching safepoint: 47701 ns, At safepoint: 33501 ns, Total: 81202 ns
[3756.856s][info ][safepoint      ] Safepoint "Cleanup", Time since last: 16001058735 ns, Reaching safepoint: 53001 ns, At safepoint: 3500 ns, Total: 56501 ns
[3758.856s][info ][safepoint      ] Safepoint "Cleanup", Time since last: 2000188474 ns, Reaching safepoint: 56601 ns, At safepoint: 11800 ns, Total: 68401 ns
[3761.857s][info ][safepoint      ] Safepoint "Cleanup", Time since last: 3000209812 ns, Reaching safepoint: 45801 ns, At safepoint: 2900 ns, Total: 48701 ns
[3762.857s][info ][safepoint      ] Safepoint "Cleanup", Time since last: 1000113138 ns, Reaching safepoint: 49701 ns, At safepoint: 6601 ns, Total: 56302 ns
[3763.373s][info ][gc,start       ] GC(242) Pause Young (Allocation Failure)
[3763.377s][debug][gc,phases      ] GC(242) Scavenge 3.873ms
[3763.377s][debug][gc,ref         ] GC(242) Skipped phase 1 of Reference Processing: no references
[3763.377s][debug][gc,ref         ] GC(242) Skipped phase 3 of Reference Processing: no references
[3763.377s][debug][gc,phases      ] GC(242) Reference Processing 0.046ms
[3763.378s][debug][gc,phases      ] GC(242) Weak Processing 0.650ms
[3763.378s][debug][gc,age         ] GC(242) Desired survivor size 5767168 bytes, new threshold 15 (max threshold 15)
[3763.378s][info ][gc,heap        ] GC(242) PSYoungGen: 2090240K(2091008K)->4384K(2091520K) Eden: 2085888K(2085888K)->0K(2085888K) From: 4352K(5120K)->4384K(5632K)
[3763.378s][info ][gc,heap        ] GC(242) ParOldGen: 441665K(491520K)->441729K(491520K)
[3763.378s][info ][gc,metaspace   ] GC(242) Metaspace: 81197K(81920K)->81197K(81920K) NonClass: 70242K(70592K)->70242K(70592K) Class: 10955K(11328K)->10955K(11328K)
[3763.378s][info ][gc             ] GC(242) Pause Young (Allocation Failure) 2472M->435M(2522M) 4.741ms
[3763.378s][info ][gc,cpu         ] GC(242) User=0.02s Sys=0.00s Real=0.00s
[3763.378s][info ][safepoint      ] Safepoint "ParallelGCFailedAllocation", Time since last: 516472736 ns, Reaching safepoint: 40401 ns, At safepoint: 4869108 ns, Total: 4909509 ns
[3767.379s][info ][safepoint      ] Safepoint "Cleanup", Time since last: 4000314356 ns, Reaching safepoint: 58701 ns, At safepoint: 5700 ns, Total: 64401 ns
[3769.379s][info ][safepoint      ] Safepoint "Cleanup", Time since last: 2000178880 ns, Reaching safepoint: 61702 ns, At safepoint: 11700 ns, Total: 73402 ns
[3773.379s][info ][safepoint      ] Safepoint "Cleanup", Time since last: 4000312063 ns, Reaching safepoint: 50901 ns, At safepoint: 37801 ns, Total: 88702 ns
[3785.380s][info ][safepoint      ] Safepoint "Cleanup", Time since last: 12000826814 ns, Reaching safepoint: 55401 ns, At safepoint: 6000 ns, Total: 61401 ns
[3790.447s][info ][gc,start       ] GC(243) Pause Young (Allocation Failure)
[3790.450s][debug][gc,phases      ] GC(243) Scavenge 3.655ms
[3790.450s][debug][gc,ref         ] GC(243) Skipped phase 1 of Reference Processing: no references
[3790.450s][debug][gc,ref         ] GC(243) Skipped phase 2 of Reference Processing: no references
[3790.450s][debug][gc,ref         ] GC(243) Skipped phase 3 of Reference Processing: no references
[3790.450s][debug][gc,ref         ] GC(243) Skipped phase 4 of Reference Processing: no references
[3790.450s][debug][gc,phases      ] GC(243) Reference Processing 0.039ms
[3790.451s][debug][gc,phases      ] GC(243) Weak Processing 0.560ms
[3790.451s][debug][gc,age         ] GC(243) Desired survivor size 5242880 bytes, new threshold 15 (max threshold 15)
[3790.451s][info ][gc,heap        ] GC(243) PSYoungGen: 2090272K(2091520K)->4096K(2092032K) Eden: 2085888K(2085888K)->0K(2086400K) From: 4384K(5632K)->4096K(5632K)
[3790.451s][info ][gc,heap        ] GC(243) ParOldGen: 441729K(491520K)->442009K(491520K)
[3790.451s][info ][gc,metaspace   ] GC(243) Metaspace: 81200K(81920K)->81200K(81920K) NonClass: 70245K(70592K)->70245K(70592K) Class: 10955K(11328K)->10955K(11328K)
[3790.451s][info ][gc             ] GC(243) Pause Young (Allocation Failure) 2472M->435M(2523M) 4.410ms
[3790.451s][info ][gc,cpu         ] GC(243) User=0.01s Sys=0.00s Real=0.01s
[3790.451s][info ][safepoint      ] Safepoint "ParallelGCFailedAllocation", Time since last: 5066239400 ns, Reaching safepoint: 53801 ns, At safepoint: 4494500 ns, Total: 4548301 ns
[3792.451s][info ][safepoint      ] Safepoint "Cleanup", Time since last: 2000166694 ns, Reaching safepoint: 141903 ns, At safepoint: 9700 ns, Total: 151603 ns
[3793.452s][info ][safepoint      ] Safepoint "Cleanup", Time since last: 1000126248 ns, Reaching safepoint: 122403 ns, At safepoint: 6700 ns, Total: 129103 ns
[3794.452s][info ][safepoint      ] Safepoint "Cleanup", Time since last: 1000553758 ns, Reaching safepoint: 148304 ns, At safepoint: 15400 ns, Total: 163704 ns
[3798.453s][info ][safepoint      ] Safepoint "Cleanup", Time since last: 4000335693 ns, Reaching safepoint: 95802 ns, At safepoint: 5800 ns, Total: 101602 ns
[3810.454s][info ][safepoint      ] Safepoint "Cleanup", Time since last: 12000881103 ns, Reaching safepoint: 55701 ns, At safepoint: 3601 ns, Total: 59302 ns
[3817.801s][info ][gc,start       ] GC(244) Pause Young (Allocation Failure)
[3817.806s][debug][gc,phases      ] GC(244) Scavenge 4.620ms
[3817.806s][debug][gc,ref         ] GC(244) Skipped phase 1 of Reference Processing: no references
[3817.806s][debug][gc,ref         ] GC(244) Skipped phase 3 of Reference Processing: no references
[3817.806s][debug][gc,ref         ] GC(244) Skipped phase 4 of Reference Processing: no references
[3817.806s][debug][gc,phases      ] GC(244) Reference Processing 0.027ms
[3817.807s][debug][gc,phases      ] GC(244) Weak Processing 0.607ms
[3817.807s][debug][gc,age         ] GC(244) Desired survivor size 5242880 bytes, new threshold 15 (max threshold 15)
[3817.807s][info ][gc,heap        ] GC(244) PSYoungGen: 2090496K(2092032K)->4160K(2091520K) Eden: 2086400K(2086400K)->0K(2086400K) From: 4096K(5632K)->4160K(5120K)
[3817.807s][info ][gc,heap        ] GC(244) ParOldGen: 442009K(491520K)->442121K(491520K)
[3817.807s][info ][gc,metaspace   ] GC(244) Metaspace: 81202K(81920K)->81202K(81920K) NonClass: 70246K(70592K)->70246K(70592K) Class: 10955K(11328K)->10955K(11328K)
[3817.807s][info ][gc             ] GC(244) Pause Young (Allocation Failure) 2473M->435M(2522M) 5.446ms
[3817.807s][info ][gc,cpu         ] GC(244) User=0.02s Sys=0.00s Real=0.01s
[3817.807s][info ][safepoint      ] Safepoint "ParallelGCFailedAllocation", Time since last: 7347511026 ns, Reaching safepoint: 44901 ns, At safepoint: 5539324 ns, Total: 5584225 ns
[3821.807s][info ][safepoint      ] Safepoint "Cleanup", Time since last: 4000276518 ns, Reaching safepoint: 55401 ns, At safepoint: 11300 ns, Total: 66701 ns
[3824.807s][info ][safepoint      ] Safepoint "Cleanup", Time since last: 3000197567 ns, Reaching safepoint: 57001 ns, At safepoint: 6900 ns, Total: 63901 ns
[3841.809s][info ][safepoint      ] Safepoint "Cleanup", Time since last: 17001110987 ns, Reaching safepoint: 70401 ns, At safepoint: 8600 ns, Total: 79001 ns
[3842.809s][info ][safepoint      ] Safepoint "Cleanup", Time since last: 1000111762 ns, Reaching safepoint: 52801 ns, At safepoint: 11800 ns, Total: 64601 ns
[3845.897s][info ][gc,start       ] GC(245) Pause Young (Allocation Failure)
[3845.900s][debug][gc,phases      ] GC(245) Scavenge 3.494ms
[3845.901s][debug][gc,ref         ] GC(245) Skipped phase 1 of Reference Processing: no references
[3845.901s][debug][gc,ref         ] GC(245) Skipped phase 3 of Reference Processing: no references
[3845.901s][debug][gc,phases      ] GC(245) Reference Processing 0.022ms
[3845.901s][debug][gc,phases      ] GC(245) Weak Processing 0.556ms
[3845.901s][debug][gc,age         ] GC(245) Desired survivor size 5242880 bytes, new threshold 15 (max threshold 15)
[3845.901s][info ][gc,heap        ] GC(245) PSYoungGen: 2090560K(2091520K)->4096K(2092032K) Eden: 2086400K(2086400K)->0K(2086912K) From: 4160K(5120K)->4096K(5120K)
[3845.901s][info ][gc,heap        ] GC(245) ParOldGen: 442121K(491520K)->442189K(491520K)
[3845.901s][info ][gc,metaspace   ] GC(245) Metaspace: 81210K(81920K)->81210K(81920K) NonClass: 70254K(70592K)->70254K(70592K) Class: 10956K(11328K)->10956K(11328K)
[3845.901s][info ][gc             ] GC(245) Pause Young (Allocation Failure) 2473M->435M(2523M) 4.220ms
[3845.901s][info ][gc,cpu         ] GC(245) User=0.02s Sys=0.00s Real=0.00s
[3845.901s][info ][safepoint      ] Safepoint "ParallelGCFailedAllocation", Time since last: 3088143150 ns, Reaching safepoint: 42701 ns, At safepoint: 4307996 ns, Total: 4350697 ns
[3850.902s][info ][safepoint      ] Safepoint "Cleanup", Time since last: 5000366211 ns, Reaching safepoint: 55501 ns, At safepoint: 5200 ns, Total: 60701 ns
[3871.903s][info ][safepoint      ] Safepoint "Cleanup", Time since last: 21001462875 ns, Reaching safepoint: 51501 ns, At safepoint: 3700 ns, Total: 55201 ns
[3874.200s][info ][gc,start       ] GC(246) Pause Young (Allocation Failure)
[3874.206s][debug][gc,phases      ] GC(246) Scavenge 6.537ms
[3874.206s][debug][gc,ref         ] GC(246) Skipped phase 1 of Reference Processing: no references
[3874.206s][debug][gc,ref         ] GC(246) Skipped phase 3 of Reference Processing: no references
[3874.206s][debug][gc,ref         ] GC(246) Skipped phase 4 of Reference Processing: no references
[3874.206s][debug][gc,phases      ] GC(246) Reference Processing 0.024ms
[3874.207s][debug][gc,phases      ] GC(246) Weak Processing 0.622ms
[3874.207s][debug][gc,age         ] GC(246) Desired survivor size 5242880 bytes, new threshold 15 (max threshold 15)
[3874.207s][info ][gc,heap        ] GC(246) PSYoungGen: 2091008K(2092032K)->4048K(2092032K) Eden: 2086912K(2086912K)->0K(2086912K) From: 4096K(5120K)->4048K(5120K)
[3874.207s][info ][gc,heap        ] GC(246) ParOldGen: 442189K(491520K)->442421K(491520K)
[3874.207s][info ][gc,metaspace   ] GC(246) Metaspace: 81212K(81920K)->81212K(81920K) NonClass: 70255K(70592K)->70255K(70592K) Class: 10956K(11328K)->10956K(11328K)
[3874.207s][info ][gc             ] GC(246) Pause Young (Allocation Failure) 2473M->436M(2523M) 7.311ms
[3874.207s][info ][gc,cpu         ] GC(246) User=0.02s Sys=0.00s Real=0.01s
[3874.207s][info ][safepoint      ] Safepoint "ParallelGCFailedAllocation", Time since last: 2296328962 ns, Reaching safepoint: 40001 ns, At safepoint: 7395365 ns, Total: 7435366 ns
[3875.207s][info ][safepoint      ] Safepoint "Cleanup", Time since last: 1000107170 ns, Reaching safepoint: 52501 ns, At safepoint: 8400 ns, Total: 60901 ns
[3887.208s][info ][safepoint      ] Safepoint "Cleanup", Time since last: 12000786044 ns, Reaching safepoint: 52901 ns, At safepoint: 4600 ns, Total: 57501 ns
[3891.208s][info ][safepoint      ] Safepoint "Cleanup", Time since last: 4000319091 ns, Reaching safepoint: 62801 ns, At safepoint: 5300 ns, Total: 68101 ns
[3902.700s][info ][gc,start       ] GC(247) Pause Young (Allocation Failure)
[3902.703s][debug][gc,phases      ] GC(247) Scavenge 3.380ms
[3902.703s][debug][gc,ref         ] GC(247) Skipped phase 1 of Reference Processing: no references
[3902.703s][debug][gc,ref         ] GC(247) Skipped phase 3 of Reference Processing: no references
[3902.703s][debug][gc,ref         ] GC(247) Skipped phase 4 of Reference Processing: no references
[3902.703s][debug][gc,phases      ] GC(247) Reference Processing 0.030ms
[3902.704s][debug][gc,phases      ] GC(247) Weak Processing 0.657ms
[3902.704s][debug][gc,age         ] GC(247) Desired survivor size 5242880 bytes, new threshold 15 (max threshold 15)
[3902.704s][info ][gc,heap        ] GC(247) PSYoungGen: 2090960K(2092032K)->3696K(2092032K) Eden: 2086912K(2086912K)->0K(2086912K) From: 4048K(5120K)->3696K(5120K)
[3902.704s][info ][gc,heap        ] GC(247) ParOldGen: 442421K(491520K)->442537K(491520K)
[3902.704s][info ][gc,metaspace   ] GC(247) Metaspace: 81215K(81920K)->81215K(81920K) NonClass: 70259K(70592K)->70259K(70592K) Class: 10956K(11328K)->10956K(11328K)
[3902.704s][info ][gc             ] GC(247) Pause Young (Allocation Failure) 2474M->435M(2523M) 4.242ms
[3902.704s][info ][gc,cpu         ] GC(247) User=0.01s Sys=0.00s Real=0.01s
[3902.704s][info ][safepoint      ] Safepoint "ParallelGCFailedAllocation", Time since last: 11491278890 ns, Reaching safepoint: 35301 ns, At safepoint: 4334797 ns, Total: 4370098 ns
[3906.704s][info ][safepoint      ] Safepoint "Cleanup", Time since last: 4000293804 ns, Reaching safepoint: 53201 ns, At safepoint: 3001 ns, Total: 56202 ns
[3913.705s][info ][safepoint      ] Safepoint "Cleanup", Time since last: 7000474240 ns, Reaching safepoint: 61802 ns, At safepoint: 8500 ns, Total: 70302 ns
[3921.706s][info ][safepoint      ] Safepoint "Cleanup", Time since last: 8000590533 ns, Reaching safepoint: 52201 ns, At safepoint: 4900 ns, Total: 57101 ns
[3923.706s][info ][safepoint      ] Safepoint "Cleanup", Time since last: 2000173461 ns, Reaching safepoint: 57401 ns, At safepoint: 5900 ns, Total: 63301 ns
[3925.706s][info ][safepoint      ] Safepoint "Cleanup", Time since last: 2000152262 ns, Reaching safepoint: 52401 ns, At safepoint: 5000 ns, Total: 57401 ns
[3930.293s][info ][gc,start       ] GC(248) Pause Young (Allocation Failure)
[3930.297s][debug][gc,phases      ] GC(248) Scavenge 3.384ms
[3930.297s][debug][gc,ref         ] GC(248) Skipped phase 1 of Reference Processing: no references
[3930.297s][debug][gc,ref         ] GC(248) Skipped phase 3 of Reference Processing: no references
[3930.297s][debug][gc,phases      ] GC(248) Reference Processing 0.027ms
[3930.297s][debug][gc,phases      ] GC(248) Weak Processing 0.687ms
[3930.297s][debug][gc,age         ] GC(248) Desired survivor size 5242880 bytes, new threshold 15 (max threshold 15)
[3930.297s][info ][gc,heap        ] GC(248) PSYoungGen: 2090608K(2092032K)->3312K(2092032K) Eden: 2086912K(2086912K)->0K(2086912K) From: 3696K(5120K)->3312K(5120K)
[3930.297s][info ][gc,heap        ] GC(248) ParOldGen: 442537K(491520K)->442857K(491520K)
[3930.297s][info ][gc,metaspace   ] GC(248) Metaspace: 81221K(81920K)->81221K(81920K) NonClass: 70263K(70592K)->70263K(70592K) Class: 10957K(11328K)->10957K(11328K)
[3930.297s][info ][gc             ] GC(248) Pause Young (Allocation Failure) 2473M->435M(2523M) 4.235ms
[3930.297s][info ][gc,cpu         ] GC(248) User=0.01s Sys=0.00s Real=0.00s
[3930.298s][info ][safepoint      ] Safepoint "ParallelGCFailedAllocation", Time since last: 4587104958 ns, Reaching safepoint: 117403 ns, At safepoint: 4318697 ns, Total: 4436100 ns
[3947.299s][info ][safepoint      ] Safepoint "Cleanup", Time since last: 17001240024 ns, Reaching safepoint: 124403 ns, At safepoint: 7500 ns, Total: 131903 ns
[3949.299s][info ][safepoint      ] Safepoint "Cleanup", Time since last: 2000175372 ns, Reaching safepoint: 112603 ns, At safepoint: 7200 ns, Total: 119803 ns
[3951.299s][info ][safepoint      ] Safepoint "Cleanup", Time since last: 2000198773 ns, Reaching safepoint: 118703 ns, At safepoint: 5500 ns, Total: 124203 ns
[3957.298s][info ][gc,start       ] GC(249) Pause Young (Allocation Failure)
[3957.302s][debug][gc,phases      ] GC(249) Scavenge 3.423ms
[3957.302s][debug][gc,ref         ] GC(249) Skipped phase 1 of Reference Processing: no references
[3957.302s][debug][gc,ref         ] GC(249) Skipped phase 3 of Reference Processing: no references
[3957.302s][debug][gc,phases      ] GC(249) Reference Processing 0.025ms
[3957.302s][debug][gc,phases      ] GC(249) Weak Processing 0.590ms
[3957.302s][debug][gc,age         ] GC(249) Desired survivor size 5242880 bytes, new threshold 15 (max threshold 15)
[3957.302s][info ][gc,heap        ] GC(249) PSYoungGen: 2090224K(2092032K)->3120K(2092032K) Eden: 2086912K(2086912K)->0K(2086912K) From: 3312K(5120K)->3120K(5120K)
[3957.302s][info ][gc,heap        ] GC(249) ParOldGen: 442857K(491520K)->442933K(491520K)
[3957.302s][info ][gc,metaspace   ] GC(249) Metaspace: 81221K(81920K)->81221K(81920K) NonClass: 70263K(70592K)->70263K(70592K) Class: 10957K(11328K)->10957K(11328K)
[3957.302s][info ][gc             ] GC(249) Pause Young (Allocation Failure) 2473M->435M(2523M) 4.177ms
[3957.302s][info ][gc,cpu         ] GC(249) User=0.02s Sys=0.00s Real=0.01s
[3957.302s][info ][safepoint      ] Safepoint "ParallelGCFailedAllocation", Time since last: 5998534480 ns, Reaching safepoint: 47701 ns, At safepoint: 4290896 ns, Total: 4338597 ns
[3975.304s][info ][safepoint      ] Safepoint "Cleanup", Time since last: 18001211111 ns, Reaching safepoint: 55501 ns, At safepoint: 5600 ns, Total: 61101 ns
[3983.304s][info ][safepoint      ] Safepoint "Cleanup", Time since last: 8000549938 ns, Reaching safepoint: 43301 ns, At safepoint: 4200 ns, Total: 47501 ns
[3983.692s][info ][gc,start       ] GC(250) Pause Young (Allocation Failure)
[3983.695s][debug][gc,phases      ] GC(250) Scavenge 3.489ms
[3983.695s][debug][gc,ref         ] GC(250) Skipped phase 1 of Reference Processing: no references
[3983.695s][debug][gc,ref         ] GC(250) Skipped phase 3 of Reference Processing: no references
[3983.695s][debug][gc,phases      ] GC(250) Reference Processing 0.022ms
[3983.696s][debug][gc,phases      ] GC(250) Weak Processing 0.549ms
[3983.696s][debug][gc,age         ] GC(250) Desired survivor size 5242880 bytes, new threshold 15 (max threshold 15)
[3983.696s][info ][gc,heap        ] GC(250) PSYoungGen: 2090032K(2092032K)->3008K(2092032K) Eden: 2086912K(2086912K)->0K(2086912K) From: 3120K(5120K)->3008K(5120K)
[3983.696s][info ][gc,heap        ] GC(250) ParOldGen: 442933K(491520K)->442981K(491520K)
[3983.696s][info ][gc,metaspace   ] GC(250) Metaspace: 81225K(81920K)->81225K(81920K) NonClass: 70268K(70592K)->70268K(70592K) Class: 10957K(11328K)->10957K(11328K)
[3983.696s][info ][gc             ] GC(250) Pause Young (Allocation Failure) 2473M->435M(2523M) 4.185ms
[3983.696s][info ][gc,cpu         ] GC(250) User=0.01s Sys=0.00s Real=0.00s
[3983.696s][info ][safepoint      ] Safepoint "ParallelGCFailedAllocation", Time since last: 387175669 ns, Reaching safepoint: 71802 ns, At safepoint: 4261795 ns, Total: 4333597 ns
[3986.696s][info ][safepoint      ] Safepoint "Cleanup", Time since last: 3000230981 ns, Reaching safepoint: 117303 ns, At safepoint: 36200 ns, Total: 153503 ns
[3988.696s][info ][safepoint      ] Safepoint "Cleanup", Time since last: 2000172889 ns, Reaching safepoint: 125103 ns, At safepoint: 11900 ns, Total: 137003 ns
[3990.697s][info ][safepoint      ] Safepoint "Cleanup", Time since last: 2000193290 ns, Reaching safepoint: 119802 ns, At safepoint: 6401 ns, Total: 126203 ns
[3993.697s][info ][safepoint      ] Safepoint "Cleanup", Time since last: 3000278685 ns, Reaching safepoint: 54202 ns, At safepoint: 14900 ns, Total: 69102 ns
[3994.697s][info ][safepoint      ] Safepoint "Cleanup", Time since last: 1000097196 ns, Reaching safepoint: 123902 ns, At safepoint: 9001 ns, Total: 132903 ns
[3995.698s][info ][safepoint      ] Safepoint "Cleanup", Time since last: 1000102696 ns, Reaching safepoint: 126303 ns, At safepoint: 8300 ns, Total: 134603 ns
[3996.698s][info ][safepoint      ] Safepoint "Cleanup", Time since last: 1000104096 ns, Reaching safepoint: 124003 ns, At safepoint: 10200 ns, Total: 134203 ns
[3997.698s][info ][safepoint      ] Safepoint "Cleanup", Time since last: 1000084696 ns, Reaching safepoint: 118903 ns, At safepoint: 12200 ns, Total: 131103 ns
[3999.698s][info ][safepoint      ] Safepoint "Cleanup", Time since last: 2000134992 ns, Reaching safepoint: 127303 ns, At safepoint: 10800 ns, Total: 138103 ns
[4000.679s][info ][gc,start       ] GC(251) Pause Young (Allocation Failure)
[4000.700s][debug][gc,phases      ] GC(251) Scavenge 20.866ms
[4000.700s][debug][gc,ref         ] GC(251) Skipped phase 1 of Reference Processing: no references
[4000.700s][debug][gc,ref         ] GC(251) Skipped phase 3 of Reference Processing: no references
[4000.700s][debug][gc,phases      ] GC(251) Reference Processing 0.033ms
[4000.701s][debug][gc,phases      ] GC(251) Weak Processing 0.596ms
[4000.701s][debug][gc,age         ] GC(251) Desired survivor size 23592960 bytes, new threshold 14 (max threshold 15)
[4000.701s][info ][gc,heap        ] GC(251) PSYoungGen: 2089920K(2092032K)->5104K(2056192K) Eden: 2086912K(2086912K)->0K(2051072K) From: 3008K(5120K)->5104K(5120K)
[4000.701s][info ][gc,heap        ] GC(251) ParOldGen: 442981K(491520K)->490534K(491520K)
[4000.701s][info ][gc,metaspace   ] GC(251) Metaspace: 81242K(81984K)->81242K(81984K) NonClass: 70284K(70656K)->70284K(70656K) Class: 10958K(11328K)->10958K(11328K)
[4000.701s][info ][gc             ] GC(251) Pause Young (Allocation Failure) 2473M->484M(2488M) 21.632ms
[4000.701s][info ][gc,cpu         ] GC(251) User=0.05s Sys=0.03s Real=0.02s
[4000.701s][debug][gc,phases      ] GC(252) Pre Compact 0.010ms
[4000.701s][info ][gc,start       ] GC(252) Pause Full (Ergonomics)
[4000.701s][info ][gc,phases,start] GC(252) Marking Phase
[4000.840s][debug][gc,phases      ] GC(252) Par Mark 138.609ms
[4000.841s][debug][gc,ref         ] GC(252) Skipped phase 3 of Reference Processing: no references
[4000.841s][debug][gc,phases      ] GC(252) Reference Processing 1.019ms
[4000.841s][debug][gc,phases      ] GC(252) Weak Processing 0.578ms
[4000.842s][debug][gc,phases      ] GC(252) ClassLoaderData 0.534ms
[4000.842s][debug][gc,phases      ] GC(252) Trigger cleanups 0.001ms
[4000.873s][debug][gc,phases      ] GC(252) Class Unloading 31.457ms
[4000.873s][info ][gc,phases      ] GC(252) Marking Phase 171.842ms
[4000.873s][info ][gc,phases,start] GC(252) Summary Phase
[4000.873s][info ][gc,phases      ] GC(252) Summary Phase 0.017ms
[4000.873s][info ][gc,phases,start] GC(252) Adjust Roots
[4000.894s][info ][gc,phases      ] GC(252) Adjust Roots 20.720ms
[4000.894s][info ][gc,phases,start] GC(252) Compaction Phase
[4001.019s][info ][gc,phases      ] GC(252) Compaction Phase 125.656ms
[4001.019s][info ][gc,phases,start] GC(252) Post Compact
[4001.021s][info ][gc,phases      ] GC(252) Post Compact 1.559ms
[4001.021s][info ][gc,heap        ] GC(252) PSYoungGen: 5104K(2056192K)->0K(2074112K) Eden: 0K(2051072K)->0K(2051072K) From: 5104K(5120K)->0K(23040K)
[4001.021s][info ][gc,heap        ] GC(252) ParOldGen: 490534K(491520K)->431447K(552448K)
[4001.021s][info ][gc,metaspace   ] GC(252) Metaspace: 81242K(81984K)->80999K(81984K) NonClass: 70284K(70656K)->70094K(70656K) Class: 10958K(11328K)->10905K(11328K)
[4001.021s][info ][gc             ] GC(252) Pause Full (Ergonomics) 484M->421M(2565M) 320.098ms
[4001.021s][info ][gc,cpu         ] GC(252) User=1.11s Sys=0.00s Real=0.32s
[4001.021s][info ][safepoint      ] Safepoint "ParallelGCFailedAllocation", Time since last: 980854566 ns, Reaching safepoint: 109603 ns, At safepoint: 341888256 ns, Total: 341997859 ns
[4001.033s][info ][safepoint      ] Safepoint "ICBufferFull", Time since last: 11782064 ns, Reaching safepoint: 196604 ns, At safepoint: 3901 ns, Total: 200505 ns
[4001.033s][info ][safepoint      ] Safepoint "ICBufferFull", Time since last: 68701 ns, Reaching safepoint: 94402 ns, At safepoint: 4400 ns, Total: 98802 ns
[4001.059s][info ][safepoint      ] Safepoint "ICBufferFull", Time since last: 25189764 ns, Reaching safepoint: 226005 ns, At safepoint: 4201 ns, Total: 230206 ns
[4001.303s][info ][safepoint      ] Safepoint "ICBufferFull", Time since last: 243754558 ns, Reaching safepoint: 228106 ns, At safepoint: 6200 ns, Total: 234306 ns
[4002.303s][info ][safepoint      ] Safepoint "Cleanup", Time since last: 1000095897 ns, Reaching safepoint: 138903 ns, At safepoint: 14000 ns, Total: 152903 ns
[4003.303s][info ][safepoint      ] Safepoint "Cleanup", Time since last: 1000114398 ns, Reaching safepoint: 86702 ns, At safepoint: 9200 ns, Total: 95902 ns
[4004.303s][info ][safepoint      ] Safepoint "Cleanup", Time since last: 1000106598 ns, Reaching safepoint: 63102 ns, At safepoint: 11900 ns, Total: 75002 ns
[4005.304s][info ][safepoint      ] Safepoint "Cleanup", Time since last: 1000111098 ns, Reaching safepoint: 60301 ns, At safepoint: 6600 ns, Total: 66901 ns
[4006.304s][info ][safepoint      ] Safepoint "Cleanup", Time since last: 1000103299 ns, Reaching safepoint: 53201 ns, At safepoint: 9700 ns, Total: 62901 ns
[4007.304s][info ][safepoint      ] Safepoint "Cleanup", Time since last: 1000110299 ns, Reaching safepoint: 54801 ns, At safepoint: 3600 ns, Total: 58401 ns
[4008.304s][info ][safepoint      ] Safepoint "Cleanup", Time since last: 1000116899 ns, Reaching safepoint: 83502 ns, At safepoint: 9400 ns, Total: 92902 ns
[4009.304s][info ][safepoint      ] Safepoint "Cleanup", Time since last: 1000114699 ns, Reaching safepoint: 129103 ns, At safepoint: 15700 ns, Total: 144803 ns
[4010.305s][info ][safepoint      ] Safepoint "Cleanup", Time since last: 1000107099 ns, Reaching safepoint: 58701 ns, At safepoint: 8101 ns, Total: 66802 ns
[4011.305s][info ][safepoint      ] Safepoint "Cleanup", Time since last: 1000105399 ns, Reaching safepoint: 48601 ns, At safepoint: 7500 ns, Total: 56101 ns
[4012.305s][info ][safepoint      ] Safepoint "Cleanup", Time since last: 1000093099 ns, Reaching safepoint: 61601 ns, At safepoint: 4600 ns, Total: 66201 ns
[4013.305s][info ][safepoint      ] Safepoint "Cleanup", Time since last: 1000129201 ns, Reaching safepoint: 51401 ns, At safepoint: 3700 ns, Total: 55101 ns
[4015.305s][info ][safepoint      ] Safepoint "Cleanup", Time since last: 2000189499 ns, Reaching safepoint: 80302 ns, At safepoint: 10800 ns, Total: 91102 ns
[4016.306s][info ][safepoint      ] Safepoint "Cleanup", Time since last: 1000110300 ns, Reaching safepoint: 109903 ns, At safepoint: 9800 ns, Total: 119703 ns
[4017.306s][info ][safepoint      ] Safepoint "Cleanup", Time since last: 1000104600 ns, Reaching safepoint: 62202 ns, At safepoint: 6100 ns, Total: 68302 ns
[4018.306s][info ][safepoint      ] Safepoint "Cleanup", Time since last: 1000104600 ns, Reaching safepoint: 61901 ns, At safepoint: 8701 ns, Total: 70602 ns
[4020.150s][info ][safepoint      ] Safepoint "Cleanup", Time since last: 1844081904 ns, Reaching safepoint: 130203 ns, At safepoint: 6900 ns, Total: 137103 ns
[4021.150s][info ][safepoint      ] Safepoint "Cleanup", Time since last: 1000126602 ns, Reaching safepoint: 104102 ns, At safepoint: 10100 ns, Total: 114202 ns
[4022.151s][info ][safepoint      ] Safepoint "Cleanup", Time since last: 1000121102 ns, Reaching safepoint: 327607 ns, At safepoint: 7900 ns, Total: 335507 ns
[4022.246s][info ][gc,start       ] GC(253) Pause Young (Allocation Failure)
[4022.249s][debug][gc,phases      ] GC(253) Scavenge 2.670ms
[4022.249s][debug][gc,ref         ] GC(253) Skipped phase 1 of Reference Processing: no references
[4022.249s][debug][gc,ref         ] GC(253) Skipped phase 3 of Reference Processing: no references
[4022.249s][debug][gc,ref         ] GC(253) Skipped phase 4 of Reference Processing: no references
[4022.249s][debug][gc,phases      ] GC(253) Reference Processing 0.049ms
[4022.250s][debug][gc,phases      ] GC(253) Weak Processing 0.648ms
[4022.250s][debug][gc,age         ] GC(253) Desired survivor size 23068672 bytes, new threshold 15 (max threshold 15)
[4022.250s][info ][gc,heap        ] GC(253) PSYoungGen: 2051072K(2074112K)->2928K(2074624K) Eden: 2051072K(2051072K)->0K(2051584K) From: 0K(23040K)->2928K(23040K)
[4022.250s][info ][gc,heap        ] GC(253) ParOldGen: 431447K(552448K)->431447K(552448K)
[4022.250s][info ][gc,metaspace   ] GC(253) Metaspace: 81013K(81984K)->81013K(81984K) NonClass: 70108K(70656K)->70108K(70656K) Class: 10905K(11328K)->10905K(11328K)
[4022.250s][info ][gc             ] GC(253) Pause Young (Allocation Failure) 2424M->424M(2565M) 3.522ms
[4022.250s][info ][gc,cpu         ] GC(253) User=0.00s Sys=0.00s Real=0.00s
[4022.250s][info ][safepoint      ] Safepoint "ParallelGCFailedAllocation", Time since last: 95349436 ns, Reaching safepoint: 44101 ns, At safepoint: 3646782 ns, Total: 3690883 ns
[4024.071s][info ][safepoint      ] Safepoint "Cleanup", Time since last: 1821224393 ns, Reaching safepoint: 87102 ns, At safepoint: 11101 ns, Total: 98203 ns
[4025.071s][info ][safepoint      ] Safepoint "Cleanup", Time since last: 1000120802 ns, Reaching safepoint: 62701 ns, At safepoint: 8700 ns, Total: 71401 ns
[4026.072s][info ][safepoint      ] Safepoint "Cleanup", Time since last: 1000111402 ns, Reaching safepoint: 81802 ns, At safepoint: 8100 ns, Total: 89902 ns
[4029.782s][info ][safepoint      ] Safepoint "Cleanup", Time since last: 3709999204 ns, Reaching safepoint: 54002 ns, At safepoint: 6700 ns, Total: 60702 ns
[4030.782s][info ][safepoint      ] Safepoint "Cleanup", Time since last: 1000107003 ns, Reaching safepoint: 51001 ns, At safepoint: 5800 ns, Total: 56801 ns
[4032.782s][info ][safepoint      ] Safepoint "Cleanup", Time since last: 2000169905 ns, Reaching safepoint: 47601 ns, At safepoint: 3800 ns, Total: 51401 ns
[4033.782s][info ][safepoint      ] Safepoint "Cleanup", Time since last: 1000108904 ns, Reaching safepoint: 50401 ns, At safepoint: 6400 ns, Total: 56801 ns
[4034.782s][info ][safepoint      ] Safepoint "Cleanup", Time since last: 1000107603 ns, Reaching safepoint: 55402 ns, At safepoint: 13600 ns, Total: 69002 ns
[4035.783s][info ][safepoint      ] Safepoint "Cleanup", Time since last: 1000104304 ns, Reaching safepoint: 76701 ns, At safepoint: 12401 ns, Total: 89102 ns
[4036.783s][info ][safepoint      ] Safepoint "Cleanup", Time since last: 1000070603 ns, Reaching safepoint: 60101 ns, At safepoint: 6400 ns, Total: 66501 ns
[4038.783s][info ][safepoint      ] Safepoint "Cleanup", Time since last: 2000140207 ns, Reaching safepoint: 36001 ns, At safepoint: 4100 ns, Total: 40101 ns
[4039.783s][info ][safepoint      ] Safepoint "Cleanup", Time since last: 1000094904 ns, Reaching safepoint: 117803 ns, At safepoint: 6200 ns, Total: 124003 ns
[4040.783s][info ][safepoint      ] Safepoint "Cleanup", Time since last: 1000106304 ns, Reaching safepoint: 46501 ns, At safepoint: 3500 ns, Total: 50001 ns
[4043.063s][info ][gc,start       ] GC(254) Pause Young (Allocation Failure)
[4043.066s][debug][gc,phases      ] GC(254) Scavenge 3.337ms
[4043.066s][debug][gc,ref         ] GC(254) Skipped phase 1 of Reference Processing: no references
[4043.066s][debug][gc,ref         ] GC(254) Skipped phase 3 of Reference Processing: no references
[4043.066s][debug][gc,phases      ] GC(254) Reference Processing 0.029ms
[4043.067s][debug][gc,phases      ] GC(254) Weak Processing 0.699ms
[4043.067s][debug][gc,age         ] GC(254) Desired survivor size 22544384 bytes, new threshold 15 (max threshold 15)
[4043.067s][info ][gc,heap        ] GC(254) PSYoungGen: 2054512K(2074624K)->5104K(2074112K) Eden: 2051584K(2051584K)->0K(2051584K) From: 2928K(23040K)->5104K(22528K)
[4043.067s][info ][gc,heap        ] GC(254) ParOldGen: 431447K(552448K)->431447K(552448K)
[4043.067s][info ][gc,metaspace   ] GC(254) Metaspace: 81028K(81984K)->81028K(81984K) NonClass: 70122K(70656K)->70122K(70656K) Class: 10906K(11328K)->10906K(11328K)
[4043.067s][info ][gc             ] GC(254) Pause Young (Allocation Failure) 2427M->426M(2565M) 4.257ms
[4043.067s][info ][gc,cpu         ] GC(254) User=0.02s Sys=0.00s Real=0.00s
[4043.067s][info ][safepoint      ] Safepoint "ParallelGCFailedAllocation", Time since last: 2279354564 ns, Reaching safepoint: 64401 ns, At safepoint: 4368098 ns, Total: 4432499 ns
[4045.067s][info ][safepoint      ] Safepoint "Cleanup", Time since last: 2000163809 ns, Reaching safepoint: 46401 ns, At safepoint: 9101 ns, Total: 55502 ns
[4047.067s][info ][safepoint      ] Safepoint "Cleanup", Time since last: 2000189310 ns, Reaching safepoint: 56702 ns, At safepoint: 4200 ns, Total: 60902 ns
[4089.070s][info ][safepoint      ] Safepoint "Cleanup", Time since last: 42002845959 ns, Reaching safepoint: 69002 ns, At safepoint: 7200 ns, Total: 76202 ns
[4111.072s][info ][safepoint      ] Safepoint "Cleanup", Time since last: 22001396002 ns, Reaching safepoint: 123403 ns, At safepoint: 6100 ns, Total: 129503 ns
[4111.731s][info ][safepoint      ] Safepoint "ICBufferFull", Time since last: 658676764 ns, Reaching safepoint: 209704 ns, At safepoint: 16201 ns, Total: 225905 ns
[4112.043s][info ][safepoint      ] Safepoint "ICBufferFull", Time since last: 312338200 ns, Reaching safepoint: 216205 ns, At safepoint: 8800 ns, Total: 225005 ns
[4113.044s][info ][safepoint      ] Safepoint "Cleanup", Time since last: 1000104617 ns, Reaching safepoint: 143003 ns, At safepoint: 11601 ns, Total: 154604 ns
[4114.044s][info ][safepoint      ] Safepoint "Cleanup", Time since last: 1000112316 ns, Reaching safepoint: 123103 ns, At safepoint: 7400 ns, Total: 130503 ns
[4115.044s][info ][safepoint      ] Safepoint "Cleanup", Time since last: 1000106817 ns, Reaching safepoint: 131603 ns, At safepoint: 11101 ns, Total: 142704 ns
[4116.044s][info ][safepoint      ] Safepoint "Cleanup", Time since last: 1000110417 ns, Reaching safepoint: 130303 ns, At safepoint: 11200 ns, Total: 141503 ns
[4117.045s][info ][safepoint      ] Safepoint "Cleanup", Time since last: 1000114017 ns, Reaching safepoint: 120803 ns, At safepoint: 8200 ns, Total: 129003 ns
[4118.045s][info ][safepoint      ] Safepoint "Cleanup", Time since last: 1000109218 ns, Reaching safepoint: 126803 ns, At safepoint: 11100 ns, Total: 137903 ns
[4120.045s][info ][safepoint      ] Safepoint "Cleanup", Time since last: 2000187035 ns, Reaching safepoint: 139203 ns, At safepoint: 10500 ns, Total: 149703 ns
[4120.903s][info ][gc,start       ] GC(255) Pause Young (Allocation Failure)
[4120.909s][debug][gc,phases      ] GC(255) Scavenge 6.235ms
[4120.909s][debug][gc,ref         ] GC(255) Skipped phase 1 of Reference Processing: no references
[4120.909s][debug][gc,ref         ] GC(255) Skipped phase 3 of Reference Processing: no references
[4120.909s][debug][gc,phases      ] GC(255) Reference Processing 0.032ms
[4120.910s][debug][gc,phases      ] GC(255) Weak Processing 0.567ms
[4120.910s][debug][gc,age         ] GC(255) Desired survivor size 27262976 bytes, new threshold 14 (max threshold 15)
[4120.910s][info ][gc,heap        ] GC(255) PSYoungGen: 2056688K(2074112K)->21999K(2065920K) Eden: 2051584K(2051584K)->0K(2043904K) From: 5104K(22528K)->21999K(22016K)
[4120.910s][info ][gc,heap        ] GC(255) ParOldGen: 431447K(552448K)->433428K(552448K)
[4120.910s][info ][gc,metaspace   ] GC(255) Metaspace: 81089K(81984K)->81089K(81984K) NonClass: 70182K(70656K)->70182K(70656K) Class: 10907K(11328K)->10907K(11328K)
[4120.910s][info ][gc             ] GC(255) Pause Young (Allocation Failure) 2429M->444M(2557M) 6.987ms
[4120.910s][info ][gc,cpu         ] GC(255) User=0.02s Sys=0.00s Real=0.00s
[4120.910s][info ][safepoint      ] Safepoint "ParallelGCFailedAllocation", Time since last: 857840729 ns, Reaching safepoint: 34901 ns, At safepoint: 7077158 ns, Total: 7112059 ns
[4123.910s][info ][safepoint      ] Safepoint "Cleanup", Time since last: 3000223553 ns, Reaching safepoint: 55501 ns, At safepoint: 9400 ns, Total: 64901 ns
[4124.911s][info ][safepoint      ] Safepoint "Cleanup", Time since last: 1000158020 ns, Reaching safepoint: 76202 ns, At safepoint: 8600 ns, Total: 84802 ns
[4125.911s][info ][safepoint      ] Safepoint "Cleanup", Time since last: 1000125519 ns, Reaching safepoint: 63201 ns, At safepoint: 4100 ns, Total: 67301 ns
[4126.911s][info ][safepoint      ] Safepoint "Cleanup", Time since last: 1000126220 ns, Reaching safepoint: 62301 ns, At safepoint: 8900 ns, Total: 71201 ns
[4127.911s][info ][safepoint      ] Safepoint "Cleanup", Time since last: 1000079218 ns, Reaching safepoint: 90703 ns, At safepoint: 6100 ns, Total: 96803 ns
[4128.911s][info ][safepoint      ] Safepoint "Cleanup", Time since last: 1000117119 ns, Reaching safepoint: 66401 ns, At safepoint: 8901 ns, Total: 75302 ns
[4129.912s][info ][safepoint      ] Safepoint "Cleanup", Time since last: 1000119619 ns, Reaching safepoint: 65802 ns, At safepoint: 3700 ns, Total: 69502 ns
[4131.912s][info ][safepoint      ] Safepoint "Cleanup", Time since last: 2000173138 ns, Reaching safepoint: 58101 ns, At safepoint: 5700 ns, Total: 63801 ns
[4133.912s][info ][safepoint      ] Safepoint "Cleanup", Time since last: 2000174239 ns, Reaching safepoint: 55801 ns, At safepoint: 9800 ns, Total: 65601 ns
[4135.912s][info ][safepoint      ] Safepoint "Cleanup", Time since last: 2000179240 ns, Reaching safepoint: 74701 ns, At safepoint: 12601 ns, Total: 87302 ns
[4136.913s][info ][safepoint      ] Safepoint "Cleanup", Time since last: 1000118920 ns, Reaching safepoint: 54201 ns, At safepoint: 3901 ns, Total: 58102 ns
[4138.913s][info ][safepoint      ] Safepoint "Cleanup", Time since last: 2000177240 ns, Reaching safepoint: 71401 ns, At safepoint: 12401 ns, Total: 83802 ns
[4143.301s][info ][gc,start       ] GC(256) Pause Young (Allocation Failure)
[4143.307s][debug][gc,phases      ] GC(256) Scavenge 5.152ms
[4143.307s][debug][gc,ref         ] GC(256) Skipped phase 1 of Reference Processing: no references
[4143.307s][debug][gc,phases      ] GC(256) Reference Processing 0.061ms
[4143.307s][debug][gc,phases      ] GC(256) Weak Processing 0.590ms
[4143.307s][debug][gc,age         ] GC(256) Desired survivor size 30408704 bytes, new threshold 15 (max threshold 15)
[4143.307s][info ][gc,heap        ] GC(256) PSYoungGen: 2065903K(2065920K)->22128K(2066432K) Eden: 2043904K(2043904K)->0K(2043904K) From: 21999K(22016K)->22128K(22528K)
[4143.307s][info ][gc,heap        ] GC(256) ParOldGen: 433428K(552448K)->433428K(552448K)
[4143.307s][info ][gc,metaspace   ] GC(256) Metaspace: 81089K(82048K)->81089K(82048K) NonClass: 70182K(70720K)->70182K(70720K) Class: 10907K(11328K)->10907K(11328K)
[4143.307s][info ][gc             ] GC(256) Pause Young (Allocation Failure) 2440M->444M(2557M) 5.972ms
[4143.307s][info ][gc,cpu         ] GC(256) User=0.01s Sys=0.00s Real=0.01s
[4143.307s][info ][safepoint      ] Safepoint "ParallelGCFailedAllocation", Time since last: 4388418282 ns, Reaching safepoint: 44801 ns, At safepoint: 6096637 ns, Total: 6141438 ns
[4149.308s][info ][safepoint      ] Safepoint "Cleanup", Time since last: 6000404325 ns, Reaching safepoint: 55501 ns, At safepoint: 5600 ns, Total: 61101 ns
[4173.310s][info ][safepoint      ] Safepoint "Cleanup", Time since last: 24001674253 ns, Reaching safepoint: 76502 ns, At safepoint: 6200 ns, Total: 82702 ns
[4224.313s][info ][safepoint      ] Safepoint "Cleanup", Time since last: 51003626037 ns, Reaching safepoint: 106403 ns, At safepoint: 12900 ns, Total: 119303 ns
[4343.321s][info ][safepoint      ] Safepoint "Cleanup", Time since last: 119008018664 ns, Reaching safepoint: 84802 ns, At safepoint: 9500 ns, Total: 94302 ns
[4343.586s][info ][gc,heap,exit   ] Heap
[4343.586s][info ][gc,heap,exit   ]  PSYoungGen      total 2066432K, used 984315K [0x0000000780000000, 0x0000000800000000, 0x0000000800000000)
[4343.586s][info ][gc,heap,exit   ]   eden space 2043904K, 47% used [0x0000000780000000,0x00000007baba2e40,0x00000007fcc00000)
[4343.586s][info ][gc,heap,exit   ]   from space 22528K, 98% used [0x00000007fcc00000,0x00000007fe19c1b8,0x00000007fe200000)
[4343.586s][info ][gc,heap,exit   ]   to   space 29696K, 0% used [0x00000007fe300000,0x00000007fe300000,0x0000000800000000)
[4343.586s][info ][gc,heap,exit   ]  ParOldGen       total 552448K, used 433428K [0x0000000740000000, 0x0000000761b80000, 0x0000000780000000)
[4343.586s][info ][gc,heap,exit   ]   object space 552448K, 78% used [0x0000000740000000,0x000000075a7451b8,0x0000000761b80000)
[4343.586s][info ][gc,heap,exit   ]  Metaspace       used 81156K, committed 82048K, reserved 1122304K
[4343.586s][info ][gc,heap,exit   ]   class space    used 10913K, committed 11328K, reserved 1048576K
